Archive member included to satisfy reference by file (symbol)

/home/gwarchol/Ac6/SystemWorkbench/plugins/fr.ac6.mcu.externaltools.arm-none.linux64_1.15.0.201708311556/tools/compiler/bin/../lib/gcc/arm-none-eabi/6.3.1/../../../../arm-none-eabi/lib/thumb/v7-m/libc_nano.a(lib_a-exit.o)
                              /home/gwarchol/Ac6/SystemWorkbench/plugins/fr.ac6.mcu.externaltools.arm-none.linux64_1.15.0.201708311556/tools/compiler/bin/../lib/gcc/arm-none-eabi/6.3.1/../../../../arm-none-eabi/lib/thumb/v7-m/rdimon-crt0.o (exit)
/home/gwarchol/Ac6/SystemWorkbench/plugins/fr.ac6.mcu.externaltools.arm-none.linux64_1.15.0.201708311556/tools/compiler/bin/../lib/gcc/arm-none-eabi/6.3.1/../../../../arm-none-eabi/lib/thumb/v7-m/libc_nano.a(lib_a-impure.o)
                              /home/gwarchol/Ac6/SystemWorkbench/plugins/fr.ac6.mcu.externaltools.arm-none.linux64_1.15.0.201708311556/tools/compiler/bin/../lib/gcc/arm-none-eabi/6.3.1/../../../../arm-none-eabi/lib/thumb/v7-m/libc_nano.a(lib_a-exit.o) (_global_impure_ptr)
/home/gwarchol/Ac6/SystemWorkbench/plugins/fr.ac6.mcu.externaltools.arm-none.linux64_1.15.0.201708311556/tools/compiler/bin/../lib/gcc/arm-none-eabi/6.3.1/../../../../arm-none-eabi/lib/thumb/v7-m/libc_nano.a(lib_a-init.o)
                              /home/gwarchol/Ac6/SystemWorkbench/plugins/fr.ac6.mcu.externaltools.arm-none.linux64_1.15.0.201708311556/tools/compiler/bin/../lib/gcc/arm-none-eabi/6.3.1/../../../../arm-none-eabi/lib/thumb/v7-m/rdimon-crt0.o (__libc_init_array)
/home/gwarchol/Ac6/SystemWorkbench/plugins/fr.ac6.mcu.externaltools.arm-none.linux64_1.15.0.201708311556/tools/compiler/bin/../lib/gcc/arm-none-eabi/6.3.1/../../../../arm-none-eabi/lib/thumb/v7-m/libc_nano.a(lib_a-memset.o)
                              /home/gwarchol/Ac6/SystemWorkbench/plugins/fr.ac6.mcu.externaltools.arm-none.linux64_1.15.0.201708311556/tools/compiler/bin/../lib/gcc/arm-none-eabi/6.3.1/../../../../arm-none-eabi/lib/thumb/v7-m/rdimon-crt0.o (memset)
/home/gwarchol/Ac6/SystemWorkbench/plugins/fr.ac6.mcu.externaltools.arm-none.linux64_1.15.0.201708311556/tools/compiler/bin/../lib/gcc/arm-none-eabi/6.3.1/../../../../arm-none-eabi/lib/thumb/v7-m/librdimon_nano.a(rdimon-syscalls.o)
                              /home/gwarchol/Ac6/SystemWorkbench/plugins/fr.ac6.mcu.externaltools.arm-none.linux64_1.15.0.201708311556/tools/compiler/bin/../lib/gcc/arm-none-eabi/6.3.1/../../../../arm-none-eabi/lib/thumb/v7-m/rdimon-crt0.o (initialise_monitor_handles)
/home/gwarchol/Ac6/SystemWorkbench/plugins/fr.ac6.mcu.externaltools.arm-none.linux64_1.15.0.201708311556/tools/compiler/bin/../lib/gcc/arm-none-eabi/6.3.1/../../../../arm-none-eabi/lib/thumb/v7-m/librdimon_nano.a(rdimon-_exit.o)
                              /home/gwarchol/Ac6/SystemWorkbench/plugins/fr.ac6.mcu.externaltools.arm-none.linux64_1.15.0.201708311556/tools/compiler/bin/../lib/gcc/arm-none-eabi/6.3.1/../../../../arm-none-eabi/lib/thumb/v7-m/libc_nano.a(lib_a-exit.o) (_exit)
/home/gwarchol/Ac6/SystemWorkbench/plugins/fr.ac6.mcu.externaltools.arm-none.linux64_1.15.0.201708311556/tools/compiler/bin/../lib/gcc/arm-none-eabi/6.3.1/../../../../arm-none-eabi/lib/thumb/v7-m/librdimon_nano.a(rdimon-_kill.o)
                              /home/gwarchol/Ac6/SystemWorkbench/plugins/fr.ac6.mcu.externaltools.arm-none.linux64_1.15.0.201708311556/tools/compiler/bin/../lib/gcc/arm-none-eabi/6.3.1/../../../../arm-none-eabi/lib/thumb/v7-m/librdimon_nano.a(rdimon-_exit.o) (_kill)
/home/gwarchol/Ac6/SystemWorkbench/plugins/fr.ac6.mcu.externaltools.arm-none.linux64_1.15.0.201708311556/tools/compiler/bin/../lib/gcc/arm-none-eabi/6.3.1/../../../../arm-none-eabi/lib/thumb/v7-m/libc_nano.a(lib_a-errno.o)
                              /home/gwarchol/Ac6/SystemWorkbench/plugins/fr.ac6.mcu.externaltools.arm-none.linux64_1.15.0.201708311556/tools/compiler/bin/../lib/gcc/arm-none-eabi/6.3.1/../../../../arm-none-eabi/lib/thumb/v7-m/librdimon_nano.a(rdimon-syscalls.o) (__errno)
/home/gwarchol/Ac6/SystemWorkbench/plugins/fr.ac6.mcu.externaltools.arm-none.linux64_1.15.0.201708311556/tools/compiler/bin/../lib/gcc/arm-none-eabi/6.3.1/../../../../arm-none-eabi/lib/thumb/v7-m/libc_nano.a(lib_a-findfp.o)
                              /home/gwarchol/Ac6/SystemWorkbench/plugins/fr.ac6.mcu.externaltools.arm-none.linux64_1.15.0.201708311556/tools/compiler/bin/../lib/gcc/arm-none-eabi/6.3.1/../../../../arm-none-eabi/lib/thumb/v7-m/librdimon_nano.a(rdimon-syscalls.o) (__sinit)
/home/gwarchol/Ac6/SystemWorkbench/plugins/fr.ac6.mcu.externaltools.arm-none.linux64_1.15.0.201708311556/tools/compiler/bin/../lib/gcc/arm-none-eabi/6.3.1/../../../../arm-none-eabi/lib/thumb/v7-m/libc_nano.a(lib_a-fwalk.o)
                              /home/gwarchol/Ac6/SystemWorkbench/plugins/fr.ac6.mcu.externaltools.arm-none.linux64_1.15.0.201708311556/tools/compiler/bin/../lib/gcc/arm-none-eabi/6.3.1/../../../../arm-none-eabi/lib/thumb/v7-m/libc_nano.a(lib_a-findfp.o) (_fwalk)
[...]
Memory Configuration

Name             Origin             Length             Attributes
RAM              0x0000000020000000 0x0000000000005000 xrw
ROM              0x0000000008000000 0x0000000000020000 xr
*default*        0x0000000000000000 0xffffffffffffffff

Linker script and memory map

LOAD /home/gwarchol/Ac6/SystemWorkbench/plugins/fr.ac6.mcu.externaltools.arm-none.linux64_1.15.0.201708311556/tools/compiler/bin/../lib/gcc/arm-none-eabi/6.3.1/thumb/v7-m/crti.o
LOAD /home/gwarchol/Ac6/SystemWorkbench/plugins/fr.ac6.mcu.externaltools.arm-none.linux64_1.15.0.201708311556/tools/compiler/bin/../lib/gcc/arm-none-eabi/6.3.1/thumb/v7-m/crtbegin.o
LOAD /home/gwarchol/Ac6/SystemWorkbench/plugins/fr.ac6.mcu.externaltools.arm-none.linux64_1.15.0.201708311556/tools/compiler/bin/../lib/gcc/arm-none-eabi/6.3.1/../../../../arm-none-eabi/lib/thumb/v7-m/rdimon-crt0.o
LOAD /home/gwarchol/Ac6/SystemWorkbench/plugins/fr.ac6.mcu.externaltools.arm-none.linux64_1.15.0.201708311556/tools/compiler/bin/../lib/gcc/arm-none-eabi/6.3.1/../../../../arm-none-eabi/lib/thumb/v7-m/libc_nano.a
LOAD /home/gwarchol/Ac6/SystemWorkbench/plugins/fr.ac6.mcu.externaltools.arm-none.linux64_1.15.0.201708311556/tools/compiler/bin/../lib/gcc/arm-none-eabi/6.3.1/../../../../arm-none-eabi/lib/thumb/v7-m/librdimon_nano.a
LOAD CMSIS/core/core_cm3.o
LOAD StdPeriph_Driver/src/misc.o
LOAD StdPeriph_Driver/src/stm32f10x_adc.o
LOAD StdPeriph_Driver/src/stm32f10x_bkp.o
LOAD StdPeriph_Driver/src/stm32f10x_can.o
LOAD StdPeriph_Driver/src/stm32f10x_cec.o
LOAD StdPeriph_Driver/src/stm32f10x_crc.o
LOAD StdPeriph_Driver/src/stm32f10x_dac.o
LOAD StdPeriph_Driver/src/stm32f10x_dbgmcu.o
LOAD StdPeriph_Driver/src/stm32f10x_dma.o
LOAD StdPeriph_Driver/src/stm32f10x_exti.o
LOAD StdPeriph_Driver/src/stm32f10x_flash.o
LOAD StdPeriph_Driver/src/stm32f10x_fsmc.o
LOAD StdPeriph_Driver/src/stm32f10x_gpio.o
LOAD StdPeriph_Driver/src/stm32f10x_i2c.o
LOAD StdPeriph_Driver/src/stm32f10x_iwdg.o
LOAD StdPeriph_Driver/src/stm32f10x_pwr.o
LOAD StdPeriph_Driver/src/stm32f10x_rcc.o
LOAD StdPeriph_Driver/src/stm32f10x_rtc.o
LOAD StdPeriph_Driver/src/stm32f10x_sdio.o
LOAD StdPeriph_Driver/src/stm32f10x_spi.o
LOAD StdPeriph_Driver/src/stm32f10x_tim.o
LOAD StdPeriph_Driver/src/stm32f10x_usart.o
LOAD StdPeriph_Driver/src/stm32f10x_wwdg.o
LOAD lib/ILI9341/core.o
LOAD lib/ILI9341/delay.o
LOAD lib/ILI9341/dma.o
LOAD lib/ILI9341/graph.o
LOAD lib/ILI9341/text.o
LOAD lib/tinystd/itoa.o
LOAD src/bmp180.o
LOAD src/buffors.o
LOAD src/device_config.o
LOAD src/main.o
LOAD src/menu.o
LOAD src/rtc.o
LOAD src/scan_timer.o
LOAD src/system_stm32f10x.o
LOAD src/timers.o
LOAD src/touch_screen.o
LOAD src/uart_interrupt.o
LOAD src/usart_dma.o
LOAD startup/startup_stm32.o
LOAD /home/gwarchol/Ac6/SystemWorkbench/plugins/fr.ac6.mcu.externaltools.arm-none.linux64_1.15.0.201708311556/tools/compiler/bin/../lib/gcc/arm-none-eabi/6.3.1/../../../../arm-none-eabi/lib/thumb/v7-m/libm.a
START GROUP
LOAD /home/gwarchol/Ac6/SystemWorkbench/plugins/fr.ac6.mcu.externaltools.arm-none.linux64_1.15.0.201708311556/tools/compiler/bin/../lib/gcc/arm-none-eabi/6.3.1/thumb/v7-m/libgcc.a
LOAD /home/gwarchol/Ac6/SystemWorkbench/plugins/fr.ac6.mcu.externaltools.arm-none.linux64_1.15.0.201708311556/tools/compiler/bin/../lib/gcc/arm-none-eabi/6.3.1/../../../../arm-none-eabi/lib/thumb/v7-m/libc_nano.a
END GROUP
START GROUP
LOAD /home/gwarchol/Ac6/SystemWorkbench/plugins/fr.ac6.mcu.externaltools.arm-none.linux64_1.15.0.201708311556/tools/compiler/bin/../lib/gcc/arm-none-eabi/6.3.1/thumb/v7-m/libgcc.a
LOAD /home/gwarchol/Ac6/SystemWorkbench/plugins/fr.ac6.mcu.externaltools.arm-none.linux64_1.15.0.201708311556/tools/compiler/bin/../lib/gcc/arm-none-eabi/6.3.1/../../../../arm-none-eabi/lib/thumb/v7-m/libc_nano.a
LOAD /home/gwarchol/Ac6/SystemWorkbench/plugins/fr.ac6.mcu.externaltools.arm-none.linux64_1.15.0.201708311556/tools/compiler/bin/../lib/gcc/arm-none-eabi/6.3.1/../../../../arm-none-eabi/lib/thumb/v7-m/libnosys.a
END GROUP
START GROUP
LOAD /home/gwarchol/Ac6/SystemWorkbench/plugins/fr.ac6.mcu.externaltools.arm-none.linux64_1.15.0.201708311556/tools/compiler/bin/../lib/gcc/arm-none-eabi/6.3.1/thumb/v7-m/libgcc.a
LOAD /home/gwarchol/Ac6/SystemWorkbench/plugins/fr.ac6.mcu.externaltools.arm-none.linux64_1.15.0.201708311556/tools/compiler/bin/../lib/gcc/arm-none-eabi/6.3.1/../../../../arm-none-eabi/lib/thumb/v7-m/libc_nano.a
LOAD /home/gwarchol/Ac6/SystemWorkbench/plugins/fr.ac6.mcu.externaltools.arm-none.linux64_1.15.0.201708311556/tools/compiler/bin/../lib/gcc/arm-none-eabi/6.3.1/../../../../arm-none-eabi/lib/thumb/v7-m/librdimon_nano.a
LOAD /home/gwarchol/Ac6/SystemWorkbench/plugins/fr.ac6.mcu.externaltools.arm-none.linux64_1.15.0.201708311556/tools/compiler/bin/../lib/gcc/arm-none-eabi/6.3.1/../../../../arm-none-eabi/lib/thumb/v7-m/libnosys.a
END GROUP
START GROUP
LOAD /home/gwarchol/Ac6/SystemWorkbench/plugins/fr.ac6.mcu.externaltools.arm-none.linux64_1.15.0.201708311556/tools/compiler/bin/../lib/gcc/arm-none-eabi/6.3.1/thumb/v7-m/libgcc.a
LOAD /home/gwarchol/Ac6/SystemWorkbench/plugins/fr.ac6.mcu.externaltools.arm-none.linux64_1.15.0.201708311556/tools/compiler/bin/../lib/gcc/arm-none-eabi/6.3.1/../../../../arm-none-eabi/lib/thumb/v7-m/libc_nano.a
LOAD /home/gwarchol/Ac6/SystemWorkbench/plugins/fr.ac6.mcu.externaltools.arm-none.linux64_1.15.0.201708311556/tools/compiler/bin/../lib/gcc/arm-none-eabi/6.3.1/../../../../arm-none-eabi/lib/thumb/v7-m/librdimon_nano.a
END GROUP
LOAD /home/gwarchol/Ac6/SystemWorkbench/plugins/fr.ac6.mcu.externaltools.arm-none.linux64_1.15.0.201708311556/tools/compiler/bin/../lib/gcc/arm-none-eabi/6.3.1/thumb/v7-m/crtend.o
LOAD /home/gwarchol/Ac6/SystemWorkbench/plugins/fr.ac6.mcu.externaltools.arm-none.linux64_1.15.0.201708311556/tools/compiler/bin/../lib/gcc/arm-none-eabi/6.3.1/thumb/v7-m/crtn.o
                0x0000000020005000                _estack = 0x20005000
                0x0000000000000000                _Min_Heap_Size = 0x0
                0x0000000000000400                _Min_Stack_Size = 0x400

.isr_vector     0x0000000008000000      0x130
                0x0000000008000000                . = ALIGN (0x4)
 *(.isr_vector)
 .isr_vector    0x0000000008000000      0x130 startup/startup_stm32.o
                0x0000000008000000                g_pfnVectors
                0x0000000008000130                . = ALIGN (0x4)

.text           0x0000000008000130     0x4fd0
                0x0000000008000130                . = ALIGN (0x4)
 *(.text)
 .text          0x0000000008000130       0x6c /home/gwarchol/Ac6/SystemWorkbench/plugins/fr.ac6.mcu.externaltools.arm-none.linux64_1.15.0.201708311556/tools/compiler/bin/../lib/gcc/arm-none-eabi/6.3.1/thumb/v7-m/crtbegin.o
 *(.text*)
 .text.__libc_init_array
                0x000000000800019c       0x48 /home/gwarchol/Ac6/SystemWorkbench/plugins/fr.ac6.mcu.externaltools.arm-none.linux64_1.15.0.201708311556/tools/compiler/bin/../lib/gcc/arm-none-eabi/6.3.1/../../../../arm-none-eabi/lib/thumb/v7-m/libc_nano.a(lib_a-init.o)
                0x000000000800019c                __libc_init_array
 .text.memset   0x00000000080001e4       0x10 /home/gwarchol/Ac6/SystemWorkbench/plugins/fr.ac6.mcu.externaltools.arm-none.linux64_1.15.0.201708311556/tools/compiler/bin/../lib/gcc/arm-none-eabi/6.3.1/../../../../arm-none-eabi/lib/thumb/v7-m/libc_nano.a(lib_a-memset.o)
                0x00000000080001e4                memset
 .text.findslot
                0x00000000080001f4       0x34 /home/gwarchol/Ac6/SystemWorkbench/plugins/fr.ac6.mcu.externaltools.arm-none.linux64_1.15.0.201708311556/tools/compiler/bin/../lib/gcc/arm-none-eabi/6.3.1/../../../../arm-none-eabi/lib/thumb/v7-m/librdimon_nano.a(rdimon-syscalls.o)
 .text.checkerror
                0x0000000008000228       0x20 /home/gwarchol/Ac6/SystemWorkbench/plugins/fr.ac6.mcu.externaltools.arm-none.linux64_1.15.0.201708311556/tools/compiler/bin/../lib/gcc/arm-none-eabi/6.3.1/../../../../arm-none-eabi/lib/thumb/v7-m/librdimon_nano.a(rdimon-syscalls.o)
 .text.error    0x0000000008000248       0x1c /home/gwarchol/Ac6/SystemWorkbench/plugins/fr.ac6.mcu.externaltools.arm-none.linux64_1.15.0.201708311556/tools/compiler/bin/../lib/gcc/arm-none-eabi/6.3.1/../../../../arm-none-eabi/lib/thumb/v7-m/librdimon_nano.a(rdimon-syscalls.o)
 .text.initialise_monitor_handles
                0x0000000008000264       0xa4 /home/gwarchol/Ac6/SystemWorkbench/plugins/fr.ac6.mcu.externaltools.arm-none.linux64_1.15.0.201708311556/tools/compiler/bin/../lib/gcc/arm-none-eabi/6.3.1/../../../../arm-none-eabi/lib/thumb/v7-m/librdimon_nano.a(rdimon-syscalls.o)
                0x0000000008000264                initialise_monitor_handles
 .text._swiread
                0x0000000008000308       0x20 /home/gwarchol/Ac6/SystemWorkbench/plugins/fr.ac6.mcu.externaltools.arm-none.linux64_1.15.0.201708311556/tools/compiler/bin/../lib/gcc/arm-none-eabi/6.3.1/../../../../arm-none-eabi/lib/thumb/v7-m/librdimon_nano.a(rdimon-syscalls.o)
                0x0000000008000308                _swiread
 .text._read    0x0000000008000328       0x34 /home/gwarchol/Ac6/SystemWorkbench/plugins/fr.ac6.mcu.externaltools.arm-none.linux64_1.15.0.201708311556/tools/compiler/bin/../lib/gcc/arm-none-eabi/6.3.1/../../../../arm-none-eabi/lib/thumb/v7-m/librdimon_nano.a(rdimon-syscalls.o)
                0x0000000008000328                _read
 .text._swilseek
                0x000000000800035c       0x7a /home/gwarchol/Ac6/SystemWorkbench/plugins/fr.ac6.mcu.externaltools.arm-none.linux64_1.15.0.201708311556/tools/compiler/bin/../lib/gcc/arm-none-eabi/6.3.1/../../../../arm-none-eabi/lib/thumb/v7-m/librdimon_nano.a(rdimon-syscalls.o)
                0x000000000800035c                _swilseek
 .text._lseek   0x00000000080003d6        0x4 /home/gwarchol/Ac6/SystemWorkbench/plugins/fr.ac6.mcu.externaltools.arm-none.linux64_1.15.0.201708311556/tools/compiler/bin/../lib/gcc/arm-none-eabi/6.3.1/../../../../arm-none-eabi/lib/thumb/v7-m/librdimon_nano.a(rdimon-syscalls.o)
                0x00000000080003d6                _lseek
 .text._swiwrite
                0x00000000080003da       0x20 /home/gwarchol/Ac6/SystemWorkbench/plugins/fr.ac6.mcu.externaltools.arm-none.linux64_1.15.0.201708311556/tools/compiler/bin/../lib/gcc/arm-none-eabi/6.3.1/../../../../arm-none-eabi/lib/thumb/v7-m/librdimon_nano.a(rdimon-syscalls.o)
                0x00000000080003da                _swiwrite
 .text._write   0x00000000080003fa       0x40 /home/gwarchol/Ac6/SystemWorkbench/plugins/fr.ac6.mcu.externaltools.arm-none.linux64_1.15.0.201708311556/tools/compiler/bin/../lib/gcc/arm-none-eabi/6.3.1/../../../../arm-none-eabi/lib/thumb/v7-m/librdimon_nano.a(rdimon-syscalls.o)
                0x00000000080003fa                _write
 .text._swiclose
                0x000000000800043a       0x1c /home/gwarchol/Ac6/SystemWorkbench/plugins/fr.ac6.mcu.externaltools.arm-none.linux64_1.15.0.201708311556/tools/compiler/bin/../lib/gcc/arm-none-eabi/6.3.1/../../../../arm-none-eabi/lib/thumb/v7-m/librdimon_nano.a(rdimon-syscalls.o)
                0x000000000800043a                _swiclose
 *fill*         0x0000000008000456        0x2 
 .text._close   0x0000000008000458       0x48 /home/gwarchol/Ac6/SystemWorkbench/plugins/fr.ac6.mcu.externaltools.arm-none.linux64_1.15.0.201708311556/tools/compiler/bin/../lib/gcc/arm-none-eabi/6.3.1/../../../../arm-none-eabi/lib/thumb/v7-m/librdimon_nano.a(rdimon-syscalls.o)
                0x0000000008000458                _close
 .text._sbrk    0x00000000080004a0       0x48 /home/gwarchol/Ac6/SystemWorkbench/plugins/fr.ac6.mcu.externaltools.arm-none.linux64_1.15.0.201708311556/tools/compiler/bin/../lib/gcc/arm-none-eabi/6.3.1/../../../../arm-none-eabi/lib/thumb/v7-m/librdimon_nano.a(rdimon-syscalls.o)
                0x00000000080004a0                _sbrk
 .text._swistat
                0x00000000080004e8       0x42 /home/gwarchol/Ac6/SystemWorkbench/plugins/fr.ac6.mcu.externaltools.arm-none.linux64_1.15.0.201708311556/tools/compiler/bin/../lib/gcc/arm-none-eabi/6.3.1/../../../../arm-none-eabi/lib/thumb/v7-m/librdimon_nano.a(rdimon-syscalls.o)
                0x00000000080004e8                _swistat
 .text._fstat   0x000000000800052a       0x1c /home/gwarchol/Ac6/SystemWorkbench/plugins/fr.ac6.mcu.externaltools.arm-none.linux64_1.15.0.201708311556/tools/compiler/bin/../lib/gcc/arm-none-eabi/6.3.1/../../../../arm-none-eabi/lib/thumb/v7-m/librdimon_nano.a(rdimon-syscalls.o)
                0x000000000800052a                _fstat
 .text._isatty  0x0000000008000546       0x38 /home/gwarchol/Ac6/SystemWorkbench/plugins/fr.ac6.mcu.externaltools.arm-none.linux64_1.15.0.201708311556/tools/compiler/bin/../lib/gcc/arm-none-eabi/6.3.1/../../../../arm-none-eabi/lib/thumb/v7-m/librdimon_nano.a(rdimon-syscalls.o)
                0x0000000008000546                _isatty
 *fill*         0x000000000800057e        0x2 
 .text.NVIC_PriorityGroupConfig
                0x0000000008000580       0x14 StdPeriph_Driver/src/misc.o
                0x0000000008000580                NVIC_PriorityGroupConfig
 .text.NVIC_Init
                0x0000000008000594       0x68 StdPeriph_Driver/src/misc.o
                0x0000000008000594                NVIC_Init
 .text.NVIC_SystemLPConfig
                0x00000000080005fc       0x1c StdPeriph_Driver/src/misc.o
                0x00000000080005fc                NVIC_SystemLPConfig
 .text.BKP_DeInit
                0x0000000008000618       0x10 StdPeriph_Driver/src/stm32f10x_bkp.o
                0x0000000008000618                BKP_DeInit
 .text.BKP_WriteBackupRegister
                0x0000000008000628       0x1c StdPeriph_Driver/src/stm32f10x_bkp.o
                0x0000000008000628                BKP_WriteBackupRegister
 .text.BKP_ReadBackupRegister
                0x0000000008000644       0x20 StdPeriph_Driver/src/stm32f10x_bkp.o
                0x0000000008000644                BKP_ReadBackupRegister
 .text.DBGMCU_Config
                0x0000000008000664       0x1c StdPeriph_Driver/src/stm32f10x_dbgmcu.o
                0x0000000008000664                DBGMCU_Config
 .text.DMA_Init
                0x0000000008000680       0x3e StdPeriph_Driver/src/stm32f10x_dma.o
                0x0000000008000680                DMA_Init
 .text.DMA_StructInit
                0x00000000080006be       0x1a StdPeriph_Driver/src/stm32f10x_dma.o
                0x00000000080006be                DMA_StructInit
 .text.DMA_Cmd  0x00000000080006d8       0x1a StdPeriph_Driver/src/stm32f10x_dma.o
                0x00000000080006d8                DMA_Cmd
 .text.DMA_ITConfig
                0x00000000080006f2       0x14 StdPeriph_Driver/src/stm32f10x_dma.o
                0x00000000080006f2                DMA_ITConfig
 *fill*         0x0000000008000706        0x2 
 .text.DMA_GetITStatus
                0x0000000008000708       0x24 StdPeriph_Driver/src/stm32f10x_dma.o
                0x0000000008000708                DMA_GetITStatus
 .text.DMA_ClearITPendingBit
                0x000000000800072c       0x1c StdPeriph_Driver/src/stm32f10x_dma.o
                0x000000000800072c                DMA_ClearITPendingBit
 .text.EXTI_Init
                0x0000000008000748       0x8c StdPeriph_Driver/src/stm32f10x_exti.o
                0x0000000008000748                EXTI_Init
 .text.EXTI_ClearITPendingBit
                0x00000000080007d4        0xc StdPeriph_Driver/src/stm32f10x_exti.o
                0x00000000080007d4                EXTI_ClearITPendingBit
 .text.FLASH_SetLatency
                0x00000000080007e0       0x14 StdPeriph_Driver/src/stm32f10x_flash.o
                0x00000000080007e0                FLASH_SetLatency
 .text.FLASH_PrefetchBufferCmd
                0x00000000080007f4       0x18 StdPeriph_Driver/src/stm32f10x_flash.o
                0x00000000080007f4                FLASH_PrefetchBufferCmd
 .text.GPIO_Init
                0x000000000800080c       0x9e StdPeriph_Driver/src/stm32f10x_gpio.o
                0x000000000800080c                GPIO_Init
 .text.GPIO_SetBits
                0x00000000080008aa        0x4 StdPeriph_Driver/src/stm32f10x_gpio.o
                0x00000000080008aa                GPIO_SetBits
 .text.GPIO_ResetBits
                0x00000000080008ae        0x4 StdPeriph_Driver/src/stm32f10x_gpio.o
                0x00000000080008ae                GPIO_ResetBits
 .text.GPIO_WriteBit
                0x00000000080008b2        0xa StdPeriph_Driver/src/stm32f10x_gpio.o
                0x00000000080008b2                GPIO_WriteBit
 .text.GPIO_EXTILineConfig
                0x00000000080008bc       0x34 StdPeriph_Driver/src/stm32f10x_gpio.o
                0x00000000080008bc                GPIO_EXTILineConfig
 .text.I2C_DeInit
                0x00000000080008f0       0x38 StdPeriph_Driver/src/stm32f10x_i2c.o
                0x00000000080008f0                I2C_DeInit
 .text.I2C_Init
                0x0000000008000928       0xdc StdPeriph_Driver/src/stm32f10x_i2c.o
                0x0000000008000928                I2C_Init
 .text.I2C_Cmd  0x0000000008000a04       0x1c StdPeriph_Driver/src/stm32f10x_i2c.o
                0x0000000008000a04                I2C_Cmd
 .text.I2C_GenerateSTART
                0x0000000008000a20       0x1c StdPeriph_Driver/src/stm32f10x_i2c.o
                0x0000000008000a20                I2C_GenerateSTART
 .text.I2C_GenerateSTOP
                0x0000000008000a3c       0x1c StdPeriph_Driver/src/stm32f10x_i2c.o
                0x0000000008000a3c                I2C_GenerateSTOP
 .text.I2C_AcknowledgeConfig
                0x0000000008000a58       0x1c StdPeriph_Driver/src/stm32f10x_i2c.o
                0x0000000008000a58                I2C_AcknowledgeConfig
 .text.I2C_SendData
                0x0000000008000a74        0x4 StdPeriph_Driver/src/stm32f10x_i2c.o
                0x0000000008000a74                I2C_SendData
 .text.I2C_ReceiveData
                0x0000000008000a78        0x6 StdPeriph_Driver/src/stm32f10x_i2c.o
                0x0000000008000a78                I2C_ReceiveData
 .text.I2C_Send7bitAddress
                0x0000000008000a7e       0x12 StdPeriph_Driver/src/stm32f10x_i2c.o
                0x0000000008000a7e                I2C_Send7bitAddress
 .text.I2C_CheckEvent
                0x0000000008000a90       0x1c StdPeriph_Driver/src/stm32f10x_i2c.o
                0x0000000008000a90                I2C_CheckEvent
 .text.I2C_GetFlagStatus
                0x0000000008000aac       0x38 StdPeriph_Driver/src/stm32f10x_i2c.o
                0x0000000008000aac                I2C_GetFlagStatus
 .text.PWR_BackupAccessCmd
                0x0000000008000ae4        0xc StdPeriph_Driver/src/stm32f10x_pwr.o
                0x0000000008000ae4                PWR_BackupAccessCmd
 .text.RCC_DeInit
                0x0000000008000af0       0x40 StdPeriph_Driver/src/stm32f10x_rcc.o
                0x0000000008000af0                RCC_DeInit
 .text.RCC_HSEConfig
                0x0000000008000b30       0x3c StdPeriph_Driver/src/stm32f10x_rcc.o
                0x0000000008000b30                RCC_HSEConfig
 .text.RCC_PLLConfig
                0x0000000008000b6c       0x14 StdPeriph_Driver/src/stm32f10x_rcc.o
                0x0000000008000b6c                RCC_PLLConfig
 .text.RCC_PLLCmd
                0x0000000008000b80        0xc StdPeriph_Driver/src/stm32f10x_rcc.o
                0x0000000008000b80                RCC_PLLCmd
 .text.RCC_SYSCLKConfig
                0x0000000008000b8c       0x14 StdPeriph_Driver/src/stm32f10x_rcc.o
                0x0000000008000b8c                RCC_SYSCLKConfig
 .text.RCC_GetSYSCLKSource
                0x0000000008000ba0       0x10 StdPeriph_Driver/src/stm32f10x_rcc.o
                0x0000000008000ba0                RCC_GetSYSCLKSource
 .text.RCC_HCLKConfig
                0x0000000008000bb0       0x14 StdPeriph_Driver/src/stm32f10x_rcc.o
                0x0000000008000bb0                RCC_HCLKConfig
 .text.RCC_PCLK1Config
                0x0000000008000bc4       0x14 StdPeriph_Driver/src/stm32f10x_rcc.o
                0x0000000008000bc4                RCC_PCLK1Config
 .text.RCC_PCLK2Config
                0x0000000008000bd8       0x14 StdPeriph_Driver/src/stm32f10x_rcc.o
                0x0000000008000bd8                RCC_PCLK2Config
 .text.RCC_LSEConfig
                0x0000000008000bec       0x28 StdPeriph_Driver/src/stm32f10x_rcc.o
                0x0000000008000bec                RCC_LSEConfig
 .text.RCC_RTCCLKConfig
                0x0000000008000c14       0x10 StdPeriph_Driver/src/stm32f10x_rcc.o
                0x0000000008000c14                RCC_RTCCLKConfig
 .text.RCC_RTCCLKCmd
                0x0000000008000c24        0xc StdPeriph_Driver/src/stm32f10x_rcc.o
                0x0000000008000c24                RCC_RTCCLKCmd
 .text.RCC_GetClocksFreq
                0x0000000008000c30       0xb8 StdPeriph_Driver/src/stm32f10x_rcc.o
                0x0000000008000c30                RCC_GetClocksFreq
 .text.RCC_AHBPeriphClockCmd
                0x0000000008000ce8       0x1c StdPeriph_Driver/src/stm32f10x_rcc.o
                0x0000000008000ce8                RCC_AHBPeriphClockCmd
 .text.RCC_APB2PeriphClockCmd
                0x0000000008000d04       0x1c StdPeriph_Driver/src/stm32f10x_rcc.o
                0x0000000008000d04                RCC_APB2PeriphClockCmd
 .text.RCC_APB1PeriphClockCmd
                0x0000000008000d20       0x1c StdPeriph_Driver/src/stm32f10x_rcc.o
                0x0000000008000d20                RCC_APB1PeriphClockCmd
 .text.RCC_APB1PeriphResetCmd
                0x0000000008000d3c       0x1c StdPeriph_Driver/src/stm32f10x_rcc.o
                0x0000000008000d3c                RCC_APB1PeriphResetCmd
 .text.RCC_BackupResetCmd
                0x0000000008000d58        0xc StdPeriph_Driver/src/stm32f10x_rcc.o
                0x0000000008000d58                RCC_BackupResetCmd
 .text.RCC_GetFlagStatus
                0x0000000008000d64       0x34 StdPeriph_Driver/src/stm32f10x_rcc.o
                0x0000000008000d64                RCC_GetFlagStatus
 .text.RCC_WaitForHSEStartUp
                0x0000000008000d98       0x34 StdPeriph_Driver/src/stm32f10x_rcc.o
                0x0000000008000d98                RCC_WaitForHSEStartUp
 .text.RCC_ClearFlag
                0x0000000008000dcc       0x10 StdPeriph_Driver/src/stm32f10x_rcc.o
                0x0000000008000dcc                RCC_ClearFlag
 .text.RTC_ITConfig
                0x0000000008000ddc       0x20 StdPeriph_Driver/src/stm32f10x_rtc.o
                0x0000000008000ddc                RTC_ITConfig
 .text.RTC_EnterConfigMode
                0x0000000008000dfc       0x14 StdPeriph_Driver/src/stm32f10x_rtc.o
                0x0000000008000dfc                RTC_EnterConfigMode
 .text.RTC_ExitConfigMode
                0x0000000008000e10       0x14 StdPeriph_Driver/src/stm32f10x_rtc.o
                0x0000000008000e10                RTC_ExitConfigMode
 .text.RTC_GetCounter
                0x0000000008000e24       0x14 StdPeriph_Driver/src/stm32f10x_rtc.o
                0x0000000008000e24                RTC_GetCounter
 .text.RTC_SetCounter
                0x0000000008000e38       0x1c StdPeriph_Driver/src/stm32f10x_rtc.o
                0x0000000008000e38                RTC_SetCounter
 .text.RTC_SetPrescaler
                0x0000000008000e54       0x20 StdPeriph_Driver/src/stm32f10x_rtc.o
                0x0000000008000e54                RTC_SetPrescaler
 .text.RTC_SetAlarm
                0x0000000008000e74       0x1c StdPeriph_Driver/src/stm32f10x_rtc.o
                0x0000000008000e74                RTC_SetAlarm
 .text.RTC_WaitForLastTask
                0x0000000008000e90       0x10 StdPeriph_Driver/src/stm32f10x_rtc.o
                0x0000000008000e90                RTC_WaitForLastTask
 .text.RTC_WaitForSynchro
                0x0000000008000ea0       0x20 StdPeriph_Driver/src/stm32f10x_rtc.o
                0x0000000008000ea0                RTC_WaitForSynchro
 .text.RTC_GetITStatus
                0x0000000008000ec0       0x20 StdPeriph_Driver/src/stm32f10x_rtc.o
                0x0000000008000ec0                RTC_GetITStatus
 .text.RTC_ClearITPendingBit
                0x0000000008000ee0       0x14 StdPeriph_Driver/src/stm32f10x_rtc.o
                0x0000000008000ee0                RTC_ClearITPendingBit
 .text.SPI_Init
                0x0000000008000ef4       0x4c StdPeriph_Driver/src/stm32f10x_spi.o
                0x0000000008000ef4                SPI_Init
 .text.SPI_StructInit
                0x0000000008000f40       0x18 StdPeriph_Driver/src/stm32f10x_spi.o
                0x0000000008000f40                SPI_StructInit
 .text.SPI_Cmd  0x0000000008000f58       0x1c StdPeriph_Driver/src/stm32f10x_spi.o
                0x0000000008000f58                SPI_Cmd
 .text.SPI_I2S_ITConfig
                0x0000000008000f74       0x20 StdPeriph_Driver/src/stm32f10x_spi.o
                0x0000000008000f74                SPI_I2S_ITConfig
 .text.SPI_I2S_DMACmd
                0x0000000008000f94       0x18 StdPeriph_Driver/src/stm32f10x_spi.o
                0x0000000008000f94                SPI_I2S_DMACmd
 .text.SPI_I2S_SendData
                0x0000000008000fac        0x4 StdPeriph_Driver/src/stm32f10x_spi.o
                0x0000000008000fac                SPI_I2S_SendData
 .text.SPI_I2S_ReceiveData
                0x0000000008000fb0        0x6 StdPeriph_Driver/src/stm32f10x_spi.o
                0x0000000008000fb0                SPI_I2S_ReceiveData
 .text.SPI_I2S_GetFlagStatus
                0x0000000008000fb6        0xe StdPeriph_Driver/src/stm32f10x_spi.o
                0x0000000008000fb6                SPI_I2S_GetFlagStatus
 .text.SPI_I2S_GetITStatus
                0x0000000008000fc4       0x2e StdPeriph_Driver/src/stm32f10x_spi.o
                0x0000000008000fc4                SPI_I2S_GetITStatus
 .text.SPI_I2S_ClearITPendingBit
                0x0000000008000ff2       0x12 StdPeriph_Driver/src/stm32f10x_spi.o
                0x0000000008000ff2                SPI_I2S_ClearITPendingBit
 .text.TIM_TimeBaseInit
                0x0000000008001004       0x94 StdPeriph_Driver/src/stm32f10x_tim.o
                0x0000000008001004                TIM_TimeBaseInit
 .text.TIM_OC1Init
                0x0000000008001098       0x84 StdPeriph_Driver/src/stm32f10x_tim.o
                0x0000000008001098                TIM_OC1Init
 .text.TIM_OC2Init
                0x000000000800111c       0x88 StdPeriph_Driver/src/stm32f10x_tim.o
                0x000000000800111c                TIM_OC2Init
 .text.TIM_OC3Init
                0x00000000080011a4       0x84 StdPeriph_Driver/src/stm32f10x_tim.o
                0x00000000080011a4                TIM_OC3Init
 .text.TIM_OC4Init
                0x0000000008001228       0x6c StdPeriph_Driver/src/stm32f10x_tim.o
                0x0000000008001228                TIM_OC4Init
 .text.TIM_TimeBaseStructInit
                0x0000000008001294       0x12 StdPeriph_Driver/src/stm32f10x_tim.o
                0x0000000008001294                TIM_TimeBaseStructInit
 .text.TIM_Cmd  0x00000000080012a6       0x1c StdPeriph_Driver/src/stm32f10x_tim.o
                0x00000000080012a6                TIM_Cmd
 .text.TIM_ITConfig
                0x00000000080012c2       0x18 StdPeriph_Driver/src/stm32f10x_tim.o
                0x00000000080012c2                TIM_ITConfig
 .text.TIM_OC1PreloadConfig
                0x00000000080012da        0xe StdPeriph_Driver/src/stm32f10x_tim.o
                0x00000000080012da                TIM_OC1PreloadConfig
 .text.TIM_OC2PreloadConfig
                0x00000000080012e8       0x12 StdPeriph_Driver/src/stm32f10x_tim.o
                0x00000000080012e8                TIM_OC2PreloadConfig
 .text.TIM_OC3PreloadConfig
                0x00000000080012fa        0xe StdPeriph_Driver/src/stm32f10x_tim.o
                0x00000000080012fa                TIM_OC3PreloadConfig
 .text.TIM_OC4PreloadConfig
                0x0000000008001308       0x12 StdPeriph_Driver/src/stm32f10x_tim.o
                0x0000000008001308                TIM_OC4PreloadConfig
 .text.TIM_SetCompare1
                0x000000000800131a        0x4 StdPeriph_Driver/src/stm32f10x_tim.o
                0x000000000800131a                TIM_SetCompare1
 .text.TIM_SetCompare2
                0x000000000800131e        0x4 StdPeriph_Driver/src/stm32f10x_tim.o
                0x000000000800131e                TIM_SetCompare2
 .text.TIM_SetCompare3
                0x0000000008001322        0x4 StdPeriph_Driver/src/stm32f10x_tim.o
                0x0000000008001322                TIM_SetCompare3
 .text.TIM_SetCompare4
                0x0000000008001326        0x6 StdPeriph_Driver/src/stm32f10x_tim.o
                0x0000000008001326                TIM_SetCompare4
 .text.TIM_GetCapture1
                0x000000000800132c        0x6 StdPeriph_Driver/src/stm32f10x_tim.o
                0x000000000800132c                TIM_GetCapture1
 .text.TIM_GetCapture2
                0x0000000008001332        0x6 StdPeriph_Driver/src/stm32f10x_tim.o
                0x0000000008001332                TIM_GetCapture2
 .text.TIM_GetCapture3
                0x0000000008001338        0x6 StdPeriph_Driver/src/stm32f10x_tim.o
                0x0000000008001338                TIM_GetCapture3
 .text.TIM_GetCapture4
                0x000000000800133e        0x8 StdPeriph_Driver/src/stm32f10x_tim.o
                0x000000000800133e                TIM_GetCapture4
 .text.TIM_GetITStatus
                0x0000000008001346       0x18 StdPeriph_Driver/src/stm32f10x_tim.o
                0x0000000008001346                TIM_GetITStatus
 .text.TIM_ClearITPendingBit
                0x000000000800135e        0x8 StdPeriph_Driver/src/stm32f10x_tim.o
                0x000000000800135e                TIM_ClearITPendingBit
 .text.USART_ITConfig
                0x0000000008001366       0x38 StdPeriph_Driver/src/stm32f10x_usart.o
                0x0000000008001366                USART_ITConfig
 .text.USART_SendData
                0x000000000800139e        0x8 StdPeriph_Driver/src/stm32f10x_usart.o
                0x000000000800139e                USART_SendData
 .text.USART_ReceiveData
                0x00000000080013a6        0x8 StdPeriph_Driver/src/stm32f10x_usart.o
                0x00000000080013a6                USART_ReceiveData
 .text.USART_GetITStatus
                0x00000000080013ae       0x4c StdPeriph_Driver/src/stm32f10x_usart.o
                0x00000000080013ae                USART_GetITStatus
 *fill*         0x00000000080013fa        0x2 
 .text.LCD_pinsInit
                0x00000000080013fc       0xb0 lib/ILI9341/core.o
 .text.LCD_reset
                0x00000000080014ac       0x28 lib/ILI9341/core.o
                0x00000000080014ac                LCD_reset
 .text.LCD_exitStandby
                0x00000000080014d4       0x16 lib/ILI9341/core.o
                0x00000000080014d4                LCD_exitStandby
 *fill*         0x00000000080014ea        0x2 
 .text.LCD_setOrientation
                0x00000000080014ec       0x58 lib/ILI9341/core.o
                0x00000000080014ec                LCD_setOrientation
 .text.LCD_configure
                0x0000000008001544       0x40 lib/ILI9341/core.o
 .text.LCD_init
                0x0000000008001584       0x2c lib/ILI9341/core.o
                0x0000000008001584                LCD_init
 .text.LCD_setAddressWindow
                0x00000000080015b0       0xe0 lib/ILI9341/core.o
                0x00000000080015b0                LCD_setAddressWindow
 .text.LCD_getWidth
                0x0000000008001690        0xc lib/ILI9341/core.o
                0x0000000008001690                LCD_getWidth
 .text.LCD_getHeight
                0x000000000800169c        0xc lib/ILI9341/core.o
                0x000000000800169c                LCD_getHeight
 .text.LCD_setSpi8
                0x00000000080016a8       0x2c lib/ILI9341/core.o
                0x00000000080016a8                LCD_setSpi8
 .text.LCD_setSpi16
                0x00000000080016d4       0x28 lib/ILI9341/core.o
                0x00000000080016d4                LCD_setSpi16
 .text.SysTick_Handler
                0x00000000080016fc       0x10 lib/ILI9341/delay.o
                0x00000000080016fc                SysTick_Handler
 .text.delay_ms
                0x000000000800170c       0x58 lib/ILI9341/delay.o
                0x000000000800170c                delay_ms
 .text.dmaInit  0x0000000008001764       0x54 lib/ILI9341/dma.o
                0x0000000008001764                dmaInit
 .text.dmaSendCmd
                0x00000000080017b8       0x84 lib/ILI9341/dma.o
                0x00000000080017b8                dmaSendCmd
 .text.dmaSendCmdCont
                0x000000000800183c       0x70 lib/ILI9341/dma.o
                0x000000000800183c                dmaSendCmdCont
 .text.dmaReceiveDataCont8
                0x00000000080018ac       0x94 lib/ILI9341/dma.o
                0x00000000080018ac                dmaReceiveDataCont8
 .text.dmaSendDataCont8
                0x0000000008001940       0x68 lib/ILI9341/dma.o
                0x0000000008001940                dmaSendDataCont8
 .text.dmaSendData16
                0x00000000080019a8       0x84 lib/ILI9341/dma.o
                0x00000000080019a8                dmaSendData16
 .text.dmaSendDataCont16
                0x0000000008001a2c       0x70 lib/ILI9341/dma.o
                0x0000000008001a2c                dmaSendDataCont16
 .text.dmaFill16
                0x0000000008001a9c       0xf8 lib/ILI9341/dma.o
                0x0000000008001a9c                dmaFill16
 .text.DMA1_Channel2_IRQHandler
                0x0000000008001b94       0x24 lib/ILI9341/dma.o
                0x0000000008001b94                DMA1_Channel2_IRQHandler
 .text.DMA1_Channel3_IRQHandler
                0x0000000008001bb8       0x28 lib/ILI9341/dma.o
                0x0000000008001bb8                DMA1_Channel3_IRQHandler
 .text.LCD_readPixels
                0x0000000008001be0       0x8c lib/ILI9341/graph.o
                0x0000000008001be0                LCD_readPixels
 .text.LCD_fillRect
                0x0000000008001c6c       0x34 lib/ILI9341/graph.o
                0x0000000008001c6c                LCD_fillRect
 .text.LCD_fillScreen
                0x0000000008001ca0       0x3a lib/ILI9341/graph.o
                0x0000000008001ca0                LCD_fillScreen
 *fill*         0x0000000008001cda        0x2 
 .text.LCD_writeString
                0x0000000008001cdc      0x238 lib/ILI9341/text.o
                0x0000000008001cdc                LCD_writeString
 .text.LCD_setCursor
                0x0000000008001f14        0xc lib/ILI9341/text.o
                0x0000000008001f14                LCD_setCursor
 .text.LCD_setTextSize
                0x0000000008001f20        0xc lib/ILI9341/text.o
                0x0000000008001f20                LCD_setTextSize
 .text.LCD_setTextColor
                0x0000000008001f2c        0xc lib/ILI9341/text.o
                0x0000000008001f2c                LCD_setTextColor
 .text.LCD_setTextBgColor
                0x0000000008001f38        0xc lib/ILI9341/text.o
                0x0000000008001f38                LCD_setTextBgColor
 .text.BMP180_Init
                0x0000000008001f44       0x98 src/bmp180.o
                0x0000000008001f44                BMP180_Init
 .text.BMP180_WriteReg
                0x0000000008001fdc       0x74 src/bmp180.o
                0x0000000008001fdc                BMP180_WriteReg
 .text.BMP180_ReadReg
                0x0000000008002050       0xbc src/bmp180.o
                0x0000000008002050                BMP180_ReadReg
 .text.BMP180_ReadCalibration
                0x000000000800210c      0x184 src/bmp180.o
                0x000000000800210c                BMP180_ReadCalibration
 .text.init_bmp180
                0x0000000008002290       0x20 src/bmp180.o
                0x0000000008002290                init_bmp180
 .text.BMP180_Read_UT
                0x00000000080022b0       0xdc src/bmp180.o
                0x00000000080022b0                BMP180_Read_UT
 .text.BMP180_Read_PT
                0x000000000800238c      0x118 src/bmp180.o
                0x000000000800238c                BMP180_Read_PT
 .text.BMP180_Calc_RT
                0x00000000080024a4       0x30 src/bmp180.o
                0x00000000080024a4                BMP180_Calc_RT
 .text.read_temperature_str
                0x00000000080024d4       0x44 src/bmp180.o
                0x00000000080024d4                read_temperature_str
 .text.BMP180_Calc_RP
                0x0000000008002518       0xa8 src/bmp180.o
                0x0000000008002518                BMP180_Calc_RP
 .text.read_pressure_str
                0x00000000080025c0       0x58 src/bmp180.o
                0x00000000080025c0                read_pressure_str
 .text.addToBuffor
                0x0000000008002618       0x18 src/buffors.o
                0x0000000008002618                addToBuffor
 .text.getFromBuffor
                0x0000000008002630       0x36 src/buffors.o
                0x0000000008002630                getFromBuffor
 .text.isBufforEmpty
                0x0000000008002666        0xe src/buffors.o
                0x0000000008002666                isBufforEmpty
 .text.sleep_mode_init
                0x0000000008002674       0x70 src/device_config.o
                0x0000000008002674                sleep_mode_init
 .text.EXTI0_IRQHandler
                0x00000000080026e4       0x1c src/device_config.o
                0x00000000080026e4                EXTI0_IRQHandler
 .text.device_init
                0x0000000008002700       0x48 src/device_config.o
                0x0000000008002700                device_init
 .text.turnOnOffLed
                0x0000000008002748       0x28 src/device_config.o
                0x0000000008002748                turnOnOffLed
 .text.RCC_Conf
                0x0000000008002770       0x64 src/device_config.o
                0x0000000008002770                RCC_Conf
 .text.main     0x00000000080027d4       0xb4 src/main.o
                0x00000000080027d4                main
 .text.get_menu_state
                0x0000000008002888        0xc src/menu.o
                0x0000000008002888                get_menu_state
 .text.increment_set_clk_state
                0x0000000008002894       0x1c src/menu.o
                0x0000000008002894                increment_set_clk_state
 .text.increment_set_date_state
                0x00000000080028b0       0x1c src/menu.o
                0x00000000080028b0                increment_set_date_state
 .text.create_menu
                0x00000000080028cc       0xe4 src/menu.o
                0x00000000080028cc                create_menu
 .text.setMenuState
                0x00000000080029b0       0x24 src/menu.o
                0x00000000080029b0                setMenuState
 .text.read_environmental_parameters
                0x00000000080029d4       0x18 src/menu.o
                0x00000000080029d4                read_environmental_parameters
 .text.on_set_up
                0x00000000080029ec       0x50 src/menu.o
                0x00000000080029ec                on_set_up
 .text.on_set_saver
                0x0000000008002a3c       0x1c src/menu.o
                0x0000000008002a3c                on_set_saver
 .text.on_set_down
                0x0000000008002a58       0x50 src/menu.o
                0x0000000008002a58                on_set_down
 .text.show_menu
                0x0000000008002aa8      0x238 src/menu.o
                0x0000000008002aa8                show_menu
 .text.NVIC_RTC_Configuration
                0x0000000008002ce0       0x44 src/rtc.o
                0x0000000008002ce0                NVIC_RTC_Configuration
 .text.RTC_IRQHandler
                0x0000000008002d24       0x68 src/rtc.o
                0x0000000008002d24                RTC_IRQHandler
 .text.RTCAlarm_IRQHandler
                0x0000000008002d8c        0x2 src/rtc.o
                0x0000000008002d8c                RTCAlarm_IRQHandler
 *fill*         0x0000000008002d8e        0x2 
 .text.read_time
                0x0000000008002d90       0xd8 src/rtc.o
                0x0000000008002d90                read_time
 .text.read_date
                0x0000000008002e68       0x78 src/rtc.o
                0x0000000008002e68                read_date
 .text.addHour  0x0000000008002ee0       0x18 src/rtc.o
                0x0000000008002ee0                addHour
 .text.removeHour
                0x0000000008002ef8       0x18 src/rtc.o
                0x0000000008002ef8                removeHour
 .text.addMin   0x0000000008002f10       0x16 src/rtc.o
                0x0000000008002f10                addMin
 .text.removeMin
                0x0000000008002f26       0x16 src/rtc.o
                0x0000000008002f26                removeMin
 .text.addSec   0x0000000008002f3c       0x16 src/rtc.o
                0x0000000008002f3c                addSec
 .text.removeSec
                0x0000000008002f52       0x16 src/rtc.o
                0x0000000008002f52                removeSec
 .text.save_time
                0x0000000008002f68       0x22 src/rtc.o
                0x0000000008002f68                save_time
 *fill*         0x0000000008002f8a        0x2 
 .text.check_leap
                0x0000000008002f8c       0x40 src/rtc.o
                0x0000000008002f8c                check_leap
 .text.prev_date
                0x0000000008002fcc       0xf4 src/rtc.o
                0x0000000008002fcc                prev_date
 .text.removeDay
                0x00000000080030c0        0x8 src/rtc.o
                0x00000000080030c0                removeDay
 .text.removeMonth
                0x00000000080030c8       0x3e src/rtc.o
                0x00000000080030c8                removeMonth
 .text.removeYear
                0x0000000008003106       0x1e src/rtc.o
                0x0000000008003106                removeYear
 .text.update_date
                0x0000000008003124       0xf0 src/rtc.o
                0x0000000008003124                update_date
 .text.check_next_day
                0x0000000008003214       0x2c src/rtc.o
                0x0000000008003214                check_next_day
 .text.analize_clock_clendar_state
                0x0000000008003240       0x1c src/rtc.o
                0x0000000008003240                analize_clock_clendar_state
 .text.addDay   0x000000000800325c        0x8 src/rtc.o
                0x000000000800325c                addDay
 .text.addMonth
                0x0000000008003264       0x3e src/rtc.o
                0x0000000008003264                addMonth
 .text.addYear  0x00000000080032a2       0x1e src/rtc.o
                0x00000000080032a2                addYear
 .text.save_date
                0x00000000080032c0       0x90 src/rtc.o
                0x00000000080032c0                save_date
 .text.set_alarm
                0x0000000008003350       0x2c src/rtc.o
                0x0000000008003350                set_alarm
 .text.check_for_days_elapsed
                0x000000000800337c       0x5c src/rtc.o
                0x000000000800337c                check_for_days_elapsed
 .text.RTC_Configuration
                0x00000000080033d8       0xcc src/rtc.o
                0x00000000080033d8                RTC_Configuration
 .text.rtc_init
                0x00000000080034a4       0x64 src/rtc.o
                0x00000000080034a4                rtc_init
 .text.getTimerChannelState
                0x0000000008003508       0x34 src/scan_timer.o
                0x0000000008003508                getTimerChannelState
 .text.setTimerChannelState
                0x000000000800353c       0x28 src/scan_timer.o
                0x000000000800353c                setTimerChannelState
 .text.init_timer
                0x0000000008003564       0xe4 src/scan_timer.o
                0x0000000008003564                init_timer
 .text.init_signle_shot_timer
                0x0000000008003648       0x78 src/scan_timer.o
                0x0000000008003648                init_signle_shot_timer
 .text.TIM3_IRQHandler
                0x00000000080036c0       0x20 src/scan_timer.o
                0x00000000080036c0                TIM3_IRQHandler
 .text.TIM1_CC_IRQHandler
                0x00000000080036e0       0xdc src/scan_timer.o
                0x00000000080036e0                TIM1_CC_IRQHandler
 .text.SetSysClockTo72
                0x00000000080037bc       0xc4 src/system_stm32f10x.o
 .text.SetSysClock
                0x0000000008003880        0x8 src/system_stm32f10x.o
 .text.SystemInit
                0x0000000008003888       0x50 src/system_stm32f10x.o
                0x0000000008003888                SystemInit
 .text.set_pushed_filter
                0x00000000080038d8        0xc src/touch_screen.o
                0x00000000080038d8                set_pushed_filter
 .text.DMA1_Channel4_IRQHandler
                0x00000000080038e4       0x2c src/touch_screen.o
                0x00000000080038e4                DMA1_Channel4_IRQHandler
 .text.DMA1_Channel5_IRQHandler
                0x0000000008003910       0x2c src/touch_screen.o
                0x0000000008003910                DMA1_Channel5_IRQHandler
 .text.SPI2_IRQHandler
                0x000000000800393c       0x9c src/touch_screen.o
                0x000000000800393c                SPI2_IRQHandler
 .text.control_touch_buttons
                0x00000000080039d8      0x1d0 src/touch_screen.o
                0x00000000080039d8                control_touch_buttons
 .text.touch_screen_cs_low
                0x0000000008003ba8       0x14 src/touch_screen.o
                0x0000000008003ba8                touch_screen_cs_low
 .text.touch_screen_cs_high
                0x0000000008003bbc       0x14 src/touch_screen.o
                0x0000000008003bbc                touch_screen_cs_high
 .text.init_spi_2
                0x0000000008003bd0       0xcc src/touch_screen.o
                0x0000000008003bd0                init_spi_2
 .text.init_touch_screen
                0x0000000008003c9c        0x8 src/touch_screen.o
                0x0000000008003c9c                init_touch_screen
 .text.touch_screen_send_command
                0x0000000008003ca4       0x1c src/touch_screen.o
                0x0000000008003ca4                touch_screen_send_command
 .text.analize_data_from_touch_screen
                0x0000000008003cc0       0x54 src/touch_screen.o
                0x0000000008003cc0                analize_data_from_touch_screen
 .text.USART1_IRQHandler
                0x0000000008003d14       0x80 src/uart_interrupt.o
                0x0000000008003d14                USART1_IRQHandler
 .text.Reset_Handler
                0x0000000008003d94       0x50 startup/startup_stm32.o
                0x0000000008003d94                Reset_Handler
 .text.Default_Handler
                0x0000000008003de4        0x2 startup/startup_stm32.o
                0x0000000008003de4                EXTI2_IRQHandler
                0x0000000008003de4                TIM8_TRG_COM_IRQHandler
                0x0000000008003de4                TIM8_CC_IRQHandler
                0x0000000008003de4                DebugMon_Handler
                0x0000000008003de4                HardFault_Handler
                0x0000000008003de4                TIM6_IRQHandler
                0x0000000008003de4                PVD_IRQHandler
                0x0000000008003de4                SDIO_IRQHandler
                0x0000000008003de4                PendSV_Handler
                0x0000000008003de4                NMI_Handler
                0x0000000008003de4                EXTI3_IRQHandler
                0x0000000008003de4                USB_HP_CAN_TX_IRQHandler
                0x0000000008003de4                I2C2_EV_IRQHandler
                0x0000000008003de4                UsageFault_Handler
                0x0000000008003de4                ADC1_2_IRQHandler
                0x0000000008003de4                SPI1_IRQHandler
                0x0000000008003de4                CAN_SCE_IRQHandler
                0x0000000008003de4                TAMPER_IRQHandler
                0x0000000008003de4                TIM8_UP_IRQHandler
                0x0000000008003de4                DMA2_Channel2_IRQHandler
                0x0000000008003de4                USART3_IRQHandler
                0x0000000008003de4                DMA1_Channel7_IRQHandler
                0x0000000008003de4                UART5_IRQHandler
                0x0000000008003de4                ADC3_IRQHandler
                0x0000000008003de4                TIM4_IRQHandler
                0x0000000008003de4                CAN_RX1_IRQHandler
                0x0000000008003de4                DMA2_Channel1_IRQHandler
                0x0000000008003de4                I2C1_EV_IRQHandler
                0x0000000008003de4                DMA1_Channel6_IRQHandler
                0x0000000008003de4                UART4_IRQHandler
                0x0000000008003de4                RCC_IRQHandler
                0x0000000008003de4                TIM1_TRG_COM_IRQHandler
                0x0000000008003de4                DMA1_Channel1_IRQHandler
                0x0000000008003de4                Default_Handler
                0x0000000008003de4                EXTI15_10_IRQHandler
                0x0000000008003de4                TIM7_IRQHandler
                0x0000000008003de4                TIM5_IRQHandler
                0x0000000008003de4                EXTI9_5_IRQHandler
                0x0000000008003de4                USB_LP_CAN_RX0_IRQHandler
                0x0000000008003de4                MemManage_Handler
                0x0000000008003de4                SVC_Handler
                0x0000000008003de4                EXTI4_IRQHandler
                0x0000000008003de4                FSMC_IRQHandler
                0x0000000008003de4                TIM1_UP_IRQHandler
                0x0000000008003de4                WWDG_IRQHandler
                0x0000000008003de4                TIM2_IRQHandler
                0x0000000008003de4                TIM1_BRK_IRQHandler
                0x0000000008003de4                EXTI1_IRQHandler
                0x0000000008003de4                DMA2_Channel4_5_IRQHandler
                0x0000000008003de4                USART2_IRQHandler
                0x0000000008003de4                I2C2_ER_IRQHandler
                0x0000000008003de4                TIM8_BRK_IRQHandler
                0x0000000008003de4                FLASH_IRQHandler
                0x0000000008003de4                BusFault_Handler
                0x0000000008003de4                SPI3_IRQHandler
                0x0000000008003de4                I2C1_ER_IRQHandler
                0x0000000008003de4                DMA2_Channel3_IRQHandler
 *fill*         0x0000000008003de6        0x2 
 .text.__errno  0x0000000008003de8        0xc /home/gwarchol/Ac6/SystemWorkbench/plugins/fr.ac6.mcu.externaltools.arm-none.linux64_1.15.0.201708311556/tools/compiler/bin/../lib/gcc/arm-none-eabi/6.3.1/../../../../arm-none-eabi/lib/thumb/v7-m/libc_nano.a(lib_a-errno.o)
                0x0000000008003de8                __errno
 .text._cleanup_r
                0x0000000008003df4        0xc /home/gwarchol/Ac6/SystemWorkbench/plugins/fr.ac6.mcu.externaltools.arm-none.linux64_1.15.0.201708311556/tools/compiler/bin/../lib/gcc/arm-none-eabi/6.3.1/../../../../arm-none-eabi/lib/thumb/v7-m/libc_nano.a(lib_a-findfp.o)
                0x0000000008003df4                _cleanup_r
 .text.std.isra.0
                0x0000000008003e00       0x48 /home/gwarchol/Ac6/SystemWorkbench/plugins/fr.ac6.mcu.externaltools.arm-none.linux64_1.15.0.201708311556/tools/compiler/bin/../lib/gcc/arm-none-eabi/6.3.1/../../../../arm-none-eabi/lib/thumb/v7-m/libc_nano.a(lib_a-findfp.o)
 .text.__sfmoreglue
                0x0000000008003e48       0x2c /home/gwarchol/Ac6/SystemWorkbench/plugins/fr.ac6.mcu.externaltools.arm-none.linux64_1.15.0.201708311556/tools/compiler/bin/../lib/gcc/arm-none-eabi/6.3.1/../../../../arm-none-eabi/lib/thumb/v7-m/libc_nano.a(lib_a-findfp.o)
                0x0000000008003e48                __sfmoreglue
 .text.__sinit  0x0000000008003e74       0x60 /home/gwarchol/Ac6/SystemWorkbench/plugins/fr.ac6.mcu.externaltools.arm-none.linux64_1.15.0.201708311556/tools/compiler/bin/../lib/gcc/arm-none-eabi/6.3.1/../../../../arm-none-eabi/lib/thumb/v7-m/libc_nano.a(lib_a-findfp.o)
                0x0000000008003e74                __sinit
 .text.__sfp    0x0000000008003ed4       0x78 /home/gwarchol/Ac6/SystemWorkbench/plugins/fr.ac6.mcu.externaltools.arm-none.linux64_1.15.0.201708311556/tools/compiler/bin/../lib/gcc/arm-none-eabi/6.3.1/../../../../arm-none-eabi/lib/thumb/v7-m/libc_nano.a(lib_a-findfp.o)
                0x0000000008003ed4                __sfp
 .text._fwalk_reent
                0x0000000008003f4c       0x3c /home/gwarchol/Ac6/SystemWorkbench/plugins/fr.ac6.mcu.externaltools.arm-none.linux64_1.15.0.201708311556/tools/compiler/bin/../lib/gcc/arm-none-eabi/6.3.1/../../../../arm-none-eabi/lib/thumb/v7-m/libc_nano.a(lib_a-fwalk.o)
                0x0000000008003f4c                _fwalk_reent
 .text._malloc_r
                0x0000000008003f88       0xbc /home/gwarchol/Ac6/SystemWorkbench/plugins/fr.ac6.mcu.externaltools.arm-none.linux64_1.15.0.201708311556/tools/compiler/bin/../lib/gcc/arm-none-eabi/6.3.1/../../../../arm-none-eabi/lib/thumb/v7-m/libc_nano.a(lib_a-nano-mallocr.o)
                0x0000000008003f88                _malloc_r
 .text.printf   0x0000000008004044       0x30 /home/gwarchol/Ac6/SystemWorkbench/plugins/fr.ac6.mcu.externaltools.arm-none.linux64_1.15.0.201708311556/tools/compiler/bin/../lib/gcc/arm-none-eabi/6.3.1/../../../../arm-none-eabi/lib/thumb/v7-m/libc_nano.a(lib_a-printf.o)
                0x0000000008004044                printf
                0x0000000008004044                iprintf
 .text.putchar  0x0000000008004074       0x28 /home/gwarchol/Ac6/SystemWorkbench/plugins/fr.ac6.mcu.externaltools.arm-none.linux64_1.15.0.201708311556/tools/compiler/bin/../lib/gcc/arm-none-eabi/6.3.1/../../../../arm-none-eabi/lib/thumb/v7-m/libc_nano.a(lib_a-putchar.o)
                0x0000000008004074                putchar
 .text._puts_r  0x000000000800409c       0xb8 /home/gwarchol/Ac6/SystemWorkbench/plugins/fr.ac6.mcu.externaltools.arm-none.linux64_1.15.0.201708311556/tools/compiler/bin/../lib/gcc/arm-none-eabi/6.3.1/../../../../arm-none-eabi/lib/thumb/v7-m/libc_nano.a(lib_a-puts.o)
                0x000000000800409c                _puts_r
 .text.puts     0x0000000008004154       0x10 /home/gwarchol/Ac6/SystemWorkbench/plugins/fr.ac6.mcu.externaltools.arm-none.linux64_1.15.0.201708311556/tools/compiler/bin/../lib/gcc/arm-none-eabi/6.3.1/../../../../arm-none-eabi/lib/thumb/v7-m/libc_nano.a(lib_a-puts.o)
                0x0000000008004154                puts
 .text._sbrk_r  0x0000000008004164       0x20 /home/gwarchol/Ac6/SystemWorkbench/plugins/fr.ac6.mcu.externaltools.arm-none.linux64_1.15.0.201708311556/tools/compiler/bin/../lib/gcc/arm-none-eabi/6.3.1/../../../../arm-none-eabi/lib/thumb/v7-m/libc_nano.a(lib_a-sbrkr.o)
                0x0000000008004164                _sbrk_r
 .text.sprintf  0x0000000008004184       0x48 /home/gwarchol/Ac6/SystemWorkbench/plugins/fr.ac6.mcu.externaltools.arm-none.linux64_1.15.0.201708311556/tools/compiler/bin/../lib/gcc/arm-none-eabi/6.3.1/../../../../arm-none-eabi/lib/thumb/v7-m/libc_nano.a(lib_a-sprintf.o)
                0x0000000008004184                sprintf
                0x0000000008004184                siprintf
 .text.__sread  0x00000000080041cc       0x22 /home/gwarchol/Ac6/SystemWorkbench/plugins/fr.ac6.mcu.externaltools.arm-none.linux64_1.15.0.201708311556/tools/compiler/bin/../lib/gcc/arm-none-eabi/6.3.1/../../../../arm-none-eabi/lib/thumb/v7-m/libc_nano.a(lib_a-stdio.o)
                0x00000000080041cc                __sread
 .text.__swrite
                0x00000000080041ee       0x38 /home/gwarchol/Ac6/SystemWorkbench/plugins/fr.ac6.mcu.externaltools.arm-none.linux64_1.15.0.201708311556/tools/compiler/bin/../lib/gcc/arm-none-eabi/6.3.1/../../../../arm-none-eabi/lib/thumb/v7-m/libc_nano.a(lib_a-stdio.o)
                0x00000000080041ee                __swrite
 .text.__sseek  0x0000000008004226       0x24 /home/gwarchol/Ac6/SystemWorkbench/plugins/fr.ac6.mcu.externaltools.arm-none.linux64_1.15.0.201708311556/tools/compiler/bin/../lib/gcc/arm-none-eabi/6.3.1/../../../../arm-none-eabi/lib/thumb/v7-m/libc_nano.a(lib_a-stdio.o)
                0x0000000008004226                __sseek
 .text.__sclose
                0x000000000800424a        0x8 /home/gwarchol/Ac6/SystemWorkbench/plugins/fr.ac6.mcu.externaltools.arm-none.linux64_1.15.0.201708311556/tools/compiler/bin/../lib/gcc/arm-none-eabi/6.3.1/../../../../arm-none-eabi/lib/thumb/v7-m/libc_nano.a(lib_a-stdio.o)
                0x000000000800424a                __sclose
 *fill*         0x0000000008004252        0x2 
 .text.__swbuf_r
                0x0000000008004254       0xa4 /home/gwarchol/Ac6/SystemWorkbench/plugins/fr.ac6.mcu.externaltools.arm-none.linux64_1.15.0.201708311556/tools/compiler/bin/../lib/gcc/arm-none-eabi/6.3.1/../../../../arm-none-eabi/lib/thumb/v7-m/libc_nano.a(lib_a-wbuf.o)
                0x0000000008004254                __swbuf_r
 .text._write_r
                0x00000000080042f8       0x24 /home/gwarchol/Ac6/SystemWorkbench/plugins/fr.ac6.mcu.externaltools.arm-none.linux64_1.15.0.201708311556/tools/compiler/bin/../lib/gcc/arm-none-eabi/6.3.1/../../../../arm-none-eabi/lib/thumb/v7-m/libc_nano.a(lib_a-writer.o)
                0x00000000080042f8                _write_r
 .text.__swsetup_r
                0x000000000800431c       0xdc /home/gwarchol/Ac6/SystemWorkbench/plugins/fr.ac6.mcu.externaltools.arm-none.linux64_1.15.0.201708311556/tools/compiler/bin/../lib/gcc/arm-none-eabi/6.3.1/../../../../arm-none-eabi/lib/thumb/v7-m/libc_nano.a(lib_a-wsetup.o)
                0x000000000800431c                __swsetup_r
 .text._close_r
                0x00000000080043f8       0x20 /home/gwarchol/Ac6/SystemWorkbench/plugins/fr.ac6.mcu.externaltools.arm-none.linux64_1.15.0.201708311556/tools/compiler/bin/../lib/gcc/arm-none-eabi/6.3.1/../../../../arm-none-eabi/lib/thumb/v7-m/libc_nano.a(lib_a-closer.o)
                0x00000000080043f8                _close_r
 .text.__sflush_r
                0x0000000008004418      0x110 /home/gwarchol/Ac6/SystemWorkbench/plugins/fr.ac6.mcu.externaltools.arm-none.linux64_1.15.0.201708311556/tools/compiler/bin/../lib/gcc/arm-none-eabi/6.3.1/../../../../arm-none-eabi/lib/thumb/v7-m/libc_nano.a(lib_a-fflush.o)
                0x0000000008004418                __sflush_r
 .text._fflush_r
                0x0000000008004528       0x54 /home/gwarchol/Ac6/SystemWorkbench/plugins/fr.ac6.mcu.externaltools.arm-none.linux64_1.15.0.201708311556/tools/compiler/bin/../lib/gcc/arm-none-eabi/6.3.1/../../../../arm-none-eabi/lib/thumb/v7-m/libc_nano.a(lib_a-fflush.o)
                0x0000000008004528                _fflush_r
 .text._lseek_r
                0x000000000800457c       0x24 /home/gwarchol/Ac6/SystemWorkbench/plugins/fr.ac6.mcu.externaltools.arm-none.linux64_1.15.0.201708311556/tools/compiler/bin/../lib/gcc/arm-none-eabi/6.3.1/../../../../arm-none-eabi/lib/thumb/v7-m/libc_nano.a(lib_a-lseekr.o)
                0x000000000800457c                _lseek_r
 .text.__swhatbuf_r
                0x00000000080045a0       0x48 /home/gwarchol/Ac6/SystemWorkbench/plugins/fr.ac6.mcu.externaltools.arm-none.linux64_1.15.0.201708311556/tools/compiler/bin/../lib/gcc/arm-none-eabi/6.3.1/../../../../arm-none-eabi/lib/thumb/v7-m/libc_nano.a(lib_a-makebuf.o)
                0x00000000080045a0                __swhatbuf_r
 .text.__smakebuf_r
                0x00000000080045e8       0x80 /home/gwarchol/Ac6/SystemWorkbench/plugins/fr.ac6.mcu.externaltools.arm-none.linux64_1.15.0.201708311556/tools/compiler/bin/../lib/gcc/arm-none-eabi/6.3.1/../../../../arm-none-eabi/lib/thumb/v7-m/libc_nano.a(lib_a-makebuf.o)
                0x00000000080045e8                __smakebuf_r
 .text.__malloc_lock
                0x0000000008004668        0x2 /home/gwarchol/Ac6/SystemWorkbench/plugins/fr.ac6.mcu.externaltools.arm-none.linux64_1.15.0.201708311556/tools/compiler/bin/../lib/gcc/arm-none-eabi/6.3.1/../../../../arm-none-eabi/lib/thumb/v7-m/libc_nano.a(lib_a-mlock.o)
                0x0000000008004668                __malloc_lock
 .text.__malloc_unlock
                0x000000000800466a        0x2 /home/gwarchol/Ac6/SystemWorkbench/plugins/fr.ac6.mcu.externaltools.arm-none.linux64_1.15.0.201708311556/tools/compiler/bin/../lib/gcc/arm-none-eabi/6.3.1/../../../../arm-none-eabi/lib/thumb/v7-m/libc_nano.a(lib_a-mlock.o)
                0x000000000800466a                __malloc_unlock
 .text._free_r  0x000000000800466c       0x98 /home/gwarchol/Ac6/SystemWorkbench/plugins/fr.ac6.mcu.externaltools.arm-none.linux64_1.15.0.201708311556/tools/compiler/bin/../lib/gcc/arm-none-eabi/6.3.1/../../../../arm-none-eabi/lib/thumb/v7-m/libc_nano.a(lib_a-nano-freer.o)
                0x000000000800466c                _free_r
 .text.__ssputs_r
                0x0000000008004704       0xb6 /home/gwarchol/Ac6/SystemWorkbench/plugins/fr.ac6.mcu.externaltools.arm-none.linux64_1.15.0.201708311556/tools/compiler/bin/../lib/gcc/arm-none-eabi/6.3.1/../../../../arm-none-eabi/lib/thumb/v7-m/libc_nano.a(lib_a-nano-svfprintf.o)
                0x0000000008004704                __ssputs_r
 *fill*         0x00000000080047ba        0x2 
 .text._svfprintf_r
                0x00000000080047bc      0x1e8 /home/gwarchol/Ac6/SystemWorkbench/plugins/fr.ac6.mcu.externaltools.arm-none.linux64_1.15.0.201708311556/tools/compiler/bin/../lib/gcc/arm-none-eabi/6.3.1/../../../../arm-none-eabi/lib/thumb/v7-m/libc_nano.a(lib_a-nano-svfprintf.o)
                0x00000000080047bc                _svfprintf_r
                0x00000000080047bc                _svfiprintf_r
 .text.__sfputc_r
                0x00000000080049a4       0x2c /home/gwarchol/Ac6/SystemWorkbench/plugins/fr.ac6.mcu.externaltools.arm-none.linux64_1.15.0.201708311556/tools/compiler/bin/../lib/gcc/arm-none-eabi/6.3.1/../../../../arm-none-eabi/lib/thumb/v7-m/libc_nano.a(lib_a-nano-vfprintf.o)
 .text.__sfputs_r
                0x00000000080049d0       0x24 /home/gwarchol/Ac6/SystemWorkbench/plugins/fr.ac6.mcu.externaltools.arm-none.linux64_1.15.0.201708311556/tools/compiler/bin/../lib/gcc/arm-none-eabi/6.3.1/../../../../arm-none-eabi/lib/thumb/v7-m/libc_nano.a(lib_a-nano-vfprintf.o)
                0x00000000080049d0                __sfputs_r
 .text._vfprintf_r
                0x00000000080049f4      0x22c /home/gwarchol/Ac6/SystemWorkbench/plugins/fr.ac6.mcu.externaltools.arm-none.linux64_1.15.0.201708311556/tools/compiler/bin/../lib/gcc/arm-none-eabi/6.3.1/../../../../arm-none-eabi/lib/thumb/v7-m/libc_nano.a(lib_a-nano-vfprintf.o)
                0x00000000080049f4                _vfiprintf_r
                0x00000000080049f4                _vfprintf_r
 .text._printf_common
                0x0000000008004c20       0xee /home/gwarchol/Ac6/SystemWorkbench/plugins/fr.ac6.mcu.externaltools.arm-none.linux64_1.15.0.201708311556/tools/compiler/bin/../lib/gcc/arm-none-eabi/6.3.1/../../../../arm-none-eabi/lib/thumb/v7-m/libc_nano.a(lib_a-nano-vfprintf_i.o)
                0x0000000008004c20                _printf_common
 *fill*         0x0000000008004d0e        0x2 
 .text._printf_i
                0x0000000008004d10      0x240 /home/gwarchol/Ac6/SystemWorkbench/plugins/fr.ac6.mcu.externaltools.arm-none.linux64_1.15.0.201708311556/tools/compiler/bin/../lib/gcc/arm-none-eabi/6.3.1/../../../../arm-none-eabi/lib/thumb/v7-m/libc_nano.a(lib_a-nano-vfprintf_i.o)
                0x0000000008004d10                _printf_i
 .text._putc_r  0x0000000008004f50       0x6c /home/gwarchol/Ac6/SystemWorkbench/plugins/fr.ac6.mcu.externaltools.arm-none.linux64_1.15.0.201708311556/tools/compiler/bin/../lib/gcc/arm-none-eabi/6.3.1/../../../../arm-none-eabi/lib/thumb/v7-m/libc_nano.a(lib_a-putc.o)
                0x0000000008004f50                _putc_r
 .text._read_r  0x0000000008004fbc       0x24 /home/gwarchol/Ac6/SystemWorkbench/plugins/fr.ac6.mcu.externaltools.arm-none.linux64_1.15.0.201708311556/tools/compiler/bin/../lib/gcc/arm-none-eabi/6.3.1/../../../../arm-none-eabi/lib/thumb/v7-m/libc_nano.a(lib_a-readr.o)
                0x0000000008004fbc                _read_r
 .text._fstat_r
                0x0000000008004fe0       0x24 /home/gwarchol/Ac6/SystemWorkbench/plugins/fr.ac6.mcu.externaltools.arm-none.linux64_1.15.0.201708311556/tools/compiler/bin/../lib/gcc/arm-none-eabi/6.3.1/../../../../arm-none-eabi/lib/thumb/v7-m/libc_nano.a(lib_a-fstatr.o)
                0x0000000008004fe0                _fstat_r
 .text._isatty_r
                0x0000000008005004       0x20 /home/gwarchol/Ac6/SystemWorkbench/plugins/fr.ac6.mcu.externaltools.arm-none.linux64_1.15.0.201708311556/tools/compiler/bin/../lib/gcc/arm-none-eabi/6.3.1/../../../../arm-none-eabi/lib/thumb/v7-m/libc_nano.a(lib_a-isattyr.o)
                0x0000000008005004                _isatty_r
 .text.memchr   0x0000000008005024       0x1c /home/gwarchol/Ac6/SystemWorkbench/plugins/fr.ac6.mcu.externaltools.arm-none.linux64_1.15.0.201708311556/tools/compiler/bin/../lib/gcc/arm-none-eabi/6.3.1/../../../../arm-none-eabi/lib/thumb/v7-m/libc_nano.a(lib_a-memchr-stub.o)
                0x0000000008005024                memchr
 .text.memcpy   0x0000000008005040       0x16 /home/gwarchol/Ac6/SystemWorkbench/plugins/fr.ac6.mcu.externaltools.arm-none.linux64_1.15.0.201708311556/tools/compiler/bin/../lib/gcc/arm-none-eabi/6.3.1/../../../../arm-none-eabi/lib/thumb/v7-m/libc_nano.a(lib_a-memcpy-stub.o)
                0x0000000008005040                memcpy
 .text.memmove  0x0000000008005056       0x34 /home/gwarchol/Ac6/SystemWorkbench/plugins/fr.ac6.mcu.externaltools.arm-none.linux64_1.15.0.201708311556/tools/compiler/bin/../lib/gcc/arm-none-eabi/6.3.1/../../../../arm-none-eabi/lib/thumb/v7-m/libc_nano.a(lib_a-memmove.o)
                0x0000000008005056                memmove
 .text._realloc_r
                0x000000000800508a       0x4c /home/gwarchol/Ac6/SystemWorkbench/plugins/fr.ac6.mcu.externaltools.arm-none.linux64_1.15.0.201708311556/tools/compiler/bin/../lib/gcc/arm-none-eabi/6.3.1/../../../../arm-none-eabi/lib/thumb/v7-m/libc_nano.a(lib_a-nano-reallocr.o)
                0x000000000800508a                _realloc_r
 .text._malloc_usable_size_r
                0x00000000080050d6       0x12 /home/gwarchol/Ac6/SystemWorkbench/plugins/fr.ac6.mcu.externaltools.arm-none.linux64_1.15.0.201708311556/tools/compiler/bin/../lib/gcc/arm-none-eabi/6.3.1/../../../../arm-none-eabi/lib/thumb/v7-m/libc_nano.a(lib_a-nano-msizer.o)
                0x00000000080050d6                _malloc_usable_size_r
 *(.glue_7)
 .glue_7        0x00000000080050e8        0x0 linker stubs
 *(.glue_7t)
 .glue_7t       0x00000000080050e8        0x0 linker stubs
 *(.eh_frame)
 .eh_frame      0x00000000080050e8        0x0 /home/gwarchol/Ac6/SystemWorkbench/plugins/fr.ac6.mcu.externaltools.arm-none.linux64_1.15.0.201708311556/tools/compiler/bin/../lib/gcc/arm-none-eabi/6.3.1/thumb/v7-m/crtbegin.o
 *(.init)
 .init          0x00000000080050e8        0x4 /home/gwarchol/Ac6/SystemWorkbench/plugins/fr.ac6.mcu.externaltools.arm-none.linux64_1.15.0.201708311556/tools/compiler/bin/../lib/gcc/arm-none-eabi/6.3.1/thumb/v7-m/crti.o
                0x00000000080050e8                _init
 .init          0x00000000080050ec        0x8 /home/gwarchol/Ac6/SystemWorkbench/plugins/fr.ac6.mcu.externaltools.arm-none.linux64_1.15.0.201708311556/tools/compiler/bin/../lib/gcc/arm-none-eabi/6.3.1/thumb/v7-m/crtn.o
 *(.fini)
 .fini          0x00000000080050f4        0x4 /home/gwarchol/Ac6/SystemWorkbench/plugins/fr.ac6.mcu.externaltools.arm-none.linux64_1.15.0.201708311556/tools/compiler/bin/../lib/gcc/arm-none-eabi/6.3.1/thumb/v7-m/crti.o
                0x00000000080050f4                _fini
 .fini          0x00000000080050f8        0x8 /home/gwarchol/Ac6/SystemWorkbench/plugins/fr.ac6.mcu.externaltools.arm-none.linux64_1.15.0.201708311556/tools/compiler/bin/../lib/gcc/arm-none-eabi/6.3.1/thumb/v7-m/crtn.o
                0x0000000008005100                . = ALIGN (0x4)
                0x0000000008005100                _etext = .

.vfp11_veneer   0x0000000008005100        0x0
 .vfp11_veneer  0x0000000008005100        0x0 linker stubs

.v4_bx          0x0000000008005100        0x0
 .v4_bx         0x0000000008005100        0x0 linker stubs

.iplt           0x0000000008005100        0x0
 .iplt          0x0000000008005100        0x0 /home/gwarchol/Ac6/SystemWorkbench/plugins/fr.ac6.mcu.externaltools.arm-none.linux64_1.15.0.201708311556/tools/compiler/bin/../lib/gcc/arm-none-eabi/6.3.1/thumb/v7-m/crtbegin.o

.rodata         0x0000000008005100      0x708
                0x0000000008005100                . = ALIGN (0x4)
 *(.rodata)
 .rodata        0x0000000008005100       0x63 lib/ILI9341/core.o
 *fill*         0x0000000008005163        0x1 
 .rodata        0x0000000008005164      0x500 lib/ILI9341/text.o
 *(.rodata*)
 .rodata._global_impure_ptr
                0x0000000008005664        0x4 /home/gwarchol/Ac6/SystemWorkbench/plugins/fr.ac6.mcu.externaltools.arm-none.linux64_1.15.0.201708311556/tools/compiler/bin/../lib/gcc/arm-none-eabi/6.3.1/../../../../arm-none-eabi/lib/thumb/v7-m/libc_nano.a(lib_a-impure.o)
                0x0000000008005664                _global_impure_ptr
 .rodata.initialise_monitor_handles.str1.1
                0x0000000008005668        0x4 /home/gwarchol/Ac6/SystemWorkbench/plugins/fr.ac6.mcu.externaltools.arm-none.linux64_1.15.0.201708311556/tools/compiler/bin/../lib/gcc/arm-none-eabi/6.3.1/../../../../arm-none-eabi/lib/thumb/v7-m/librdimon_nano.a(rdimon-syscalls.o)
 .rodata.str1.4
                0x000000000800566c       0x14 src/bmp180.o
 .rodata.str1.4
                0x0000000008005680        0x7 src/device_config.o
 *fill*         0x0000000008005687        0x1 
 .rodata.str1.4
                0x0000000008005688        0x6 src/main.o
 *fill*         0x000000000800568e        0x2 
 .rodata.str1.4
                0x0000000008005690       0x56 src/menu.o
 *fill*         0x00000000080056e6        0x2 
 .rodata.str1.4
                0x00000000080056e8       0x8c src/rtc.o
                                         0x90 (size before relaxing)
 .rodata.__sf_fake_stderr
                0x0000000008005774       0x20 /home/gwarchol/Ac6/SystemWorkbench/plugins/fr.ac6.mcu.externaltools.arm-none.linux64_1.15.0.201708311556/tools/compiler/bin/../lib/gcc/arm-none-eabi/6.3.1/../../../../arm-none-eabi/lib/thumb/v7-m/libc_nano.a(lib_a-findfp.o)
                0x0000000008005774                __sf_fake_stderr
 .rodata.__sf_fake_stdin
                0x0000000008005794       0x20 /home/gwarchol/Ac6/SystemWorkbench/plugins/fr.ac6.mcu.externaltools.arm-none.linux64_1.15.0.201708311556/tools/compiler/bin/../lib/gcc/arm-none-eabi/6.3.1/../../../../arm-none-eabi/lib/thumb/v7-m/libc_nano.a(lib_a-findfp.o)
                0x0000000008005794                __sf_fake_stdin
 .rodata.__sf_fake_stdout
                0x00000000080057b4       0x20 /home/gwarchol/Ac6/SystemWorkbench/plugins/fr.ac6.mcu.externaltools.arm-none.linux64_1.15.0.201708311556/tools/compiler/bin/../lib/gcc/arm-none-eabi/6.3.1/../../../../arm-none-eabi/lib/thumb/v7-m/libc_nano.a(lib_a-findfp.o)
                0x00000000080057b4                __sf_fake_stdout
 .rodata._svfprintf_r.str1.1
                0x00000000080057d4       0x11 /home/gwarchol/Ac6/SystemWorkbench/plugins/fr.ac6.mcu.externaltools.arm-none.linux64_1.15.0.201708311556/tools/compiler/bin/../lib/gcc/arm-none-eabi/6.3.1/../../../../arm-none-eabi/lib/thumb/v7-m/libc_nano.a(lib_a-nano-svfprintf.o)
 .rodata._vfprintf_r.str1.1
                0x00000000080057e5       0x11 /home/gwarchol/Ac6/SystemWorkbench/plugins/fr.ac6.mcu.externaltools.arm-none.linux64_1.15.0.201708311556/tools/compiler/bin/../lib/gcc/arm-none-eabi/6.3.1/../../../../arm-none-eabi/lib/thumb/v7-m/libc_nano.a(lib_a-nano-vfprintf.o)
 .rodata._printf_i.str1.1
                0x00000000080057e5       0x22 /home/gwarchol/Ac6/SystemWorkbench/plugins/fr.ac6.mcu.externaltools.arm-none.linux64_1.15.0.201708311556/tools/compiler/bin/../lib/gcc/arm-none-eabi/6.3.1/../../../../arm-none-eabi/lib/thumb/v7-m/libc_nano.a(lib_a-nano-vfprintf_i.o)
                0x0000000008005808                . = ALIGN (0x4)
 *fill*         0x0000000008005807        0x1 

.rel.dyn        0x0000000008005808        0x0
 .rel.iplt      0x0000000008005808        0x0 /home/gwarchol/Ac6/SystemWorkbench/plugins/fr.ac6.mcu.externaltools.arm-none.linux64_1.15.0.201708311556/tools/compiler/bin/../lib/gcc/arm-none-eabi/6.3.1/thumb/v7-m/crtbegin.o

.ARM.extab      0x0000000008005808        0x0
                0x0000000008005808                . = ALIGN (0x4)
 *(.ARM.extab* .gnu.linkonce.armextab.*)
                0x0000000008005808                . = ALIGN (0x4)

.ARM            0x0000000008005808        0x0
                0x0000000008005808                . = ALIGN (0x4)
                0x0000000008005808                __exidx_start = .
 *(.ARM.exidx*)
                0x0000000008005808                __exidx_end = .
                0x0000000008005808                . = ALIGN (0x4)

.preinit_array  0x0000000008005808        0x0
                0x0000000008005808                . = ALIGN (0x4)
                0x0000000008005808                PROVIDE (__preinit_array_start, .)
 *(.preinit_array*)
                0x0000000008005808                PROVIDE (__preinit_array_end, .)
                0x0000000008005808                . = ALIGN (0x4)

.init_array     0x0000000008005808        0x4
                0x0000000008005808                . = ALIGN (0x4)
                0x0000000008005808                PROVIDE (__init_array_start, .)
 *(SORT(.init_array.*))
 *(.init_array*)
 .init_array    0x0000000008005808        0x4 /home/gwarchol/Ac6/SystemWorkbench/plugins/fr.ac6.mcu.externaltools.arm-none.linux64_1.15.0.201708311556/tools/compiler/bin/../lib/gcc/arm-none-eabi/6.3.1/thumb/v7-m/crtbegin.o
                0x000000000800580c                PROVIDE (__init_array_end, .)
                0x000000000800580c                . = ALIGN (0x4)

.fini_array     0x000000000800580c        0x4
                0x000000000800580c                . = ALIGN (0x4)
                [!provide]                        PROVIDE (__fini_array_start, .)
 *(SORT(.fini_array.*))
 *(.fini_array*)
 .fini_array    0x000000000800580c        0x4 /home/gwarchol/Ac6/SystemWorkbench/plugins/fr.ac6.mcu.externaltools.arm-none.linux64_1.15.0.201708311556/tools/compiler/bin/../lib/gcc/arm-none-eabi/6.3.1/thumb/v7-m/crtbegin.o
                [!provide]                        PROVIDE (__fini_array_end, .)
                0x0000000008005810                . = ALIGN (0x4)
                0x0000000008005810                _sidata = LOADADDR (.data)

.data           0x0000000020000000       0xb0 load address 0x0000000008005810
                0x0000000020000000                . = ALIGN (0x4)
                0x0000000020000000                _sdata = .
 *(.data)
 .data          0x0000000020000000       0x14 StdPeriph_Driver/src/stm32f10x_rcc.o
 .data          0x0000000020000014        0x4 lib/ILI9341/core.o
 .data          0x0000000020000018        0x6 lib/ILI9341/text.o
                0x0000000020000018                textSize
                0x0000000020000019                wrap
                0x000000002000001a                textColor
                0x000000002000001c                textBgColor
 .data          0x000000002000001e        0x2 src/menu.o
 .data          0x0000000020000020        0x8 src/scan_timer.o
                0x0000000020000020                CC1
                0x0000000020000022                CC2
                0x0000000020000024                CC3
                0x0000000020000026                CC4
 .data          0x0000000020000028       0x14 src/system_stm32f10x.o
                0x0000000020000028                SystemCoreClock
                0x000000002000002c                AHBPrescTable
 .data          0x000000002000003c        0xa src/touch_screen.o
                0x000000002000003c                touch_screen_state
                0x0000000020000040                touch_screeen_data_out
 *(.data*)
 *fill*         0x0000000020000046        0x2 
 .data._impure_ptr
                0x0000000020000048        0x4 /home/gwarchol/Ac6/SystemWorkbench/plugins/fr.ac6.mcu.externaltools.arm-none.linux64_1.15.0.201708311556/tools/compiler/bin/../lib/gcc/arm-none-eabi/6.3.1/../../../../arm-none-eabi/lib/thumb/v7-m/libc_nano.a(lib_a-impure.o)
                0x0000000020000048                _impure_ptr
 .data.impure_data
                0x000000002000004c       0x60 /home/gwarchol/Ac6/SystemWorkbench/plugins/fr.ac6.mcu.externaltools.arm-none.linux64_1.15.0.201708311556/tools/compiler/bin/../lib/gcc/arm-none-eabi/6.3.1/../../../../arm-none-eabi/lib/thumb/v7-m/libc_nano.a(lib_a-impure.o)
 .data.__heap_limit
                0x00000000200000ac        0x4 /home/gwarchol/Ac6/SystemWorkbench/plugins/fr.ac6.mcu.externaltools.arm-none.linux64_1.15.0.201708311556/tools/compiler/bin/../lib/gcc/arm-none-eabi/6.3.1/../../../../arm-none-eabi/lib/thumb/v7-m/librdimon_nano.a(rdimon-syscalls.o)
                0x00000000200000ac                __heap_limit
                0x00000000200000b0                . = ALIGN (0x4)
                0x00000000200000b0                _edata = .

.jcr            0x00000000200000b0        0x0 load address 0x00000000080058c0
 .jcr           0x00000000200000b0        0x0 /home/gwarchol/Ac6/SystemWorkbench/plugins/fr.ac6.mcu.externaltools.arm-none.linux64_1.15.0.201708311556/tools/compiler/bin/../lib/gcc/arm-none-eabi/6.3.1/thumb/v7-m/crtbegin.o

.igot.plt       0x00000000200000b0        0x0 load address 0x00000000080058c0
 .igot.plt      0x00000000200000b0        0x0 /home/gwarchol/Ac6/SystemWorkbench/plugins/fr.ac6.mcu.externaltools.arm-none.linux64_1.15.0.201708311556/tools/compiler/bin/../lib/gcc/arm-none-eabi/6.3.1/thumb/v7-m/crtbegin.o
                0x00000000200000b0                . = ALIGN (0x4)

.bss            0x00000000200000b0     0x1354 load address 0x00000000080058c0
                0x00000000200000b0                _sbss = .
                0x00000000200000b0                __bss_start__ = _sbss
 *(.bss)
 .bss           0x00000000200000b0       0x1c /home/gwarchol/Ac6/SystemWorkbench/plugins/fr.ac6.mcu.externaltools.arm-none.linux64_1.15.0.201708311556/tools/compiler/bin/../lib/gcc/arm-none-eabi/6.3.1/thumb/v7-m/crtbegin.o
 .bss           0x00000000200000cc        0x4 lib/ILI9341/delay.o
                0x00000000200000cc                tick
 .bss           0x00000000200000d0        0x5 lib/ILI9341/text.o
                0x00000000200000d0                cursorY
                0x00000000200000d2                cursorX
                0x00000000200000d4                _cp437
 .bss           0x00000000200000d5        0x2 src/menu.o
 *fill*         0x00000000200000d7        0x1 
 .bss           0x00000000200000d8        0xa src/rtc.o
                0x00000000200000dc                total_rtc_ticks
                0x00000000200000e1                x
 .bss           0x00000000200000e2        0x5 src/scan_timer.o
                0x00000000200000e2                _1_ms_flag
                0x00000000200000e3                _10_ms_flag
                0x00000000200000e4                _100_ms_flag
                0x00000000200000e5                _1_s_flag
 *fill*         0x00000000200000e7        0x1 
 .bss           0x00000000200000e8        0x8 src/touch_screen.o
                0x00000000200000e8                counting_period_filter_index
                0x00000000200000ec                save_index
 *(.bss*)
 .bss.heap_end.6161
                0x00000000200000f0        0x4 /home/gwarchol/Ac6/SystemWorkbench/plugins/fr.ac6.mcu.externaltools.arm-none.linux64_1.15.0.201708311556/tools/compiler/bin/../lib/gcc/arm-none-eabi/6.3.1/../../../../arm-none-eabi/lib/thumb/v7-m/librdimon_nano.a(rdimon-syscalls.o)
 .bss.monitor_stderr
                0x00000000200000f4        0x4 /home/gwarchol/Ac6/SystemWorkbench/plugins/fr.ac6.mcu.externaltools.arm-none.linux64_1.15.0.201708311556/tools/compiler/bin/../lib/gcc/arm-none-eabi/6.3.1/../../../../arm-none-eabi/lib/thumb/v7-m/librdimon_nano.a(rdimon-syscalls.o)
 .bss.monitor_stdin
                0x00000000200000f8        0x4 /home/gwarchol/Ac6/SystemWorkbench/plugins/fr.ac6.mcu.externaltools.arm-none.linux64_1.15.0.201708311556/tools/compiler/bin/../lib/gcc/arm-none-eabi/6.3.1/../../../../arm-none-eabi/lib/thumb/v7-m/librdimon_nano.a(rdimon-syscalls.o)
 .bss.monitor_stdout
                0x00000000200000fc        0x4 /home/gwarchol/Ac6/SystemWorkbench/plugins/fr.ac6.mcu.externaltools.arm-none.linux64_1.15.0.201708311556/tools/compiler/bin/../lib/gcc/arm-none-eabi/6.3.1/../../../../arm-none-eabi/lib/thumb/v7-m/librdimon_nano.a(rdimon-syscalls.o)
 .bss.openfiles
                0x0000000020000100       0xa0 /home/gwarchol/Ac6/SystemWorkbench/plugins/fr.ac6.mcu.externaltools.arm-none.linux64_1.15.0.201708311556/tools/compiler/bin/../lib/gcc/arm-none-eabi/6.3.1/../../../../arm-none-eabi/lib/thumb/v7-m/librdimon_nano.a(rdimon-syscalls.o)
 .bss.__malloc_free_list
                0x00000000200001a0        0x4 /home/gwarchol/Ac6/SystemWorkbench/plugins/fr.ac6.mcu.externaltools.arm-none.linux64_1.15.0.201708311556/tools/compiler/bin/../lib/gcc/arm-none-eabi/6.3.1/../../../../arm-none-eabi/lib/thumb/v7-m/libc_nano.a(lib_a-nano-mallocr.o)
                0x00000000200001a0                __malloc_free_list
 .bss.__malloc_sbrk_start
                0x00000000200001a4        0x4 /home/gwarchol/Ac6/SystemWorkbench/plugins/fr.ac6.mcu.externaltools.arm-none.linux64_1.15.0.201708311556/tools/compiler/bin/../lib/gcc/arm-none-eabi/6.3.1/../../../../arm-none-eabi/lib/thumb/v7-m/libc_nano.a(lib_a-nano-mallocr.o)
                0x00000000200001a4                __malloc_sbrk_start
 *(COMMON)
 COMMON         0x00000000200001a8     0x102c lib/ILI9341/dma.o
                0x00000000200001a8                dmaStructure
                0x00000000200001d4                dmaBuffer
 COMMON         0x00000000200011d4       0x2c src/bmp180.o
                0x00000000200011d4                u_temp
                0x00000000200011d8                u_pres
                0x00000000200011dc                rt
                0x00000000200011e0                rp
                0x00000000200011e4                BMP180_Calibration
 COMMON         0x0000000020001200        0x8 src/device_config.o
                0x0000000020001200                GPIO_InitStruct
                0x0000000020001204                nvic
 COMMON         0x0000000020001208       0x1b src/menu.o
                0x0000000020001208                temp_str
                0x0000000020001214                preassure_str
 *fill*         0x0000000020001223        0x1 
 COMMON         0x0000000020001224       0x16 src/rtc.o
                0x0000000020001224                s_DateStructVar
                0x0000000020001228                s_TimeStructVar
                0x0000000020001230                s_AlarmDateStructVar
                0x0000000020001234                s_AlarmStructVar
 *fill*         0x000000002000123a        0x2 
 COMMON         0x000000002000123c       0x58 src/touch_screen.o
                0x000000002000123c                touch_screeen_data_in
                0x0000000020001244                GPIO_InitStructure
                0x0000000020001248                SPI_InitStructure
                0x000000002000125c                touch_data
                0x0000000020001260                touch_screeen_data
                0x0000000020001268                DMA_InitStructure
 COMMON         0x0000000020001294      0x16b src/uart_interrupt.o
                0x0000000020001294                temp_buff
                0x00000000200012f8                _RX_USART_BUFFOR
                0x000000002000137c                _TX_USART_BUFFOR
 *fill*         0x00000000200013ff        0x1 
 COMMON         0x0000000020001400        0x4 /home/gwarchol/Ac6/SystemWorkbench/plugins/fr.ac6.mcu.externaltools.arm-none.linux64_1.15.0.201708311556/tools/compiler/bin/../lib/gcc/arm-none-eabi/6.3.1/../../../../arm-none-eabi/lib/thumb/v7-m/libc_nano.a(lib_a-reent.o)
                0x0000000020001400                errno
                0x0000000020001404                . = ALIGN (0x4)
                0x0000000020001404                _ebss = .
                0x0000000020001404                __bss_end__ = _ebss

._user_heap_stack
                0x0000000020001404      0x404 load address 0x00000000080058c0
                0x0000000020001408                . = ALIGN (0x8)
 *fill*         0x0000000020001404        0x4 
                0x0000000020001408                PROVIDE (end, .)
                [!provide]                        PROVIDE (_end, .)
                0x0000000020001408                . = (. + _Min_Heap_Size)
                0x0000000020001808                . = (. + _Min_Stack_Size)
 *fill*         0x0000000020001408      0x400 
                0x0000000020001808                . = ALIGN (0x8)

/DISCARD/
 libc.a(*)
 libm.a(*)
 libgcc.a(*)

.ARM.attributes
                0x0000000000000000       0x29
 *(.ARM.attributes)
 .ARM.attributes
                0x0000000000000000       0x1d /home/gwarchol/Ac6/SystemWorkbench/plugins/fr.ac6.mcu.externaltools.arm-none.linux64_1.15.0.201708311556/tools/compiler/bin/../lib/gcc/arm-none-eabi/6.3.1/thumb/v7-m/crti.o
 .ARM.attributes
                0x000000000000001d       0x2d /home/gwarchol/Ac6/SystemWorkbench/plugins/fr.ac6.mcu.externaltools.arm-none.linux64_1.15.0.201708311556/tools/compiler/bin/../lib/gcc/arm-none-eabi/6.3.1/thumb/v7-m/crtbegin.o
 .ARM.attributes
                0x000000000000004a       0x2d /home/gwarchol/Ac6/SystemWorkbench/plugins/fr.ac6.mcu.externaltools.arm-none.linux64_1.15.0.201708311556/tools/compiler/bin/../lib/gcc/arm-none-eabi/6.3.1/../../../../arm-none-eabi/lib/thumb/v7-m/libc_nano.a(lib_a-impure.o)
 .ARM.attributes
                0x0000000000000077       0x2d /home/gwarchol/Ac6/SystemWorkbench/plugins/fr.ac6.mcu.externaltools.arm-none.linux64_1.15.0.201708311556/tools/compiler/bin/../lib/gcc/arm-none-eabi/6.3.1/../../../../arm-none-eabi/lib/thumb/v7-m/libc_nano.a(lib_a-init.o)
 .ARM.attributes
                0x00000000000000a4       0x2d /home/gwarchol/Ac6/SystemWorkbench/plugins/fr.ac6.mcu.externaltools.arm-none.linux64_1.15.0.201708311556/tools/compiler/bin/../lib/gcc/arm-none-eabi/6.3.1/../../../../arm-none-eabi/lib/thumb/v7-m/libc_nano.a(lib_a-memset.o)
 .ARM.attributes
                0x00000000000000d1       0x2d /home/gwarchol/Ac6/SystemWorkbench/plugins/fr.ac6.mcu.externaltools.arm-none.linux64_1.15.0.201708311556/tools/compiler/bin/../lib/gcc/arm-none-eabi/6.3.1/../../../../arm-none-eabi/lib/thumb/v7-m/librdimon_nano.a(rdimon-syscalls.o)
 .ARM.attributes
                0x00000000000000fe       0x33 StdPeriph_Driver/src/misc.o
 .ARM.attributes
                0x0000000000000131       0x33 StdPeriph_Driver/src/stm32f10x_bkp.o
 .ARM.attributes
                0x0000000000000164       0x33 StdPeriph_Driver/src/stm32f10x_dbgmcu.o
 .ARM.attributes
                0x0000000000000197       0x33 StdPeriph_Driver/src/stm32f10x_dma.o
 .ARM.attributes
                0x00000000000001ca       0x33 StdPeriph_Driver/src/stm32f10x_exti.o
 .ARM.attributes
                0x00000000000001fd       0x33 StdPeriph_Driver/src/stm32f10x_flash.o
 .ARM.attributes
                0x0000000000000230       0x33 StdPeriph_Driver/src/stm32f10x_gpio.o
 .ARM.attributes
                0x0000000000000263       0x33 StdPeriph_Driver/src/stm32f10x_i2c.o
 .ARM.attributes
                0x0000000000000296       0x33 StdPeriph_Driver/src/stm32f10x_pwr.o
 .ARM.attributes
                0x00000000000002c9       0x33 StdPeriph_Driver/src/stm32f10x_rcc.o
 .ARM.attributes
                0x00000000000002fc       0x33 StdPeriph_Driver/src/stm32f10x_rtc.o
 .ARM.attributes
                0x000000000000032f       0x33 StdPeriph_Driver/src/stm32f10x_spi.o
 .ARM.attributes
                0x0000000000000362       0x33 StdPeriph_Driver/src/stm32f10x_tim.o
 .ARM.attributes
                0x0000000000000395       0x33 StdPeriph_Driver/src/stm32f10x_usart.o
 .ARM.attributes
                0x00000000000003c8       0x33 lib/ILI9341/core.o
 .ARM.attributes
                0x00000000000003fb       0x33 lib/ILI9341/delay.o
 .ARM.attributes
                0x000000000000042e       0x33 lib/ILI9341/dma.o
 .ARM.attributes
                0x0000000000000461       0x33 lib/ILI9341/graph.o
 .ARM.attributes
                0x0000000000000494       0x33 lib/ILI9341/text.o
 .ARM.attributes
                0x00000000000004c7       0x33 src/bmp180.o
 .ARM.attributes
                0x00000000000004fa       0x33 src/buffors.o
 .ARM.attributes
                0x000000000000052d       0x33 src/device_config.o
 .ARM.attributes
                0x0000000000000560       0x33 src/main.o
 .ARM.attributes
                0x0000000000000593       0x33 src/menu.o
 .ARM.attributes
                0x00000000000005c6       0x33 src/rtc.o
 .ARM.attributes
                0x00000000000005f9       0x33 src/scan_timer.o
 .ARM.attributes
                0x000000000000062c       0x33 src/system_stm32f10x.o
 .ARM.attributes
                0x000000000000065f       0x33 src/touch_screen.o
 .ARM.attributes
                0x0000000000000692       0x33 src/uart_interrupt.o
 .ARM.attributes
                0x00000000000006c5       0x21 startup/startup_stm32.o
 .ARM.attributes
                0x00000000000006e6       0x2d /home/gwarchol/Ac6/SystemWorkbench/plugins/fr.ac6.mcu.externaltools.arm-none.linux64_1.15.0.201708311556/tools/compiler/bin/../lib/gcc/arm-none-eabi/6.3.1/../../../../arm-none-eabi/lib/thumb/v7-m/libc_nano.a(lib_a-errno.o)
 .ARM.attributes
                0x0000000000000713       0x2d /home/gwarchol/Ac6/SystemWorkbench/plugins/fr.ac6.mcu.externaltools.arm-none.linux64_1.15.0.201708311556/tools/compiler/bin/../lib/gcc/arm-none-eabi/6.3.1/../../../../arm-none-eabi/lib/thumb/v7-m/libc_nano.a(lib_a-findfp.o)
 .ARM.attributes
                0x0000000000000740       0x2d /home/gwarchol/Ac6/SystemWorkbench/plugins/fr.ac6.mcu.externaltools.arm-none.linux64_1.15.0.201708311556/tools/compiler/bin/../lib/gcc/arm-none-eabi/6.3.1/../../../../arm-none-eabi/lib/thumb/v7-m/libc_nano.a(lib_a-fwalk.o)
 .ARM.attributes
                0x000000000000076d       0x2d /home/gwarchol/Ac6/SystemWorkbench/plugins/fr.ac6.mcu.externaltools.arm-none.linux64_1.15.0.201708311556/tools/compiler/bin/../lib/gcc/arm-none-eabi/6.3.1/../../../../arm-none-eabi/lib/thumb/v7-m/libc_nano.a(lib_a-nano-mallocr.o)
 .ARM.attributes
                0x000000000000079a       0x2d /home/gwarchol/Ac6/SystemWorkbench/plugins/fr.ac6.mcu.externaltools.arm-none.linux64_1.15.0.201708311556/tools/compiler/bin/../lib/gcc/arm-none-eabi/6.3.1/../../../../arm-none-eabi/lib/thumb/v7-m/libc_nano.a(lib_a-printf.o)
 .ARM.attributes
                0x00000000000007c7       0x2d /home/gwarchol/Ac6/SystemWorkbench/plugins/fr.ac6.mcu.externaltools.arm-none.linux64_1.15.0.201708311556/tools/compiler/bin/../lib/gcc/arm-none-eabi/6.3.1/../../../../arm-none-eabi/lib/thumb/v7-m/libc_nano.a(lib_a-putchar.o)
 .ARM.attributes
                0x00000000000007f4       0x2d /home/gwarchol/Ac6/SystemWorkbench/plugins/fr.ac6.mcu.externaltools.arm-none.linux64_1.15.0.201708311556/tools/compiler/bin/../lib/gcc/arm-none-eabi/6.3.1/../../../../arm-none-eabi/lib/thumb/v7-m/libc_nano.a(lib_a-puts.o)
 .ARM.attributes
                0x0000000000000821       0x2d /home/gwarchol/Ac6/SystemWorkbench/plugins/fr.ac6.mcu.externaltools.arm-none.linux64_1.15.0.201708311556/tools/compiler/bin/../lib/gcc/arm-none-eabi/6.3.1/../../../../arm-none-eabi/lib/thumb/v7-m/libc_nano.a(lib_a-sbrkr.o)
 .ARM.attributes
                0x000000000000084e       0x2d /home/gwarchol/Ac6/SystemWorkbench/plugins/fr.ac6.mcu.externaltools.arm-none.linux64_1.15.0.201708311556/tools/compiler/bin/../lib/gcc/arm-none-eabi/6.3.1/../../../../arm-none-eabi/lib/thumb/v7-m/libc_nano.a(lib_a-sprintf.o)
 .ARM.attributes
                0x000000000000087b       0x2d /home/gwarchol/Ac6/SystemWorkbench/plugins/fr.ac6.mcu.externaltools.arm-none.linux64_1.15.0.201708311556/tools/compiler/bin/../lib/gcc/arm-none-eabi/6.3.1/../../../../arm-none-eabi/lib/thumb/v7-m/libc_nano.a(lib_a-stdio.o)
 .ARM.attributes
                0x00000000000008a8       0x2d /home/gwarchol/Ac6/SystemWorkbench/plugins/fr.ac6.mcu.externaltools.arm-none.linux64_1.15.0.201708311556/tools/compiler/bin/../lib/gcc/arm-none-eabi/6.3.1/../../../../arm-none-eabi/lib/thumb/v7-m/libc_nano.a(lib_a-wbuf.o)
 .ARM.attributes
                0x00000000000008d5       0x2d /home/gwarchol/Ac6/SystemWorkbench/plugins/fr.ac6.mcu.externaltools.arm-none.linux64_1.15.0.201708311556/tools/compiler/bin/../lib/gcc/arm-none-eabi/6.3.1/../../../../arm-none-eabi/lib/thumb/v7-m/libc_nano.a(lib_a-writer.o)
 .ARM.attributes
                0x0000000000000902       0x2d /home/gwarchol/Ac6/SystemWorkbench/plugins/fr.ac6.mcu.externaltools.arm-none.linux64_1.15.0.201708311556/tools/compiler/bin/../lib/gcc/arm-none-eabi/6.3.1/../../../../arm-none-eabi/lib/thumb/v7-m/libc_nano.a(lib_a-wsetup.o)
 .ARM.attributes
                0x000000000000092f       0x2d /home/gwarchol/Ac6/SystemWorkbench/plugins/fr.ac6.mcu.externaltools.arm-none.linux64_1.15.0.201708311556/tools/compiler/bin/../lib/gcc/arm-none-eabi/6.3.1/../../../../arm-none-eabi/lib/thumb/v7-m/libc_nano.a(lib_a-closer.o)
 .ARM.attributes
                0x000000000000095c       0x2d /home/gwarchol/Ac6/SystemWorkbench/plugins/fr.ac6.mcu.externaltools.arm-none.linux64_1.15.0.201708311556/tools/compiler/bin/../lib/gcc/arm-none-eabi/6.3.1/../../../../arm-none-eabi/lib/thumb/v7-m/libc_nano.a(lib_a-fflush.o)
 .ARM.attributes
                0x0000000000000989       0x2d /home/gwarchol/Ac6/SystemWorkbench/plugins/fr.ac6.mcu.externaltools.arm-none.linux64_1.15.0.201708311556/tools/compiler/bin/../lib/gcc/arm-none-eabi/6.3.1/../../../../arm-none-eabi/lib/thumb/v7-m/libc_nano.a(lib_a-lseekr.o)
 .ARM.attributes
                0x00000000000009b6       0x2d /home/gwarchol/Ac6/SystemWorkbench/plugins/fr.ac6.mcu.externaltools.arm-none.linux64_1.15.0.201708311556/tools/compiler/bin/../lib/gcc/arm-none-eabi/6.3.1/../../../../arm-none-eabi/lib/thumb/v7-m/libc_nano.a(lib_a-makebuf.o)
 .ARM.attributes