Archive member included to satisfy reference by file (symbol)

/home/gwarchol/Ac6/SystemWorkbench/plugins/fr.ac6.mcu.externaltools.arm-none.linux64_1.15.0.201708311556/tools/compiler/bin/../lib/gcc/arm-none-eabi/6.3.1/../../../../arm-none-eabi/lib/thumb/v7-m/libc_nano.a(lib_a-exit.o)
                              /home/gwarchol/Ac6/SystemWorkbench/plugins/fr.ac6.mcu.externaltools.arm-none.linux64_1.15.0.201708311556/tools/compiler/bin/../lib/gcc/arm-none-eabi/6.3.1/../../../../arm-none-eabi/lib/thumb/v7-m/rdimon-crt0.o (exit)
/home/gwarchol/Ac6/SystemWorkbench/plugins/fr.ac6.mcu.externaltools.arm-none.linux64_1.15.0.201708311556/tools/compiler/bin/../lib/gcc/arm-none-eabi/6.3.1/../../../../arm-none-eabi/lib/thumb/v7-m/libc_nano.a(lib_a-impure.o)
                              /home/gwarchol/Ac6/SystemWorkbench/plugins/fr.ac6.mcu.externaltools.arm-none.linux64_1.15.0.201708311556/tools/compiler/bin/../lib/gcc/arm-none-eabi/6.3.1/../../../../arm-none-eabi/lib/thumb/v7-m/libc_nano.a(lib_a-exit.o) (_global_impure_ptr)
/home/gwarchol/Ac6/SystemWorkbench/plugins/fr.ac6.mcu.externaltools.arm-none.linux64_1.15.0.201708311556/tools/compiler/bin/../lib/gcc/arm-none-eabi/6.3.1/../../../../arm-none-eabi/lib/thumb/v7-m/libc_nano.a(lib_a-init.o)
                              /home/gwarchol/Ac6/SystemWorkbench/plugins/fr.ac6.mcu.externaltools.arm-none.linux64_1.15.0.201708311556/tools/compiler/bin/../lib/gcc/arm-none-eabi/6.3.1/../../../../arm-none-eabi/lib/thumb/v7-m/rdimon-crt0.o (__libc_init_array)
/home/gwarchol/Ac6/SystemWorkbench/plugins/fr.ac6.mcu.externaltools.arm-none.linux64_1.15.0.201708311556/tools/compiler/bin/../lib/gcc/arm-none-eabi/6.3.1/../../../../arm-none-eabi/lib/thumb/v7-m/libc_nano.a(lib_a-memset.o)
                              /home/gwarchol/Ac6/SystemWorkbench/plugins/fr.ac6.mcu.externaltools.arm-none.linux64_1.15.0.201708311556/tools/compiler/bin/../lib/gcc/arm-none-eabi/6.3.1/../../../../arm-none-eabi/lib/thumb/v7-m/rdimon-crt0.o (memset)
/home/gwarchol/Ac6/SystemWorkbench/plugins/fr.ac6.mcu.externaltools.arm-none.linux64_1.15.0.201708311556/tools/compiler/bin/../lib/gcc/arm-none-eabi/6.3.1/../../../../arm-none-eabi/lib/thumb/v7-m/librdimon_nano.a(rdimon-syscalls.o)
                              /home/gwarchol/Ac6/SystemWorkbench/plugins/fr.ac6.mcu.externaltools.arm-none.linux64_1.15.0.201708311556/tools/compiler/bin/../lib/gcc/arm-none-eabi/6.3.1/../../../../arm-none-eabi/lib/thumb/v7-m/rdimon-crt0.o (initialise_monitor_handles)
/home/gwarchol/Ac6/SystemWorkbench/plugins/fr.ac6.mcu.externaltools.arm-none.linux64_1.15.0.201708311556/tools/compiler/bin/../lib/gcc/arm-none-eabi/6.3.1/../../../../arm-none-eabi/lib/thumb/v7-m/librdimon_nano.a(rdimon-_exit.o)
                              /home/gwarchol/Ac6/SystemWorkbench/plugins/fr.ac6.mcu.externaltools.arm-none.linux64_1.15.0.201708311556/tools/compiler/bin/../lib/gcc/arm-none-eabi/6.3.1/../../../../arm-none-eabi/lib/thumb/v7-m/libc_nano.a(lib_a-exit.o) (_exit)
/home/gwarchol/Ac6/SystemWorkbench/plugins/fr.ac6.mcu.externaltools.arm-none.linux64_1.15.0.201708311556/tools/compiler/bin/../lib/gcc/arm-none-eabi/6.3.1/../../../../arm-none-eabi/lib/thumb/v7-m/librdimon_nano.a(rdimon-_kill.o)
                              /home/gwarchol/Ac6/SystemWorkbench/plugins/fr.ac6.mcu.externaltools.arm-none.linux64_1.15.0.201708311556/tools/compiler/bin/../lib/gcc/arm-none-eabi/6.3.1/../../../../arm-none-eabi/lib/thumb/v7-m/librdimon_nano.a(rdimon-_exit.o) (_kill)
/home/gwarchol/Ac6/SystemWorkbench/plugins/fr.ac6.mcu.externaltools.arm-none.linux64_1.15.0.201708311556/tools/compiler/bin/../lib/gcc/arm-none-eabi/6.3.1/../../../../arm-none-eabi/lib/thumb/v7-m/libc_nano.a(lib_a-errno.o)
                              /home/gwarchol/Ac6/SystemWorkbench/plugins/fr.ac6.mcu.externaltools.arm-none.linux64_1.15.0.201708311556/tools/compiler/bin/../lib/gcc/arm-none-eabi/6.3.1/../../../../arm-none-eabi/lib/thumb/v7-m/librdimon_nano.a(rdimon-syscalls.o) (__errno)
/home/gwarchol/Ac6/SystemWorkbench/plugins/fr.ac6.mcu.externaltools.arm-none.linux64_1.15.0.201708311556/tools/compiler/bin/../lib/gcc/arm-none-eabi/6.3.1/../../../../arm-none-eabi/lib/thumb/v7-m/libc_nano.a(lib_a-findfp.o)
                              /home/gwarchol/Ac6/SystemWorkbench/plugins/fr.ac6.mcu.externaltools.arm-none.linux64_1.15.0.201708311556/tools/compiler/bin/../lib/gcc/arm-none-eabi/6.3.1/../../../../arm-none-eabi/lib/thumb/v7-m/librdimon_nano.a(rdimon-syscalls.o) (__sinit)
/home/gwarchol/Ac6/SystemWorkbench/plugins/fr.ac6.mcu.externaltools.arm-none.linux64_1.15.0.201708311556/tools/compiler/bin/../lib/gcc/arm-none-eabi/6.3.1/../../../../arm-none-eabi/lib/thumb/v7-m/libc_nano.a(lib_a-fwalk.o)
                              /home/gwarchol/Ac6/SystemWorkbench/plugins/fr.ac6.mcu.externaltools.arm-none.linux64_1.15.0.201708311556/tools/compiler/bin/../lib/gcc/arm-none-eabi/6.3.1/../../../../arm-none-eabi/lib/thumb/v7-m/libc_nano.a(lib_a-findfp.o) (_fwalk)
[...]
Memory Configuration

Name             Origin             Length             Attributes
RAM              0x0000000020000000 0x0000000000005000 xrw
ROM              0x0000000008000000 0x0000000000020000 xr
*default*        0x0000000000000000 0xffffffffffffffff

Linker script and memory map

LOAD /home/gwarchol/Ac6/SystemWorkbench/plugins/fr.ac6.mcu.externaltools.arm-none.linux64_1.15.0.201708311556/tools/compiler/bin/../lib/gcc/arm-none-eabi/6.3.1/thumb/v7-m/crti.o
LOAD /home/gwarchol/Ac6/SystemWorkbench/plugins/fr.ac6.mcu.externaltools.arm-none.linux64_1.15.0.201708311556/tools/compiler/bin/../lib/gcc/arm-none-eabi/6.3.1/thumb/v7-m/crtbegin.o
LOAD /home/gwarchol/Ac6/SystemWorkbench/plugins/fr.ac6.mcu.externaltools.arm-none.linux64_1.15.0.201708311556/tools/compiler/bin/../lib/gcc/arm-none-eabi/6.3.1/../../../../arm-none-eabi/lib/thumb/v7-m/rdimon-crt0.o
LOAD /home/gwarchol/Ac6/SystemWorkbench/plugins/fr.ac6.mcu.externaltools.arm-none.linux64_1.15.0.201708311556/tools/compiler/bin/../lib/gcc/arm-none-eabi/6.3.1/../../../../arm-none-eabi/lib/thumb/v7-m/libc_nano.a
LOAD /home/gwarchol/Ac6/SystemWorkbench/plugins/fr.ac6.mcu.externaltools.arm-none.linux64_1.15.0.201708311556/tools/compiler/bin/../lib/gcc/arm-none-eabi/6.3.1/../../../../arm-none-eabi/lib/thumb/v7-m/librdimon_nano.a
LOAD CMSIS/core/core_cm3.o
LOAD StdPeriph_Driver/src/misc.o
LOAD StdPeriph_Driver/src/stm32f10x_adc.o
LOAD StdPeriph_Driver/src/stm32f10x_bkp.o
LOAD StdPeriph_Driver/src/stm32f10x_can.o
LOAD StdPeriph_Driver/src/stm32f10x_cec.o
LOAD StdPeriph_Driver/src/stm32f10x_crc.o
LOAD StdPeriph_Driver/src/stm32f10x_dac.o
LOAD StdPeriph_Driver/src/stm32f10x_dbgmcu.o
LOAD StdPeriph_Driver/src/stm32f10x_dma.o
LOAD StdPeriph_Driver/src/stm32f10x_exti.o
LOAD StdPeriph_Driver/src/stm32f10x_flash.o
LOAD StdPeriph_Driver/src/stm32f10x_fsmc.o
LOAD StdPeriph_Driver/src/stm32f10x_gpio.o
LOAD StdPeriph_Driver/src/stm32f10x_i2c.o
LOAD StdPeriph_Driver/src/stm32f10x_iwdg.o
LOAD StdPeriph_Driver/src/stm32f10x_pwr.o
LOAD StdPeriph_Driver/src/stm32f10x_rcc.o
LOAD StdPeriph_Driver/src/stm32f10x_rtc.o
LOAD StdPeriph_Driver/src/stm32f10x_sdio.o
LOAD StdPeriph_Driver/src/stm32f10x_spi.o
LOAD StdPeriph_Driver/src/stm32f10x_tim.o
LOAD StdPeriph_Driver/src/stm32f10x_usart.o
LOAD StdPeriph_Driver/src/stm32f10x_wwdg.o
LOAD lib/ILI9341/core.o
LOAD lib/ILI9341/delay.o
LOAD lib/ILI9341/dma.o
LOAD lib/ILI9341/graph.o
LOAD lib/ILI9341/text.o
LOAD lib/tinystd/itoa.o
LOAD src/buffors.o
LOAD src/device_config.o
LOAD src/main.o
LOAD src/menu.o
LOAD src/rtc.o
LOAD src/scan_timer.o
LOAD src/system_stm32f10x.o
LOAD src/timers.o
LOAD src/touch_screen.o
LOAD src/uart_interrupt.o
LOAD src/usart_dma.o
LOAD startup/startup_stm32.o
LOAD /home/gwarchol/Ac6/SystemWorkbench/plugins/fr.ac6.mcu.externaltools.arm-none.linux64_1.15.0.201708311556/tools/compiler/bin/../lib/gcc/arm-none-eabi/6.3.1/../../../../arm-none-eabi/lib/thumb/v7-m/libm.a
START GROUP
LOAD /home/gwarchol/Ac6/SystemWorkbench/plugins/fr.ac6.mcu.externaltools.arm-none.linux64_1.15.0.201708311556/tools/compiler/bin/../lib/gcc/arm-none-eabi/6.3.1/thumb/v7-m/libgcc.a
LOAD /home/gwarchol/Ac6/SystemWorkbench/plugins/fr.ac6.mcu.externaltools.arm-none.linux64_1.15.0.201708311556/tools/compiler/bin/../lib/gcc/arm-none-eabi/6.3.1/../../../../arm-none-eabi/lib/thumb/v7-m/libc_nano.a
END GROUP
START GROUP
LOAD /home/gwarchol/Ac6/SystemWorkbench/plugins/fr.ac6.mcu.externaltools.arm-none.linux64_1.15.0.201708311556/tools/compiler/bin/../lib/gcc/arm-none-eabi/6.3.1/thumb/v7-m/libgcc.a
LOAD /home/gwarchol/Ac6/SystemWorkbench/plugins/fr.ac6.mcu.externaltools.arm-none.linux64_1.15.0.201708311556/tools/compiler/bin/../lib/gcc/arm-none-eabi/6.3.1/../../../../arm-none-eabi/lib/thumb/v7-m/libc_nano.a
LOAD /home/gwarchol/Ac6/SystemWorkbench/plugins/fr.ac6.mcu.externaltools.arm-none.linux64_1.15.0.201708311556/tools/compiler/bin/../lib/gcc/arm-none-eabi/6.3.1/../../../../arm-none-eabi/lib/thumb/v7-m/libnosys.a
END GROUP
START GROUP
LOAD /home/gwarchol/Ac6/SystemWorkbench/plugins/fr.ac6.mcu.externaltools.arm-none.linux64_1.15.0.201708311556/tools/compiler/bin/../lib/gcc/arm-none-eabi/6.3.1/thumb/v7-m/libgcc.a
LOAD /home/gwarchol/Ac6/SystemWorkbench/plugins/fr.ac6.mcu.externaltools.arm-none.linux64_1.15.0.201708311556/tools/compiler/bin/../lib/gcc/arm-none-eabi/6.3.1/../../../../arm-none-eabi/lib/thumb/v7-m/libc_nano.a
LOAD /home/gwarchol/Ac6/SystemWorkbench/plugins/fr.ac6.mcu.externaltools.arm-none.linux64_1.15.0.201708311556/tools/compiler/bin/../lib/gcc/arm-none-eabi/6.3.1/../../../../arm-none-eabi/lib/thumb/v7-m/librdimon_nano.a
LOAD /home/gwarchol/Ac6/SystemWorkbench/plugins/fr.ac6.mcu.externaltools.arm-none.linux64_1.15.0.201708311556/tools/compiler/bin/../lib/gcc/arm-none-eabi/6.3.1/../../../../arm-none-eabi/lib/thumb/v7-m/libnosys.a
END GROUP
START GROUP
LOAD /home/gwarchol/Ac6/SystemWorkbench/plugins/fr.ac6.mcu.externaltools.arm-none.linux64_1.15.0.201708311556/tools/compiler/bin/../lib/gcc/arm-none-eabi/6.3.1/thumb/v7-m/libgcc.a
LOAD /home/gwarchol/Ac6/SystemWorkbench/plugins/fr.ac6.mcu.externaltools.arm-none.linux64_1.15.0.201708311556/tools/compiler/bin/../lib/gcc/arm-none-eabi/6.3.1/../../../../arm-none-eabi/lib/thumb/v7-m/libc_nano.a
LOAD /home/gwarchol/Ac6/SystemWorkbench/plugins/fr.ac6.mcu.externaltools.arm-none.linux64_1.15.0.201708311556/tools/compiler/bin/../lib/gcc/arm-none-eabi/6.3.1/../../../../arm-none-eabi/lib/thumb/v7-m/librdimon_nano.a
END GROUP
LOAD /home/gwarchol/Ac6/SystemWorkbench/plugins/fr.ac6.mcu.externaltools.arm-none.linux64_1.15.0.201708311556/tools/compiler/bin/../lib/gcc/arm-none-eabi/6.3.1/thumb/v7-m/crtend.o
LOAD /home/gwarchol/Ac6/SystemWorkbench/plugins/fr.ac6.mcu.externaltools.arm-none.linux64_1.15.0.201708311556/tools/compiler/bin/../lib/gcc/arm-none-eabi/6.3.1/thumb/v7-m/crtn.o
                0x0000000020005000                _estack = 0x20005000
                0x0000000000000000                _Min_Heap_Size = 0x0
                0x0000000000000400                _Min_Stack_Size = 0x400

.isr_vector     0x0000000008000000      0x130
                0x0000000008000000                . = ALIGN (0x4)
 *(.isr_vector)
 .isr_vector    0x0000000008000000      0x130 startup/startup_stm32.o
                0x0000000008000000                g_pfnVectors
                0x0000000008000130                . = ALIGN (0x4)

.text           0x0000000008000130     0x3d04
                0x0000000008000130                . = ALIGN (0x4)
 *(.text)
 .text          0x0000000008000130       0x6c /home/gwarchol/Ac6/SystemWorkbench/plugins/fr.ac6.mcu.externaltools.arm-none.linux64_1.15.0.201708311556/tools/compiler/bin/../lib/gcc/arm-none-eabi/6.3.1/thumb/v7-m/crtbegin.o
 *(.text*)
 .text.__libc_init_array
                0x000000000800019c       0x48 /home/gwarchol/Ac6/SystemWorkbench/plugins/fr.ac6.mcu.externaltools.arm-none.linux64_1.15.0.201708311556/tools/compiler/bin/../lib/gcc/arm-none-eabi/6.3.1/../../../../arm-none-eabi/lib/thumb/v7-m/libc_nano.a(lib_a-init.o)
                0x000000000800019c                __libc_init_array
 .text.memset   0x00000000080001e4       0x10 /home/gwarchol/Ac6/SystemWorkbench/plugins/fr.ac6.mcu.externaltools.arm-none.linux64_1.15.0.201708311556/tools/compiler/bin/../lib/gcc/arm-none-eabi/6.3.1/../../../../arm-none-eabi/lib/thumb/v7-m/libc_nano.a(lib_a-memset.o)
                0x00000000080001e4                memset
 .text.findslot
                0x00000000080001f4       0x34 /home/gwarchol/Ac6/SystemWorkbench/plugins/fr.ac6.mcu.externaltools.arm-none.linux64_1.15.0.201708311556/tools/compiler/bin/../lib/gcc/arm-none-eabi/6.3.1/../../../../arm-none-eabi/lib/thumb/v7-m/librdimon_nano.a(rdimon-syscalls.o)
 .text.checkerror
                0x0000000008000228       0x20 /home/gwarchol/Ac6/SystemWorkbench/plugins/fr.ac6.mcu.externaltools.arm-none.linux64_1.15.0.201708311556/tools/compiler/bin/../lib/gcc/arm-none-eabi/6.3.1/../../../../arm-none-eabi/lib/thumb/v7-m/librdimon_nano.a(rdimon-syscalls.o)
 .text.error    0x0000000008000248       0x1c /home/gwarchol/Ac6/SystemWorkbench/plugins/fr.ac6.mcu.externaltools.arm-none.linux64_1.15.0.201708311556/tools/compiler/bin/../lib/gcc/arm-none-eabi/6.3.1/../../../../arm-none-eabi/lib/thumb/v7-m/librdimon_nano.a(rdimon-syscalls.o)
 .text.initialise_monitor_handles
                0x0000000008000264       0xa4 /home/gwarchol/Ac6/SystemWorkbench/plugins/fr.ac6.mcu.externaltools.arm-none.linux64_1.15.0.201708311556/tools/compiler/bin/../lib/gcc/arm-none-eabi/6.3.1/../../../../arm-none-eabi/lib/thumb/v7-m/librdimon_nano.a(rdimon-syscalls.o)
                0x0000000008000264                initialise_monitor_handles
 .text._swiread
                0x0000000008000308       0x20 /home/gwarchol/Ac6/SystemWorkbench/plugins/fr.ac6.mcu.externaltools.arm-none.linux64_1.15.0.201708311556/tools/compiler/bin/../lib/gcc/arm-none-eabi/6.3.1/../../../../arm-none-eabi/lib/thumb/v7-m/librdimon_nano.a(rdimon-syscalls.o)
                0x0000000008000308                _swiread
 .text._read    0x0000000008000328       0x34 /home/gwarchol/Ac6/SystemWorkbench/plugins/fr.ac6.mcu.externaltools.arm-none.linux64_1.15.0.201708311556/tools/compiler/bin/../lib/gcc/arm-none-eabi/6.3.1/../../../../arm-none-eabi/lib/thumb/v7-m/librdimon_nano.a(rdimon-syscalls.o)
                0x0000000008000328                _read
 .text._swilseek
                0x000000000800035c       0x7a /home/gwarchol/Ac6/SystemWorkbench/plugins/fr.ac6.mcu.externaltools.arm-none.linux64_1.15.0.201708311556/tools/compiler/bin/../lib/gcc/arm-none-eabi/6.3.1/../../../../arm-none-eabi/lib/thumb/v7-m/librdimon_nano.a(rdimon-syscalls.o)
                0x000000000800035c                _swilseek
 .text._lseek   0x00000000080003d6        0x4 /home/gwarchol/Ac6/SystemWorkbench/plugins/fr.ac6.mcu.externaltools.arm-none.linux64_1.15.0.201708311556/tools/compiler/bin/../lib/gcc/arm-none-eabi/6.3.1/../../../../arm-none-eabi/lib/thumb/v7-m/librdimon_nano.a(rdimon-syscalls.o)
                0x00000000080003d6                _lseek
 .text._swiwrite
                0x00000000080003da       0x20 /home/gwarchol/Ac6/SystemWorkbench/plugins/fr.ac6.mcu.externaltools.arm-none.linux64_1.15.0.201708311556/tools/compiler/bin/../lib/gcc/arm-none-eabi/6.3.1/../../../../arm-none-eabi/lib/thumb/v7-m/librdimon_nano.a(rdimon-syscalls.o)
                0x00000000080003da                _swiwrite
 .text._write   0x00000000080003fa       0x40 /home/gwarchol/Ac6/SystemWorkbench/plugins/fr.ac6.mcu.externaltools.arm-none.linux64_1.15.0.201708311556/tools/compiler/bin/../lib/gcc/arm-none-eabi/6.3.1/../../../../arm-none-eabi/lib/thumb/v7-m/librdimon_nano.a(rdimon-syscalls.o)
                0x00000000080003fa                _write
 .text._swiclose
                0x000000000800043a       0x1c /home/gwarchol/Ac6/SystemWorkbench/plugins/fr.ac6.mcu.externaltools.arm-none.linux64_1.15.0.201708311556/tools/compiler/bin/../lib/gcc/arm-none-eabi/6.3.1/../../../../arm-none-eabi/lib/thumb/v7-m/librdimon_nano.a(rdimon-syscalls.o)
                0x000000000800043a                _swiclose
 *fill*         0x0000000008000456        0x2 
 .text._close   0x0000000008000458       0x48 /home/gwarchol/Ac6/SystemWorkbench/plugins/fr.ac6.mcu.externaltools.arm-none.linux64_1.15.0.201708311556/tools/compiler/bin/../lib/gcc/arm-none-eabi/6.3.1/../../../../arm-none-eabi/lib/thumb/v7-m/librdimon_nano.a(rdimon-syscalls.o)
                0x0000000008000458                _close
 .text._sbrk    0x00000000080004a0       0x48 /home/gwarchol/Ac6/SystemWorkbench/plugins/fr.ac6.mcu.externaltools.arm-none.linux64_1.15.0.201708311556/tools/compiler/bin/../lib/gcc/arm-none-eabi/6.3.1/../../../../arm-none-eabi/lib/thumb/v7-m/librdimon_nano.a(rdimon-syscalls.o)
                0x00000000080004a0                _sbrk
 .text._swistat
                0x00000000080004e8       0x42 /home/gwarchol/Ac6/SystemWorkbench/plugins/fr.ac6.mcu.externaltools.arm-none.linux64_1.15.0.201708311556/tools/compiler/bin/../lib/gcc/arm-none-eabi/6.3.1/../../../../arm-none-eabi/lib/thumb/v7-m/librdimon_nano.a(rdimon-syscalls.o)
                0x00000000080004e8                _swistat
 .text._fstat   0x000000000800052a       0x1c /home/gwarchol/Ac6/SystemWorkbench/plugins/fr.ac6.mcu.externaltools.arm-none.linux64_1.15.0.201708311556/tools/compiler/bin/../lib/gcc/arm-none-eabi/6.3.1/../../../../arm-none-eabi/lib/thumb/v7-m/librdimon_nano.a(rdimon-syscalls.o)
                0x000000000800052a                _fstat
 .text._isatty  0x0000000008000546       0x38 /home/gwarchol/Ac6/SystemWorkbench/plugins/fr.ac6.mcu.externaltools.arm-none.linux64_1.15.0.201708311556/tools/compiler/bin/../lib/gcc/arm-none-eabi/6.3.1/../../../../arm-none-eabi/lib/thumb/v7-m/librdimon_nano.a(rdimon-syscalls.o)
                0x0000000008000546                _isatty
 *fill*         0x000000000800057e        0x2 
 .text.NVIC_PriorityGroupConfig
                0x0000000008000580       0x14 StdPeriph_Driver/src/misc.o
                0x0000000008000580                NVIC_PriorityGroupConfig
 .text.NVIC_Init
                0x0000000008000594       0x68 StdPeriph_Driver/src/misc.o
                0x0000000008000594                NVIC_Init
 .text.NVIC_SystemLPConfig
                0x00000000080005fc       0x1c StdPeriph_Driver/src/misc.o
                0x00000000080005fc                NVIC_SystemLPConfig
 .text.BKP_DeInit
                0x0000000008000618       0x10 StdPeriph_Driver/src/stm32f10x_bkp.o
                0x0000000008000618                BKP_DeInit
 .text.BKP_WriteBackupRegister
                0x0000000008000628       0x1c StdPeriph_Driver/src/stm32f10x_bkp.o
                0x0000000008000628                BKP_WriteBackupRegister
 .text.BKP_ReadBackupRegister
                0x0000000008000644       0x20 StdPeriph_Driver/src/stm32f10x_bkp.o
                0x0000000008000644                BKP_ReadBackupRegister
 .text.DBGMCU_Config
                0x0000000008000664       0x1c StdPeriph_Driver/src/stm32f10x_dbgmcu.o
                0x0000000008000664                DBGMCU_Config
 .text.DMA_Init
                0x0000000008000680       0x3e StdPeriph_Driver/src/stm32f10x_dma.o
                0x0000000008000680                DMA_Init
 .text.DMA_StructInit
                0x00000000080006be       0x1a StdPeriph_Driver/src/stm32f10x_dma.o
                0x00000000080006be                DMA_StructInit
 .text.DMA_Cmd  0x00000000080006d8       0x1a StdPeriph_Driver/src/stm32f10x_dma.o
                0x00000000080006d8                DMA_Cmd
 .text.DMA_ITConfig
                0x00000000080006f2       0x14 StdPeriph_Driver/src/stm32f10x_dma.o
                0x00000000080006f2                DMA_ITConfig
 *fill*         0x0000000008000706        0x2 
 .text.DMA_GetITStatus
                0x0000000008000708       0x24 StdPeriph_Driver/src/stm32f10x_dma.o
                0x0000000008000708                DMA_GetITStatus
 .text.DMA_ClearITPendingBit
                0x000000000800072c       0x1c StdPeriph_Driver/src/stm32f10x_dma.o
                0x000000000800072c                DMA_ClearITPendingBit
 .text.EXTI_Init
                0x0000000008000748       0x8c StdPeriph_Driver/src/stm32f10x_exti.o
                0x0000000008000748                EXTI_Init
 .text.EXTI_ClearITPendingBit
                0x00000000080007d4        0xc StdPeriph_Driver/src/stm32f10x_exti.o
                0x00000000080007d4                EXTI_ClearITPendingBit
 .text.FLASH_SetLatency
                0x00000000080007e0       0x14 StdPeriph_Driver/src/stm32f10x_flash.o
                0x00000000080007e0                FLASH_SetLatency
 .text.FLASH_PrefetchBufferCmd
                0x00000000080007f4       0x18 StdPeriph_Driver/src/stm32f10x_flash.o
                0x00000000080007f4                FLASH_PrefetchBufferCmd
 .text.GPIO_Init
                0x000000000800080c       0x9e StdPeriph_Driver/src/stm32f10x_gpio.o
                0x000000000800080c                GPIO_Init
 .text.GPIO_SetBits
                0x00000000080008aa        0x4 StdPeriph_Driver/src/stm32f10x_gpio.o
                0x00000000080008aa                GPIO_SetBits
 .text.GPIO_ResetBits
                0x00000000080008ae        0x4 StdPeriph_Driver/src/stm32f10x_gpio.o
                0x00000000080008ae                GPIO_ResetBits
 .text.GPIO_WriteBit
                0x00000000080008b2        0xa StdPeriph_Driver/src/stm32f10x_gpio.o
                0x00000000080008b2                GPIO_WriteBit
 .text.GPIO_EXTILineConfig
                0x00000000080008bc       0x34 StdPeriph_Driver/src/stm32f10x_gpio.o
                0x00000000080008bc                GPIO_EXTILineConfig
 .text.PWR_BackupAccessCmd
                0x00000000080008f0        0xc StdPeriph_Driver/src/stm32f10x_pwr.o
                0x00000000080008f0                PWR_BackupAccessCmd
 .text.RCC_DeInit
                0x00000000080008fc       0x40 StdPeriph_Driver/src/stm32f10x_rcc.o
                0x00000000080008fc                RCC_DeInit
 .text.RCC_HSEConfig
                0x000000000800093c       0x3c StdPeriph_Driver/src/stm32f10x_rcc.o
                0x000000000800093c                RCC_HSEConfig
 .text.RCC_PLLConfig
                0x0000000008000978       0x14 StdPeriph_Driver/src/stm32f10x_rcc.o
                0x0000000008000978                RCC_PLLConfig
 .text.RCC_PLLCmd
                0x000000000800098c        0xc StdPeriph_Driver/src/stm32f10x_rcc.o
                0x000000000800098c                RCC_PLLCmd
 .text.RCC_SYSCLKConfig
                0x0000000008000998       0x14 StdPeriph_Driver/src/stm32f10x_rcc.o
                0x0000000008000998                RCC_SYSCLKConfig
 .text.RCC_GetSYSCLKSource
                0x00000000080009ac       0x10 StdPeriph_Driver/src/stm32f10x_rcc.o
                0x00000000080009ac                RCC_GetSYSCLKSource
 .text.RCC_HCLKConfig
                0x00000000080009bc       0x14 StdPeriph_Driver/src/stm32f10x_rcc.o
                0x00000000080009bc                RCC_HCLKConfig
 .text.RCC_PCLK1Config
                0x00000000080009d0       0x14 StdPeriph_Driver/src/stm32f10x_rcc.o
                0x00000000080009d0                RCC_PCLK1Config
 .text.RCC_PCLK2Config
                0x00000000080009e4       0x14 StdPeriph_Driver/src/stm32f10x_rcc.o
                0x00000000080009e4                RCC_PCLK2Config
 .text.RCC_LSEConfig
                0x00000000080009f8       0x28 StdPeriph_Driver/src/stm32f10x_rcc.o
                0x00000000080009f8                RCC_LSEConfig
 .text.RCC_RTCCLKConfig
                0x0000000008000a20       0x10 StdPeriph_Driver/src/stm32f10x_rcc.o
                0x0000000008000a20                RCC_RTCCLKConfig
 .text.RCC_RTCCLKCmd
                0x0000000008000a30        0xc StdPeriph_Driver/src/stm32f10x_rcc.o
                0x0000000008000a30                RCC_RTCCLKCmd
 .text.RCC_AHBPeriphClockCmd
                0x0000000008000a3c       0x1c StdPeriph_Driver/src/stm32f10x_rcc.o
                0x0000000008000a3c                RCC_AHBPeriphClockCmd
 .text.RCC_APB2PeriphClockCmd
                0x0000000008000a58       0x1c StdPeriph_Driver/src/stm32f10x_rcc.o
                0x0000000008000a58                RCC_APB2PeriphClockCmd
 .text.RCC_APB1PeriphClockCmd
                0x0000000008000a74       0x1c StdPeriph_Driver/src/stm32f10x_rcc.o
                0x0000000008000a74                RCC_APB1PeriphClockCmd
 .text.RCC_BackupResetCmd
                0x0000000008000a90        0xc StdPeriph_Driver/src/stm32f10x_rcc.o
                0x0000000008000a90                RCC_BackupResetCmd
 .text.RCC_GetFlagStatus
                0x0000000008000a9c       0x34 StdPeriph_Driver/src/stm32f10x_rcc.o
                0x0000000008000a9c                RCC_GetFlagStatus
 .text.RCC_WaitForHSEStartUp
                0x0000000008000ad0       0x34 StdPeriph_Driver/src/stm32f10x_rcc.o
                0x0000000008000ad0                RCC_WaitForHSEStartUp
 .text.RCC_ClearFlag
                0x0000000008000b04       0x10 StdPeriph_Driver/src/stm32f10x_rcc.o
                0x0000000008000b04                RCC_ClearFlag
 .text.RTC_ITConfig
                0x0000000008000b14       0x20 StdPeriph_Driver/src/stm32f10x_rtc.o
                0x0000000008000b14                RTC_ITConfig
 .text.RTC_EnterConfigMode
                0x0000000008000b34       0x14 StdPeriph_Driver/src/stm32f10x_rtc.o
                0x0000000008000b34                RTC_EnterConfigMode
 .text.RTC_ExitConfigMode
                0x0000000008000b48       0x14 StdPeriph_Driver/src/stm32f10x_rtc.o
                0x0000000008000b48                RTC_ExitConfigMode
 .text.RTC_GetCounter
                0x0000000008000b5c       0x14 StdPeriph_Driver/src/stm32f10x_rtc.o
                0x0000000008000b5c                RTC_GetCounter
 .text.RTC_SetCounter
                0x0000000008000b70       0x1c StdPeriph_Driver/src/stm32f10x_rtc.o
                0x0000000008000b70                RTC_SetCounter
 .text.RTC_SetPrescaler
                0x0000000008000b8c       0x20 StdPeriph_Driver/src/stm32f10x_rtc.o
                0x0000000008000b8c                RTC_SetPrescaler
 .text.RTC_SetAlarm
                0x0000000008000bac       0x1c StdPeriph_Driver/src/stm32f10x_rtc.o
                0x0000000008000bac                RTC_SetAlarm
 .text.RTC_WaitForLastTask
                0x0000000008000bc8       0x10 StdPeriph_Driver/src/stm32f10x_rtc.o
                0x0000000008000bc8                RTC_WaitForLastTask
 .text.RTC_WaitForSynchro
                0x0000000008000bd8       0x20 StdPeriph_Driver/src/stm32f10x_rtc.o
                0x0000000008000bd8                RTC_WaitForSynchro
 .text.RTC_GetITStatus
                0x0000000008000bf8       0x20 StdPeriph_Driver/src/stm32f10x_rtc.o
                0x0000000008000bf8                RTC_GetITStatus
 .text.RTC_ClearITPendingBit
                0x0000000008000c18       0x14 StdPeriph_Driver/src/stm32f10x_rtc.o
                0x0000000008000c18                RTC_ClearITPendingBit
 .text.SPI_Init
                0x0000000008000c2c       0x4c StdPeriph_Driver/src/stm32f10x_spi.o
                0x0000000008000c2c                SPI_Init
 .text.SPI_StructInit
                0x0000000008000c78       0x18 StdPeriph_Driver/src/stm32f10x_spi.o
                0x0000000008000c78                SPI_StructInit
 .text.SPI_Cmd  0x0000000008000c90       0x1c StdPeriph_Driver/src/stm32f10x_spi.o
                0x0000000008000c90                SPI_Cmd
 .text.SPI_I2S_ITConfig
                0x0000000008000cac       0x20 StdPeriph_Driver/src/stm32f10x_spi.o
                0x0000000008000cac                SPI_I2S_ITConfig
 .text.SPI_I2S_DMACmd
                0x0000000008000ccc       0x18 StdPeriph_Driver/src/stm32f10x_spi.o
                0x0000000008000ccc                SPI_I2S_DMACmd
 .text.SPI_I2S_ReceiveData
                0x0000000008000ce4        0x6 StdPeriph_Driver/src/stm32f10x_spi.o
                0x0000000008000ce4                SPI_I2S_ReceiveData
 .text.SPI_I2S_GetFlagStatus
                0x0000000008000cea        0xe StdPeriph_Driver/src/stm32f10x_spi.o
                0x0000000008000cea                SPI_I2S_GetFlagStatus
 .text.SPI_I2S_GetITStatus
                0x0000000008000cf8       0x2e StdPeriph_Driver/src/stm32f10x_spi.o
                0x0000000008000cf8                SPI_I2S_GetITStatus
 .text.SPI_I2S_ClearITPendingBit
                0x0000000008000d26       0x12 StdPeriph_Driver/src/stm32f10x_spi.o
                0x0000000008000d26                SPI_I2S_ClearITPendingBit
 .text.TIM_TimeBaseInit
                0x0000000008000d38       0x94 StdPeriph_Driver/src/stm32f10x_tim.o
                0x0000000008000d38                TIM_TimeBaseInit
 .text.TIM_OC1Init
                0x0000000008000dcc       0x84 StdPeriph_Driver/src/stm32f10x_tim.o
                0x0000000008000dcc                TIM_OC1Init
 .text.TIM_OC2Init
                0x0000000008000e50       0x88 StdPeriph_Driver/src/stm32f10x_tim.o
                0x0000000008000e50                TIM_OC2Init
 .text.TIM_OC3Init
                0x0000000008000ed8       0x84 StdPeriph_Driver/src/stm32f10x_tim.o
                0x0000000008000ed8                TIM_OC3Init
 .text.TIM_OC4Init
                0x0000000008000f5c       0x6c StdPeriph_Driver/src/stm32f10x_tim.o
                0x0000000008000f5c                TIM_OC4Init
 .text.TIM_Cmd  0x0000000008000fc8       0x1c StdPeriph_Driver/src/stm32f10x_tim.o
                0x0000000008000fc8                TIM_Cmd
 .text.TIM_ITConfig
                0x0000000008000fe4       0x18 StdPeriph_Driver/src/stm32f10x_tim.o
                0x0000000008000fe4                TIM_ITConfig
 .text.TIM_OC1PreloadConfig
                0x0000000008000ffc        0xe StdPeriph_Driver/src/stm32f10x_tim.o
                0x0000000008000ffc                TIM_OC1PreloadConfig
 .text.TIM_OC2PreloadConfig
                0x000000000800100a       0x12 StdPeriph_Driver/src/stm32f10x_tim.o
                0x000000000800100a                TIM_OC2PreloadConfig
 .text.TIM_OC3PreloadConfig
                0x000000000800101c        0xe StdPeriph_Driver/src/stm32f10x_tim.o
                0x000000000800101c                TIM_OC3PreloadConfig
 .text.TIM_OC4PreloadConfig
                0x000000000800102a       0x12 StdPeriph_Driver/src/stm32f10x_tim.o
                0x000000000800102a                TIM_OC4PreloadConfig
 .text.TIM_SetCompare1
                0x000000000800103c        0x4 StdPeriph_Driver/src/stm32f10x_tim.o
                0x000000000800103c                TIM_SetCompare1
 .text.TIM_SetCompare2
                0x0000000008001040        0x4 StdPeriph_Driver/src/stm32f10x_tim.o
                0x0000000008001040                TIM_SetCompare2
 .text.TIM_SetCompare3
                0x0000000008001044        0x4 StdPeriph_Driver/src/stm32f10x_tim.o
                0x0000000008001044                TIM_SetCompare3
 .text.TIM_SetCompare4
                0x0000000008001048        0x6 StdPeriph_Driver/src/stm32f10x_tim.o
                0x0000000008001048                TIM_SetCompare4
 .text.TIM_GetCapture1
                0x000000000800104e        0x6 StdPeriph_Driver/src/stm32f10x_tim.o
                0x000000000800104e                TIM_GetCapture1
 .text.TIM_GetCapture2
                0x0000000008001054        0x6 StdPeriph_Driver/src/stm32f10x_tim.o
                0x0000000008001054                TIM_GetCapture2
 .text.TIM_GetCapture3
                0x000000000800105a        0x6 StdPeriph_Driver/src/stm32f10x_tim.o
                0x000000000800105a                TIM_GetCapture3
 .text.TIM_GetCapture4
                0x0000000008001060        0x8 StdPeriph_Driver/src/stm32f10x_tim.o
                0x0000000008001060                TIM_GetCapture4
 .text.TIM_GetITStatus
                0x0000000008001068       0x18 StdPeriph_Driver/src/stm32f10x_tim.o
                0x0000000008001068                TIM_GetITStatus
 .text.TIM_ClearITPendingBit
                0x0000000008001080        0x8 StdPeriph_Driver/src/stm32f10x_tim.o
                0x0000000008001080                TIM_ClearITPendingBit
 .text.USART_ITConfig
                0x0000000008001088       0x38 StdPeriph_Driver/src/stm32f10x_usart.o
                0x0000000008001088                USART_ITConfig
 .text.USART_SendData
                0x00000000080010c0        0x8 StdPeriph_Driver/src/stm32f10x_usart.o
                0x00000000080010c0                USART_SendData
 .text.USART_ReceiveData
                0x00000000080010c8        0x8 StdPeriph_Driver/src/stm32f10x_usart.o
                0x00000000080010c8                USART_ReceiveData
 .text.USART_GetITStatus
                0x00000000080010d0       0x4c StdPeriph_Driver/src/stm32f10x_usart.o
                0x00000000080010d0                USART_GetITStatus
 .text.LCD_pinsInit
                0x000000000800111c       0xb0 lib/ILI9341/core.o
 .text.LCD_reset
                0x00000000080011cc       0x28 lib/ILI9341/core.o
                0x00000000080011cc                LCD_reset
 .text.LCD_exitStandby
                0x00000000080011f4       0x16 lib/ILI9341/core.o
                0x00000000080011f4                LCD_exitStandby
 *fill*         0x000000000800120a        0x2 
 .text.LCD_setOrientation
                0x000000000800120c       0x58 lib/ILI9341/core.o
                0x000000000800120c                LCD_setOrientation
 .text.LCD_configure
                0x0000000008001264       0x40 lib/ILI9341/core.o
 .text.LCD_init
                0x00000000080012a4       0x24 lib/ILI9341/core.o
                0x00000000080012a4                LCD_init
 .text.LCD_setAddressWindow
                0x00000000080012c8       0xe0 lib/ILI9341/core.o
                0x00000000080012c8                LCD_setAddressWindow
 .text.LCD_getWidth
                0x00000000080013a8        0xc lib/ILI9341/core.o
                0x00000000080013a8                LCD_getWidth
 .text.LCD_getHeight
                0x00000000080013b4        0xc lib/ILI9341/core.o
                0x00000000080013b4                LCD_getHeight
 .text.LCD_setSpi8
                0x00000000080013c0       0x2c lib/ILI9341/core.o
                0x00000000080013c0                LCD_setSpi8
 .text.LCD_setSpi16
                0x00000000080013ec       0x28 lib/ILI9341/core.o
                0x00000000080013ec                LCD_setSpi16
 .text.SysTick_Handler
                0x0000000008001414       0x10 lib/ILI9341/delay.o
                0x0000000008001414                SysTick_Handler
 .text.delay_ms
                0x0000000008001424       0x58 lib/ILI9341/delay.o
                0x0000000008001424                delay_ms
 .text.dmaInit  0x000000000800147c       0x54 lib/ILI9341/dma.o
                0x000000000800147c                dmaInit
 .text.dmaSendCmd
                0x00000000080014d0       0x84 lib/ILI9341/dma.o
                0x00000000080014d0                dmaSendCmd
 .text.dmaSendCmdCont
                0x0000000008001554       0x70 lib/ILI9341/dma.o
                0x0000000008001554                dmaSendCmdCont
 .text.dmaReceiveDataCont8
                0x00000000080015c4       0x94 lib/ILI9341/dma.o
                0x00000000080015c4                dmaReceiveDataCont8
 .text.dmaSendDataCont8
                0x0000000008001658       0x68 lib/ILI9341/dma.o
                0x0000000008001658                dmaSendDataCont8
 .text.dmaSendData16
                0x00000000080016c0       0x84 lib/ILI9341/dma.o
                0x00000000080016c0                dmaSendData16
 .text.dmaSendDataCont16
                0x0000000008001744       0x70 lib/ILI9341/dma.o
                0x0000000008001744                dmaSendDataCont16
 .text.dmaFill16
                0x00000000080017b4       0xf8 lib/ILI9341/dma.o
                0x00000000080017b4                dmaFill16
 .text.DMA1_Channel2_IRQHandler
                0x00000000080018ac       0x24 lib/ILI9341/dma.o
                0x00000000080018ac                DMA1_Channel2_IRQHandler
 .text.DMA1_Channel3_IRQHandler
                0x00000000080018d0       0x28 lib/ILI9341/dma.o
                0x00000000080018d0                DMA1_Channel3_IRQHandler
 .text.LCD_readPixels
                0x00000000080018f8       0x8c lib/ILI9341/graph.o
                0x00000000080018f8                LCD_readPixels
 .text.LCD_fillRect
                0x0000000008001984       0x34 lib/ILI9341/graph.o
                0x0000000008001984                LCD_fillRect
 .text.LCD_fillScreen
                0x00000000080019b8       0x3a lib/ILI9341/graph.o
                0x00000000080019b8                LCD_fillScreen
 *fill*         0x00000000080019f2        0x2 
 .text.LCD_writeString
                0x00000000080019f4      0x238 lib/ILI9341/text.o
                0x00000000080019f4                LCD_writeString
 .text.LCD_setCursor
                0x0000000008001c2c        0xc lib/ILI9341/text.o
                0x0000000008001c2c                LCD_setCursor
 .text.LCD_setTextSize
                0x0000000008001c38        0xc lib/ILI9341/text.o
                0x0000000008001c38                LCD_setTextSize
 .text.LCD_setTextColor
                0x0000000008001c44        0xc lib/ILI9341/text.o
                0x0000000008001c44                LCD_setTextColor
 .text.LCD_setTextBgColor
                0x0000000008001c50        0xc lib/ILI9341/text.o
                0x0000000008001c50                LCD_setTextBgColor
 .text.addToBuffor
                0x0000000008001c5c       0x18 src/buffors.o
                0x0000000008001c5c                addToBuffor
 .text.getFromBuffor
                0x0000000008001c74       0x36 src/buffors.o
                0x0000000008001c74                getFromBuffor
 .text.isBufforEmpty
                0x0000000008001caa        0xe src/buffors.o
                0x0000000008001caa                isBufforEmpty
 .text.sleep_mode_init
                0x0000000008001cb8       0x70 src/device_config.o
                0x0000000008001cb8                sleep_mode_init
 .text.EXTI0_IRQHandler
                0x0000000008001d28       0x1c src/device_config.o
                0x0000000008001d28                EXTI0_IRQHandler
 .text.device_init
                0x0000000008001d44       0x40 src/device_config.o
                0x0000000008001d44                device_init
 .text.turnOnOffLed
                0x0000000008001d84       0x28 src/device_config.o
                0x0000000008001d84                turnOnOffLed
 .text.RCC_Conf
                0x0000000008001dac       0x64 src/device_config.o
                0x0000000008001dac                RCC_Conf
 .text.main     0x0000000008001e10      0x100 src/main.o
                0x0000000008001e10                main
 .text.create_menu
                0x0000000008001f10       0x88 src/menu.o
                0x0000000008001f10                create_menu
 .text.NVIC_RTC_Configuration
                0x0000000008001f98       0x44 src/rtc.o
                0x0000000008001f98                NVIC_RTC_Configuration
 .text.RTC_IRQHandler
                0x0000000008001fdc       0x68 src/rtc.o
                0x0000000008001fdc                RTC_IRQHandler
 .text.RTCAlarm_IRQHandler
                0x0000000008002044        0x2 src/rtc.o
                0x0000000008002044                RTCAlarm_IRQHandler
 *fill*         0x0000000008002046        0x2 
 .text.read_time
                0x0000000008002048       0xd8 src/rtc.o
                0x0000000008002048                read_time
 .text.read_date
                0x0000000008002120       0x3c src/rtc.o
                0x0000000008002120                read_date
 .text.save_time
                0x000000000800215c       0x22 src/rtc.o
                0x000000000800215c                save_time
 *fill*         0x000000000800217e        0x2 
 .text.check_leap
                0x0000000008002180       0x40 src/rtc.o
                0x0000000008002180                check_leap
 .text.update_date
                0x00000000080021c0       0xf0 src/rtc.o
                0x00000000080021c0                update_date
 .text.check_next_day
                0x00000000080022b0       0x2c src/rtc.o
                0x00000000080022b0                check_next_day
 .text.analize_clock_clendar_state
                0x00000000080022dc       0x1c src/rtc.o
                0x00000000080022dc                analize_clock_clendar_state
 .text.save_date
                0x00000000080022f8       0x90 src/rtc.o
                0x00000000080022f8                save_date
 .text.set_alarm
                0x0000000008002388       0x2c src/rtc.o
                0x0000000008002388                set_alarm
 .text.check_for_days_elapsed
                0x00000000080023b4       0x5c src/rtc.o
                0x00000000080023b4                check_for_days_elapsed
 .text.RTC_Configuration
                0x0000000008002410       0xcc src/rtc.o
                0x0000000008002410                RTC_Configuration
 .text.rtc_init
                0x00000000080024dc       0x64 src/rtc.o
                0x00000000080024dc                rtc_init
 .text.getTimerChannelState
                0x0000000008002540       0x34 src/scan_timer.o
                0x0000000008002540                getTimerChannelState
 .text.setTimerChannelState
                0x0000000008002574       0x28 src/scan_timer.o
                0x0000000008002574                setTimerChannelState
 .text.init_timer
                0x000000000800259c       0xe4 src/scan_timer.o
                0x000000000800259c                init_timer
 .text.TIM1_CC_IRQHandler
                0x0000000008002680       0xdc src/scan_timer.o
                0x0000000008002680                TIM1_CC_IRQHandler
 .text.SetSysClockTo72
                0x000000000800275c       0xc4 src/system_stm32f10x.o
 .text.SetSysClock
                0x0000000008002820        0x8 src/system_stm32f10x.o
 .text.SystemInit
                0x0000000008002828       0x50 src/system_stm32f10x.o
                0x0000000008002828                SystemInit
 .text.DMA1_Channel4_IRQHandler
                0x0000000008002878       0x2c src/touch_screen.o
                0x0000000008002878                DMA1_Channel4_IRQHandler
 .text.DMA1_Channel5_IRQHandler
                0x00000000080028a4       0x2c src/touch_screen.o
                0x00000000080028a4                DMA1_Channel5_IRQHandler
 .text.SPI2_IRQHandler
                0x00000000080028d0       0x90 src/touch_screen.o
                0x00000000080028d0                SPI2_IRQHandler
 .text.touch_screen_cs_high
                0x0000000008002960       0x14 src/touch_screen.o
                0x0000000008002960                touch_screen_cs_high
 .text.init_spi_2
                0x0000000008002974       0xcc src/touch_screen.o
                0x0000000008002974                init_spi_2
 .text.init_touch_screen
                0x0000000008002a40        0x8 src/touch_screen.o
                0x0000000008002a40                init_touch_screen
 .text.USART1_IRQHandler
                0x0000000008002a48       0x80 src/uart_interrupt.o
                0x0000000008002a48                USART1_IRQHandler
 .text.Reset_Handler
                0x0000000008002ac8       0x50 startup/startup_stm32.o
                0x0000000008002ac8                Reset_Handler
 .text.Default_Handler
                0x0000000008002b18        0x2 startup/startup_stm32.o
                0x0000000008002b18                EXTI2_IRQHandler
                0x0000000008002b18                TIM8_TRG_COM_IRQHandler
                0x0000000008002b18                TIM8_CC_IRQHandler
                0x0000000008002b18                DebugMon_Handler
                0x0000000008002b18                HardFault_Handler
                0x0000000008002b18                TIM6_IRQHandler
                0x0000000008002b18                PVD_IRQHandler
                0x0000000008002b18                SDIO_IRQHandler
                0x0000000008002b18                PendSV_Handler
                0x0000000008002b18                NMI_Handler
                0x0000000008002b18                EXTI3_IRQHandler
                0x0000000008002b18                USB_HP_CAN_TX_IRQHandler
                0x0000000008002b18                I2C2_EV_IRQHandler
                0x0000000008002b18                UsageFault_Handler
                0x0000000008002b18                ADC1_2_IRQHandler
                0x0000000008002b18                SPI1_IRQHandler
                0x0000000008002b18                CAN_SCE_IRQHandler
                0x0000000008002b18                TAMPER_IRQHandler
                0x0000000008002b18                TIM8_UP_IRQHandler
                0x0000000008002b18                DMA2_Channel2_IRQHandler
                0x0000000008002b18                USART3_IRQHandler
                0x0000000008002b18                DMA1_Channel7_IRQHandler
                0x0000000008002b18                UART5_IRQHandler
                0x0000000008002b18                ADC3_IRQHandler
                0x0000000008002b18                TIM4_IRQHandler
                0x0000000008002b18                CAN_RX1_IRQHandler
                0x0000000008002b18                DMA2_Channel1_IRQHandler
                0x0000000008002b18                I2C1_EV_IRQHandler
                0x0000000008002b18                DMA1_Channel6_IRQHandler
                0x0000000008002b18                UART4_IRQHandler
                0x0000000008002b18                TIM3_IRQHandler
                0x0000000008002b18                RCC_IRQHandler
                0x0000000008002b18                TIM1_TRG_COM_IRQHandler
                0x0000000008002b18                DMA1_Channel1_IRQHandler
                0x0000000008002b18                Default_Handler
                0x0000000008002b18                EXTI15_10_IRQHandler
                0x0000000008002b18                TIM7_IRQHandler
                0x0000000008002b18                TIM5_IRQHandler
                0x0000000008002b18                EXTI9_5_IRQHandler
                0x0000000008002b18                USB_LP_CAN_RX0_IRQHandler
                0x0000000008002b18                MemManage_Handler
                0x0000000008002b18                SVC_Handler
                0x0000000008002b18                EXTI4_IRQHandler
                0x0000000008002b18                FSMC_IRQHandler
                0x0000000008002b18                TIM1_UP_IRQHandler
                0x0000000008002b18                WWDG_IRQHandler
                0x0000000008002b18                TIM2_IRQHandler
                0x0000000008002b18                TIM1_BRK_IRQHandler
                0x0000000008002b18                EXTI1_IRQHandler
                0x0000000008002b18                DMA2_Channel4_5_IRQHandler
                0x0000000008002b18                USART2_IRQHandler
                0x0000000008002b18                I2C2_ER_IRQHandler
                0x0000000008002b18                TIM8_BRK_IRQHandler
                0x0000000008002b18                FLASH_IRQHandler
                0x0000000008002b18                BusFault_Handler
                0x0000000008002b18                SPI3_IRQHandler
                0x0000000008002b18                I2C1_ER_IRQHandler
                0x0000000008002b18                DMA2_Channel3_IRQHandler
 *fill*         0x0000000008002b1a        0x2 
 .text.__errno  0x0000000008002b1c        0xc /home/gwarchol/Ac6/SystemWorkbench/plugins/fr.ac6.mcu.externaltools.arm-none.linux64_1.15.0.201708311556/tools/compiler/bin/../lib/gcc/arm-none-eabi/6.3.1/../../../../arm-none-eabi/lib/thumb/v7-m/libc_nano.a(lib_a-errno.o)
                0x0000000008002b1c                __errno
 .text._cleanup_r
                0x0000000008002b28        0xc /home/gwarchol/Ac6/SystemWorkbench/plugins/fr.ac6.mcu.externaltools.arm-none.linux64_1.15.0.201708311556/tools/compiler/bin/../lib/gcc/arm-none-eabi/6.3.1/../../../../arm-none-eabi/lib/thumb/v7-m/libc_nano.a(lib_a-findfp.o)
                0x0000000008002b28                _cleanup_r
 .text.std.isra.0
                0x0000000008002b34       0x48 /home/gwarchol/Ac6/SystemWorkbench/plugins/fr.ac6.mcu.externaltools.arm-none.linux64_1.15.0.201708311556/tools/compiler/bin/../lib/gcc/arm-none-eabi/6.3.1/../../../../arm-none-eabi/lib/thumb/v7-m/libc_nano.a(lib_a-findfp.o)
 .text.__sfmoreglue
                0x0000000008002b7c       0x2c /home/gwarchol/Ac6/SystemWorkbench/plugins/fr.ac6.mcu.externaltools.arm-none.linux64_1.15.0.201708311556/tools/compiler/bin/../lib/gcc/arm-none-eabi/6.3.1/../../../../arm-none-eabi/lib/thumb/v7-m/libc_nano.a(lib_a-findfp.o)
                0x0000000008002b7c                __sfmoreglue
 .text.__sinit  0x0000000008002ba8       0x60 /home/gwarchol/Ac6/SystemWorkbench/plugins/fr.ac6.mcu.externaltools.arm-none.linux64_1.15.0.201708311556/tools/compiler/bin/../lib/gcc/arm-none-eabi/6.3.1/../../../../arm-none-eabi/lib/thumb/v7-m/libc_nano.a(lib_a-findfp.o)
                0x0000000008002ba8                __sinit
 .text.__sfp    0x0000000008002c08       0x78 /home/gwarchol/Ac6/SystemWorkbench/plugins/fr.ac6.mcu.externaltools.arm-none.linux64_1.15.0.201708311556/tools/compiler/bin/../lib/gcc/arm-none-eabi/6.3.1/../../../../arm-none-eabi/lib/thumb/v7-m/libc_nano.a(lib_a-findfp.o)
                0x0000000008002c08                __sfp
 .text._fwalk_reent
                0x0000000008002c80       0x3c /home/gwarchol/Ac6/SystemWorkbench/plugins/fr.ac6.mcu.externaltools.arm-none.linux64_1.15.0.201708311556/tools/compiler/bin/../lib/gcc/arm-none-eabi/6.3.1/../../../../arm-none-eabi/lib/thumb/v7-m/libc_nano.a(lib_a-fwalk.o)
                0x0000000008002c80                _fwalk_reent
 .text._malloc_r
                0x0000000008002cbc       0xbc /home/gwarchol/Ac6/SystemWorkbench/plugins/fr.ac6.mcu.externaltools.arm-none.linux64_1.15.0.201708311556/tools/compiler/bin/../lib/gcc/arm-none-eabi/6.3.1/../../../../arm-none-eabi/lib/thumb/v7-m/libc_nano.a(lib_a-nano-mallocr.o)
                0x0000000008002cbc                _malloc_r
 .text.printf   0x0000000008002d78       0x30 /home/gwarchol/Ac6/SystemWorkbench/plugins/fr.ac6.mcu.externaltools.arm-none.linux64_1.15.0.201708311556/tools/compiler/bin/../lib/gcc/arm-none-eabi/6.3.1/../../../../arm-none-eabi/lib/thumb/v7-m/libc_nano.a(lib_a-printf.o)
                0x0000000008002d78                printf
                0x0000000008002d78                iprintf
 .text.putchar  0x0000000008002da8       0x28 /home/gwarchol/Ac6/SystemWorkbench/plugins/fr.ac6.mcu.externaltools.arm-none.linux64_1.15.0.201708311556/tools/compiler/bin/../lib/gcc/arm-none-eabi/6.3.1/../../../../arm-none-eabi/lib/thumb/v7-m/libc_nano.a(lib_a-putchar.o)
                0x0000000008002da8                putchar
 .text._puts_r  0x0000000008002dd0       0xb8 /home/gwarchol/Ac6/SystemWorkbench/plugins/fr.ac6.mcu.externaltools.arm-none.linux64_1.15.0.201708311556/tools/compiler/bin/../lib/gcc/arm-none-eabi/6.3.1/../../../../arm-none-eabi/lib/thumb/v7-m/libc_nano.a(lib_a-puts.o)
                0x0000000008002dd0                _puts_r
 .text.puts     0x0000000008002e88       0x10 /home/gwarchol/Ac6/SystemWorkbench/plugins/fr.ac6.mcu.externaltools.arm-none.linux64_1.15.0.201708311556/tools/compiler/bin/../lib/gcc/arm-none-eabi/6.3.1/../../../../arm-none-eabi/lib/thumb/v7-m/libc_nano.a(lib_a-puts.o)
                0x0000000008002e88                puts
 .text._sbrk_r  0x0000000008002e98       0x20 /home/gwarchol/Ac6/SystemWorkbench/plugins/fr.ac6.mcu.externaltools.arm-none.linux64_1.15.0.201708311556/tools/compiler/bin/../lib/gcc/arm-none-eabi/6.3.1/../../../../arm-none-eabi/lib/thumb/v7-m/libc_nano.a(lib_a-sbrkr.o)
                0x0000000008002e98                _sbrk_r
 .text.sprintf  0x0000000008002eb8       0x48 /home/gwarchol/Ac6/SystemWorkbench/plugins/fr.ac6.mcu.externaltools.arm-none.linux64_1.15.0.201708311556/tools/compiler/bin/../lib/gcc/arm-none-eabi/6.3.1/../../../../arm-none-eabi/lib/thumb/v7-m/libc_nano.a(lib_a-sprintf.o)
                0x0000000008002eb8                sprintf
                0x0000000008002eb8                siprintf
 .text.__sread  0x0000000008002f00       0x22 /home/gwarchol/Ac6/SystemWorkbench/plugins/fr.ac6.mcu.externaltools.arm-none.linux64_1.15.0.201708311556/tools/compiler/bin/../lib/gcc/arm-none-eabi/6.3.1/../../../../arm-none-eabi/lib/thumb/v7-m/libc_nano.a(lib_a-stdio.o)
                0x0000000008002f00                __sread
 .text.__swrite
                0x0000000008002f22       0x38 /home/gwarchol/Ac6/SystemWorkbench/plugins/fr.ac6.mcu.externaltools.arm-none.linux64_1.15.0.201708311556/tools/compiler/bin/../lib/gcc/arm-none-eabi/6.3.1/../../../../arm-none-eabi/lib/thumb/v7-m/libc_nano.a(lib_a-stdio.o)
                0x0000000008002f22                __swrite
 .text.__sseek  0x0000000008002f5a       0x24 /home/gwarchol/Ac6/SystemWorkbench/plugins/fr.ac6.mcu.externaltools.arm-none.linux64_1.15.0.201708311556/tools/compiler/bin/../lib/gcc/arm-none-eabi/6.3.1/../../../../arm-none-eabi/lib/thumb/v7-m/libc_nano.a(lib_a-stdio.o)
                0x0000000008002f5a                __sseek
 .text.__sclose
                0x0000000008002f7e        0x8 /home/gwarchol/Ac6/SystemWorkbench/plugins/fr.ac6.mcu.externaltools.arm-none.linux64_1.15.0.201708311556/tools/compiler/bin/../lib/gcc/arm-none-eabi/6.3.1/../../../../arm-none-eabi/lib/thumb/v7-m/libc_nano.a(lib_a-stdio.o)
                0x0000000008002f7e                __sclose
 *fill*         0x0000000008002f86        0x2 
 .text.__swbuf_r
                0x0000000008002f88       0xa4 /home/gwarchol/Ac6/SystemWorkbench/plugins/fr.ac6.mcu.externaltools.arm-none.linux64_1.15.0.201708311556/tools/compiler/bin/../lib/gcc/arm-none-eabi/6.3.1/../../../../arm-none-eabi/lib/thumb/v7-m/libc_nano.a(lib_a-wbuf.o)
                0x0000000008002f88                __swbuf_r
 .text._write_r
                0x000000000800302c       0x24 /home/gwarchol/Ac6/SystemWorkbench/plugins/fr.ac6.mcu.externaltools.arm-none.linux64_1.15.0.201708311556/tools/compiler/bin/../lib/gcc/arm-none-eabi/6.3.1/../../../../arm-none-eabi/lib/thumb/v7-m/libc_nano.a(lib_a-writer.o)
                0x000000000800302c                _write_r
 .text.__swsetup_r
                0x0000000008003050       0xdc /home/gwarchol/Ac6/SystemWorkbench/plugins/fr.ac6.mcu.externaltools.arm-none.linux64_1.15.0.201708311556/tools/compiler/bin/../lib/gcc/arm-none-eabi/6.3.1/../../../../arm-none-eabi/lib/thumb/v7-m/libc_nano.a(lib_a-wsetup.o)
                0x0000000008003050                __swsetup_r
 .text._close_r
                0x000000000800312c       0x20 /home/gwarchol/Ac6/SystemWorkbench/plugins/fr.ac6.mcu.externaltools.arm-none.linux64_1.15.0.201708311556/tools/compiler/bin/../lib/gcc/arm-none-eabi/6.3.1/../../../../arm-none-eabi/lib/thumb/v7-m/libc_nano.a(lib_a-closer.o)
                0x000000000800312c                _close_r
 .text.__sflush_r
                0x000000000800314c      0x110 /home/gwarchol/Ac6/SystemWorkbench/plugins/fr.ac6.mcu.externaltools.arm-none.linux64_1.15.0.201708311556/tools/compiler/bin/../lib/gcc/arm-none-eabi/6.3.1/../../../../arm-none-eabi/lib/thumb/v7-m/libc_nano.a(lib_a-fflush.o)
                0x000000000800314c                __sflush_r
 .text._fflush_r
                0x000000000800325c       0x54 /home/gwarchol/Ac6/SystemWorkbench/plugins/fr.ac6.mcu.externaltools.arm-none.linux64_1.15.0.201708311556/tools/compiler/bin/../lib/gcc/arm-none-eabi/6.3.1/../../../../arm-none-eabi/lib/thumb/v7-m/libc_nano.a(lib_a-fflush.o)
                0x000000000800325c                _fflush_r
 .text._lseek_r
                0x00000000080032b0       0x24 /home/gwarchol/Ac6/SystemWorkbench/plugins/fr.ac6.mcu.externaltools.arm-none.linux64_1.15.0.201708311556/tools/compiler/bin/../lib/gcc/arm-none-eabi/6.3.1/../../../../arm-none-eabi/lib/thumb/v7-m/libc_nano.a(lib_a-lseekr.o)
                0x00000000080032b0                _lseek_r
 .text.__swhatbuf_r
                0x00000000080032d4       0x48 /home/gwarchol/Ac6/SystemWorkbench/plugins/fr.ac6.mcu.externaltools.arm-none.linux64_1.15.0.201708311556/tools/compiler/bin/../lib/gcc/arm-none-eabi/6.3.1/../../../../arm-none-eabi/lib/thumb/v7-m/libc_nano.a(lib_a-makebuf.o)
                0x00000000080032d4                __swhatbuf_r
 .text.__smakebuf_r
                0x000000000800331c       0x80 /home/gwarchol/Ac6/SystemWorkbench/plugins/fr.ac6.mcu.externaltools.arm-none.linux64_1.15.0.201708311556/tools/compiler/bin/../lib/gcc/arm-none-eabi/6.3.1/../../../../arm-none-eabi/lib/thumb/v7-m/libc_nano.a(lib_a-makebuf.o)
                0x000000000800331c                __smakebuf_r
 .text.__malloc_lock
                0x000000000800339c        0x2 /home/gwarchol/Ac6/SystemWorkbench/plugins/fr.ac6.mcu.externaltools.arm-none.linux64_1.15.0.201708311556/tools/compiler/bin/../lib/gcc/arm-none-eabi/6.3.1/../../../../arm-none-eabi/lib/thumb/v7-m/libc_nano.a(lib_a-mlock.o)
                0x000000000800339c                __malloc_lock
 .text.__malloc_unlock
                0x000000000800339e        0x2 /home/gwarchol/Ac6/SystemWorkbench/plugins/fr.ac6.mcu.externaltools.arm-none.linux64_1.15.0.201708311556/tools/compiler/bin/../lib/gcc/arm-none-eabi/6.3.1/../../../../arm-none-eabi/lib/thumb/v7-m/libc_nano.a(lib_a-mlock.o)
                0x000000000800339e                __malloc_unlock
 .text._free_r  0x00000000080033a0       0x98 /home/gwarchol/Ac6/SystemWorkbench/plugins/fr.ac6.mcu.externaltools.arm-none.linux64_1.15.0.201708311556/tools/compiler/bin/../lib/gcc/arm-none-eabi/6.3.1/../../../../arm-none-eabi/lib/thumb/v7-m/libc_nano.a(lib_a-nano-freer.o)
                0x00000000080033a0                _free_r
 .text.__ssputs_r
                0x0000000008003438       0xb6 /home/gwarchol/Ac6/SystemWorkbench/plugins/fr.ac6.mcu.externaltools.arm-none.linux64_1.15.0.201708311556/tools/compiler/bin/../lib/gcc/arm-none-eabi/6.3.1/../../../../arm-none-eabi/lib/thumb/v7-m/libc_nano.a(lib_a-nano-svfprintf.o)
                0x0000000008003438                __ssputs_r
 *fill*         0x00000000080034ee        0x2 
 .text._svfprintf_r
                0x00000000080034f0      0x1e8 /home/gwarchol/Ac6/SystemWorkbench/plugins/fr.ac6.mcu.externaltools.arm-none.linux64_1.15.0.201708311556/tools/compiler/bin/../lib/gcc/arm-none-eabi/6.3.1/../../../../arm-none-eabi/lib/thumb/v7-m/libc_nano.a(lib_a-nano-svfprintf.o)
                0x00000000080034f0                _svfprintf_r
                0x00000000080034f0                _svfiprintf_r
 .text.__sfputc_r
                0x00000000080036d8       0x2c /home/gwarchol/Ac6/SystemWorkbench/plugins/fr.ac6.mcu.externaltools.arm-none.linux64_1.15.0.201708311556/tools/compiler/bin/../lib/gcc/arm-none-eabi/6.3.1/../../../../arm-none-eabi/lib/thumb/v7-m/libc_nano.a(lib_a-nano-vfprintf.o)
 .text.__sfputs_r
                0x0000000008003704       0x24 /home/gwarchol/Ac6/SystemWorkbench/plugins/fr.ac6.mcu.externaltools.arm-none.linux64_1.15.0.201708311556/tools/compiler/bin/../lib/gcc/arm-none-eabi/6.3.1/../../../../arm-none-eabi/lib/thumb/v7-m/libc_nano.a(lib_a-nano-vfprintf.o)
                0x0000000008003704                __sfputs_r
 .text._vfprintf_r
                0x0000000008003728      0x22c /home/gwarchol/Ac6/SystemWorkbench/plugins/fr.ac6.mcu.externaltools.arm-none.linux64_1.15.0.201708311556/tools/compiler/bin/../lib/gcc/arm-none-eabi/6.3.1/../../../../arm-none-eabi/lib/thumb/v7-m/libc_nano.a(lib_a-nano-vfprintf.o)
                0x0000000008003728                _vfiprintf_r
                0x0000000008003728                _vfprintf_r
 .text._printf_common
                0x0000000008003954       0xee /home/gwarchol/Ac6/SystemWorkbench/plugins/fr.ac6.mcu.externaltools.arm-none.linux64_1.15.0.201708311556/tools/compiler/bin/../lib/gcc/arm-none-eabi/6.3.1/../../../../arm-none-eabi/lib/thumb/v7-m/libc_nano.a(lib_a-nano-vfprintf_i.o)
                0x0000000008003954                _printf_common
 *fill*         0x0000000008003a42        0x2 
 .text._printf_i
                0x0000000008003a44      0x240 /home/gwarchol/Ac6/SystemWorkbench/plugins/fr.ac6.mcu.externaltools.arm-none.linux64_1.15.0.201708311556/tools/compiler/bin/../lib/gcc/arm-none-eabi/6.3.1/../../../../arm-none-eabi/lib/thumb/v7-m/libc_nano.a(lib_a-nano-vfprintf_i.o)
                0x0000000008003a44                _printf_i
 .text._putc_r  0x0000000008003c84       0x6c /home/gwarchol/Ac6/SystemWorkbench/plugins/fr.ac6.mcu.externaltools.arm-none.linux64_1.15.0.201708311556/tools/compiler/bin/../lib/gcc/arm-none-eabi/6.3.1/../../../../arm-none-eabi/lib/thumb/v7-m/libc_nano.a(lib_a-putc.o)
                0x0000000008003c84                _putc_r
 .text._read_r  0x0000000008003cf0       0x24 /home/gwarchol/Ac6/SystemWorkbench/plugins/fr.ac6.mcu.externaltools.arm-none.linux64_1.15.0.201708311556/tools/compiler/bin/../lib/gcc/arm-none-eabi/6.3.1/../../../../arm-none-eabi/lib/thumb/v7-m/libc_nano.a(lib_a-readr.o)
                0x0000000008003cf0                _read_r
 .text._fstat_r
                0x0000000008003d14       0x24 /home/gwarchol/Ac6/SystemWorkbench/plugins/fr.ac6.mcu.externaltools.arm-none.linux64_1.15.0.201708311556/tools/compiler/bin/../lib/gcc/arm-none-eabi/6.3.1/../../../../arm-none-eabi/lib/thumb/v7-m/libc_nano.a(lib_a-fstatr.o)
                0x0000000008003d14                _fstat_r
 .text._isatty_r
                0x0000000008003d38       0x20 /home/gwarchol/Ac6/SystemWorkbench/plugins/fr.ac6.mcu.externaltools.arm-none.linux64_1.15.0.201708311556/tools/compiler/bin/../lib/gcc/arm-none-eabi/6.3.1/../../../../arm-none-eabi/lib/thumb/v7-m/libc_nano.a(lib_a-isattyr.o)
                0x0000000008003d38                _isatty_r
 .text.memchr   0x0000000008003d58       0x1c /home/gwarchol/Ac6/SystemWorkbench/plugins/fr.ac6.mcu.externaltools.arm-none.linux64_1.15.0.201708311556/tools/compiler/bin/../lib/gcc/arm-none-eabi/6.3.1/../../../../arm-none-eabi/lib/thumb/v7-m/libc_nano.a(lib_a-memchr-stub.o)
                0x0000000008003d58                memchr
 .text.memcpy   0x0000000008003d74       0x16 /home/gwarchol/Ac6/SystemWorkbench/plugins/fr.ac6.mcu.externaltools.arm-none.linux64_1.15.0.201708311556/tools/compiler/bin/../lib/gcc/arm-none-eabi/6.3.1/../../../../arm-none-eabi/lib/thumb/v7-m/libc_nano.a(lib_a-memcpy-stub.o)
                0x0000000008003d74                memcpy
 .text.memmove  0x0000000008003d8a       0x34 /home/gwarchol/Ac6/SystemWorkbench/plugins/fr.ac6.mcu.externaltools.arm-none.linux64_1.15.0.201708311556/tools/compiler/bin/../lib/gcc/arm-none-eabi/6.3.1/../../../../arm-none-eabi/lib/thumb/v7-m/libc_nano.a(lib_a-memmove.o)
                0x0000000008003d8a                memmove
 .text._realloc_r
                0x0000000008003dbe       0x4c /home/gwarchol/Ac6/SystemWorkbench/plugins/fr.ac6.mcu.externaltools.arm-none.linux64_1.15.0.201708311556/tools/compiler/bin/../lib/gcc/arm-none-eabi/6.3.1/../../../../arm-none-eabi/lib/thumb/v7-m/libc_nano.a(lib_a-nano-reallocr.o)
                0x0000000008003dbe                _realloc_r
 .text._malloc_usable_size_r
                0x0000000008003e0a       0x12 /home/gwarchol/Ac6/SystemWorkbench/plugins/fr.ac6.mcu.externaltools.arm-none.linux64_1.15.0.201708311556/tools/compiler/bin/../lib/gcc/arm-none-eabi/6.3.1/../../../../arm-none-eabi/lib/thumb/v7-m/libc_nano.a(lib_a-nano-msizer.o)
                0x0000000008003e0a                _malloc_usable_size_r
 *(.glue_7)
 .glue_7        0x0000000008003e1c        0x0 linker stubs
 *(.glue_7t)
 .glue_7t       0x0000000008003e1c        0x0 linker stubs
 *(.eh_frame)
 .eh_frame      0x0000000008003e1c        0x0 /home/gwarchol/Ac6/SystemWorkbench/plugins/fr.ac6.mcu.externaltools.arm-none.linux64_1.15.0.201708311556/tools/compiler/bin/../lib/gcc/arm-none-eabi/6.3.1/thumb/v7-m/crtbegin.o
 *(.init)
 .init          0x0000000008003e1c        0x4 /home/gwarchol/Ac6/SystemWorkbench/plugins/fr.ac6.mcu.externaltools.arm-none.linux64_1.15.0.201708311556/tools/compiler/bin/../lib/gcc/arm-none-eabi/6.3.1/thumb/v7-m/crti.o
                0x0000000008003e1c                _init
 .init          0x0000000008003e20        0x8 /home/gwarchol/Ac6/SystemWorkbench/plugins/fr.ac6.mcu.externaltools.arm-none.linux64_1.15.0.201708311556/tools/compiler/bin/../lib/gcc/arm-none-eabi/6.3.1/thumb/v7-m/crtn.o
 *(.fini)
 .fini          0x0000000008003e28        0x4 /home/gwarchol/Ac6/SystemWorkbench/plugins/fr.ac6.mcu.externaltools.arm-none.linux64_1.15.0.201708311556/tools/compiler/bin/../lib/gcc/arm-none-eabi/6.3.1/thumb/v7-m/crti.o
                0x0000000008003e28                _fini
 .fini          0x0000000008003e2c        0x8 /home/gwarchol/Ac6/SystemWorkbench/plugins/fr.ac6.mcu.externaltools.arm-none.linux64_1.15.0.201708311556/tools/compiler/bin/../lib/gcc/arm-none-eabi/6.3.1/thumb/v7-m/crtn.o
                0x0000000008003e34                . = ALIGN (0x4)
                0x0000000008003e34                _etext = .

.vfp11_veneer   0x0000000008003e34        0x0
 .vfp11_veneer  0x0000000008003e34        0x0 linker stubs

.v4_bx          0x0000000008003e34        0x0
 .v4_bx         0x0000000008003e34        0x0 linker stubs

.iplt           0x0000000008003e34        0x0
 .iplt          0x0000000008003e34        0x0 /home/gwarchol/Ac6/SystemWorkbench/plugins/fr.ac6.mcu.externaltools.arm-none.linux64_1.15.0.201708311556/tools/compiler/bin/../lib/gcc/arm-none-eabi/6.3.1/thumb/v7-m/crtbegin.o

.rodata         0x0000000008003e34      0x6b0
                0x0000000008003e34                . = ALIGN (0x4)
 *(.rodata)
 .rodata        0x0000000008003e34       0x63 lib/ILI9341/core.o
 *fill*         0x0000000008003e97        0x1 
 .rodata        0x0000000008003e98      0x500 lib/ILI9341/text.o
 *(.rodata*)
 .rodata._global_impure_ptr
                0x0000000008004398        0x4 /home/gwarchol/Ac6/SystemWorkbench/plugins/fr.ac6.mcu.externaltools.arm-none.linux64_1.15.0.201708311556/tools/compiler/bin/../lib/gcc/arm-none-eabi/6.3.1/../../../../arm-none-eabi/lib/thumb/v7-m/libc_nano.a(lib_a-impure.o)
                0x0000000008004398                _global_impure_ptr
 .rodata.initialise_monitor_handles.str1.1
                0x000000000800439c        0x4 /home/gwarchol/Ac6/SystemWorkbench/plugins/fr.ac6.mcu.externaltools.arm-none.linux64_1.15.0.201708311556/tools/compiler/bin/../lib/gcc/arm-none-eabi/6.3.1/../../../../arm-none-eabi/lib/thumb/v7-m/librdimon_nano.a(rdimon-syscalls.o)
 .rodata.str1.4
                0x00000000080043a0        0x7 src/device_config.o
 *fill*         0x00000000080043a7        0x1 
 .rodata.str1.4
                0x00000000080043a8       0x17 src/main.o
 *fill*         0x00000000080043bf        0x1 
 .rodata.str1.4
                0x00000000080043c0        0x6 src/menu.o
 *fill*         0x00000000080043c6        0x2 
 .rodata.str1.4
                0x00000000080043c8       0x88 src/rtc.o
 .rodata.__sf_fake_stderr
                0x0000000008004450       0x20 /home/gwarchol/Ac6/SystemWorkbench/plugins/fr.ac6.mcu.externaltools.arm-none.linux64_1.15.0.201708311556/tools/compiler/bin/../lib/gcc/arm-none-eabi/6.3.1/../../../../arm-none-eabi/lib/thumb/v7-m/libc_nano.a(lib_a-findfp.o)
                0x0000000008004450                __sf_fake_stderr
 .rodata.__sf_fake_stdin
                0x0000000008004470       0x20 /home/gwarchol/Ac6/SystemWorkbench/plugins/fr.ac6.mcu.externaltools.arm-none.linux64_1.15.0.201708311556/tools/compiler/bin/../lib/gcc/arm-none-eabi/6.3.1/../../../../arm-none-eabi/lib/thumb/v7-m/libc_nano.a(lib_a-findfp.o)
                0x0000000008004470                __sf_fake_stdin
 .rodata.__sf_fake_stdout
                0x0000000008004490       0x20 /home/gwarchol/Ac6/SystemWorkbench/plugins/fr.ac6.mcu.externaltools.arm-none.linux64_1.15.0.201708311556/tools/compiler/bin/../lib/gcc/arm-none-eabi/6.3.1/../../../../arm-none-eabi/lib/thumb/v7-m/libc_nano.a(lib_a-findfp.o)
                0x0000000008004490                __sf_fake_stdout
 .rodata._svfprintf_r.str1.1
                0x00000000080044b0       0x11 /home/gwarchol/Ac6/SystemWorkbench/plugins/fr.ac6.mcu.externaltools.arm-none.linux64_1.15.0.201708311556/tools/compiler/bin/../lib/gcc/arm-none-eabi/6.3.1/../../../../arm-none-eabi/lib/thumb/v7-m/libc_nano.a(lib_a-nano-svfprintf.o)
 .rodata._vfprintf_r.str1.1
                0x00000000080044c1       0x11 /home/gwarchol/Ac6/SystemWorkbench/plugins/fr.ac6.mcu.externaltools.arm-none.linux64_1.15.0.201708311556/tools/compiler/bin/../lib/gcc/arm-none-eabi/6.3.1/../../../../arm-none-eabi/lib/thumb/v7-m/libc_nano.a(lib_a-nano-vfprintf.o)
 .rodata._printf_i.str1.1
                0x00000000080044c1       0x22 /home/gwarchol/Ac6/SystemWorkbench/plugins/fr.ac6.mcu.externaltools.arm-none.linux64_1.15.0.201708311556/tools/compiler/bin/../lib/gcc/arm-none-eabi/6.3.1/../../../../arm-none-eabi/lib/thumb/v7-m/libc_nano.a(lib_a-nano-vfprintf_i.o)
                0x00000000080044e4                . = ALIGN (0x4)
 *fill*         0x00000000080044e3        0x1 

.rel.dyn        0x00000000080044e4        0x0
 .rel.iplt      0x00000000080044e4        0x0 /home/gwarchol/Ac6/SystemWorkbench/plugins/fr.ac6.mcu.externaltools.arm-none.linux64_1.15.0.201708311556/tools/compiler/bin/../lib/gcc/arm-none-eabi/6.3.1/thumb/v7-m/crtbegin.o

.ARM.extab      0x00000000080044e4        0x0
                0x00000000080044e4                . = ALIGN (0x4)
 *(.ARM.extab* .gnu.linkonce.armextab.*)
                0x00000000080044e4                . = ALIGN (0x4)

.ARM            0x00000000080044e4        0x0
                0x00000000080044e4                . = ALIGN (0x4)
                0x00000000080044e4                __exidx_start = .
 *(.ARM.exidx*)
                0x00000000080044e4                __exidx_end = .
                0x00000000080044e4                . = ALIGN (0x4)

.preinit_array  0x00000000080044e4        0x0
                0x00000000080044e4                . = ALIGN (0x4)
                0x00000000080044e4                PROVIDE (__preinit_array_start, .)
 *(.preinit_array*)
                0x00000000080044e4                PROVIDE (__preinit_array_end, .)
                0x00000000080044e4                . = ALIGN (0x4)

.init_array     0x00000000080044e4        0x4
                0x00000000080044e4                . = ALIGN (0x4)
                0x00000000080044e4                PROVIDE (__init_array_start, .)
 *(SORT(.init_array.*))
 *(.init_array*)
 .init_array    0x00000000080044e4        0x4 /home/gwarchol/Ac6/SystemWorkbench/plugins/fr.ac6.mcu.externaltools.arm-none.linux64_1.15.0.201708311556/tools/compiler/bin/../lib/gcc/arm-none-eabi/6.3.1/thumb/v7-m/crtbegin.o
                0x00000000080044e8                PROVIDE (__init_array_end, .)
                0x00000000080044e8                . = ALIGN (0x4)

.fini_array     0x00000000080044e8        0x4
                0x00000000080044e8                . = ALIGN (0x4)
                [!provide]                        PROVIDE (__fini_array_start, .)
 *(SORT(.fini_array.*))
 *(.fini_array*)
 .fini_array    0x00000000080044e8        0x4 /home/gwarchol/Ac6/SystemWorkbench/plugins/fr.ac6.mcu.externaltools.arm-none.linux64_1.15.0.201708311556/tools/compiler/bin/../lib/gcc/arm-none-eabi/6.3.1/thumb/v7-m/crtbegin.o
                [!provide]                        PROVIDE (__fini_array_end, .)
                0x00000000080044ec                . = ALIGN (0x4)
                0x00000000080044ec                _sidata = LOADADDR (.data)

.data           0x0000000020000000       0x9c load address 0x00000000080044ec
                0x0000000020000000                . = ALIGN (0x4)
                0x0000000020000000                _sdata = .
 *(.data)
 .data          0x0000000020000000        0x4 lib/ILI9341/core.o
 .data          0x0000000020000004        0x6 lib/ILI9341/text.o
                0x0000000020000004                textSize
                0x0000000020000005                wrap
                0x0000000020000006                textColor
                0x0000000020000008                textBgColor
 .data          0x000000002000000a        0x8 src/scan_timer.o
                0x000000002000000a                CC1
                0x000000002000000c                CC2
                0x000000002000000e                CC3
                0x0000000020000010                CC4
 *fill*         0x0000000020000012        0x2 
 .data          0x0000000020000014       0x14 src/system_stm32f10x.o
                0x0000000020000014                SystemCoreClock
                0x0000000020000018                AHBPrescTable
 .data          0x0000000020000028        0xa src/touch_screen.o
                0x0000000020000028                touch_screen_state
                0x000000002000002c                touch_screeen_data_out
 *(.data*)
 *fill*         0x0000000020000032        0x2 
 .data._impure_ptr
                0x0000000020000034        0x4 /home/gwarchol/Ac6/SystemWorkbench/plugins/fr.ac6.mcu.externaltools.arm-none.linux64_1.15.0.201708311556/tools/compiler/bin/../lib/gcc/arm-none-eabi/6.3.1/../../../../arm-none-eabi/lib/thumb/v7-m/libc_nano.a(lib_a-impure.o)
                0x0000000020000034                _impure_ptr
 .data.impure_data
                0x0000000020000038       0x60 /home/gwarchol/Ac6/SystemWorkbench/plugins/fr.ac6.mcu.externaltools.arm-none.linux64_1.15.0.201708311556/tools/compiler/bin/../lib/gcc/arm-none-eabi/6.3.1/../../../../arm-none-eabi/lib/thumb/v7-m/libc_nano.a(lib_a-impure.o)
 .data.__heap_limit
                0x0000000020000098        0x4 /home/gwarchol/Ac6/SystemWorkbench/plugins/fr.ac6.mcu.externaltools.arm-none.linux64_1.15.0.201708311556/tools/compiler/bin/../lib/gcc/arm-none-eabi/6.3.1/../../../../arm-none-eabi/lib/thumb/v7-m/librdimon_nano.a(rdimon-syscalls.o)
                0x0000000020000098                __heap_limit
                0x000000002000009c                . = ALIGN (0x4)
                0x000000002000009c                _edata = .

.jcr            0x000000002000009c        0x0 load address 0x0000000008004588
 .jcr           0x000000002000009c        0x0 /home/gwarchol/Ac6/SystemWorkbench/plugins/fr.ac6.mcu.externaltools.arm-none.linux64_1.15.0.201708311556/tools/compiler/bin/../lib/gcc/arm-none-eabi/6.3.1/thumb/v7-m/crtbegin.o

.igot.plt       0x000000002000009c        0x0 load address 0x0000000008004588
 .igot.plt      0x000000002000009c        0x0 /home/gwarchol/Ac6/SystemWorkbench/plugins/fr.ac6.mcu.externaltools.arm-none.linux64_1.15.0.201708311556/tools/compiler/bin/../lib/gcc/arm-none-eabi/6.3.1/thumb/v7-m/crtbegin.o
                0x000000002000009c                . = ALIGN (0x4)

.bss            0x000000002000009c     0x1308 load address 0x0000000008004588
                0x000000002000009c                _sbss = .
                0x000000002000009c                __bss_start__ = _sbss
 *(.bss)
 .bss           0x000000002000009c       0x1c /home/gwarchol/Ac6/SystemWorkbench/plugins/fr.ac6.mcu.externaltools.arm-none.linux64_1.15.0.201708311556/tools/compiler/bin/../lib/gcc/arm-none-eabi/6.3.1/thumb/v7-m/crtbegin.o
 .bss           0x00000000200000b8        0x4 lib/ILI9341/delay.o
                0x00000000200000b8                tick
 .bss           0x00000000200000bc        0x5 lib/ILI9341/text.o
                0x00000000200000bc                cursorY
                0x00000000200000be                cursorX
                0x00000000200000c0                _cp437
 *fill*         0x00000000200000c1        0x3 
 .bss           0x00000000200000c4        0xa src/rtc.o
                0x00000000200000c8                total_rtc_ticks
                0x00000000200000cd                x
 .bss           0x00000000200000ce        0x4 src/scan_timer.o
                0x00000000200000ce                _1_ms_flag
                0x00000000200000cf                _10_ms_flag
                0x00000000200000d0                _100_ms_flag
                0x00000000200000d1                _1_s_flag
 *fill*         0x00000000200000d2        0x2 
 .bss           0x00000000200000d4        0x8 src/touch_screen.o
                0x00000000200000d4                z_axis
                0x00000000200000d5                x_axis
                0x00000000200000d6                y_axis
                0x00000000200000d8                save_index
 *(.bss*)
 .bss.heap_end.6161
                0x00000000200000dc        0x4 /home/gwarchol/Ac6/SystemWorkbench/plugins/fr.ac6.mcu.externaltools.arm-none.linux64_1.15.0.201708311556/tools/compiler/bin/../lib/gcc/arm-none-eabi/6.3.1/../../../../arm-none-eabi/lib/thumb/v7-m/librdimon_nano.a(rdimon-syscalls.o)
 .bss.monitor_stderr
                0x00000000200000e0        0x4 /home/gwarchol/Ac6/SystemWorkbench/plugins/fr.ac6.mcu.externaltools.arm-none.linux64_1.15.0.201708311556/tools/compiler/bin/../lib/gcc/arm-none-eabi/6.3.1/../../../../arm-none-eabi/lib/thumb/v7-m/librdimon_nano.a(rdimon-syscalls.o)
 .bss.monitor_stdin
                0x00000000200000e4        0x4 /home/gwarchol/Ac6/SystemWorkbench/plugins/fr.ac6.mcu.externaltools.arm-none.linux64_1.15.0.201708311556/tools/compiler/bin/../lib/gcc/arm-none-eabi/6.3.1/../../../../arm-none-eabi/lib/thumb/v7-m/librdimon_nano.a(rdimon-syscalls.o)
 .bss.monitor_stdout
                0x00000000200000e8        0x4 /home/gwarchol/Ac6/SystemWorkbench/plugins/fr.ac6.mcu.externaltools.arm-none.linux64_1.15.0.201708311556/tools/compiler/bin/../lib/gcc/arm-none-eabi/6.3.1/../../../../arm-none-eabi/lib/thumb/v7-m/librdimon_nano.a(rdimon-syscalls.o)
 .bss.openfiles
                0x00000000200000ec       0xa0 /home/gwarchol/Ac6/SystemWorkbench/plugins/fr.ac6.mcu.externaltools.arm-none.linux64_1.15.0.201708311556/tools/compiler/bin/../lib/gcc/arm-none-eabi/6.3.1/../../../../arm-none-eabi/lib/thumb/v7-m/librdimon_nano.a(rdimon-syscalls.o)
 .bss.__malloc_free_list
                0x000000002000018c        0x4 /home/gwarchol/Ac6/SystemWorkbench/plugins/fr.ac6.mcu.externaltools.arm-none.linux64_1.15.0.201708311556/tools/compiler/bin/../lib/gcc/arm-none-eabi/6.3.1/../../../../arm-none-eabi/lib/thumb/v7-m/libc_nano.a(lib_a-nano-mallocr.o)
                0x000000002000018c                __malloc_free_list
 .bss.__malloc_sbrk_start
                0x0000000020000190        0x4 /home/gwarchol/Ac6/SystemWorkbench/plugins/fr.ac6.mcu.externaltools.arm-none.linux64_1.15.0.201708311556/tools/compiler/bin/../lib/gcc/arm-none-eabi/6.3.1/../../../../arm-none-eabi/lib/thumb/v7-m/libc_nano.a(lib_a-nano-mallocr.o)
                0x0000000020000190                __malloc_sbrk_start
 *(COMMON)
 COMMON         0x0000000020000194     0x102c lib/ILI9341/dma.o
                0x0000000020000194                dmaStructure
                0x00000000200001c0                dmaBuffer
 COMMON         0x00000000200011c0        0x8 src/device_config.o
                0x00000000200011c0                GPIO_InitStruct
                0x00000000200011c4                nvic
 COMMON         0x00000000200011c8       0x16 src/rtc.o
                0x00000000200011c8                s_DateStructVar
                0x00000000200011cc                s_TimeStructVar
                0x00000000200011d4                s_AlarmDateStructVar
                0x00000000200011d8                s_AlarmStructVar
 *fill*         0x00000000200011de        0x2 
 COMMON         0x00000000200011e0       0x54 src/touch_screen.o
                0x00000000200011e0                touch_screeen_data_in
                0x00000000200011e8                GPIO_InitStructure
                0x00000000200011ec                SPI_InitStructure
                0x0000000020001200                touch_screeen_data
                0x0000000020001208                DMA_InitStructure
 COMMON         0x0000000020001234      0x16b src/uart_interrupt.o
                0x0000000020001234                temp_buff
                0x0000000020001298                _RX_USART_BUFFOR
                0x000000002000131c                _TX_USART_BUFFOR
 *fill*         0x000000002000139f        0x1 
 COMMON         0x00000000200013a0        0x4 /home/gwarchol/Ac6/SystemWorkbench/plugins/fr.ac6.mcu.externaltools.arm-none.linux64_1.15.0.201708311556/tools/compiler/bin/../lib/gcc/arm-none-eabi/6.3.1/../../../../arm-none-eabi/lib/thumb/v7-m/libc_nano.a(lib_a-reent.o)
                0x00000000200013a0                errno
                0x00000000200013a4                . = ALIGN (0x4)
                0x00000000200013a4                _ebss = .
                0x00000000200013a4                __bss_end__ = _ebss

._user_heap_stack
                0x00000000200013a4      0x404 load address 0x0000000008004588
                0x00000000200013a8                . = ALIGN (0x8)
 *fill*         0x00000000200013a4        0x4 
                0x00000000200013a8                PROVIDE (end, .)
                [!provide]                        PROVIDE (_end, .)
                0x00000000200013a8                . = (. + _Min_Heap_Size)
                0x00000000200017a8                . = (. + _Min_Stack_Size)
 *fill*         0x00000000200013a8      0x400 
                0x00000000200017a8                . = ALIGN (0x8)

/DISCARD/
 libc.a(*)
 libm.a(*)
 libgcc.a(*)

.ARM.attributes
                0x0000000000000000       0x29
 *(.ARM.attributes)
 .ARM.attributes
                0x0000000000000000       0x1d /home/gwarchol/Ac6/SystemWorkbench/plugins/fr.ac6.mcu.externaltools.arm-none.linux64_1.15.0.201708311556/tools/compiler/bin/../lib/gcc/arm-none-eabi/6.3.1/thumb/v7-m/crti.o
 .ARM.attributes
                0x000000000000001d       0x2d /home/gwarchol/Ac6/SystemWorkbench/plugins/fr.ac6.mcu.externaltools.arm-none.linux64_1.15.0.201708311556/tools/compiler/bin/../lib/gcc/arm-none-eabi/6.3.1/thumb/v7-m/crtbegin.o
 .ARM.attributes
                0x000000000000004a       0x2d /home/gwarchol/Ac6/SystemWorkbench/plugins/fr.ac6.mcu.externaltools.arm-none.linux64_1.15.0.201708311556/tools/compiler/bin/../lib/gcc/arm-none-eabi/6.3.1/../../../../arm-none-eabi/lib/thumb/v7-m/libc_nano.a(lib_a-impure.o)
 .ARM.attributes
                0x0000000000000077       0x2d /home/gwarchol/Ac6/SystemWorkbench/plugins/fr.ac6.mcu.externaltools.arm-none.linux64_1.15.0.201708311556/tools/compiler/bin/../lib/gcc/arm-none-eabi/6.3.1/../../../../arm-none-eabi/lib/thumb/v7-m/libc_nano.a(lib_a-init.o)
 .ARM.attributes
                0x00000000000000a4       0x2d /home/gwarchol/Ac6/SystemWorkbench/plugins/fr.ac6.mcu.externaltools.arm-none.linux64_1.15.0.201708311556/tools/compiler/bin/../lib/gcc/arm-none-eabi/6.3.1/../../../../arm-none-eabi/lib/thumb/v7-m/libc_nano.a(lib_a-memset.o)
 .ARM.attributes
                0x00000000000000d1       0x2d /home/gwarchol/Ac6/SystemWorkbench/plugins/fr.ac6.mcu.externaltools.arm-none.linux64_1.15.0.201708311556/tools/compiler/bin/../lib/gcc/arm-none-eabi/6.3.1/../../../../arm-none-eabi/lib/thumb/v7-m/librdimon_nano.a(rdimon-syscalls.o)
 .ARM.attributes
                0x00000000000000fe       0x33 StdPeriph_Driver/src/misc.o
 .ARM.attributes
                0x0000000000000131       0x33 StdPeriph_Driver/src/stm32f10x_bkp.o
 .ARM.attributes
                0x0000000000000164       0x33 StdPeriph_Driver/src/stm32f10x_dbgmcu.o
 .ARM.attributes
                0x0000000000000197       0x33 StdPeriph_Driver/src/stm32f10x_dma.o
 .ARM.attributes
                0x00000000000001ca       0x33 StdPeriph_Driver/src/stm32f10x_exti.o
 .ARM.attributes
                0x00000000000001fd       0x33 StdPeriph_Driver/src/stm32f10x_flash.o
 .ARM.attributes
                0x0000000000000230       0x33 StdPeriph_Driver/src/stm32f10x_gpio.o
 .ARM.attributes
                0x0000000000000263       0x33 StdPeriph_Driver/src/stm32f10x_pwr.o
 .ARM.attributes
                0x0000000000000296       0x33 StdPeriph_Driver/src/stm32f10x_rcc.o
 .ARM.attributes
                0x00000000000002c9       0x33 StdPeriph_Driver/src/stm32f10x_rtc.o
 .ARM.attributes
                0x00000000000002fc       0x33 StdPeriph_Driver/src/stm32f10x_spi.o
 .ARM.attributes
                0x000000000000032f       0x33 StdPeriph_Driver/src/stm32f10x_tim.o
 .ARM.attributes
                0x0000000000000362       0x33 StdPeriph_Driver/src/stm32f10x_usart.o
 .ARM.attributes
                0x0000000000000395       0x33 lib/ILI9341/core.o
 .ARM.attributes
                0x00000000000003c8       0x33 lib/ILI9341/delay.o
 .ARM.attributes
                0x00000000000003fb       0x33 lib/ILI9341/dma.o
 .ARM.attributes
                0x000000000000042e       0x33 lib/ILI9341/graph.o
 .ARM.attributes
                0x0000000000000461       0x33 lib/ILI9341/text.o
 .ARM.attributes
                0x0000000000000494       0x33 src/buffors.o
 .ARM.attributes
                0x00000000000004c7       0x33 src/device_config.o
 .ARM.attributes
                0x00000000000004fa       0x33 src/main.o
 .ARM.attributes
                0x000000000000052d       0x33 src/menu.o
 .ARM.attributes
                0x0000000000000560       0x33 src/rtc.o
 .ARM.attributes
                0x0000000000000593       0x33 src/scan_timer.o
 .ARM.attributes
                0x00000000000005c6       0x33 src/system_stm32f10x.o
 .ARM.attributes
                0x00000000000005f9       0x33 src/touch_screen.o
 .ARM.attributes
                0x000000000000062c       0x33 src/uart_interrupt.o
 .ARM.attributes
                0x000000000000065f       0x21 startup/startup_stm32.o
 .ARM.attributes
                0x0000000000000680       0x2d /home/gwarchol/Ac6/SystemWorkbench/plugins/fr.ac6.mcu.externaltools.arm-none.linux64_1.15.0.201708311556/tools/compiler/bin/../lib/gcc/arm-none-eabi/6.3.1/../../../../arm-none-eabi/lib/thumb/v7-m/libc_nano.a(lib_a-errno.o)
 .ARM.attributes
                0x00000000000006ad       0x2d /home/gwarchol/Ac6/SystemWorkbench/plugins/fr.ac6.mcu.externaltools.arm-none.linux64_1.15.0.201708311556/tools/compiler/bin/../lib/gcc/arm-none-eabi/6.3.1/../../../../arm-none-eabi/lib/thumb/v7-m/libc_nano.a(lib_a-findfp.o)
 .ARM.attributes
                0x00000000000006da       0x2d /home/gwarchol/Ac6/SystemWorkbench/plugins/fr.ac6.mcu.externaltools.arm-none.linux64_1.15.0.201708311556/tools/compiler/bin/../lib/gcc/arm-none-eabi/6.3.1/../../../../arm-none-eabi/lib/thumb/v7-m/libc_nano.a(lib_a-fwalk.o)
 .ARM.attributes
                0x0000000000000707       0x2d /home/gwarchol/Ac6/SystemWorkbench/plugins/fr.ac6.mcu.externaltools.arm-none.linux64_1.15.0.201708311556/tools/compiler/bin/../lib/gcc/arm-none-eabi/6.3.1/../../../../arm-none-eabi/lib/thumb/v7-m/libc_nano.a(lib_a-nano-mallocr.o)
 .ARM.attributes
                0x0000000000000734       0x2d /home/gwarchol/Ac6/SystemWorkbench/plugins/fr.ac6.mcu.externaltools.arm-none.linux64_1.15.0.201708311556/tools/compiler/bin/../lib/gcc/arm-none-eabi/6.3.1/../../../../arm-none-eabi/lib/thumb/v7-m/libc_nano.a(lib_a-printf.o)
 .ARM.attributes
                0x0000000000000761       0x2d /home/gwarchol/Ac6/SystemWorkbench/plugins/fr.ac6.mcu.externaltools.arm-none.linux64_1.15.0.201708311556/tools/compiler/bin/../lib/gcc/arm-none-eabi/6.3.1/../../../../arm-none-eabi/lib/thumb/v7-m/libc_nano.a(lib_a-putchar.o)
 .ARM.attributes
                0x000000000000078e       0x2d /home/gwarchol/Ac6/SystemWorkbench/plugins/fr.ac6.mcu.externaltools.arm-none.linux64_1.15.0.201708311556/tools/compiler/bin/../lib/gcc/arm-none-eabi/6.3.1/../../../../arm-none-eabi/lib/thumb/v7-m/libc_nano.a(lib_a-puts.o)
 .ARM.attributes
                0x00000000000007bb       0x2d /home/gwarchol/Ac6/SystemWorkbench/plugins/fr.ac6.mcu.externaltools.arm-none.linux64_1.15.0.201708311556/tools/compiler/bin/../lib/gcc/arm-none-eabi/6.3.1/../../../../arm-none-eabi/lib/thumb/v7-m/libc_nano.a(lib_a-sbrkr.o)
 .ARM.attributes
                0x00000000000007e8       0x2d /home/gwarchol/Ac6/SystemWorkbench/plugins/fr.ac6.mcu.externaltools.arm-none.linux64_1.15.0.201708311556/tools/compiler/bin/../lib/gcc/arm-none-eabi/6.3.1/../../../../arm-none-eabi/lib/thumb/v7-m/libc_nano.a(lib_a-sprintf.o)
 .ARM.attributes
                0x0000000000000815       0x2d /home/gwarchol/Ac6/SystemWorkbench/plugins/fr.ac6.mcu.externaltools.arm-none.linux64_1.15.0.201708311556/tools/compiler/bin/../lib/gcc/arm-none-eabi/6.3.1/../../../../arm-none-eabi/lib/thumb/v7-m/libc_nano.a(lib_a-stdio.o)
 .ARM.attributes
                0x0000000000000842       0x2d /home/gwarchol/Ac6/SystemWorkbench/plugins/fr.ac6.mcu.externaltools.arm-none.linux64_1.15.0.201708311556/tools/compiler/bin/../lib/gcc/arm-none-eabi/6.3.1/../../../../arm-none-eabi/lib/thumb/v7-m/libc_nano.a(lib_a-wbuf.o)
 .ARM.attributes
                0x000000000000086f       0x2d /home/gwarchol/Ac6/SystemWorkbench/plugins/fr.ac6.mcu.externaltools.arm-none.linux64_1.15.0.201708311556/tools/compiler/bin/../lib/gcc/arm-none-eabi/6.3.1/../../../../arm-none-eabi/lib/thumb/v7-m/libc_nano.a(lib_a-writer.o)
 .ARM.attributes
                0x000000000000089c       0x2d /home/gwarchol/Ac6/SystemWorkbench/plugins/fr.ac6.mcu.externaltools.arm-none.linux64_1.15.0.201708311556/tools/compiler/bin/../lib/gcc/arm-none-eabi/6.3.1/../../../../arm-none-eabi/lib/thumb/v7-m/libc_nano.a(lib_a-wsetup.o)
 .ARM.attributes
                0x00000000000008c9       0x2d /home/gwarchol/Ac6/SystemWorkbench/plugins/fr.ac6.mcu.externaltools.arm-none.linux64_1.15.0.201708311556/tools/compiler/bin/../lib/gcc/arm-none-eabi/6.3.1/../../../../arm-none-eabi/lib/thumb/v7-m/libc_nano.a(lib_a-closer.o)
 .ARM.attributes
                0x00000000000008f6       0x2d /home/gwarchol/Ac6/SystemWorkbench/plugins/fr.ac6.mcu.externaltools.arm-none.linux64_1.15.0.201708311556/tools/compiler/bin/../lib/gcc/arm-none-eabi/6.3.1/../../../../arm-none-eabi/lib/thumb/v7-m/libc_nano.a(lib_a-fflush.o)
 .ARM.attributes
                0x0000000000000923       0x2d /home/gwarchol/Ac6/SystemWorkbench/plugins/fr.ac6.mcu.externaltools.arm-none.linux64_1.15.0.201708311556/tools/compiler/bin/../lib/gcc/arm-none-eabi/6.3.1/../../../../arm-none-eabi/lib/thumb/v7-m/libc_nano.a(lib_a-lseekr.o)
 .ARM.attributes
                0x0000000000000950       0x2d /home/gwarchol/Ac6/SystemWorkbench/plugins/fr.ac6.mcu.externaltools.arm-none.linux64_1.15.0.201708311556/tools/compiler/bin/../lib/gcc/arm-none-eabi/6.3.1/../../../../arm-none-eabi/lib/thumb/v7-m/libc_nano.a(lib_a-makebuf.o)
 .ARM.attributes
                0x000000000000097d       0x2d /home/gwarchol/Ac6/SystemWorkbench/plugins/fr.ac6.mcu.externaltools.arm-none.linux64_1.15.0.201708311556/tools/compiler/bin/../lib/gcc/arm-none-eabi/6.3.1/../../../../arm-none-eabi/lib/thumb/v7-m/libc_nano.a(lib_a-mlock.o)
 .ARM.attributes
                0x00000000000009aa       0x2d /home/gwarchol/Ac6/SystemWorkbench/plugins/fr.ac6.mcu.externaltools.arm-none.linux64_1.15.0.201708311556/tools/compiler/bin/../lib/gcc/arm-none-eabi/6.3.1/../../../../arm-none-eabi/lib/thumb/v7-m/libc_nano.a(lib_a-nano-freer.o)
 .ARM.attributes
                0x00000000000009d7       0x2d /home/gwarchol/Ac6/SystemWorkbench/plugins/fr.ac6.mcu.externaltools.arm-none.linux64_1.15.0.201708311556/tools/compiler/bin/../lib/gcc/arm-none-eabi/6.3.1/../../../../arm-none-eabi/lib/thumb/v7-m/libc_nano.a(lib_a-nano-svfprintf.o)
 .ARM.attributes
                0x0000000000000a04       0x2d /home/gwarchol/Ac6/SystemWorkbench/plugins/fr.ac6.mcu.externaltools.arm-none.linux64_1.15.0.201708311556/tools/compiler/bin/../lib/gcc/arm-none-eabi/6.3.1/../../../../arm-none-eabi/lib/thumb/v7-m/libc_nano.a(lib_a-nano-vfprintf.o)
 .ARM.attributes
                0x0000000000000a31       0x2d /home/gwarchol/Ac6/SystemWorkbench/plugins/fr.ac6.mcu.externaltools.arm-none.linux64_1.15.0.201708311556/tools/compiler/bin/../lib/gcc/arm-none-eabi/6.3.1/../../../../arm-none-eabi/lib/thumb/v7-m/libc_nano.a(lib_a-nano-vfprintf_i.o)
 .ARM.attributes
                0x0000000000000a5e       0x2d /home/gwarchol/Ac6/SystemWorkbench/plugins/fr.ac6.mcu.externaltools.arm-none.linux64_1.15.0.201708311556/tools/compiler/bin/../lib/gcc/arm-none-eabi/6.3.1/../../../../arm-none-eabi/lib/thumb/v7-m/libc_nano.a(lib_a-putc.o)
 .ARM.attributes
                0x0000000000000a8b       0x2d /home/gwarchol/Ac6/SystemWorkbench/plugins/fr.ac6.mcu.externaltools.arm-none.linux64_1.15.0.201708311556/tools/compiler/bin/../lib/gcc/arm-none-eabi/6.3.1/../../../../arm-none-eabi/lib/thumb/v7-m/libc_nano.a(lib_a-readr.o)
 .ARM.attributes
                0x0000000000000ab8       0x2d /home/gwarchol/Ac6/SystemWorkbench/plugins/fr.ac6.mcu.externaltools.arm-none.linux64_1.15.0.201708311556/tools/compiler/bin/../lib/gcc/arm-none-eabi/6.3.1/../../../../arm-none-eabi/lib/thumb/v7-m/libc_nano.a(lib_a-reent.o)
 .ARM.attributes
                0x0000000000000ae5       0x2d /home/gwarchol/Ac6/SystemWorkbench/plugins/fr.ac6.mcu.externaltools.arm-none.linux64_1.15.0.201708311556/tools/compiler/bin/../lib/gcc/arm-none-eabi/6.3.1/../../../../arm-none-eabi/lib/thumb/v7-m/libc_nano.a(lib_a-fstatr.o)
 .ARM.attributes
                0x0000000000000b12       0x2d /home/gwarchol/Ac6/SystemWorkbench/plugins/fr.ac6.mcu.externaltools.arm-none.linux64_1.15.0.201708311556/tools/compiler/bin/../lib/gcc/arm-none-eabi/6.3.1/../../../../arm-none-eabi/lib/thumb/v7-m/libc_nano.a(lib_a-isattyr.o)
 .ARM.attributes
                0x0000000000000b3f       0x2d /home/gwarchol/Ac6/SystemWorkbench/plugins/fr.ac6.mcu.externaltools.arm-none.linux64_1.15.0.201708311556/tools/compiler/bin/../lib/gcc/arm-none-eabi/6.3.1/../../../../arm-none-eabi/lib/thumb/v7-m/libc_nano.a(lib_a-memchr-stub.o)
 .ARM.attributes
                0x0000000000000b6c       0x2d /home/gwarchol/Ac6/SystemWorkbench/plugins/fr.ac6.mcu.externaltools.arm-none.linux64_1.15.0.201708311556/tools/compiler/bin/../lib/gcc/arm-none-eabi/6.3.1/../../../../arm-none-eabi/lib/thumb/v7-m/libc_nano.a(lib_a-memcpy-stub.o)
 .ARM.attributes
                0x0000000000000b99       0x2d /home/gwarchol/Ac6/SystemWorkbench/plugins/fr.ac6.mcu.externaltools.arm-none.linux64_1.15.0.201708311556/tools/compiler/bin/../lib/gcc/arm-none-eabi/6.3.1/../../../../arm-none-eabi/lib/thumb/v7-m/libc_nano.a(lib_a-memmove.o)
 .ARM.attributes
                0x0000000000000bc6       0x2d /home/gwarchol/Ac6/SystemWorkbench/plugins/fr.ac6.mcu.externaltools.arm-none.linux64_1.15.0.201708311556/tools/compiler/bin/../lib/gcc/arm-none-eabi/6.3.1/../../../../arm-none-eabi/lib/thumb/v7-m/libc_nano.a(lib_a-nano-reallocr.o)
 .ARM.attributes
                0x0000000000000bf3       0x2d /home/gwarchol/Ac6/SystemWorkbench/plugins/fr.ac6.mcu.externaltools.arm-none.linux64_1.15.0.201708311556/tools/compiler/bin/../lib/gcc/arm-none-eabi/6.3.1/../../../../arm-none-eabi/lib/thumb/v7-m/libc_nano.a(lib_a-nano-msizer.o)
 .ARM.attributes
                0x0000000000000c20       0x1d /home/gwarchol/Ac6/SystemWorkbench/plugins/fr.ac6.mcu.externaltools.arm-none.linux64_1.15.0.201708311556/tools/compiler/bin/../lib/gcc/arm-none-eabi/6.3.1/thumb/v7-m/crtn.o
OUTPUT(clock_digital.elf elf32-littlearm)

.debug_frame    0x0000000000000000     0x2f6c
 .debug_frame   0x0000000000000000       0x2c /home/gwarchol/Ac6/SystemWorkbench/plugins/fr.ac6.mcu.externaltools.arm-none.linux64_1.15.0.201708311556/tools/compiler/bin/../lib/gcc/arm-none-eabi/6.3.1/../../../../arm-none-eabi/lib/thumb/v7-m/libc_nano.a(lib_a-init.o)
 .debug_frame   0x000000000000002c       0x20 /home/gwarchol/Ac6/SystemWorkbench/plugins/fr.ac6.mcu.externaltools.arm-none.linux64_1.15.0.201708311556/tools/compiler/bin/../lib/gcc/arm-none-eabi/6.3.1/../../../../arm-none-eabi/lib/thumb/v7-m/libc_nano.a(lib_a-memset.o)
 .debug_frame   0x000000000000004c      0x33c /home/gwarchol/Ac6/SystemWorkbench/plugins/fr.ac6.mcu.externaltools.arm-none.linux64_1.15.0.201708311556/tools/compiler/bin/../lib/gcc/arm-none-eabi/6.3.1/../../../../arm-none-eabi/lib/thumb/v7-m/librdimon_nano.a(rdimon-syscalls.o)
 .debug_frame   0x0000000000000388       0x6c StdPeriph_Driver/src/misc.o
 .debug_frame   0x00000000000003f4       0xe8 StdPeriph_Driver/src/stm32f10x_bkp.o
 .debug_frame   0x00000000000004dc       0x40 StdPeriph_Driver/src/stm32f10x_dbgmcu.o
 .debug_frame   0x000000000000051c       0xcc StdPeriph_Driver/src/stm32f10x_dma.o
 .debug_frame   0x00000000000005e8       0xa0 StdPeriph_Driver/src/stm32f10x_exti.o
 .debug_frame   0x0000000000000688      0x254 StdPeriph_Driver/src/stm32f10x_flash.o
 .debug_frame   0x00000000000008dc      0x170 StdPeriph_Driver/src/stm32f10x_gpio.o
 .debug_frame   0x0000000000000a4c       0xa8 StdPeriph_Driver/src/stm32f10x_pwr.o
 .debug_frame   0x0000000000000af4      0x22c StdPeriph_Driver/src/stm32f10x_rcc.o
 .debug_frame   0x0000000000000d20      0x108 StdPeriph_Driver/src/stm32f10x_rtc.o
 .debug_frame   0x0000000000000e28      0x1bc StdPeriph_Driver/src/stm32f10x_spi.o
 .debug_frame   0x0000000000000fe4      0x6e0 StdPeriph_Driver/src/stm32f10x_tim.o
 .debug_frame   0x00000000000016c4      0x224 StdPeriph_Driver/src/stm32f10x_usart.o
 .debug_frame   0x00000000000018e8      0x11c lib/ILI9341/core.o
 .debug_frame   0x0000000000001a04       0x58 lib/ILI9341/delay.o
 .debug_frame   0x0000000000001a5c      0x1a0 lib/ILI9341/dma.o
 .debug_frame   0x0000000000001bfc      0x1d0 lib/ILI9341/graph.o
 .debug_frame   0x0000000000001dcc      0x100 lib/ILI9341/text.o
 .debug_frame   0x0000000000001ecc       0x70 src/buffors.o
 .debug_frame   0x0000000000001f3c       0xe0 src/device_config.o
 .debug_frame   0x000000000000201c       0x3c src/main.o
 .debug_frame   0x0000000000002058       0x40 src/menu.o
 .debug_frame   0x0000000000002098      0x1c8 src/rtc.o
 .debug_frame   0x0000000000002260       0x6c src/scan_timer.o
 .debug_frame   0x00000000000022cc       0x6c src/system_stm32f10x.o
 .debug_frame   0x0000000000002338      0x178 src/touch_screen.o
 .debug_frame   0x00000000000024b0      0x124 src/uart_interrupt.o
 .debug_frame   0x00000000000025d4       0x20 /home/gwarchol/Ac6/SystemWorkbench/plugins/fr.ac6.mcu.externaltools.arm-none.linux64_1.15.0.201708311556/tools/compiler/bin/../lib/gcc/arm-none-eabi/6.3.1/../../../../arm-none-eabi/lib/thumb/v7-m/libc_nano.a(lib_a-errno.o)
 .debug_frame   0x00000000000025f4      0x11c /home/gwarchol/Ac6/SystemWorkbench/plugins/fr.ac6.mcu.externaltools.arm-none.linux64_1.15.0.201708311556/tools/compiler/bin/../lib/gcc/arm-none-eabi/6.3.1/../../../../arm-none-eabi/lib/thumb/v7-m/libc_nano.a(lib_a-findfp.o)
 .debug_frame   0x0000000000002710       0x54 /home/gwarchol/Ac6/SystemWorkbench/plugins/fr.ac6.mcu.externaltools.arm-none.linux64_1.15.0.201708311556/tools/compiler/bin/../lib/gcc/arm-none-eabi/6.3.1/../../../../arm-none-eabi/lib/thumb/v7-m/libc_nano.a(lib_a-fwalk.o)
 .debug_frame   0x0000000000002764       0x2c /home/gwarchol/Ac6/SystemWorkbench/plugins/fr.ac6.mcu.externaltools.arm-none.linux64_1.15.0.201708311556/tools/compiler/bin/../lib/gcc/arm-none-eabi/6.3.1/../../../../arm-none-eabi/lib/thumb/v7-m/libc_nano.a(lib_a-nano-mallocr.o)
 .debug_frame   0x0000000000002790       0x74 /home/gwarchol/Ac6/SystemWorkbench/plugins/fr.ac6.mcu.externaltools.arm-none.linux64_1.15.0.201708311556/tools/compiler/bin/../lib/gcc/arm-none-eabi/6.3.1/../../../../arm-none-eabi/lib/thumb/v7-m/libc_nano.a(lib_a-printf.o)
 .debug_frame   0x0000000000002804       0x58 /home/gwarchol/Ac6/SystemWorkbench/plugins/fr.ac6.mcu.externaltools.arm-none.linux64_1.15.0.201708311556/tools/compiler/bin/../lib/gcc/arm-none-eabi/6.3.1/../../../../arm-none-eabi/lib/thumb/v7-m/libc_nano.a(lib_a-putchar.o)
 .debug_frame   0x000000000000285c       0x3c /home/gwarchol/Ac6/SystemWorkbench/plugins/fr.ac6.mcu.externaltools.arm-none.linux64_1.15.0.201708311556/tools/compiler/bin/../lib/gcc/arm-none-eabi/6.3.1/../../../../arm-none-eabi/lib/thumb/v7-m/libc_nano.a(lib_a-puts.o)