Archive member included to satisfy reference by file (symbol)

/home/gwarchol/Ac6/SystemWorkbench/plugins/fr.ac6.mcu.externaltools.arm-none.linux64_1.15.0.201708311556/tools/compiler/bin/../lib/gcc/arm-none-eabi/6.3.1/../../../../arm-none-eabi/lib/thumb/v7-m/libc_nano.a(lib_a-exit.o)
                              /home/gwarchol/Ac6/SystemWorkbench/plugins/fr.ac6.mcu.externaltools.arm-none.linux64_1.15.0.201708311556/tools/compiler/bin/../lib/gcc/arm-none-eabi/6.3.1/../../../../arm-none-eabi/lib/thumb/v7-m/rdimon-crt0.o (exit)
/home/gwarchol/Ac6/SystemWorkbench/plugins/fr.ac6.mcu.externaltools.arm-none.linux64_1.15.0.201708311556/tools/compiler/bin/../lib/gcc/arm-none-eabi/6.3.1/../../../../arm-none-eabi/lib/thumb/v7-m/libc_nano.a(lib_a-impure.o)
                              /home/gwarchol/Ac6/SystemWorkbench/plugins/fr.ac6.mcu.externaltools.arm-none.linux64_1.15.0.201708311556/tools/compiler/bin/../lib/gcc/arm-none-eabi/6.3.1/../../../../arm-none-eabi/lib/thumb/v7-m/libc_nano.a(lib_a-exit.o) (_global_impure_ptr)
/home/gwarchol/Ac6/SystemWorkbench/plugins/fr.ac6.mcu.externaltools.arm-none.linux64_1.15.0.201708311556/tools/compiler/bin/../lib/gcc/arm-none-eabi/6.3.1/../../../../arm-none-eabi/lib/thumb/v7-m/libc_nano.a(lib_a-init.o)
                              /home/gwarchol/Ac6/SystemWorkbench/plugins/fr.ac6.mcu.externaltools.arm-none.linux64_1.15.0.201708311556/tools/compiler/bin/../lib/gcc/arm-none-eabi/6.3.1/../../../../arm-none-eabi/lib/thumb/v7-m/rdimon-crt0.o (__libc_init_array)
/home/gwarchol/Ac6/SystemWorkbench/plugins/fr.ac6.mcu.externaltools.arm-none.linux64_1.15.0.201708311556/tools/compiler/bin/../lib/gcc/arm-none-eabi/6.3.1/../../../../arm-none-eabi/lib/thumb/v7-m/libc_nano.a(lib_a-memset.o)
                              /home/gwarchol/Ac6/SystemWorkbench/plugins/fr.ac6.mcu.externaltools.arm-none.linux64_1.15.0.201708311556/tools/compiler/bin/../lib/gcc/arm-none-eabi/6.3.1/../../../../arm-none-eabi/lib/thumb/v7-m/rdimon-crt0.o (memset)
/home/gwarchol/Ac6/SystemWorkbench/plugins/fr.ac6.mcu.externaltools.arm-none.linux64_1.15.0.201708311556/tools/compiler/bin/../lib/gcc/arm-none-eabi/6.3.1/../../../../arm-none-eabi/lib/thumb/v7-m/librdimon_nano.a(rdimon-syscalls.o)
                              /home/gwarchol/Ac6/SystemWorkbench/plugins/fr.ac6.mcu.externaltools.arm-none.linux64_1.15.0.201708311556/tools/compiler/bin/../lib/gcc/arm-none-eabi/6.3.1/../../../../arm-none-eabi/lib/thumb/v7-m/rdimon-crt0.o (initialise_monitor_handles)
/home/gwarchol/Ac6/SystemWorkbench/plugins/fr.ac6.mcu.externaltools.arm-none.linux64_1.15.0.201708311556/tools/compiler/bin/../lib/gcc/arm-none-eabi/6.3.1/../../../../arm-none-eabi/lib/thumb/v7-m/librdimon_nano.a(rdimon-_exit.o)
                              /home/gwarchol/Ac6/SystemWorkbench/plugins/fr.ac6.mcu.externaltools.arm-none.linux64_1.15.0.201708311556/tools/compiler/bin/../lib/gcc/arm-none-eabi/6.3.1/../../../../arm-none-eabi/lib/thumb/v7-m/libc_nano.a(lib_a-exit.o) (_exit)
/home/gwarchol/Ac6/SystemWorkbench/plugins/fr.ac6.mcu.externaltools.arm-none.linux64_1.15.0.201708311556/tools/compiler/bin/../lib/gcc/arm-none-eabi/6.3.1/../../../../arm-none-eabi/lib/thumb/v7-m/librdimon_nano.a(rdimon-_kill.o)
                              /home/gwarchol/Ac6/SystemWorkbench/plugins/fr.ac6.mcu.externaltools.arm-none.linux64_1.15.0.201708311556/tools/compiler/bin/../lib/gcc/arm-none-eabi/6.3.1/../../../../arm-none-eabi/lib/thumb/v7-m/librdimon_nano.a(rdimon-_exit.o) (_kill)
/home/gwarchol/Ac6/SystemWorkbench/plugins/fr.ac6.mcu.externaltools.arm-none.linux64_1.15.0.201708311556/tools/compiler/bin/../lib/gcc/arm-none-eabi/6.3.1/../../../../arm-none-eabi/lib/thumb/v7-m/libc_nano.a(lib_a-errno.o)
                              /home/gwarchol/Ac6/SystemWorkbench/plugins/fr.ac6.mcu.externaltools.arm-none.linux64_1.15.0.201708311556/tools/compiler/bin/../lib/gcc/arm-none-eabi/6.3.1/../../../../arm-none-eabi/lib/thumb/v7-m/librdimon_nano.a(rdimon-syscalls.o) (__errno)
/home/gwarchol/Ac6/SystemWorkbench/plugins/fr.ac6.mcu.externaltools.arm-none.linux64_1.15.0.201708311556/tools/compiler/bin/../lib/gcc/arm-none-eabi/6.3.1/../../../../arm-none-eabi/lib/thumb/v7-m/libc_nano.a(lib_a-findfp.o)
                              /home/gwarchol/Ac6/SystemWorkbench/plugins/fr.ac6.mcu.externaltools.arm-none.linux64_1.15.0.201708311556/tools/compiler/bin/../lib/gcc/arm-none-eabi/6.3.1/../../../../arm-none-eabi/lib/thumb/v7-m/librdimon_nano.a(rdimon-syscalls.o) (__sinit)
/home/gwarchol/Ac6/SystemWorkbench/plugins/fr.ac6.mcu.externaltools.arm-none.linux64_1.15.0.201708311556/tools/compiler/bin/../lib/gcc/arm-none-eabi/6.3.1/../../../../arm-none-eabi/lib/thumb/v7-m/libc_nano.a(lib_a-fwalk.o)
                              /home/gwarchol/Ac6/SystemWorkbench/plugins/fr.ac6.mcu.externaltools.arm-none.linux64_1.15.0.201708311556/tools/compiler/bin/../lib/gcc/arm-none-eabi/6.3.1/../../../../arm-none-eabi/lib/thumb/v7-m/libc_nano.a(lib_a-findfp.o) (_fwalk)
[...]
Memory Configuration

Name             Origin             Length             Attributes
RAM              0x0000000020000000 0x0000000000002800 xrw
ROM              0x0000000008000000 0x0000000000010000 xr
*default*        0x0000000000000000 0xffffffffffffffff

Linker script and memory map

LOAD /home/gwarchol/Ac6/SystemWorkbench/plugins/fr.ac6.mcu.externaltools.arm-none.linux64_1.15.0.201708311556/tools/compiler/bin/../lib/gcc/arm-none-eabi/6.3.1/thumb/v7-m/crti.o
LOAD /home/gwarchol/Ac6/SystemWorkbench/plugins/fr.ac6.mcu.externaltools.arm-none.linux64_1.15.0.201708311556/tools/compiler/bin/../lib/gcc/arm-none-eabi/6.3.1/thumb/v7-m/crtbegin.o
LOAD /home/gwarchol/Ac6/SystemWorkbench/plugins/fr.ac6.mcu.externaltools.arm-none.linux64_1.15.0.201708311556/tools/compiler/bin/../lib/gcc/arm-none-eabi/6.3.1/../../../../arm-none-eabi/lib/thumb/v7-m/rdimon-crt0.o
LOAD /home/gwarchol/Ac6/SystemWorkbench/plugins/fr.ac6.mcu.externaltools.arm-none.linux64_1.15.0.201708311556/tools/compiler/bin/../lib/gcc/arm-none-eabi/6.3.1/../../../../arm-none-eabi/lib/thumb/v7-m/libc_nano.a
LOAD /home/gwarchol/Ac6/SystemWorkbench/plugins/fr.ac6.mcu.externaltools.arm-none.linux64_1.15.0.201708311556/tools/compiler/bin/../lib/gcc/arm-none-eabi/6.3.1/../../../../arm-none-eabi/lib/thumb/v7-m/librdimon_nano.a
LOAD CMSIS/core/core_cm3.o
LOAD StdPeriph_Driver/src/misc.o
LOAD StdPeriph_Driver/src/stm32f10x_adc.o
LOAD StdPeriph_Driver/src/stm32f10x_bkp.o
LOAD StdPeriph_Driver/src/stm32f10x_can.o
LOAD StdPeriph_Driver/src/stm32f10x_cec.o
LOAD StdPeriph_Driver/src/stm32f10x_crc.o
LOAD StdPeriph_Driver/src/stm32f10x_dac.o
LOAD StdPeriph_Driver/src/stm32f10x_dbgmcu.o
LOAD StdPeriph_Driver/src/stm32f10x_dma.o
LOAD StdPeriph_Driver/src/stm32f10x_exti.o
LOAD StdPeriph_Driver/src/stm32f10x_flash.o
LOAD StdPeriph_Driver/src/stm32f10x_fsmc.o
LOAD StdPeriph_Driver/src/stm32f10x_gpio.o
LOAD StdPeriph_Driver/src/stm32f10x_i2c.o
LOAD StdPeriph_Driver/src/stm32f10x_iwdg.o
LOAD StdPeriph_Driver/src/stm32f10x_pwr.o
LOAD StdPeriph_Driver/src/stm32f10x_rcc.o
LOAD StdPeriph_Driver/src/stm32f10x_rtc.o
LOAD StdPeriph_Driver/src/stm32f10x_sdio.o
LOAD StdPeriph_Driver/src/stm32f10x_spi.o
LOAD StdPeriph_Driver/src/stm32f10x_tim.o
LOAD StdPeriph_Driver/src/stm32f10x_usart.o
LOAD StdPeriph_Driver/src/stm32f10x_wwdg.o
LOAD src/buffors.o
LOAD src/config.o
LOAD src/main.o
LOAD src/rtc.o
LOAD src/scan_timer.o
LOAD src/system_stm32f10x.o
LOAD src/timers.o
LOAD src/uart_interrupt.o
LOAD src/usart_dma.o
LOAD startup/startup_stm32.o
LOAD /home/gwarchol/Ac6/SystemWorkbench/plugins/fr.ac6.mcu.externaltools.arm-none.linux64_1.15.0.201708311556/tools/compiler/bin/../lib/gcc/arm-none-eabi/6.3.1/../../../../arm-none-eabi/lib/thumb/v7-m/libm.a
START GROUP
LOAD /home/gwarchol/Ac6/SystemWorkbench/plugins/fr.ac6.mcu.externaltools.arm-none.linux64_1.15.0.201708311556/tools/compiler/bin/../lib/gcc/arm-none-eabi/6.3.1/thumb/v7-m/libgcc.a
LOAD /home/gwarchol/Ac6/SystemWorkbench/plugins/fr.ac6.mcu.externaltools.arm-none.linux64_1.15.0.201708311556/tools/compiler/bin/../lib/gcc/arm-none-eabi/6.3.1/../../../../arm-none-eabi/lib/thumb/v7-m/libc_nano.a
END GROUP
START GROUP
LOAD /home/gwarchol/Ac6/SystemWorkbench/plugins/fr.ac6.mcu.externaltools.arm-none.linux64_1.15.0.201708311556/tools/compiler/bin/../lib/gcc/arm-none-eabi/6.3.1/thumb/v7-m/libgcc.a
LOAD /home/gwarchol/Ac6/SystemWorkbench/plugins/fr.ac6.mcu.externaltools.arm-none.linux64_1.15.0.201708311556/tools/compiler/bin/../lib/gcc/arm-none-eabi/6.3.1/../../../../arm-none-eabi/lib/thumb/v7-m/libc_nano.a
LOAD /home/gwarchol/Ac6/SystemWorkbench/plugins/fr.ac6.mcu.externaltools.arm-none.linux64_1.15.0.201708311556/tools/compiler/bin/../lib/gcc/arm-none-eabi/6.3.1/../../../../arm-none-eabi/lib/thumb/v7-m/libnosys.a
END GROUP
START GROUP
LOAD /home/gwarchol/Ac6/SystemWorkbench/plugins/fr.ac6.mcu.externaltools.arm-none.linux64_1.15.0.201708311556/tools/compiler/bin/../lib/gcc/arm-none-eabi/6.3.1/thumb/v7-m/libgcc.a
LOAD /home/gwarchol/Ac6/SystemWorkbench/plugins/fr.ac6.mcu.externaltools.arm-none.linux64_1.15.0.201708311556/tools/compiler/bin/../lib/gcc/arm-none-eabi/6.3.1/../../../../arm-none-eabi/lib/thumb/v7-m/libc_nano.a
LOAD /home/gwarchol/Ac6/SystemWorkbench/plugins/fr.ac6.mcu.externaltools.arm-none.linux64_1.15.0.201708311556/tools/compiler/bin/../lib/gcc/arm-none-eabi/6.3.1/../../../../arm-none-eabi/lib/thumb/v7-m/librdimon_nano.a
LOAD /home/gwarchol/Ac6/SystemWorkbench/plugins/fr.ac6.mcu.externaltools.arm-none.linux64_1.15.0.201708311556/tools/compiler/bin/../lib/gcc/arm-none-eabi/6.3.1/../../../../arm-none-eabi/lib/thumb/v7-m/libnosys.a
END GROUP
START GROUP
LOAD /home/gwarchol/Ac6/SystemWorkbench/plugins/fr.ac6.mcu.externaltools.arm-none.linux64_1.15.0.201708311556/tools/compiler/bin/../lib/gcc/arm-none-eabi/6.3.1/thumb/v7-m/libgcc.a
LOAD /home/gwarchol/Ac6/SystemWorkbench/plugins/fr.ac6.mcu.externaltools.arm-none.linux64_1.15.0.201708311556/tools/compiler/bin/../lib/gcc/arm-none-eabi/6.3.1/../../../../arm-none-eabi/lib/thumb/v7-m/libc_nano.a
LOAD /home/gwarchol/Ac6/SystemWorkbench/plugins/fr.ac6.mcu.externaltools.arm-none.linux64_1.15.0.201708311556/tools/compiler/bin/../lib/gcc/arm-none-eabi/6.3.1/../../../../arm-none-eabi/lib/thumb/v7-m/librdimon_nano.a
END GROUP
LOAD /home/gwarchol/Ac6/SystemWorkbench/plugins/fr.ac6.mcu.externaltools.arm-none.linux64_1.15.0.201708311556/tools/compiler/bin/../lib/gcc/arm-none-eabi/6.3.1/thumb/v7-m/crtend.o
LOAD /home/gwarchol/Ac6/SystemWorkbench/plugins/fr.ac6.mcu.externaltools.arm-none.linux64_1.15.0.201708311556/tools/compiler/bin/../lib/gcc/arm-none-eabi/6.3.1/thumb/v7-m/crtn.o
                0x0000000020002800                _estack = 0x20002800
                0x0000000000000000                _Min_Heap_Size = 0x0
                0x0000000000000400                _Min_Stack_Size = 0x400

.isr_vector     0x0000000008000000      0x130
                0x0000000008000000                . = ALIGN (0x4)
 *(.isr_vector)
 .isr_vector    0x0000000008000000      0x130 startup/startup_stm32.o
                0x0000000008000000                g_pfnVectors
                0x0000000008000130                . = ALIGN (0x4)

.text           0x0000000008000130     0x290c
                0x0000000008000130                . = ALIGN (0x4)
 *(.text)
 .text          0x0000000008000130       0x6c /home/gwarchol/Ac6/SystemWorkbench/plugins/fr.ac6.mcu.externaltools.arm-none.linux64_1.15.0.201708311556/tools/compiler/bin/../lib/gcc/arm-none-eabi/6.3.1/thumb/v7-m/crtbegin.o
 *(.text*)
 .text.__libc_init_array
                0x000000000800019c       0x48 /home/gwarchol/Ac6/SystemWorkbench/plugins/fr.ac6.mcu.externaltools.arm-none.linux64_1.15.0.201708311556/tools/compiler/bin/../lib/gcc/arm-none-eabi/6.3.1/../../../../arm-none-eabi/lib/thumb/v7-m/libc_nano.a(lib_a-init.o)
                0x000000000800019c                __libc_init_array
 .text.memset   0x00000000080001e4       0x10 /home/gwarchol/Ac6/SystemWorkbench/plugins/fr.ac6.mcu.externaltools.arm-none.linux64_1.15.0.201708311556/tools/compiler/bin/../lib/gcc/arm-none-eabi/6.3.1/../../../../arm-none-eabi/lib/thumb/v7-m/libc_nano.a(lib_a-memset.o)
                0x00000000080001e4                memset
 .text.findslot
                0x00000000080001f4       0x34 /home/gwarchol/Ac6/SystemWorkbench/plugins/fr.ac6.mcu.externaltools.arm-none.linux64_1.15.0.201708311556/tools/compiler/bin/../lib/gcc/arm-none-eabi/6.3.1/../../../../arm-none-eabi/lib/thumb/v7-m/librdimon_nano.a(rdimon-syscalls.o)
 .text.checkerror
                0x0000000008000228       0x20 /home/gwarchol/Ac6/SystemWorkbench/plugins/fr.ac6.mcu.externaltools.arm-none.linux64_1.15.0.201708311556/tools/compiler/bin/../lib/gcc/arm-none-eabi/6.3.1/../../../../arm-none-eabi/lib/thumb/v7-m/librdimon_nano.a(rdimon-syscalls.o)
 .text.error    0x0000000008000248       0x1c /home/gwarchol/Ac6/SystemWorkbench/plugins/fr.ac6.mcu.externaltools.arm-none.linux64_1.15.0.201708311556/tools/compiler/bin/../lib/gcc/arm-none-eabi/6.3.1/../../../../arm-none-eabi/lib/thumb/v7-m/librdimon_nano.a(rdimon-syscalls.o)
 .text.initialise_monitor_handles
                0x0000000008000264       0xa4 /home/gwarchol/Ac6/SystemWorkbench/plugins/fr.ac6.mcu.externaltools.arm-none.linux64_1.15.0.201708311556/tools/compiler/bin/../lib/gcc/arm-none-eabi/6.3.1/../../../../arm-none-eabi/lib/thumb/v7-m/librdimon_nano.a(rdimon-syscalls.o)
                0x0000000008000264                initialise_monitor_handles
 .text._swiread
                0x0000000008000308       0x20 /home/gwarchol/Ac6/SystemWorkbench/plugins/fr.ac6.mcu.externaltools.arm-none.linux64_1.15.0.201708311556/tools/compiler/bin/../lib/gcc/arm-none-eabi/6.3.1/../../../../arm-none-eabi/lib/thumb/v7-m/librdimon_nano.a(rdimon-syscalls.o)
                0x0000000008000308                _swiread
 .text._read    0x0000000008000328       0x34 /home/gwarchol/Ac6/SystemWorkbench/plugins/fr.ac6.mcu.externaltools.arm-none.linux64_1.15.0.201708311556/tools/compiler/bin/../lib/gcc/arm-none-eabi/6.3.1/../../../../arm-none-eabi/lib/thumb/v7-m/librdimon_nano.a(rdimon-syscalls.o)
                0x0000000008000328                _read
 .text._swilseek
                0x000000000800035c       0x7a /home/gwarchol/Ac6/SystemWorkbench/plugins/fr.ac6.mcu.externaltools.arm-none.linux64_1.15.0.201708311556/tools/compiler/bin/../lib/gcc/arm-none-eabi/6.3.1/../../../../arm-none-eabi/lib/thumb/v7-m/librdimon_nano.a(rdimon-syscalls.o)
                0x000000000800035c                _swilseek
 .text._lseek   0x00000000080003d6        0x4 /home/gwarchol/Ac6/SystemWorkbench/plugins/fr.ac6.mcu.externaltools.arm-none.linux64_1.15.0.201708311556/tools/compiler/bin/../lib/gcc/arm-none-eabi/6.3.1/../../../../arm-none-eabi/lib/thumb/v7-m/librdimon_nano.a(rdimon-syscalls.o)
                0x00000000080003d6                _lseek
 .text._swiwrite
                0x00000000080003da       0x20 /home/gwarchol/Ac6/SystemWorkbench/plugins/fr.ac6.mcu.externaltools.arm-none.linux64_1.15.0.201708311556/tools/compiler/bin/../lib/gcc/arm-none-eabi/6.3.1/../../../../arm-none-eabi/lib/thumb/v7-m/librdimon_nano.a(rdimon-syscalls.o)
                0x00000000080003da                _swiwrite
 .text._write   0x00000000080003fa       0x40 /home/gwarchol/Ac6/SystemWorkbench/plugins/fr.ac6.mcu.externaltools.arm-none.linux64_1.15.0.201708311556/tools/compiler/bin/../lib/gcc/arm-none-eabi/6.3.1/../../../../arm-none-eabi/lib/thumb/v7-m/librdimon_nano.a(rdimon-syscalls.o)
                0x00000000080003fa                _write
 .text._swiclose
                0x000000000800043a       0x1c /home/gwarchol/Ac6/SystemWorkbench/plugins/fr.ac6.mcu.externaltools.arm-none.linux64_1.15.0.201708311556/tools/compiler/bin/../lib/gcc/arm-none-eabi/6.3.1/../../../../arm-none-eabi/lib/thumb/v7-m/librdimon_nano.a(rdimon-syscalls.o)
                0x000000000800043a                _swiclose
 *fill*         0x0000000008000456        0x2 
 .text._close   0x0000000008000458       0x48 /home/gwarchol/Ac6/SystemWorkbench/plugins/fr.ac6.mcu.externaltools.arm-none.linux64_1.15.0.201708311556/tools/compiler/bin/../lib/gcc/arm-none-eabi/6.3.1/../../../../arm-none-eabi/lib/thumb/v7-m/librdimon_nano.a(rdimon-syscalls.o)
                0x0000000008000458                _close
 .text._sbrk    0x00000000080004a0       0x48 /home/gwarchol/Ac6/SystemWorkbench/plugins/fr.ac6.mcu.externaltools.arm-none.linux64_1.15.0.201708311556/tools/compiler/bin/../lib/gcc/arm-none-eabi/6.3.1/../../../../arm-none-eabi/lib/thumb/v7-m/librdimon_nano.a(rdimon-syscalls.o)
                0x00000000080004a0                _sbrk
 .text._swistat
                0x00000000080004e8       0x42 /home/gwarchol/Ac6/SystemWorkbench/plugins/fr.ac6.mcu.externaltools.arm-none.linux64_1.15.0.201708311556/tools/compiler/bin/../lib/gcc/arm-none-eabi/6.3.1/../../../../arm-none-eabi/lib/thumb/v7-m/librdimon_nano.a(rdimon-syscalls.o)
                0x00000000080004e8                _swistat
 .text._fstat   0x000000000800052a       0x1c /home/gwarchol/Ac6/SystemWorkbench/plugins/fr.ac6.mcu.externaltools.arm-none.linux64_1.15.0.201708311556/tools/compiler/bin/../lib/gcc/arm-none-eabi/6.3.1/../../../../arm-none-eabi/lib/thumb/v7-m/librdimon_nano.a(rdimon-syscalls.o)
                0x000000000800052a                _fstat
 .text._isatty  0x0000000008000546       0x38 /home/gwarchol/Ac6/SystemWorkbench/plugins/fr.ac6.mcu.externaltools.arm-none.linux64_1.15.0.201708311556/tools/compiler/bin/../lib/gcc/arm-none-eabi/6.3.1/../../../../arm-none-eabi/lib/thumb/v7-m/librdimon_nano.a(rdimon-syscalls.o)
                0x0000000008000546                _isatty
 *fill*         0x000000000800057e        0x2 
 .text.NVIC_PriorityGroupConfig
                0x0000000008000580       0x14 StdPeriph_Driver/src/misc.o
                0x0000000008000580                NVIC_PriorityGroupConfig
 .text.NVIC_Init
                0x0000000008000594       0x64 StdPeriph_Driver/src/misc.o
                0x0000000008000594                NVIC_Init
 .text.BKP_DeInit
                0x00000000080005f8       0x10 StdPeriph_Driver/src/stm32f10x_bkp.o
                0x00000000080005f8                BKP_DeInit
 .text.BKP_ReadBackupRegister
                0x0000000008000608       0x20 StdPeriph_Driver/src/stm32f10x_bkp.o
                0x0000000008000608                BKP_ReadBackupRegister
 .text.DMA_DeInit
                0x0000000008000628      0x128 StdPeriph_Driver/src/stm32f10x_dma.o
                0x0000000008000628                DMA_DeInit
 .text.DMA_Init
                0x0000000008000750       0x3e StdPeriph_Driver/src/stm32f10x_dma.o
                0x0000000008000750                DMA_Init
 .text.DMA_Cmd  0x000000000800078e       0x1a StdPeriph_Driver/src/stm32f10x_dma.o
                0x000000000800078e                DMA_Cmd
 .text.DMA_GetCurrDataCounter
                0x00000000080007a8        0x6 StdPeriph_Driver/src/stm32f10x_dma.o
                0x00000000080007a8                DMA_GetCurrDataCounter
 *fill*         0x00000000080007ae        0x2 
 .text.DMA_GetFlagStatus
                0x00000000080007b0       0x20 StdPeriph_Driver/src/stm32f10x_dma.o
                0x00000000080007b0                DMA_GetFlagStatus
 .text.FLASH_SetLatency
                0x00000000080007d0       0x14 StdPeriph_Driver/src/stm32f10x_flash.o
                0x00000000080007d0                FLASH_SetLatency
 .text.FLASH_PrefetchBufferCmd
                0x00000000080007e4       0x18 StdPeriph_Driver/src/stm32f10x_flash.o
                0x00000000080007e4                FLASH_PrefetchBufferCmd
 .text.GPIO_Init
                0x00000000080007fc       0xa4 StdPeriph_Driver/src/stm32f10x_gpio.o
                0x00000000080007fc                GPIO_Init
 .text.GPIO_WriteBit
                0x00000000080008a0        0xa StdPeriph_Driver/src/stm32f10x_gpio.o
                0x00000000080008a0                GPIO_WriteBit
 *fill*         0x00000000080008aa        0x2 
 .text.PWR_BackupAccessCmd
                0x00000000080008ac        0xc StdPeriph_Driver/src/stm32f10x_pwr.o
                0x00000000080008ac                PWR_BackupAccessCmd
 .text.RCC_DeInit
                0x00000000080008b8       0x40 StdPeriph_Driver/src/stm32f10x_rcc.o
                0x00000000080008b8                RCC_DeInit
 .text.RCC_HSEConfig
                0x00000000080008f8       0x3c StdPeriph_Driver/src/stm32f10x_rcc.o
                0x00000000080008f8                RCC_HSEConfig
 .text.RCC_PLLConfig
                0x0000000008000934       0x14 StdPeriph_Driver/src/stm32f10x_rcc.o
                0x0000000008000934                RCC_PLLConfig
 .text.RCC_PLLCmd
                0x0000000008000948        0xc StdPeriph_Driver/src/stm32f10x_rcc.o
                0x0000000008000948                RCC_PLLCmd
 .text.RCC_SYSCLKConfig
                0x0000000008000954       0x14 StdPeriph_Driver/src/stm32f10x_rcc.o
                0x0000000008000954                RCC_SYSCLKConfig
 .text.RCC_GetSYSCLKSource
                0x0000000008000968       0x10 StdPeriph_Driver/src/stm32f10x_rcc.o
                0x0000000008000968                RCC_GetSYSCLKSource
 .text.RCC_HCLKConfig
                0x0000000008000978       0x14 StdPeriph_Driver/src/stm32f10x_rcc.o
                0x0000000008000978                RCC_HCLKConfig
 .text.RCC_PCLK1Config
                0x000000000800098c       0x14 StdPeriph_Driver/src/stm32f10x_rcc.o
                0x000000000800098c                RCC_PCLK1Config
 .text.RCC_PCLK2Config
                0x00000000080009a0       0x14 StdPeriph_Driver/src/stm32f10x_rcc.o
                0x00000000080009a0                RCC_PCLK2Config
 .text.RCC_LSEConfig
                0x00000000080009b4       0x28 StdPeriph_Driver/src/stm32f10x_rcc.o
                0x00000000080009b4                RCC_LSEConfig
 .text.RCC_RTCCLKConfig
                0x00000000080009dc       0x10 StdPeriph_Driver/src/stm32f10x_rcc.o
                0x00000000080009dc                RCC_RTCCLKConfig
 .text.RCC_RTCCLKCmd
                0x00000000080009ec        0xc StdPeriph_Driver/src/stm32f10x_rcc.o
                0x00000000080009ec                RCC_RTCCLKCmd
 .text.RCC_GetClocksFreq
                0x00000000080009f8       0xb0 StdPeriph_Driver/src/stm32f10x_rcc.o
                0x00000000080009f8                RCC_GetClocksFreq
 .text.RCC_AHBPeriphClockCmd
                0x0000000008000aa8       0x1c StdPeriph_Driver/src/stm32f10x_rcc.o
                0x0000000008000aa8                RCC_AHBPeriphClockCmd
 .text.RCC_APB2PeriphClockCmd
                0x0000000008000ac4       0x1c StdPeriph_Driver/src/stm32f10x_rcc.o
                0x0000000008000ac4                RCC_APB2PeriphClockCmd
 .text.RCC_APB1PeriphClockCmd
                0x0000000008000ae0       0x1c StdPeriph_Driver/src/stm32f10x_rcc.o
                0x0000000008000ae0                RCC_APB1PeriphClockCmd
 .text.RCC_BackupResetCmd
                0x0000000008000afc        0xc StdPeriph_Driver/src/stm32f10x_rcc.o
                0x0000000008000afc                RCC_BackupResetCmd
 .text.RCC_GetFlagStatus
                0x0000000008000b08       0x28 StdPeriph_Driver/src/stm32f10x_rcc.o
                0x0000000008000b08                RCC_GetFlagStatus
 .text.RCC_WaitForHSEStartUp
                0x0000000008000b30       0x32 StdPeriph_Driver/src/stm32f10x_rcc.o
                0x0000000008000b30                RCC_WaitForHSEStartUp
 *fill*         0x0000000008000b62        0x2 
 .text.RCC_ClearFlag
                0x0000000008000b64       0x10 StdPeriph_Driver/src/stm32f10x_rcc.o
                0x0000000008000b64                RCC_ClearFlag
 .text.RTC_ITConfig
                0x0000000008000b74       0x20 StdPeriph_Driver/src/stm32f10x_rtc.o
                0x0000000008000b74                RTC_ITConfig
 .text.RTC_EnterConfigMode
                0x0000000008000b94       0x14 StdPeriph_Driver/src/stm32f10x_rtc.o
                0x0000000008000b94                RTC_EnterConfigMode
 .text.RTC_ExitConfigMode
                0x0000000008000ba8       0x14 StdPeriph_Driver/src/stm32f10x_rtc.o
                0x0000000008000ba8                RTC_ExitConfigMode
 .text.RTC_GetCounter
                0x0000000008000bbc       0x14 StdPeriph_Driver/src/stm32f10x_rtc.o
                0x0000000008000bbc                RTC_GetCounter
 .text.RTC_SetPrescaler
                0x0000000008000bd0       0x20 StdPeriph_Driver/src/stm32f10x_rtc.o
                0x0000000008000bd0                RTC_SetPrescaler
 .text.RTC_WaitForLastTask
                0x0000000008000bf0       0x10 StdPeriph_Driver/src/stm32f10x_rtc.o
                0x0000000008000bf0                RTC_WaitForLastTask
 .text.RTC_WaitForSynchro
                0x0000000008000c00       0x1c StdPeriph_Driver/src/stm32f10x_rtc.o
                0x0000000008000c00                RTC_WaitForSynchro
 .text.RTC_GetITStatus
                0x0000000008000c1c       0x24 StdPeriph_Driver/src/stm32f10x_rtc.o
                0x0000000008000c1c                RTC_GetITStatus
 .text.RTC_ClearITPendingBit
                0x0000000008000c40       0x14 StdPeriph_Driver/src/stm32f10x_rtc.o
                0x0000000008000c40                RTC_ClearITPendingBit
 .text.TIM_TimeBaseInit
                0x0000000008000c54       0xa0 StdPeriph_Driver/src/stm32f10x_tim.o
                0x0000000008000c54                TIM_TimeBaseInit
 .text.TIM_OC1Init
                0x0000000008000cf4       0x8c StdPeriph_Driver/src/stm32f10x_tim.o
                0x0000000008000cf4                TIM_OC1Init
 .text.TIM_OC2Init
                0x0000000008000d80       0x84 StdPeriph_Driver/src/stm32f10x_tim.o
                0x0000000008000d80                TIM_OC2Init
 .text.TIM_OC3Init
                0x0000000008000e04       0x80 StdPeriph_Driver/src/stm32f10x_tim.o
                0x0000000008000e04                TIM_OC3Init
 .text.TIM_OC4Init
                0x0000000008000e84       0x6c StdPeriph_Driver/src/stm32f10x_tim.o
                0x0000000008000e84                TIM_OC4Init
 .text.TIM_Cmd  0x0000000008000ef0       0x1c StdPeriph_Driver/src/stm32f10x_tim.o
                0x0000000008000ef0                TIM_Cmd
 .text.TIM_ITConfig
                0x0000000008000f0c       0x18 StdPeriph_Driver/src/stm32f10x_tim.o
                0x0000000008000f0c                TIM_ITConfig
 .text.TIM_OC1PreloadConfig
                0x0000000008000f24       0x10 StdPeriph_Driver/src/stm32f10x_tim.o
                0x0000000008000f24                TIM_OC1PreloadConfig
 .text.TIM_OC2PreloadConfig
                0x0000000008000f34       0x14 StdPeriph_Driver/src/stm32f10x_tim.o
                0x0000000008000f34                TIM_OC2PreloadConfig
 .text.TIM_OC3PreloadConfig
                0x0000000008000f48       0x10 StdPeriph_Driver/src/stm32f10x_tim.o
                0x0000000008000f48                TIM_OC3PreloadConfig
 .text.TIM_OC4PreloadConfig
                0x0000000008000f58       0x14 StdPeriph_Driver/src/stm32f10x_tim.o
                0x0000000008000f58                TIM_OC4PreloadConfig
 .text.TIM_SetCompare1
                0x0000000008000f6c        0x4 StdPeriph_Driver/src/stm32f10x_tim.o
                0x0000000008000f6c                TIM_SetCompare1
 .text.TIM_SetCompare2
                0x0000000008000f70        0x4 StdPeriph_Driver/src/stm32f10x_tim.o
                0x0000000008000f70                TIM_SetCompare2
 .text.TIM_SetCompare3
                0x0000000008000f74        0x4 StdPeriph_Driver/src/stm32f10x_tim.o
                0x0000000008000f74                TIM_SetCompare3
 .text.TIM_SetCompare4
                0x0000000008000f78        0x6 StdPeriph_Driver/src/stm32f10x_tim.o
                0x0000000008000f78                TIM_SetCompare4
 .text.TIM_GetCapture1
                0x0000000008000f7e        0x6 StdPeriph_Driver/src/stm32f10x_tim.o
                0x0000000008000f7e                TIM_GetCapture1
 .text.TIM_GetCapture2
                0x0000000008000f84        0x6 StdPeriph_Driver/src/stm32f10x_tim.o
                0x0000000008000f84                TIM_GetCapture2
 .text.TIM_GetCapture3
                0x0000000008000f8a        0x6 StdPeriph_Driver/src/stm32f10x_tim.o
                0x0000000008000f8a                TIM_GetCapture3
 .text.TIM_GetCapture4
                0x0000000008000f90        0x8 StdPeriph_Driver/src/stm32f10x_tim.o
                0x0000000008000f90                TIM_GetCapture4
 .text.TIM_GetITStatus
                0x0000000008000f98       0x18 StdPeriph_Driver/src/stm32f10x_tim.o
                0x0000000008000f98                TIM_GetITStatus
 .text.TIM_ClearITPendingBit
                0x0000000008000fb0        0x8 StdPeriph_Driver/src/stm32f10x_tim.o
                0x0000000008000fb0                TIM_ClearITPendingBit
 .text.USART_Init
                0x0000000008000fb8       0xb8 StdPeriph_Driver/src/stm32f10x_usart.o
                0x0000000008000fb8                USART_Init
 .text.USART_Cmd
                0x0000000008001070       0x1c StdPeriph_Driver/src/stm32f10x_usart.o
                0x0000000008001070                USART_Cmd
 .text.USART_ITConfig
                0x000000000800108c       0x36 StdPeriph_Driver/src/stm32f10x_usart.o
                0x000000000800108c                USART_ITConfig
 .text.USART_DMACmd
                0x00000000080010c2       0x18 StdPeriph_Driver/src/stm32f10x_usart.o
                0x00000000080010c2                USART_DMACmd
 .text.USART_SendData
                0x00000000080010da        0x8 StdPeriph_Driver/src/stm32f10x_usart.o
                0x00000000080010da                USART_SendData
 .text.USART_ReceiveData
                0x00000000080010e2        0x8 StdPeriph_Driver/src/stm32f10x_usart.o
                0x00000000080010e2                USART_ReceiveData
 .text.USART_GetITStatus
                0x00000000080010ea       0x44 StdPeriph_Driver/src/stm32f10x_usart.o
                0x00000000080010ea                USART_GetITStatus
 .text.addToBuffor
                0x000000000800112e       0x18 src/buffors.o
                0x000000000800112e                addToBuffor
 .text.getFromBuffor
                0x0000000008001146       0x3e src/buffors.o
                0x0000000008001146                getFromBuffor
 .text.getBufforSize
                0x0000000008001184        0x6 src/buffors.o
                0x0000000008001184                getBufforSize
 .text.isBufforEmpty
                0x000000000800118a        0xc src/buffors.o
                0x000000000800118a                isBufforEmpty
 .text.clearBuffor
                0x0000000008001196        0xe src/buffors.o
                0x0000000008001196                clearBuffor
 .text.initBuffor
                0x00000000080011a4        0xe src/buffors.o
                0x00000000080011a4                initBuffor
 *fill*         0x00000000080011b2        0x2 
 .text.device_init
                0x00000000080011b4       0x40 src/config.o
                0x00000000080011b4                device_init
 .text.turnOnOffLed
                0x00000000080011f4       0x1c src/config.o
                0x00000000080011f4                turnOnOffLed
 .text.RCC_Conf
                0x0000000008001210       0x66 src/config.o
                0x0000000008001210                RCC_Conf
 .text.AddCRC   0x0000000008001276       0x22 src/main.o
                0x0000000008001276                AddCRC
 .text.main     0x0000000008001298       0xf8 src/main.o
                0x0000000008001298                main
 .text.RTC_Configuration
                0x0000000008001390       0x58 src/rtc.o
                0x0000000008001390                RTC_Configuration
 .text.NVIC_RTC_Configuration
                0x00000000080013e8       0x2e src/rtc.o
                0x00000000080013e8                NVIC_RTC_Configuration
 *fill*         0x0000000008001416        0x2 
 .text.rtc_init
                0x0000000008001418       0x64 src/rtc.o
                0x0000000008001418                rtc_init
 .text.RTC_IRQHandler
                0x000000000800147c       0x44 src/rtc.o
                0x000000000800147c                RTC_IRQHandler
 .text.getTimerChannelState
                0x00000000080014c0       0x34 src/scan_timer.o
                0x00000000080014c0                getTimerChannelState
 .text.setTimerChannelState
                0x00000000080014f4       0x28 src/scan_timer.o
                0x00000000080014f4                setTimerChannelState
 .text.init_timer
                0x000000000800151c       0xe4 src/scan_timer.o
                0x000000000800151c                init_timer
 .text.TIM1_CC_IRQHandler
                0x0000000008001600       0xd4 src/scan_timer.o
                0x0000000008001600                TIM1_CC_IRQHandler
 .text.SystemInit
                0x00000000080016d4      0x104 src/system_stm32f10x.o
                0x00000000080016d4                SystemInit
 .text.USART1_IRQHandler
                0x00000000080017d8       0x80 src/uart_interrupt.o
                0x00000000080017d8                USART1_IRQHandler
 .text.GPIO_DMA_Configuration
                0x0000000008001858       0x44 src/usart_dma.o
                0x0000000008001858                GPIO_DMA_Configuration
 .text.RCC_DMA_Configuration
                0x000000000800189c       0x1e src/usart_dma.o
                0x000000000800189c                RCC_DMA_Configuration
 *fill*         0x00000000080018ba        0x2 
 .text.DMA_Configuration
                0x00000000080018bc       0x74 src/usart_dma.o
                0x00000000080018bc                DMA_Configuration
 .text.usart_dma_init
                0x0000000008001930       0x74 src/usart_dma.o
                0x0000000008001930                usart_dma_init
 .text.analizeIncomingDMAData
                0x00000000080019a4       0x38 src/usart_dma.o
                0x00000000080019a4                analizeIncomingDMAData
 .text.uart_dma_send_data
                0x00000000080019dc       0x24 src/usart_dma.o
                0x00000000080019dc                uart_dma_send_data
 .text.reconfigure_dma_to_reception
                0x0000000008001a00       0x4c src/usart_dma.o
                0x0000000008001a00                reconfigure_dma_to_reception
 .text.reconfigure_dma_to_transmision
                0x0000000008001a4c       0x44 src/usart_dma.o
                0x0000000008001a4c                reconfigure_dma_to_transmision
 .text.controlUartTransfer
                0x0000000008001a90       0x64 src/usart_dma.o
                0x0000000008001a90                controlUartTransfer
 .text.Reset_Handler
                0x0000000008001af4       0x50 startup/startup_stm32.o
                0x0000000008001af4                Reset_Handler
 .text.Default_Handler
                0x0000000008001b44        0x2 startup/startup_stm32.o
                0x0000000008001b44                EXTI2_IRQHandler
                0x0000000008001b44                TIM8_TRG_COM_IRQHandler
                0x0000000008001b44                TIM8_CC_IRQHandler
                0x0000000008001b44                DebugMon_Handler
                0x0000000008001b44                HardFault_Handler
                0x0000000008001b44                TIM6_IRQHandler
                0x0000000008001b44                SysTick_Handler
                0x0000000008001b44                PVD_IRQHandler
                0x0000000008001b44                SDIO_IRQHandler
                0x0000000008001b44                PendSV_Handler
                0x0000000008001b44                NMI_Handler
                0x0000000008001b44                EXTI3_IRQHandler
                0x0000000008001b44                USB_HP_CAN_TX_IRQHandler
                0x0000000008001b44                EXTI0_IRQHandler
                0x0000000008001b44                I2C2_EV_IRQHandler
                0x0000000008001b44                UsageFault_Handler
                0x0000000008001b44                ADC1_2_IRQHandler
                0x0000000008001b44                SPI1_IRQHandler
                0x0000000008001b44                CAN_SCE_IRQHandler
                0x0000000008001b44                TAMPER_IRQHandler
                0x0000000008001b44                TIM8_UP_IRQHandler
                0x0000000008001b44                DMA2_Channel2_IRQHandler
                0x0000000008001b44                DMA1_Channel4_IRQHandler
                0x0000000008001b44                USART3_IRQHandler
                0x0000000008001b44                DMA1_Channel7_IRQHandler
                0x0000000008001b44                UART5_IRQHandler
                0x0000000008001b44                ADC3_IRQHandler
                0x0000000008001b44                TIM4_IRQHandler
                0x0000000008001b44                CAN_RX1_IRQHandler
                0x0000000008001b44                DMA2_Channel1_IRQHandler
                0x0000000008001b44                I2C1_EV_IRQHandler
                0x0000000008001b44                DMA1_Channel6_IRQHandler
                0x0000000008001b44                UART4_IRQHandler
                0x0000000008001b44                TIM3_IRQHandler
                0x0000000008001b44                RCC_IRQHandler
                0x0000000008001b44                TIM1_TRG_COM_IRQHandler
                0x0000000008001b44                DMA1_Channel1_IRQHandler
                0x0000000008001b44                Default_Handler
                0x0000000008001b44                EXTI15_10_IRQHandler
                0x0000000008001b44                TIM7_IRQHandler
                0x0000000008001b44                TIM5_IRQHandler
                0x0000000008001b44                EXTI9_5_IRQHandler
                0x0000000008001b44                SPI2_IRQHandler
                0x0000000008001b44                USB_LP_CAN_RX0_IRQHandler
                0x0000000008001b44                MemManage_Handler
                0x0000000008001b44                SVC_Handler
                0x0000000008001b44                DMA1_Channel5_IRQHandler
                0x0000000008001b44                EXTI4_IRQHandler
                0x0000000008001b44                DMA1_Channel3_IRQHandler
                0x0000000008001b44                FSMC_IRQHandler
                0x0000000008001b44                TIM1_UP_IRQHandler
                0x0000000008001b44                WWDG_IRQHandler
                0x0000000008001b44                TIM2_IRQHandler
                0x0000000008001b44                TIM1_BRK_IRQHandler
                0x0000000008001b44                EXTI1_IRQHandler
                0x0000000008001b44                RTCAlarm_IRQHandler
                0x0000000008001b44                DMA2_Channel4_5_IRQHandler
                0x0000000008001b44                USART2_IRQHandler
                0x0000000008001b44                I2C2_ER_IRQHandler
                0x0000000008001b44                DMA1_Channel2_IRQHandler
                0x0000000008001b44                TIM8_BRK_IRQHandler
                0x0000000008001b44                FLASH_IRQHandler
                0x0000000008001b44                BusFault_Handler
                0x0000000008001b44                SPI3_IRQHandler
                0x0000000008001b44                I2C1_ER_IRQHandler
                0x0000000008001b44                DMA2_Channel3_IRQHandler
 *fill*         0x0000000008001b46        0x2 
 .text.__errno  0x0000000008001b48        0xc /home/gwarchol/Ac6/SystemWorkbench/plugins/fr.ac6.mcu.externaltools.arm-none.linux64_1.15.0.201708311556/tools/compiler/bin/../lib/gcc/arm-none-eabi/6.3.1/../../../../arm-none-eabi/lib/thumb/v7-m/libc_nano.a(lib_a-errno.o)
                0x0000000008001b48                __errno
 .text._cleanup_r
                0x0000000008001b54        0xc /home/gwarchol/Ac6/SystemWorkbench/plugins/fr.ac6.mcu.externaltools.arm-none.linux64_1.15.0.201708311556/tools/compiler/bin/../lib/gcc/arm-none-eabi/6.3.1/../../../../arm-none-eabi/lib/thumb/v7-m/libc_nano.a(lib_a-findfp.o)
                0x0000000008001b54                _cleanup_r
 .text.std.isra.0
                0x0000000008001b60       0x48 /home/gwarchol/Ac6/SystemWorkbench/plugins/fr.ac6.mcu.externaltools.arm-none.linux64_1.15.0.201708311556/tools/compiler/bin/../lib/gcc/arm-none-eabi/6.3.1/../../../../arm-none-eabi/lib/thumb/v7-m/libc_nano.a(lib_a-findfp.o)
 .text.__sfmoreglue
                0x0000000008001ba8       0x2c /home/gwarchol/Ac6/SystemWorkbench/plugins/fr.ac6.mcu.externaltools.arm-none.linux64_1.15.0.201708311556/tools/compiler/bin/../lib/gcc/arm-none-eabi/6.3.1/../../../../arm-none-eabi/lib/thumb/v7-m/libc_nano.a(lib_a-findfp.o)
                0x0000000008001ba8                __sfmoreglue
 .text.__sinit  0x0000000008001bd4       0x60 /home/gwarchol/Ac6/SystemWorkbench/plugins/fr.ac6.mcu.externaltools.arm-none.linux64_1.15.0.201708311556/tools/compiler/bin/../lib/gcc/arm-none-eabi/6.3.1/../../../../arm-none-eabi/lib/thumb/v7-m/libc_nano.a(lib_a-findfp.o)
                0x0000000008001bd4                __sinit
 .text.__sfp    0x0000000008001c34       0x78 /home/gwarchol/Ac6/SystemWorkbench/plugins/fr.ac6.mcu.externaltools.arm-none.linux64_1.15.0.201708311556/tools/compiler/bin/../lib/gcc/arm-none-eabi/6.3.1/../../../../arm-none-eabi/lib/thumb/v7-m/libc_nano.a(lib_a-findfp.o)
                0x0000000008001c34                __sfp
 .text._fwalk_reent
                0x0000000008001cac       0x3c /home/gwarchol/Ac6/SystemWorkbench/plugins/fr.ac6.mcu.externaltools.arm-none.linux64_1.15.0.201708311556/tools/compiler/bin/../lib/gcc/arm-none-eabi/6.3.1/../../../../arm-none-eabi/lib/thumb/v7-m/libc_nano.a(lib_a-fwalk.o)
                0x0000000008001cac                _fwalk_reent
 .text._malloc_r
                0x0000000008001ce8       0xbc /home/gwarchol/Ac6/SystemWorkbench/plugins/fr.ac6.mcu.externaltools.arm-none.linux64_1.15.0.201708311556/tools/compiler/bin/../lib/gcc/arm-none-eabi/6.3.1/../../../../arm-none-eabi/lib/thumb/v7-m/libc_nano.a(lib_a-nano-mallocr.o)
                0x0000000008001ce8                _malloc_r
 .text.printf   0x0000000008001da4       0x30 /home/gwarchol/Ac6/SystemWorkbench/plugins/fr.ac6.mcu.externaltools.arm-none.linux64_1.15.0.201708311556/tools/compiler/bin/../lib/gcc/arm-none-eabi/6.3.1/../../../../arm-none-eabi/lib/thumb/v7-m/libc_nano.a(lib_a-printf.o)
                0x0000000008001da4                printf
                0x0000000008001da4                iprintf
 .text._puts_r  0x0000000008001dd4       0xb8 /home/gwarchol/Ac6/SystemWorkbench/plugins/fr.ac6.mcu.externaltools.arm-none.linux64_1.15.0.201708311556/tools/compiler/bin/../lib/gcc/arm-none-eabi/6.3.1/../../../../arm-none-eabi/lib/thumb/v7-m/libc_nano.a(lib_a-puts.o)
                0x0000000008001dd4                _puts_r
 .text.puts     0x0000000008001e8c       0x10 /home/gwarchol/Ac6/SystemWorkbench/plugins/fr.ac6.mcu.externaltools.arm-none.linux64_1.15.0.201708311556/tools/compiler/bin/../lib/gcc/arm-none-eabi/6.3.1/../../../../arm-none-eabi/lib/thumb/v7-m/libc_nano.a(lib_a-puts.o)
                0x0000000008001e8c                puts
 .text._sbrk_r  0x0000000008001e9c       0x20 /home/gwarchol/Ac6/SystemWorkbench/plugins/fr.ac6.mcu.externaltools.arm-none.linux64_1.15.0.201708311556/tools/compiler/bin/../lib/gcc/arm-none-eabi/6.3.1/../../../../arm-none-eabi/lib/thumb/v7-m/libc_nano.a(lib_a-sbrkr.o)
                0x0000000008001e9c                _sbrk_r
 .text.__sread  0x0000000008001ebc       0x22 /home/gwarchol/Ac6/SystemWorkbench/plugins/fr.ac6.mcu.externaltools.arm-none.linux64_1.15.0.201708311556/tools/compiler/bin/../lib/gcc/arm-none-eabi/6.3.1/../../../../arm-none-eabi/lib/thumb/v7-m/libc_nano.a(lib_a-stdio.o)
                0x0000000008001ebc                __sread
 .text.__swrite
                0x0000000008001ede       0x38 /home/gwarchol/Ac6/SystemWorkbench/plugins/fr.ac6.mcu.externaltools.arm-none.linux64_1.15.0.201708311556/tools/compiler/bin/../lib/gcc/arm-none-eabi/6.3.1/../../../../arm-none-eabi/lib/thumb/v7-m/libc_nano.a(lib_a-stdio.o)
                0x0000000008001ede                __swrite
 .text.__sseek  0x0000000008001f16       0x24 /home/gwarchol/Ac6/SystemWorkbench/plugins/fr.ac6.mcu.externaltools.arm-none.linux64_1.15.0.201708311556/tools/compiler/bin/../lib/gcc/arm-none-eabi/6.3.1/../../../../arm-none-eabi/lib/thumb/v7-m/libc_nano.a(lib_a-stdio.o)
                0x0000000008001f16                __sseek
 .text.__sclose
                0x0000000008001f3a        0x8 /home/gwarchol/Ac6/SystemWorkbench/plugins/fr.ac6.mcu.externaltools.arm-none.linux64_1.15.0.201708311556/tools/compiler/bin/../lib/gcc/arm-none-eabi/6.3.1/../../../../arm-none-eabi/lib/thumb/v7-m/libc_nano.a(lib_a-stdio.o)
                0x0000000008001f3a                __sclose
 *fill*         0x0000000008001f42        0x2 
 .text.__swbuf_r
                0x0000000008001f44       0xa4 /home/gwarchol/Ac6/SystemWorkbench/plugins/fr.ac6.mcu.externaltools.arm-none.linux64_1.15.0.201708311556/tools/compiler/bin/../lib/gcc/arm-none-eabi/6.3.1/../../../../arm-none-eabi/lib/thumb/v7-m/libc_nano.a(lib_a-wbuf.o)
                0x0000000008001f44                __swbuf_r
 .text._write_r
                0x0000000008001fe8       0x24 /home/gwarchol/Ac6/SystemWorkbench/plugins/fr.ac6.mcu.externaltools.arm-none.linux64_1.15.0.201708311556/tools/compiler/bin/../lib/gcc/arm-none-eabi/6.3.1/../../../../arm-none-eabi/lib/thumb/v7-m/libc_nano.a(lib_a-writer.o)
                0x0000000008001fe8                _write_r
 .text.__swsetup_r
                0x000000000800200c       0xdc /home/gwarchol/Ac6/SystemWorkbench/plugins/fr.ac6.mcu.externaltools.arm-none.linux64_1.15.0.201708311556/tools/compiler/bin/../lib/gcc/arm-none-eabi/6.3.1/../../../../arm-none-eabi/lib/thumb/v7-m/libc_nano.a(lib_a-wsetup.o)
                0x000000000800200c                __swsetup_r
 .text._close_r
                0x00000000080020e8       0x20 /home/gwarchol/Ac6/SystemWorkbench/plugins/fr.ac6.mcu.externaltools.arm-none.linux64_1.15.0.201708311556/tools/compiler/bin/../lib/gcc/arm-none-eabi/6.3.1/../../../../arm-none-eabi/lib/thumb/v7-m/libc_nano.a(lib_a-closer.o)
                0x00000000080020e8                _close_r
 .text.__sflush_r
                0x0000000008002108      0x110 /home/gwarchol/Ac6/SystemWorkbench/plugins/fr.ac6.mcu.externaltools.arm-none.linux64_1.15.0.201708311556/tools/compiler/bin/../lib/gcc/arm-none-eabi/6.3.1/../../../../arm-none-eabi/lib/thumb/v7-m/libc_nano.a(lib_a-fflush.o)
                0x0000000008002108                __sflush_r
 .text._fflush_r
                0x0000000008002218       0x54 /home/gwarchol/Ac6/SystemWorkbench/plugins/fr.ac6.mcu.externaltools.arm-none.linux64_1.15.0.201708311556/tools/compiler/bin/../lib/gcc/arm-none-eabi/6.3.1/../../../../arm-none-eabi/lib/thumb/v7-m/libc_nano.a(lib_a-fflush.o)
                0x0000000008002218                _fflush_r
 .text._lseek_r
                0x000000000800226c       0x24 /home/gwarchol/Ac6/SystemWorkbench/plugins/fr.ac6.mcu.externaltools.arm-none.linux64_1.15.0.201708311556/tools/compiler/bin/../lib/gcc/arm-none-eabi/6.3.1/../../../../arm-none-eabi/lib/thumb/v7-m/libc_nano.a(lib_a-lseekr.o)
                0x000000000800226c                _lseek_r
 .text.__swhatbuf_r
                0x0000000008002290       0x48 /home/gwarchol/Ac6/SystemWorkbench/plugins/fr.ac6.mcu.externaltools.arm-none.linux64_1.15.0.201708311556/tools/compiler/bin/../lib/gcc/arm-none-eabi/6.3.1/../../../../arm-none-eabi/lib/thumb/v7-m/libc_nano.a(lib_a-makebuf.o)
                0x0000000008002290                __swhatbuf_r
 .text.__smakebuf_r
                0x00000000080022d8       0x80 /home/gwarchol/Ac6/SystemWorkbench/plugins/fr.ac6.mcu.externaltools.arm-none.linux64_1.15.0.201708311556/tools/compiler/bin/../lib/gcc/arm-none-eabi/6.3.1/../../../../arm-none-eabi/lib/thumb/v7-m/libc_nano.a(lib_a-makebuf.o)
                0x00000000080022d8                __smakebuf_r
 .text.__malloc_lock
                0x0000000008002358        0x2 /home/gwarchol/Ac6/SystemWorkbench/plugins/fr.ac6.mcu.externaltools.arm-none.linux64_1.15.0.201708311556/tools/compiler/bin/../lib/gcc/arm-none-eabi/6.3.1/../../../../arm-none-eabi/lib/thumb/v7-m/libc_nano.a(lib_a-mlock.o)
                0x0000000008002358                __malloc_lock
 .text.__malloc_unlock
                0x000000000800235a        0x2 /home/gwarchol/Ac6/SystemWorkbench/plugins/fr.ac6.mcu.externaltools.arm-none.linux64_1.15.0.201708311556/tools/compiler/bin/../lib/gcc/arm-none-eabi/6.3.1/../../../../arm-none-eabi/lib/thumb/v7-m/libc_nano.a(lib_a-mlock.o)
                0x000000000800235a                __malloc_unlock
 .text._free_r  0x000000000800235c       0x98 /home/gwarchol/Ac6/SystemWorkbench/plugins/fr.ac6.mcu.externaltools.arm-none.linux64_1.15.0.201708311556/tools/compiler/bin/../lib/gcc/arm-none-eabi/6.3.1/../../../../arm-none-eabi/lib/thumb/v7-m/libc_nano.a(lib_a-nano-freer.o)
                0x000000000800235c                _free_r
 .text.__sfputc_r
                0x00000000080023f4       0x2c /home/gwarchol/Ac6/SystemWorkbench/plugins/fr.ac6.mcu.externaltools.arm-none.linux64_1.15.0.201708311556/tools/compiler/bin/../lib/gcc/arm-none-eabi/6.3.1/../../../../arm-none-eabi/lib/thumb/v7-m/libc_nano.a(lib_a-nano-vfprintf.o)
 .text.__sfputs_r
                0x0000000008002420       0x24 /home/gwarchol/Ac6/SystemWorkbench/plugins/fr.ac6.mcu.externaltools.arm-none.linux64_1.15.0.201708311556/tools/compiler/bin/../lib/gcc/arm-none-eabi/6.3.1/../../../../arm-none-eabi/lib/thumb/v7-m/libc_nano.a(lib_a-nano-vfprintf.o)
                0x0000000008002420                __sfputs_r
 .text._vfprintf_r
                0x0000000008002444      0x22c /home/gwarchol/Ac6/SystemWorkbench/plugins/fr.ac6.mcu.externaltools.arm-none.linux64_1.15.0.201708311556/tools/compiler/bin/../lib/gcc/arm-none-eabi/6.3.1/../../../../arm-none-eabi/lib/thumb/v7-m/libc_nano.a(lib_a-nano-vfprintf.o)
                0x0000000008002444                _vfiprintf_r
                0x0000000008002444                _vfprintf_r
 .text._printf_common
                0x0000000008002670       0xee /home/gwarchol/Ac6/SystemWorkbench/plugins/fr.ac6.mcu.externaltools.arm-none.linux64_1.15.0.201708311556/tools/compiler/bin/../lib/gcc/arm-none-eabi/6.3.1/../../../../arm-none-eabi/lib/thumb/v7-m/libc_nano.a(lib_a-nano-vfprintf_i.o)
                0x0000000008002670                _printf_common
 *fill*         0x000000000800275e        0x2 
 .text._printf_i
                0x0000000008002760      0x240 /home/gwarchol/Ac6/SystemWorkbench/plugins/fr.ac6.mcu.externaltools.arm-none.linux64_1.15.0.201708311556/tools/compiler/bin/../lib/gcc/arm-none-eabi/6.3.1/../../../../arm-none-eabi/lib/thumb/v7-m/libc_nano.a(lib_a-nano-vfprintf_i.o)
                0x0000000008002760                _printf_i
 .text._read_r  0x00000000080029a0       0x24 /home/gwarchol/Ac6/SystemWorkbench/plugins/fr.ac6.mcu.externaltools.arm-none.linux64_1.15.0.201708311556/tools/compiler/bin/../lib/gcc/arm-none-eabi/6.3.1/../../../../arm-none-eabi/lib/thumb/v7-m/libc_nano.a(lib_a-readr.o)
                0x00000000080029a0                _read_r
 .text._fstat_r
                0x00000000080029c4       0x24 /home/gwarchol/Ac6/SystemWorkbench/plugins/fr.ac6.mcu.externaltools.arm-none.linux64_1.15.0.201708311556/tools/compiler/bin/../lib/gcc/arm-none-eabi/6.3.1/../../../../arm-none-eabi/lib/thumb/v7-m/libc_nano.a(lib_a-fstatr.o)
                0x00000000080029c4                _fstat_r
 .text._isatty_r
                0x00000000080029e8       0x20 /home/gwarchol/Ac6/SystemWorkbench/plugins/fr.ac6.mcu.externaltools.arm-none.linux64_1.15.0.201708311556/tools/compiler/bin/../lib/gcc/arm-none-eabi/6.3.1/../../../../arm-none-eabi/lib/thumb/v7-m/libc_nano.a(lib_a-isattyr.o)
                0x00000000080029e8                _isatty_r
 .text.memchr   0x0000000008002a08       0x1c /home/gwarchol/Ac6/SystemWorkbench/plugins/fr.ac6.mcu.externaltools.arm-none.linux64_1.15.0.201708311556/tools/compiler/bin/../lib/gcc/arm-none-eabi/6.3.1/../../../../arm-none-eabi/lib/thumb/v7-m/libc_nano.a(lib_a-memchr-stub.o)
                0x0000000008002a08                memchr
 *(.glue_7)
 .glue_7        0x0000000008002a24        0x0 linker stubs
 *(.glue_7t)
 .glue_7t       0x0000000008002a24        0x0 linker stubs
 *(.eh_frame)
 .eh_frame      0x0000000008002a24        0x0 /home/gwarchol/Ac6/SystemWorkbench/plugins/fr.ac6.mcu.externaltools.arm-none.linux64_1.15.0.201708311556/tools/compiler/bin/../lib/gcc/arm-none-eabi/6.3.1/thumb/v7-m/crtbegin.o
 *(.init)
 .init          0x0000000008002a24        0x4 /home/gwarchol/Ac6/SystemWorkbench/plugins/fr.ac6.mcu.externaltools.arm-none.linux64_1.15.0.201708311556/tools/compiler/bin/../lib/gcc/arm-none-eabi/6.3.1/thumb/v7-m/crti.o
                0x0000000008002a24                _init
 .init          0x0000000008002a28        0x8 /home/gwarchol/Ac6/SystemWorkbench/plugins/fr.ac6.mcu.externaltools.arm-none.linux64_1.15.0.201708311556/tools/compiler/bin/../lib/gcc/arm-none-eabi/6.3.1/thumb/v7-m/crtn.o
 *(.fini)
 .fini          0x0000000008002a30        0x4 /home/gwarchol/Ac6/SystemWorkbench/plugins/fr.ac6.mcu.externaltools.arm-none.linux64_1.15.0.201708311556/tools/compiler/bin/../lib/gcc/arm-none-eabi/6.3.1/thumb/v7-m/crti.o
                0x0000000008002a30                _fini
 .fini          0x0000000008002a34        0x8 /home/gwarchol/Ac6/SystemWorkbench/plugins/fr.ac6.mcu.externaltools.arm-none.linux64_1.15.0.201708311556/tools/compiler/bin/../lib/gcc/arm-none-eabi/6.3.1/thumb/v7-m/crtn.o
                0x0000000008002a3c                . = ALIGN (0x4)
                0x0000000008002a3c                _etext = .

.vfp11_veneer   0x0000000008002a3c        0x0
 .vfp11_veneer  0x0000000008002a3c        0x0 linker stubs

.v4_bx          0x0000000008002a3c        0x0
 .v4_bx         0x0000000008002a3c        0x0 linker stubs

.iplt           0x0000000008002a3c        0x0
 .iplt          0x0000000008002a3c        0x0 /home/gwarchol/Ac6/SystemWorkbench/plugins/fr.ac6.mcu.externaltools.arm-none.linux64_1.15.0.201708311556/tools/compiler/bin/../lib/gcc/arm-none-eabi/6.3.1/thumb/v7-m/crtbegin.o

.rodata         0x0000000008002a3c      0x114
                0x0000000008002a3c                . = ALIGN (0x4)
 *(.rodata)
 *(.rodata*)
 .rodata._global_impure_ptr
                0x0000000008002a3c        0x4 /home/gwarchol/Ac6/SystemWorkbench/plugins/fr.ac6.mcu.externaltools.arm-none.linux64_1.15.0.201708311556/tools/compiler/bin/../lib/gcc/arm-none-eabi/6.3.1/../../../../arm-none-eabi/lib/thumb/v7-m/libc_nano.a(lib_a-impure.o)
                0x0000000008002a3c                _global_impure_ptr
 .rodata.initialise_monitor_handles.str1.1
                0x0000000008002a40        0x4 /home/gwarchol/Ac6/SystemWorkbench/plugins/fr.ac6.mcu.externaltools.arm-none.linux64_1.15.0.201708311556/tools/compiler/bin/../lib/gcc/arm-none-eabi/6.3.1/../../../../arm-none-eabi/lib/thumb/v7-m/librdimon_nano.a(rdimon-syscalls.o)
 .rodata.str1.4
                0x0000000008002a44        0x6 src/main.o
 *fill*         0x0000000008002a4a        0x2 
 .rodata.str1.4
                0x0000000008002a4c       0x70 src/rtc.o
                                         0x6f (size before relaxing)
 .rodata.__sf_fake_stderr
                0x0000000008002abc       0x20 /home/gwarchol/Ac6/SystemWorkbench/plugins/fr.ac6.mcu.externaltools.arm-none.linux64_1.15.0.201708311556/tools/compiler/bin/../lib/gcc/arm-none-eabi/6.3.1/../../../../arm-none-eabi/lib/thumb/v7-m/libc_nano.a(lib_a-findfp.o)
                0x0000000008002abc                __sf_fake_stderr
 .rodata.__sf_fake_stdin
                0x0000000008002adc       0x20 /home/gwarchol/Ac6/SystemWorkbench/plugins/fr.ac6.mcu.externaltools.arm-none.linux64_1.15.0.201708311556/tools/compiler/bin/../lib/gcc/arm-none-eabi/6.3.1/../../../../arm-none-eabi/lib/thumb/v7-m/libc_nano.a(lib_a-findfp.o)
                0x0000000008002adc                __sf_fake_stdin
 .rodata.__sf_fake_stdout
                0x0000000008002afc       0x20 /home/gwarchol/Ac6/SystemWorkbench/plugins/fr.ac6.mcu.externaltools.arm-none.linux64_1.15.0.201708311556/tools/compiler/bin/../lib/gcc/arm-none-eabi/6.3.1/../../../../arm-none-eabi/lib/thumb/v7-m/libc_nano.a(lib_a-findfp.o)
                0x0000000008002afc                __sf_fake_stdout
 .rodata._vfprintf_r.str1.1
                0x0000000008002b1c       0x11 /home/gwarchol/Ac6/SystemWorkbench/plugins/fr.ac6.mcu.externaltools.arm-none.linux64_1.15.0.201708311556/tools/compiler/bin/../lib/gcc/arm-none-eabi/6.3.1/../../../../arm-none-eabi/lib/thumb/v7-m/libc_nano.a(lib_a-nano-vfprintf.o)
 .rodata._printf_i.str1.1
                0x0000000008002b2d       0x22 /home/gwarchol/Ac6/SystemWorkbench/plugins/fr.ac6.mcu.externaltools.arm-none.linux64_1.15.0.201708311556/tools/compiler/bin/../lib/gcc/arm-none-eabi/6.3.1/../../../../arm-none-eabi/lib/thumb/v7-m/libc_nano.a(lib_a-nano-vfprintf_i.o)
                0x0000000008002b50                . = ALIGN (0x4)
 *fill*         0x0000000008002b4f        0x1 

.rel.dyn        0x0000000008002b50        0x0
 .rel.iplt      0x0000000008002b50        0x0 /home/gwarchol/Ac6/SystemWorkbench/plugins/fr.ac6.mcu.externaltools.arm-none.linux64_1.15.0.201708311556/tools/compiler/bin/../lib/gcc/arm-none-eabi/6.3.1/thumb/v7-m/crtbegin.o

.ARM.extab      0x0000000008002b50        0x0
                0x0000000008002b50                . = ALIGN (0x4)
 *(.ARM.extab* .gnu.linkonce.armextab.*)
                0x0000000008002b50                . = ALIGN (0x4)

.ARM            0x0000000008002b50        0x0
                0x0000000008002b50                . = ALIGN (0x4)
                0x0000000008002b50                __exidx_start = .
 *(.ARM.exidx*)
                0x0000000008002b50                __exidx_end = .
                0x0000000008002b50                . = ALIGN (0x4)

.preinit_array  0x0000000008002b50        0x0
                0x0000000008002b50                . = ALIGN (0x4)
                0x0000000008002b50                PROVIDE (__preinit_array_start, .)
 *(.preinit_array*)
                0x0000000008002b50                PROVIDE (__preinit_array_end, .)
                0x0000000008002b50                . = ALIGN (0x4)

.init_array     0x0000000008002b50        0x4
                0x0000000008002b50                . = ALIGN (0x4)
                0x0000000008002b50                PROVIDE (__init_array_start, .)
 *(SORT(.init_array.*))
 *(.init_array*)
 .init_array    0x0000000008002b50        0x4 /home/gwarchol/Ac6/SystemWorkbench/plugins/fr.ac6.mcu.externaltools.arm-none.linux64_1.15.0.201708311556/tools/compiler/bin/../lib/gcc/arm-none-eabi/6.3.1/thumb/v7-m/crtbegin.o
                0x0000000008002b54                PROVIDE (__init_array_end, .)
                0x0000000008002b54                . = ALIGN (0x4)

.fini_array     0x0000000008002b54        0x4
                0x0000000008002b54                . = ALIGN (0x4)
                [!provide]                        PROVIDE (__fini_array_start, .)
 *(SORT(.fini_array.*))
 *(.fini_array*)
 .fini_array    0x0000000008002b54        0x4 /home/gwarchol/Ac6/SystemWorkbench/plugins/fr.ac6.mcu.externaltools.arm-none.linux64_1.15.0.201708311556/tools/compiler/bin/../lib/gcc/arm-none-eabi/6.3.1/thumb/v7-m/crtbegin.o
                [!provide]                        PROVIDE (__fini_array_end, .)
                0x0000000008002b58                . = ALIGN (0x4)
                0x0000000008002b58                _sidata = LOADADDR (.data)

.data           0x0000000020000000       0x84 load address 0x0000000008002b58
                0x0000000020000000                . = ALIGN (0x4)
                0x0000000020000000                _sdata = .
 *(.data)
 .data          0x0000000020000000       0x14 StdPeriph_Driver/src/stm32f10x_rcc.o
 .data          0x0000000020000014        0x8 src/scan_timer.o
                0x0000000020000014                CC1
                0x0000000020000016                CC2
                0x0000000020000018                CC3
                0x000000002000001a                CC4
 *(.data*)
 .data._impure_ptr
                0x000000002000001c        0x4 /home/gwarchol/Ac6/SystemWorkbench/plugins/fr.ac6.mcu.externaltools.arm-none.linux64_1.15.0.201708311556/tools/compiler/bin/../lib/gcc/arm-none-eabi/6.3.1/../../../../arm-none-eabi/lib/thumb/v7-m/libc_nano.a(lib_a-impure.o)
                0x000000002000001c                _impure_ptr
 .data.impure_data
                0x0000000020000020       0x60 /home/gwarchol/Ac6/SystemWorkbench/plugins/fr.ac6.mcu.externaltools.arm-none.linux64_1.15.0.201708311556/tools/compiler/bin/../lib/gcc/arm-none-eabi/6.3.1/../../../../arm-none-eabi/lib/thumb/v7-m/libc_nano.a(lib_a-impure.o)
 .data.__heap_limit
                0x0000000020000080        0x4 /home/gwarchol/Ac6/SystemWorkbench/plugins/fr.ac6.mcu.externaltools.arm-none.linux64_1.15.0.201708311556/tools/compiler/bin/../lib/gcc/arm-none-eabi/6.3.1/../../../../arm-none-eabi/lib/thumb/v7-m/librdimon_nano.a(rdimon-syscalls.o)
                0x0000000020000080                __heap_limit
                0x0000000020000084                . = ALIGN (0x4)
                0x0000000020000084                _edata = .

.jcr            0x0000000020000084        0x0 load address 0x0000000008002bdc
 .jcr           0x0000000020000084        0x0 /home/gwarchol/Ac6/SystemWorkbench/plugins/fr.ac6.mcu.externaltools.arm-none.linux64_1.15.0.201708311556/tools/compiler/bin/../lib/gcc/arm-none-eabi/6.3.1/thumb/v7-m/crtbegin.o

.igot.plt       0x0000000020000084        0x0 load address 0x0000000008002bdc
 .igot.plt      0x0000000020000084        0x0 /home/gwarchol/Ac6/SystemWorkbench/plugins/fr.ac6.mcu.externaltools.arm-none.linux64_1.15.0.201708311556/tools/compiler/bin/../lib/gcc/arm-none-eabi/6.3.1/thumb/v7-m/crtbegin.o
                0x0000000020000084                . = ALIGN (0x4)

.bss            0x0000000020000084      0x31c load address 0x0000000008002bdc
                0x0000000020000084                _sbss = .
                0x0000000020000084                __bss_start__ = _sbss
 *(.bss)
 .bss           0x0000000020000084       0x1c /home/gwarchol/Ac6/SystemWorkbench/plugins/fr.ac6.mcu.externaltools.arm-none.linux64_1.15.0.201708311556/tools/compiler/bin/../lib/gcc/arm-none-eabi/6.3.1/thumb/v7-m/crtbegin.o
 .bss           0x00000000200000a0        0x5 src/rtc.o
                0x00000000200000a0                total_rtc_ticks
                0x00000000200000a4                x
 .bss           0x00000000200000a5        0x4 src/scan_timer.o
                0x00000000200000a5                _1_ms_flag
                0x00000000200000a6                _10_ms_flag
                0x00000000200000a7                _100_ms_flag
                0x00000000200000a8                _1_s_flag
 *(.bss*)
 *fill*         0x00000000200000a9        0x3 
 .bss.heap_end.6161
                0x00000000200000ac        0x4 /home/gwarchol/Ac6/SystemWorkbench/plugins/fr.ac6.mcu.externaltools.arm-none.linux64_1.15.0.201708311556/tools/compiler/bin/../lib/gcc/arm-none-eabi/6.3.1/../../../../arm-none-eabi/lib/thumb/v7-m/librdimon_nano.a(rdimon-syscalls.o)
 .bss.monitor_stderr
                0x00000000200000b0        0x4 /home/gwarchol/Ac6/SystemWorkbench/plugins/fr.ac6.mcu.externaltools.arm-none.linux64_1.15.0.201708311556/tools/compiler/bin/../lib/gcc/arm-none-eabi/6.3.1/../../../../arm-none-eabi/lib/thumb/v7-m/librdimon_nano.a(rdimon-syscalls.o)
 .bss.monitor_stdin
                0x00000000200000b4        0x4 /home/gwarchol/Ac6/SystemWorkbench/plugins/fr.ac6.mcu.externaltools.arm-none.linux64_1.15.0.201708311556/tools/compiler/bin/../lib/gcc/arm-none-eabi/6.3.1/../../../../arm-none-eabi/lib/thumb/v7-m/librdimon_nano.a(rdimon-syscalls.o)
 .bss.monitor_stdout
                0x00000000200000b8        0x4 /home/gwarchol/Ac6/SystemWorkbench/plugins/fr.ac6.mcu.externaltools.arm-none.linux64_1.15.0.201708311556/tools/compiler/bin/../lib/gcc/arm-none-eabi/6.3.1/../../../../arm-none-eabi/lib/thumb/v7-m/librdimon_nano.a(rdimon-syscalls.o)
 .bss.openfiles
                0x00000000200000bc       0xa0 /home/gwarchol/Ac6/SystemWorkbench/plugins/fr.ac6.mcu.externaltools.arm-none.linux64_1.15.0.201708311556/tools/compiler/bin/../lib/gcc/arm-none-eabi/6.3.1/../../../../arm-none-eabi/lib/thumb/v7-m/librdimon_nano.a(rdimon-syscalls.o)
 .bss.__malloc_free_list
                0x000000002000015c        0x4 /home/gwarchol/Ac6/SystemWorkbench/plugins/fr.ac6.mcu.externaltools.arm-none.linux64_1.15.0.201708311556/tools/compiler/bin/../lib/gcc/arm-none-eabi/6.3.1/../../../../arm-none-eabi/lib/thumb/v7-m/libc_nano.a(lib_a-nano-mallocr.o)
                0x000000002000015c                __malloc_free_list
 .bss.__malloc_sbrk_start
                0x0000000020000160        0x4 /home/gwarchol/Ac6/SystemWorkbench/plugins/fr.ac6.mcu.externaltools.arm-none.linux64_1.15.0.201708311556/tools/compiler/bin/../lib/gcc/arm-none-eabi/6.3.1/../../../../arm-none-eabi/lib/thumb/v7-m/libc_nano.a(lib_a-nano-mallocr.o)
                0x0000000020000160                __malloc_sbrk_start
 *(COMMON)
 COMMON         0x0000000020000164        0x8 src/config.o
                0x0000000020000164                GPIO_InitStruct
                0x0000000020000168                nvic
 COMMON         0x000000002000016c       0x18 src/main.o
                0x000000002000016c                temp_data
                0x0000000020000174                USART_InitStructure
 COMMON         0x0000000020000184      0x16b src/uart_interrupt.o
                0x0000000020000184                temp_buff
                0x00000000200001e8                _RX_USART_BUFFOR
                0x000000002000026c                _TX_USART_BUFFOR
 *fill*         0x00000000200002ef        0x1 
 COMMON         0x00000000200002f0       0xac src/usart_dma.o
                0x00000000200002f0                RX_USART_TEMP_BUFFER
                0x0000000020000370                DMA_InitStructure
 COMMON         0x000000002000039c        0x4 /home/gwarchol/Ac6/SystemWorkbench/plugins/fr.ac6.mcu.externaltools.arm-none.linux64_1.15.0.201708311556/tools/compiler/bin/../lib/gcc/arm-none-eabi/6.3.1/../../../../arm-none-eabi/lib/thumb/v7-m/libc_nano.a(lib_a-reent.o)
                0x000000002000039c                errno
                0x00000000200003a0                . = ALIGN (0x4)
                0x00000000200003a0                _ebss = .
                0x00000000200003a0                __bss_end__ = _ebss

._user_heap_stack
                0x00000000200003a0      0x400 load address 0x0000000008002bdc
                0x00000000200003a0                . = ALIGN (0x8)
                0x00000000200003a0                PROVIDE (end, .)
                [!provide]                        PROVIDE (_end, .)
                0x00000000200003a0                . = (. + _Min_Heap_Size)
                0x00000000200007a0                . = (. + _Min_Stack_Size)
 *fill*         0x00000000200003a0      0x400 
                0x00000000200007a0                . = ALIGN (0x8)

/DISCARD/
 libc.a(*)
 libm.a(*)
 libgcc.a(*)

.ARM.attributes
                0x0000000000000000       0x29
 *(.ARM.attributes)
 .ARM.attributes
                0x0000000000000000       0x1d /home/gwarchol/Ac6/SystemWorkbench/plugins/fr.ac6.mcu.externaltools.arm-none.linux64_1.15.0.201708311556/tools/compiler/bin/../lib/gcc/arm-none-eabi/6.3.1/thumb/v7-m/crti.o
 .ARM.attributes
                0x000000000000001d       0x2d /home/gwarchol/Ac6/SystemWorkbench/plugins/fr.ac6.mcu.externaltools.arm-none.linux64_1.15.0.201708311556/tools/compiler/bin/../lib/gcc/arm-none-eabi/6.3.1/thumb/v7-m/crtbegin.o
 .ARM.attributes
                0x000000000000004a       0x2d /home/gwarchol/Ac6/SystemWorkbench/plugins/fr.ac6.mcu.externaltools.arm-none.linux64_1.15.0.201708311556/tools/compiler/bin/../lib/gcc/arm-none-eabi/6.3.1/../../../../arm-none-eabi/lib/thumb/v7-m/libc_nano.a(lib_a-impure.o)
 .ARM.attributes
                0x0000000000000077       0x2d /home/gwarchol/Ac6/SystemWorkbench/plugins/fr.ac6.mcu.externaltools.arm-none.linux64_1.15.0.201708311556/tools/compiler/bin/../lib/gcc/arm-none-eabi/6.3.1/../../../../arm-none-eabi/lib/thumb/v7-m/libc_nano.a(lib_a-init.o)
 .ARM.attributes
                0x00000000000000a4       0x2d /home/gwarchol/Ac6/SystemWorkbench/plugins/fr.ac6.mcu.externaltools.arm-none.linux64_1.15.0.201708311556/tools/compiler/bin/../lib/gcc/arm-none-eabi/6.3.1/../../../../arm-none-eabi/lib/thumb/v7-m/libc_nano.a(lib_a-memset.o)
 .ARM.attributes
                0x00000000000000d1       0x2d /home/gwarchol/Ac6/SystemWorkbench/plugins/fr.ac6.mcu.externaltools.arm-none.linux64_1.15.0.201708311556/tools/compiler/bin/../lib/gcc/arm-none-eabi/6.3.1/../../../../arm-none-eabi/lib/thumb/v7-m/librdimon_nano.a(rdimon-syscalls.o)
 .ARM.attributes
                0x00000000000000fe       0x33 StdPeriph_Driver/src/misc.o
 .ARM.attributes
                0x0000000000000131       0x33 StdPeriph_Driver/src/stm32f10x_bkp.o
 .ARM.attributes
                0x0000000000000164       0x33 StdPeriph_Driver/src/stm32f10x_dma.o
 .ARM.attributes
                0x0000000000000197       0x33 StdPeriph_Driver/src/stm32f10x_flash.o
 .ARM.attributes
                0x00000000000001ca       0x33 StdPeriph_Driver/src/stm32f10x_gpio.o
 .ARM.attributes
                0x00000000000001fd       0x33 StdPeriph_Driver/src/stm32f10x_pwr.o
 .ARM.attributes
                0x0000000000000230       0x33 StdPeriph_Driver/src/stm32f10x_rcc.o
 .ARM.attributes
                0x0000000000000263       0x33 StdPeriph_Driver/src/stm32f10x_rtc.o
 .ARM.attributes
                0x0000000000000296       0x33 StdPeriph_Driver/src/stm32f10x_tim.o
 .ARM.attributes
                0x00000000000002c9       0x33 StdPeriph_Driver/src/stm32f10x_usart.o
 .ARM.attributes
                0x00000000000002fc       0x33 src/buffors.o
 .ARM.attributes
                0x000000000000032f       0x33 src/config.o
 .ARM.attributes
                0x0000000000000362       0x33 src/main.o
 .ARM.attributes
                0x0000000000000395       0x33 src/rtc.o
 .ARM.attributes
                0x00000000000003c8       0x33 src/scan_timer.o
 .ARM.attributes
                0x00000000000003fb       0x33 src/system_stm32f10x.o
 .ARM.attributes
                0x000000000000042e       0x33 src/uart_interrupt.o
 .ARM.attributes
                0x0000000000000461       0x33 src/usart_dma.o
 .ARM.attributes
                0x0000000000000494       0x21 startup/startup_stm32.o
 .ARM.attributes
                0x00000000000004b5       0x2d /home/gwarchol/Ac6/SystemWorkbench/plugins/fr.ac6.mcu.externaltools.arm-none.linux64_1.15.0.201708311556/tools/compiler/bin/../lib/gcc/arm-none-eabi/6.3.1/../../../../arm-none-eabi/lib/thumb/v7-m/libc_nano.a(lib_a-errno.o)
 .ARM.attributes
                0x00000000000004e2       0x2d /home/gwarchol/Ac6/SystemWorkbench/plugins/fr.ac6.mcu.externaltools.arm-none.linux64_1.15.0.201708311556/tools/compiler/bin/../lib/gcc/arm-none-eabi/6.3.1/../../../../arm-none-eabi/lib/thumb/v7-m/libc_nano.a(lib_a-findfp.o)
 .ARM.attributes
                0x000000000000050f       0x2d /home/gwarchol/Ac6/SystemWorkbench/plugins/fr.ac6.mcu.externaltools.arm-none.linux64_1.15.0.201708311556/tools/compiler/bin/../lib/gcc/arm-none-eabi/6.3.1/../../../../arm-none-eabi/lib/thumb/v7-m/libc_nano.a(lib_a-fwalk.o)
 .ARM.attributes
                0x000000000000053c       0x2d /home/gwarchol/Ac6/SystemWorkbench/plugins/fr.ac6.mcu.externaltools.arm-none.linux64_1.15.0.201708311556/tools/compiler/bin/../lib/gcc/arm-none-eabi/6.3.1/../../../../arm-none-eabi/lib/thumb/v7-m/libc_nano.a(lib_a-nano-mallocr.o)
 .ARM.attributes
                0x0000000000000569       0x2d /home/gwarchol/Ac6/SystemWorkbench/plugins/fr.ac6.mcu.externaltools.arm-none.linux64_1.15.0.201708311556/tools/compiler/bin/../lib/gcc/arm-none-eabi/6.3.1/../../../../arm-none-eabi/lib/thumb/v7-m/libc_nano.a(lib_a-printf.o)
 .ARM.attributes
                0x0000000000000596       0x2d /home/gwarchol/Ac6/SystemWorkbench/plugins/fr.ac6.mcu.externaltools.arm-none.linux64_1.15.0.201708311556/tools/compiler/bin/../lib/gcc/arm-none-eabi/6.3.1/../../../../arm-none-eabi/lib/thumb/v7-m/libc_nano.a(lib_a-puts.o)
 .ARM.attributes
                0x00000000000005c3       0x2d /home/gwarchol/Ac6/SystemWorkbench/plugins/fr.ac6.mcu.externaltools.arm-none.linux64_1.15.0.201708311556/tools/compiler/bin/../lib/gcc/arm-none-eabi/6.3.1/../../../../arm-none-eabi/lib/thumb/v7-m/libc_nano.a(lib_a-sbrkr.o)
 .ARM.attributes
                0x00000000000005f0       0x2d /home/gwarchol/Ac6/SystemWorkbench/plugins/fr.ac6.mcu.externaltools.arm-none.linux64_1.15.0.201708311556/tools/compiler/bin/../lib/gcc/arm-none-eabi/6.3.1/../../../../arm-none-eabi/lib/thumb/v7-m/libc_nano.a(lib_a-stdio.o)
 .ARM.attributes
                0x000000000000061d       0x2d /home/gwarchol/Ac6/SystemWorkbench/plugins/fr.ac6.mcu.externaltools.arm-none.linux64_1.15.0.201708311556/tools/compiler/bin/../lib/gcc/arm-none-eabi/6.3.1/../../../../arm-none-eabi/lib/thumb/v7-m/libc_nano.a(lib_a-wbuf.o)
 .ARM.attributes
                0x000000000000064a       0x2d /home/gwarchol/Ac6/SystemWorkbench/plugins/fr.ac6.mcu.externaltools.arm-none.linux64_1.15.0.201708311556/tools/compiler/bin/../lib/gcc/arm-none-eabi/6.3.1/../../../../arm-none-eabi/lib/thumb/v7-m/libc_nano.a(lib_a-writer.o)
 .ARM.attributes
                0x0000000000000677       0x2d /home/gwarchol/Ac6/SystemWorkbench/plugins/fr.ac6.mcu.externaltools.arm-none.linux64_1.15.0.201708311556/tools/compiler/bin/../lib/gcc/arm-none-eabi/6.3.1/../../../../arm-none-eabi/lib/thumb/v7-m/libc_nano.a(lib_a-wsetup.o)
 .ARM.attributes
                0x00000000000006a4       0x2d /home/gwarchol/Ac6/SystemWorkbench/plugins/fr.ac6.mcu.externaltools.arm-none.linux64_1.15.0.201708311556/tools/compiler/bin/../lib/gcc/arm-none-eabi/6.3.1/../../../../arm-none-eabi/lib/thumb/v7-m/libc_nano.a(lib_a-closer.o)
 .ARM.attributes
                0x00000000000006d1       0x2d /home/gwarchol/Ac6/SystemWorkbench/plugins/fr.ac6.mcu.externaltools.arm-none.linux64_1.15.0.201708311556/tools/compiler/bin/../lib/gcc/arm-none-eabi/6.3.1/../../../../arm-none-eabi/lib/thumb/v7-m/libc_nano.a(lib_a-fflush.o)
 .ARM.attributes
                0x00000000000006fe       0x2d /home/gwarchol/Ac6/SystemWorkbench/plugins/fr.ac6.mcu.externaltools.arm-none.linux64_1.15.0.201708311556/tools/compiler/bin/../lib/gcc/arm-none-eabi/6.3.1/../../../../arm-none-eabi/lib/thumb/v7-m/libc_nano.a(lib_a-lseekr.o)
 .ARM.attributes
                0x000000000000072b       0x2d /home/gwarchol/Ac6/SystemWorkbench/plugins/fr.ac6.mcu.externaltools.arm-none.linux64_1.15.0.201708311556/tools/compiler/bin/../lib/gcc/arm-none-eabi/6.3.1/../../../../arm-none-eabi/lib/thumb/v7-m/libc_nano.a(lib_a-makebuf.o)
 .ARM.attributes
                0x0000000000000758       0x2d /home/gwarchol/Ac6/SystemWorkbench/plugins/fr.ac6.mcu.externaltools.arm-none.linux64_1.15.0.201708311556/tools/compiler/bin/../lib/gcc/arm-none-eabi/6.3.1/../../../../arm-none-eabi/lib/thumb/v7-m/libc_nano.a(lib_a-mlock.o)
 .ARM.attributes
                0x0000000000000785       0x2d /home/gwarchol/Ac6/SystemWorkbench/plugins/fr.ac6.mcu.externaltools.arm-none.linux64_1.15.0.201708311556/tools/compiler/bin/../lib/gcc/arm-none-eabi/6.3.1/../../../../arm-none-eabi/lib/thumb/v7-m/libc_nano.a(lib_a-nano-freer.o)
 .ARM.attributes
                0x00000000000007b2       0x2d /home/gwarchol/Ac6/SystemWorkbench/plugins/fr.ac6.mcu.externaltools.arm-none.linux64_1.15.0.201708311556/tools/compiler/bin/../lib/gcc/arm-none-eabi/6.3.1/../../../../arm-none-eabi/lib/thumb/v7-m/libc_nano.a(lib_a-nano-vfprintf.o)
 .ARM.attributes
                0x00000000000007df       0x2d /home/gwarchol/Ac6/SystemWorkbench/plugins/fr.ac6.mcu.externaltools.arm-none.linux64_1.15.0.201708311556/tools/compiler/bin/../lib/gcc/arm-none-eabi/6.3.1/../../../../arm-none-eabi/lib/thumb/v7-m/libc_nano.a(lib_a-nano-vfprintf_i.o)
 .ARM.attributes
                0x000000000000080c       0x2d /home/gwarchol/Ac6/SystemWorkbench/plugins/fr.ac6.mcu.externaltools.arm-none.linux64_1.15.0.201708311556/tools/compiler/bin/../lib/gcc/arm-none-eabi/6.3.1/../../../../arm-none-eabi/lib/thumb/v7-m/libc_nano.a(lib_a-readr.o)
 .ARM.attributes
                0x0000000000000839       0x2d /home/gwarchol/Ac6/SystemWorkbench/plugins/fr.ac6.mcu.externaltools.arm-none.linux64_1.15.0.201708311556/tools/compiler/bin/../lib/gcc/arm-none-eabi/6.3.1/../../../../arm-none-eabi/lib/thumb/v7-m/libc_nano.a(lib_a-reent.o)
 .ARM.attributes
                0x0000000000000866       0x2d /home/gwarchol/Ac6/SystemWorkbench/plugins/fr.ac6.mcu.externaltools.arm-none.linux64_1.15.0.201708311556/tools/compiler/bin/../lib/gcc/arm-none-eabi/6.3.1/../../../../arm-none-eabi/lib/thumb/v7-m/libc_nano.a(lib_a-fstatr.o)
 .ARM.attributes
                0x0000000000000893       0x2d /home/gwarchol/Ac6/SystemWorkbench/plugins/fr.ac6.mcu.externaltools.arm-none.linux64_1.15.0.201708311556/tools/compiler/bin/../lib/gcc/arm-none-eabi/6.3.1/../../../../arm-none-eabi/lib/thumb/v7-m/libc_nano.a(lib_a-isattyr.o)
 .ARM.attributes
                0x00000000000008c0       0x2d /home/gwarchol/Ac6/SystemWorkbench/plugins/fr.ac6.mcu.externaltools.arm-none.linux64_1.15.0.201708311556/tools/compiler/bin/../lib/gcc/arm-none-eabi/6.3.1/../../../../arm-none-eabi/lib/thumb/v7-m/libc_nano.a(lib_a-memchr-stub.o)
 .ARM.attributes
                0x00000000000008ed       0x1d /home/gwarchol/Ac6/SystemWorkbench/plugins/fr.ac6.mcu.externaltools.arm-none.linux64_1.15.0.201708311556/tools/compiler/bin/../lib/gcc/arm-none-eabi/6.3.1/thumb/v7-m/crtn.o
OUTPUT(clock.elf elf32-littlearm)

.debug_frame    0x0000000000000000     0x2228
 .debug_frame   0x0000000000000000       0x2c /home/gwarchol/Ac6/SystemWorkbench/plugins/fr.ac6.mcu.externaltools.arm-none.linux64_1.15.0.201708311556/tools/compiler/bin/../lib/gcc/arm-none-eabi/6.3.1/../../../../arm-none-eabi/lib/thumb/v7-m/libc_nano.a(lib_a-init.o)
 .debug_frame   0x000000000000002c       0x20 /home/gwarchol/Ac6/SystemWorkbench/plugins/fr.ac6.mcu.externaltools.arm-none.linux64_1.15.0.201708311556/tools/compiler/bin/../lib/gcc/arm-none-eabi/6.3.1/../../../../arm-none-eabi/lib/thumb/v7-m/libc_nano.a(lib_a-memset.o)
 .debug_frame   0x000000000000004c      0x33c /home/gwarchol/Ac6/SystemWorkbench/plugins/fr.ac6.mcu.externaltools.arm-none.linux64_1.15.0.201708311556/tools/compiler/bin/../lib/gcc/arm-none-eabi/6.3.1/../../../../arm-none-eabi/lib/thumb/v7-m/librdimon_nano.a(rdimon-syscalls.o)
 .debug_frame   0x0000000000000388       0x60 StdPeriph_Driver/src/misc.o
 .debug_frame   0x00000000000003e8       0xe8 StdPeriph_Driver/src/stm32f10x_bkp.o
 .debug_frame   0x00000000000004d0       0xcc StdPeriph_Driver/src/stm32f10x_dma.o
 .debug_frame   0x000000000000059c      0x250 StdPeriph_Driver/src/stm32f10x_flash.o
 .debug_frame   0x00000000000007ec      0x16c StdPeriph_Driver/src/stm32f10x_gpio.o
 .debug_frame   0x0000000000000958       0xa8 StdPeriph_Driver/src/stm32f10x_pwr.o
 .debug_frame   0x0000000000000a00      0x22c StdPeriph_Driver/src/stm32f10x_rcc.o
 .debug_frame   0x0000000000000c2c      0x108 StdPeriph_Driver/src/stm32f10x_rtc.o
 .debug_frame   0x0000000000000d34      0x68c StdPeriph_Driver/src/stm32f10x_tim.o
 .debug_frame   0x00000000000013c0      0x220 StdPeriph_Driver/src/stm32f10x_usart.o
 .debug_frame   0x00000000000015e0       0x70 src/buffors.o
 .debug_frame   0x0000000000001650       0x78 src/config.o
 .debug_frame   0x00000000000016c8       0x44 src/main.o
 .debug_frame   0x000000000000170c       0xd8 src/rtc.o
 .debug_frame   0x00000000000017e4       0x6c src/scan_timer.o
 .debug_frame   0x0000000000001850       0x3c src/system_stm32f10x.o
 .debug_frame   0x000000000000188c      0x11c src/uart_interrupt.o
 .debug_frame   0x00000000000019a8      0x134 src/usart_dma.o
 .debug_frame   0x0000000000001adc       0x20 /home/gwarchol/Ac6/SystemWorkbench/plugins/fr.ac6.mcu.externaltools.arm-none.linux64_1.15.0.201708311556/tools/compiler/bin/../lib/gcc/arm-none-eabi/6.3.1/../../../../arm-none-eabi/lib/thumb/v7-m/libc_nano.a(lib_a-errno.o)
 .debug_frame   0x0000000000001afc      0x11c /home/gwarchol/Ac6/SystemWorkbench/plugins/fr.ac6.mcu.externaltools.arm-none.linux64_1.15.0.201708311556/tools/compiler/bin/../lib/gcc/arm-none-eabi/6.3.1/../../../../arm-none-eabi/lib/thumb/v7-m/libc_nano.a(lib_a-findfp.o)
 .debug_frame   0x0000000000001c18       0x54 /home/gwarchol/Ac6/SystemWorkbench/plugins/fr.ac6.mcu.externaltools.arm-none.linux64_1.15.0.201708311556/tools/compiler/bin/../lib/gcc/arm-none-eabi/6.3.1/../../../../arm-none-eabi/lib/thumb/v7-m/libc_nano.a(lib_a-fwalk.o)
 .debug_frame   0x0000000000001c6c       0x2c /home/gwarchol/Ac6/SystemWorkbench/plugins/fr.ac6.mcu.externaltools.arm-none.linux64_1.15.0.201708311556/tools/compiler/bin/../lib/gcc/arm-none-eabi/6.3.1/../../../../arm-none-eabi/lib/thumb/v7-m/libc_nano.a(lib_a-nano-mallocr.o)
 .debug_frame   0x0000000000001c98       0x74 /home/gwarchol/Ac6/SystemWorkbench/plugins/fr.ac6.mcu.externaltools.arm-none.linux64_1.15.0.201708311556/tools/compiler/bin/../lib/gcc/arm-none-eabi/6.3.1/../../../../arm-none-eabi/lib/thumb/v7-m/libc_nano.a(lib_a-printf.o)
 .debug_frame   0x0000000000001d0c       0x3c /home/gwarchol/Ac6/SystemWorkbench/plugins/fr.ac6.mcu.externaltools.arm-none.linux64_1.15.0.201708311556/tools/compiler/bin/../lib/gcc/arm-none-eabi/6.3.1/../../../../arm-none-eabi/lib/thumb/v7-m/libc_nano.a(lib_a-puts.o)
 .debug_frame   0x0000000000001d48       0x2c /home/gwarchol/Ac6/SystemWorkbench/plugins/fr.ac6.mcu.externaltools.arm-none.linux64_1.15.0.201708311556/tools/compiler/bin/../lib/gcc/arm-none-eabi/6.3.1/../../../../arm-none-eabi/lib/thumb/v7-m/libc_nano.a(lib_a-sbrkr.o)
 .debug_frame   0x0000000000001d74       0x88 /home/gwarchol/Ac6/SystemWorkbench/plugins/fr.ac6.mcu.externaltools.arm-none.linux64_1.15.0.201708311556/tools/compiler/bin/../lib/gcc/arm-none-eabi/6.3.1/../../../../arm-none-eabi/lib/thumb/v7-m/libc_nano.a(lib_a-stdio.o)
 .debug_frame   0x0000000000001dfc       0x40 /home/gwarchol/Ac6/SystemWorkbench/plugins/fr.ac6.mcu.externaltools.arm-none.linux64_1.15.0.201708311556/tools/compiler/bin/../lib/gcc/arm-none-eabi/6.3.1/../../../../arm-none-eabi/lib/thumb/v7-m/libc_nano.a(lib_a-wbuf.o)
 .debug_frame   0x0000000000001e3c       0x2c /home/gwarchol/Ac6/SystemWorkbench/plugins/fr.ac6.mcu.externaltools.arm-none.linux64_1.15.0.201708311556/tools/compiler/bin/../lib/gcc/arm-none-eabi/6.3.1/../../../../arm-none-eabi/lib/thumb/v7-m/libc_nano.a(lib_a-writer.o)
 .debug_frame   0x0000000000001e68       0x2c /home/gwarchol/Ac6/SystemWorkbench/plugins/fr.ac6.mcu.externaltools.arm-none.linux64_1.15.0.201708311556/tools/compiler/bin/../lib/gcc/arm-none-eabi/6.3.1/../../../../arm-none-eabi/lib/thumb/v7-m/libc_nano.a(lib_a-wsetup.o)
 .debug_frame   0x0000000000001e94       0x2c /home/gwarchol/Ac6/SystemWorkbench/plugins/fr.ac6.mcu.externaltools.arm-none.linux64_1.15.0.201708311556/tools/compiler/bin/../lib/gcc/arm-none-eabi/6.3.1/../../../../arm-none-eabi/lib/thumb/v7-m/libc_nano.a(lib_a-closer.o)
 .debug_frame   0x0000000000001ec0       0x68 /home/gwarchol/Ac6/SystemWorkbench/plugins/fr.ac6.mcu.externaltools.arm-none.linux64_1.15.0.201708311556/tools/compiler/bin/../lib/gcc/arm-none-eabi/6.3.1/../../../../arm-none-eabi/lib/thumb/v7-m/libc_nano.a(lib_a-fflush.o)
 .debug_frame   0x0000000000001f28       0x2c /home/gwarchol/Ac6/SystemWorkbench/plugins/fr.ac6.mcu.externaltools.arm-none.linux64_1.15.0.201708311556/tools/compiler/bin/../lib/gcc/arm-none-eabi/6.3.1/../../../../arm-none-eabi/lib/thumb/v7-m/libc_nano.a(lib_a-lseekr.o)
 .debug_frame   0x0000000000001f54       0x58 /home/gwarchol/Ac6/SystemWorkbench/plugins/fr.ac6.mcu.externaltools.arm-none.linux64_1.15.0.201708311556/tools/compiler/bin/../lib/gcc/arm-none-eabi/6.3.1/../../../../arm-none-eabi/lib/thumb/v7-m/libc_nano.a(lib_a-makebuf.o)
 .debug_frame   0x0000000000001fac       0x30 /home/gwarchol/Ac6/SystemWorkbench/plugins/fr.ac6.mcu.externaltools.arm-none.linux64_1.15.0.201708311556/tools/compiler/bin/../lib/gcc/arm-none-eabi/6.3.1/../../../../arm-none-eabi/lib/thumb/v7-m/libc_nano.a(lib_a-mlock.o)
 .debug_frame   0x0000000000001fdc       0x38 /home/gwarchol/Ac6/SystemWorkbench/plugins/fr.ac6.mcu.externaltools.arm-none.linux64_1.15.0.201708311556/tools/compiler/bin/../lib/gcc/arm-none-eabi/6.3.1/../../../../arm-none-eabi/lib/thumb/v7-m/libc_nano.a(lib_a-nano-freer.o)
 .debug_frame   0x0000000000002014       0xac /home/gwarchol/Ac6/SystemWorkbench/plugins/fr.ac6.mcu.externaltools.arm-none.linux64_1.15.0.201708311556/tools/compiler/bin/../lib/gcc/arm-none-eabi/6.3.1/../../../../arm-none-eabi/lib/thumb/v7-m/libc_nano.a(lib_a-nano-vfprintf.o)
 .debug_frame   0x00000000000020c0       0x60 /home/gwarchol/Ac6/SystemWorkbench/plugins/fr.ac6.mcu.externaltools.arm-none.linux64_1.15.0.201708311556/tools/compiler/bin/../lib/gcc/arm-none-eabi/6.3.1/../../../../arm-none-eabi/lib/thumb/v7-m/libc_nano.a(lib_a-nano-vfprintf_i.o)
 .debug_frame   0x0000000000002120       0x2c /home/gwarchol/Ac6/SystemWorkbench/plugins/fr.ac6.mcu.externaltools.arm-none.linux64_1.15.0.201708311556/tools/compiler/bin/../lib/gcc/arm-none-eabi/6.3.1/../../../../arm-none-eabi/lib/thumb/v7-m/libc_nano.a(lib_a-readr.o)
 .debug_frame   0x000000000000214c       0x5c /home/gwarchol/Ac6/SystemWorkbench/plugins/fr.ac6.mcu.externaltools.arm-none.linux64_1.15.0.201708311556/tools/compiler/bin/../lib/gcc/arm-none-eabi/6.3.1/../../../../arm-none-eabi/lib/thumb/v7-m/libc_nano.a(lib_a-reent.o)
 .debug_frame   0x00000000000021a8       0x2c /home/gwarchol/Ac6/SystemWorkbench/plugins/fr.ac6.mcu.externaltools.arm-none.linux64_1.15.0.201708311556/tools/compiler/bin/../lib/gcc/arm-none-eabi/6.3.1/../../../../arm-none-eabi/lib/thumb/v7-m/libc_nano.a(lib_a-fstatr.o)
 .debug_frame   0x00000000000021d4       0x2c /home/gwarchol/Ac6/SystemWorkbench/plugins/fr.ac6.mcu.externaltools.arm-none.linux64_1.15.0.201708311556/tools/compiler/bin/../lib/gcc/arm-none-eabi/6.3.1/../../../../arm-none-eabi/lib/thumb/v7-m/libc_nano.a(lib_a-isattyr.o)
 .debug_frame   0x0000000000002200       0x28 /home/gwarchol/Ac6/SystemWorkbench/plugins/fr.ac6.mcu.externaltools.arm-none.linux64_1.15.0.201708311556/tools/compiler/bin/../lib/gcc/arm-none-eabi/6.3.1/../../../../arm-none-eabi/lib/thumb/v7-m/libc_nano.a(lib_a-memchr-stub.o)

.debug_info     0x0000000000000000     0xb9f1
 .debug_info    0x0000000000000000      0x4f1 StdPeriph_Driver/src/misc.o
 .debug_info    0x00000000000004f1      0x7d7 StdPeriph_Driver/src/stm32f10x_bkp.o
 .debug_info    0x0000000000000cc8      0x471 StdPeriph_Driver/src/stm32f10x_dma.o
 .debug_info    0x0000000000001139      0xa05 StdPeriph_Driver/src/stm32f10x_flash.o
 .debug_info    0x0000000000001b3e      0x88a StdPeriph_Driver/src/stm32f10x_gpio.o
 .debug_info    0x00000000000023c8      0x4a1 StdPeriph_Driver/src/stm32f10x_pwr.o
 .debug_info    0x0000000000002869      0x8d2 StdPeriph_Driver/src/stm32f10x_rcc.o
 .debug_info    0x000000000000313b      0x476 StdPeriph_Driver/src/stm32f10x_rtc.o
 .debug_info    0x00000000000035b1     0x2239 StdPeriph_Driver/src/stm32f10x_tim.o
 .debug_info    0x00000000000057ea      0xb21 StdPeriph_Driver/src/stm32f10x_usart.o
 .debug_info    0x000000000000630b      0x1d9 src/buffors.o
 .debug_info    0x00000000000064e4      0x81d src/config.o
 .debug_info    0x0000000000006d01      0xcd7 src/main.o
 .debug_info    0x00000000000079d8      0x98b src/rtc.o
 .debug_info    0x0000000000008363      0xac5 src/scan_timer.o
 .debug_info    0x0000000000008e28      0x47a src/system_stm32f10x.o
 .debug_info    0x00000000000092a2     0x13f7 src/uart_interrupt.o
 .debug_info    0x000000000000a699     0x12f1 src/usart_dma.o
 .debug_info    0x000000000000b98a       0x67 startup/startup_stm32.o

.debug_abbrev   0x0000000000000000     0x241f
 .debug_abbrev  0x0000000000000000      0x193 StdPeriph_Driver/src/misc.o
 .debug_abbrev  0x0000000000000193      0x1a7 StdPeriph_Driver/src/stm32f10x_bkp.o
 .debug_abbrev  0x000000000000033a      0x194 StdPeriph_Driver/src/stm32f10x_dma.o
 .debug_abbrev  0x00000000000004ce      0x1c5 StdPeriph_Driver/src/stm32f10x_flash.o
 .debug_abbrev  0x0000000000000693      0x203 StdPeriph_Driver/src/stm32f10x_gpio.o
 .debug_abbrev  0x0000000000000896      0x1dd StdPeriph_Driver/src/stm32f10x_pwr.o
 .debug_abbrev  0x0000000000000a73      0x1f8 StdPeriph_Driver/src/stm32f10x_rcc.o
 .debug_abbrev  0x0000000000000c6b      0x1bd StdPeriph_Driver/src/stm32f10x_rtc.o
 .debug_abbrev  0x0000000000000e28      0x2ab StdPeriph_Driver/src/stm32f10x_tim.o
 .debug_abbrev  0x00000000000010d3      0x1dc StdPeriph_Driver/src/stm32f10x_usart.o
 .debug_abbrev  0x00000000000012af       0xf7 src/buffors.o
 .debug_abbrev  0x00000000000013a6      0x231 src/config.o
 .debug_abbrev  0x00000000000015d7      0x2c9 src/main.o
 .debug_abbrev  0x00000000000018a0      0x200 src/rtc.o
 .debug_abbrev  0x0000000000001aa0      0x1e4 src/scan_timer.o
 .debug_abbrev  0x0000000000001c84      0x1ba src/system_stm32f10x.o
 .debug_abbrev  0x0000000000001e3e      0x2d4 src/uart_interrupt.o
 .debug_abbrev  0x0000000000002112      0x2fb src/usart_dma.o
 .debug_abbrev  0x000000000000240d       0x12 startup/startup_stm32.o

.debug_loc      0x0000000000000000     0x48bd
 .debug_loc     0x0000000000000000      0x13d StdPeriph_Driver/src/misc.o
 .debug_loc     0x000000000000013d       0xee StdPeriph_Driver/src/stm32f10x_bkp.o
 .debug_loc     0x000000000000022b      0x18e StdPeriph_Driver/src/stm32f10x_dma.o
 .debug_loc     0x00000000000003b9      0x8cb StdPeriph_Driver/src/stm32f10x_flash.o
 .debug_loc     0x0000000000000c84      0x590 StdPeriph_Driver/src/stm32f10x_gpio.o
 .debug_loc     0x0000000000001214      0x111 StdPeriph_Driver/src/stm32f10x_pwr.o
 .debug_loc     0x0000000000001325      0x706 StdPeriph_Driver/src/stm32f10x_rcc.o
 .debug_loc     0x0000000000001a2b      0x229 StdPeriph_Driver/src/stm32f10x_rtc.o
 .debug_loc     0x0000000000001c54     0x1df9 StdPeriph_Driver/src/stm32f10x_tim.o
 .debug_loc     0x0000000000003a4d      0x7a3 StdPeriph_Driver/src/stm32f10x_usart.o
 .debug_loc     0x00000000000041f0      0x118 src/buffors.o
 .debug_loc     0x0000000000004308       0x53 src/config.o
 .debug_loc     0x000000000000435b      0x118 src/main.o
 .debug_loc     0x0000000000004473       0xdd src/rtc.o
 .debug_loc     0x0000000000004550       0x85 src/scan_timer.o
 .debug_loc     0x00000000000045d5       0xe8 src/system_stm32f10x.o
 .debug_loc     0x00000000000046bd       0xb5 src/uart_interrupt.o
 .debug_loc     0x0000000000004772      0x14b src/usart_dma.o

.debug_aranges  0x0000000000000000      0xb00
 .debug_aranges
                0x0000000000000000       0x40 StdPeriph_Driver/src/misc.o
 .debug_aranges
                0x0000000000000040       0x78 StdPeriph_Driver/src/stm32f10x_bkp.o
 .debug_aranges
                0x00000000000000b8       0x70 StdPeriph_Driver/src/stm32f10x_dma.o
 .debug_aranges
                0x0000000000000128       0xf8 StdPeriph_Driver/src/stm32f10x_flash.o
 .debug_aranges
                0x0000000000000220       0xa8 StdPeriph_Driver/src/stm32f10x_gpio.o
 .debug_aranges
                0x00000000000002c8       0x60 StdPeriph_Driver/src/stm32f10x_pwr.o
 .debug_aranges
                0x0000000000000328      0x118 StdPeriph_Driver/src/stm32f10x_rcc.o
 .debug_aranges
                0x0000000000000440       0x88 StdPeriph_Driver/src/stm32f10x_rtc.o
 .debug_aranges
                0x00000000000004c8      0x2e0 StdPeriph_Driver/src/stm32f10x_tim.o
 .debug_aranges
                0x00000000000007a8      0x100 StdPeriph_Driver/src/stm32f10x_usart.o
 .debug_aranges
                0x00000000000008a8       0x48 src/buffors.o
 .debug_aranges
                0x00000000000008f0       0x38 src/config.o
 .debug_aranges
                0x0000000000000928       0x28 src/main.o
 .debug_aranges
                0x0000000000000950       0x58 src/rtc.o
 .debug_aranges
                0x00000000000009a8       0x38 src/scan_timer.o
 .debug_aranges
                0x00000000000009e0       0x28 src/system_stm32f10x.o
 .debug_aranges
                0x0000000000000a08       0x60 src/uart_interrupt.o
 .debug_aranges
                0x0000000000000a68       0x70 src/usart_dma.o
 .debug_aranges
                0x0000000000000ad8       0x28 startup/startup_stm32.o

.debug_ranges   0x0000000000000000      0xa38
 .debug_ranges  0x0000000000000000       0x30 StdPeriph_Driver/src/misc.o
 .debug_ranges  0x0000000000000030       0x68 StdPeriph_Driver/src/stm32f10x_bkp.o
 .debug_ranges  0x0000000000000098       0x60 StdPeriph_Driver/src/stm32f10x_dma.o
 .debug_ranges  0x00000000000000f8       0xe8 StdPeriph_Driver/src/stm32f10x_flash.o
 .debug_ranges  0x00000000000001e0       0x98 StdPeriph_Driver/src/stm32f10x_gpio.o
 .debug_ranges  0x0000000000000278       0x50 StdPeriph_Driver/src/stm32f10x_pwr.o
 .debug_ranges  0x00000000000002c8      0x108 StdPeriph_Driver/src/stm32f10x_rcc.o
 .debug_ranges  0x00000000000003d0       0x78 StdPeriph_Driver/src/stm32f10x_rtc.o
 .debug_ranges  0x0000000000000448      0x300 StdPeriph_Driver/src/stm32f10x_tim.o
 .debug_ranges  0x0000000000000748       0xf0 StdPeriph_Driver/src/stm32f10x_usart.o
 .debug_ranges  0x0000000000000838       0x38 src/buffors.o
 .debug_ranges  0x0000000000000870       0x28 src/config.o
 .debug_ranges  0x0000000000000898       0x18 src/main.o
 .debug_ranges  0x00000000000008b0       0x48 src/rtc.o
 .debug_ranges  0x00000000000008f8       0x28 src/scan_timer.o
 .debug_ranges  0x0000000000000920       0x30 src/system_stm32f10x.o
 .debug_ranges  0x0000000000000950       0x68 src/uart_interrupt.o
 .debug_ranges  0x00000000000009b8       0x60 src/usart_dma.o
 .debug_ranges  0x0000000000000a18       0x20 startup/startup_stm32.o

.debug_macro    0x0000000000000000     0xf5b2
 .debug_macro   0x0000000000000000      0x18b StdPeriph_Driver/src/misc.o
 .debug_macro   0x000000000000018b       0x56 StdPeriph_Driver/src/misc.o
 .debug_macro   0x00000000000001e1       0x22 StdPeriph_Driver/src/misc.o
 .debug_macro   0x0000000000000203      0x69f StdPeriph_Driver/src/misc.o
 .debug_macro   0x00000000000008a2     0x7dbe StdPeriph_Driver/src/misc.o
 .debug_macro   0x0000000000008660      0x2df StdPeriph_Driver/src/misc.o
 .debug_macro   0x000000000000893f      0x144 StdPeriph_Driver/src/misc.o
 .debug_macro   0x0000000000008a83      0x3cf StdPeriph_Driver/src/misc.o
 .debug_macro   0x0000000000008e52       0xc8 StdPeriph_Driver/src/misc.o
 .debug_macro   0x0000000000008f1a      0x17a StdPeriph_Driver/src/misc.o
 .debug_macro   0x0000000000009094       0xac StdPeriph_Driver/src/misc.o
 .debug_macro   0x0000000000009140      0x3ad StdPeriph_Driver/src/misc.o
 .debug_macro   0x00000000000094ed       0x9a StdPeriph_Driver/src/misc.o
 .debug_macro   0x0000000000009587      0x2cf StdPeriph_Driver/src/misc.o
 .debug_macro   0x0000000000009856      0x279 StdPeriph_Driver/src/misc.o
 .debug_macro   0x0000000000009acf      0x2ac StdPeriph_Driver/src/misc.o
 .debug_macro   0x0000000000009d7b      0x2b1 StdPeriph_Driver/src/misc.o
 .debug_macro   0x000000000000a02c       0x64 StdPeriph_Driver/src/misc.o
 .debug_macro   0x000000000000a090       0x82 StdPeriph_Driver/src/misc.o
 .debug_macro   0x000000000000a112      0x3e2 StdPeriph_Driver/src/misc.o
 .debug_macro   0x000000000000a4f4       0x58 StdPeriph_Driver/src/misc.o
 .debug_macro   0x000000000000a54c      0x341 StdPeriph_Driver/src/misc.o
 .debug_macro   0x000000000000a88d      0x2c4 StdPeriph_Driver/src/misc.o
 .debug_macro   0x000000000000ab51      0x711 StdPeriph_Driver/src/misc.o
 .debug_macro   0x000000000000b262      0x220 StdPeriph_Driver/src/misc.o
 .debug_macro   0x000000000000b482       0x34 StdPeriph_Driver/src/misc.o
 .debug_macro   0x000000000000b4b6       0x35 StdPeriph_Driver/src/misc.o
 .debug_macro   0x000000000000b4eb       0x85 StdPeriph_Driver/src/misc.o
 .debug_macro   0x000000000000b570      0x1e3 StdPeriph_Driver/src/stm32f10x_bkp.o
 .debug_macro   0x000000000000b753      0x1dd StdPeriph_Driver/src/stm32f10x_dma.o
 .debug_macro   0x000000000000b930      0x3a7 StdPeriph_Driver/src/stm32f10x_dma.o
 .debug_macro   0x000000000000bcd7      0x22d StdPeriph_Driver/src/stm32f10x_flash.o
 .debug_macro   0x000000000000bf04      0x2c9 StdPeriph_Driver/src/stm32f10x_flash.o
 .debug_macro   0x000000000000c1cd      0x1d7 StdPeriph_Driver/src/stm32f10x_gpio.o
 .debug_macro   0x000000000000c3a4      0x2a6 StdPeriph_Driver/src/stm32f10x_gpio.o
 .debug_macro   0x000000000000c64a      0x1cb StdPeriph_Driver/src/stm32f10x_pwr.o
 .debug_macro   0x000000000000c815       0x7c StdPeriph_Driver/src/stm32f10x_pwr.o
 .debug_macro   0x000000000000c891      0x2a1 StdPeriph_Driver/src/stm32f10x_rcc.o
 .debug_macro   0x000000000000cb32      0x3dc StdPeriph_Driver/src/stm32f10x_rcc.o
 .debug_macro   0x000000000000cf0e      0x191 StdPeriph_Driver/src/stm32f10x_rtc.o
 .debug_macro   0x000000000000d09f       0x52 StdPeriph_Driver/src/stm32f10x_rtc.o
 .debug_macro   0x000000000000d0f1      0x1a1 StdPeriph_Driver/src/stm32f10x_tim.o
 .debug_macro   0x000000000000d292      0x70b StdPeriph_Driver/src/stm32f10x_tim.o
 .debug_macro   0x000000000000d99d      0x23d StdPeriph_Driver/src/stm32f10x_usart.o
 .debug_macro   0x000000000000dbda      0x21a StdPeriph_Driver/src/stm32f10x_usart.o
 .debug_macro   0x000000000000ddf4       0x2a src/buffors.o
 .debug_macro   0x000000000000de1e       0x22 src/buffors.o
 .debug_macro   0x000000000000de40      0x196 src/config.o
 .debug_macro   0x000000000000dfd6      0x29a src/main.o
 .debug_macro   0x000000000000e270       0x50 src/main.o
 .debug_macro   0x000000000000e2c0       0x10 src/main.o
 .debug_macro   0x000000000000e2d0       0x58 src/main.o
 .debug_macro   0x000000000000e328       0x35 src/main.o
 .debug_macro   0x000000000000e35d       0x9c src/main.o
 .debug_macro   0x000000000000e3f9      0x174 src/main.o
 .debug_macro   0x000000000000e56d       0x58 src/main.o
 .debug_macro   0x000000000000e5c5       0x1f src/main.o
 .debug_macro   0x000000000000e5e4       0x43 src/main.o
 .debug_macro   0x000000000000e627       0x20 src/main.o
 .debug_macro   0x000000000000e647      0x187 src/main.o
 .debug_macro   0x000000000000e7ce      0x330 src/main.o
 .debug_macro   0x000000000000eafe       0x10 src/main.o
 .debug_macro   0x000000000000eb0e       0x35 src/main.o
 .debug_macro   0x000000000000eb43       0x10 src/main.o
 .debug_macro   0x000000000000eb53       0x52 src/main.o
 .debug_macro   0x000000000000eba5       0x40 src/main.o
 .debug_macro   0x000000000000ebe5      0x1a0 src/rtc.o
 .debug_macro   0x000000000000ed85      0x1a0 src/scan_timer.o
 .debug_macro   0x000000000000ef25      0x188 src/system_stm32f10x.o
 .debug_macro   0x000000000000f0ad      0x266 src/uart_interrupt.o
 .debug_macro   0x000000000000f313       0x3a src/uart_interrupt.o
 .debug_macro   0x000000000000f34d      0x265 src/usart_dma.o

.debug_line     0x0000000000000000     0x7fa7
 .debug_line    0x0000000000000000      0x5f8 StdPeriph_Driver/src/misc.o
 .debug_line    0x00000000000005f8      0x673 StdPeriph_Driver/src/stm32f10x_bkp.o
 .debug_line    0x0000000000000c6b      0x69e StdPeriph_Driver/src/stm32f10x_dma.o
 .debug_line    0x0000000000001309      0x8ab StdPeriph_Driver/src/stm32f10x_flash.o
 .debug_line    0x0000000000001bb4      0x748 StdPeriph_Driver/src/stm32f10x_gpio.o
 .debug_line    0x00000000000022fc      0x655 StdPeriph_Driver/src/stm32f10x_pwr.o
 .debug_line    0x0000000000002951      0x846 StdPeriph_Driver/src/stm32f10x_rcc.o
 .debug_line    0x0000000000003197      0x6b2 StdPeriph_Driver/src/stm32f10x_rtc.o
 .debug_line    0x0000000000003849      0xe0b StdPeriph_Driver/src/stm32f10x_tim.o
 .debug_line    0x0000000000004654      0x817 StdPeriph_Driver/src/stm32f10x_usart.o