Archive member included to satisfy reference by file (symbol)

/home/gwarchol/1200/IDE/plugins/fr.ac6.mcu.externaltools.arm-none.linux64_1.15.0.201708311556/tools/compiler/bin/../lib/gcc/arm-none-eabi/6.3.1/../../../../arm-none-eabi/lib/thumb/v7-m/libc_nano.a(lib_a-exit.o)
                              /home/gwarchol/1200/IDE/plugins/fr.ac6.mcu.externaltools.arm-none.linux64_1.15.0.201708311556/tools/compiler/bin/../lib/gcc/arm-none-eabi/6.3.1/../../../../arm-none-eabi/lib/thumb/v7-m/rdimon-crt0.o (exit)
/home/gwarchol/1200/IDE/plugins/fr.ac6.mcu.externaltools.arm-none.linux64_1.15.0.201708311556/tools/compiler/bin/../lib/gcc/arm-none-eabi/6.3.1/../../../../arm-none-eabi/lib/thumb/v7-m/libc_nano.a(lib_a-impure.o)
                              /home/gwarchol/1200/IDE/plugins/fr.ac6.mcu.externaltools.arm-none.linux64_1.15.0.201708311556/tools/compiler/bin/../lib/gcc/arm-none-eabi/6.3.1/../../../../arm-none-eabi/lib/thumb/v7-m/libc_nano.a(lib_a-exit.o) (_global_impure_ptr)
/home/gwarchol/1200/IDE/plugins/fr.ac6.mcu.externaltools.arm-none.linux64_1.15.0.201708311556/tools/compiler/bin/../lib/gcc/arm-none-eabi/6.3.1/../../../../arm-none-eabi/lib/thumb/v7-m/libc_nano.a(lib_a-init.o)
                              /home/gwarchol/1200/IDE/plugins/fr.ac6.mcu.externaltools.arm-none.linux64_1.15.0.201708311556/tools/compiler/bin/../lib/gcc/arm-none-eabi/6.3.1/../../../../arm-none-eabi/lib/thumb/v7-m/rdimon-crt0.o (__libc_init_array)
/home/gwarchol/1200/IDE/plugins/fr.ac6.mcu.externaltools.arm-none.linux64_1.15.0.201708311556/tools/compiler/bin/../lib/gcc/arm-none-eabi/6.3.1/../../../../arm-none-eabi/lib/thumb/v7-m/libc_nano.a(lib_a-memset.o)
                              /home/gwarchol/1200/IDE/plugins/fr.ac6.mcu.externaltools.arm-none.linux64_1.15.0.201708311556/tools/compiler/bin/../lib/gcc/arm-none-eabi/6.3.1/../../../../arm-none-eabi/lib/thumb/v7-m/rdimon-crt0.o (memset)
/home/gwarchol/1200/IDE/plugins/fr.ac6.mcu.externaltools.arm-none.linux64_1.15.0.201708311556/tools/compiler/bin/../lib/gcc/arm-none-eabi/6.3.1/../../../../arm-none-eabi/lib/thumb/v7-m/librdimon_nano.a(rdimon-syscalls.o)
                              /home/gwarchol/1200/IDE/plugins/fr.ac6.mcu.externaltools.arm-none.linux64_1.15.0.201708311556/tools/compiler/bin/../lib/gcc/arm-none-eabi/6.3.1/../../../../arm-none-eabi/lib/thumb/v7-m/rdimon-crt0.o (initialise_monitor_handles)
/home/gwarchol/1200/IDE/plugins/fr.ac6.mcu.externaltools.arm-none.linux64_1.15.0.201708311556/tools/compiler/bin/../lib/gcc/arm-none-eabi/6.3.1/../../../../arm-none-eabi/lib/thumb/v7-m/librdimon_nano.a(rdimon-_exit.o)
                              /home/gwarchol/1200/IDE/plugins/fr.ac6.mcu.externaltools.arm-none.linux64_1.15.0.201708311556/tools/compiler/bin/../lib/gcc/arm-none-eabi/6.3.1/../../../../arm-none-eabi/lib/thumb/v7-m/libc_nano.a(lib_a-exit.o) (_exit)
/home/gwarchol/1200/IDE/plugins/fr.ac6.mcu.externaltools.arm-none.linux64_1.15.0.201708311556/tools/compiler/bin/../lib/gcc/arm-none-eabi/6.3.1/../../../../arm-none-eabi/lib/thumb/v7-m/librdimon_nano.a(rdimon-_kill.o)
                              /home/gwarchol/1200/IDE/plugins/fr.ac6.mcu.externaltools.arm-none.linux64_1.15.0.201708311556/tools/compiler/bin/../lib/gcc/arm-none-eabi/6.3.1/../../../../arm-none-eabi/lib/thumb/v7-m/librdimon_nano.a(rdimon-_exit.o) (_kill)
/home/gwarchol/1200/IDE/plugins/fr.ac6.mcu.externaltools.arm-none.linux64_1.15.0.201708311556/tools/compiler/bin/../lib/gcc/arm-none-eabi/6.3.1/thumb/v7-m/libgcc.a(_arm_addsubdf3.o)
                              src/menu.o (__aeabi_i2d)
/home/gwarchol/1200/IDE/plugins/fr.ac6.mcu.externaltools.arm-none.linux64_1.15.0.201708311556/tools/compiler/bin/../lib/gcc/arm-none-eabi/6.3.1/thumb/v7-m/libgcc.a(_arm_muldivdf3.o)
                              src/menu.o (__aeabi_dmul)
/home/gwarchol/1200/IDE/plugins/fr.ac6.mcu.externaltools.arm-none.linux64_1.15.0.201708311556/tools/compiler/bin/../lib/gcc/arm-none-eabi/6.3.1/thumb/v7-m/libgcc.a(_arm_fixdfsi.o)
                              src/menu.o (__aeabi_d2iz)
/home/gwarchol/1200/IDE/plugins/fr.ac6.mcu.externaltools.arm-none.linux64_1.15.0.201708311556/tools/compiler/bin/../lib/gcc/arm-none-eabi/6.3.1/thumb/v7-m/libgcc.a(_arm_fixunsdfsi.o)
                              src/menu.o (__aeabi_d2uiz)
/home/gwarchol/1200/IDE/plugins/fr.ac6.mcu.externaltools.arm-none.linux64_1.15.0.201708311556/tools/compiler/bin/../lib/gcc/arm-none-eabi/6.3.1/thumb/v7-m/libgcc.a(_arm_addsubsf3.o)
                              src/menu.o (__aeabi_i2f)
/home/gwarchol/1200/IDE/plugins/fr.ac6.mcu.externaltools.arm-none.linux64_1.15.0.201708311556/tools/compiler/bin/../lib/gcc/arm-none-eabi/6.3.1/../../../../arm-none-eabi/lib/thumb/v7-m/libc_nano.a(lib_a-errno.o)
                              /home/gwarchol/1200/IDE/plugins/fr.ac6.mcu.externaltools.arm-none.linux64_1.15.0.201708311556/tools/compiler/bin/../lib/gcc/arm-none-eabi/6.3.1/../../../../arm-none-eabi/lib/thumb/v7-m/librdimon_nano.a(rdimon-syscalls.o) (__errno)
[...]
Memory Configuration

Name             Origin             Length             Attributes
RAM              0x0000000020000000 0x0000000000005000 xrw
ROM              0x0000000008000000 0x0000000000020000 xr
*default*        0x0000000000000000 0xffffffffffffffff

Linker script and memory map

LOAD /home/gwarchol/1200/IDE/plugins/fr.ac6.mcu.externaltools.arm-none.linux64_1.15.0.201708311556/tools/compiler/bin/../lib/gcc/arm-none-eabi/6.3.1/thumb/v7-m/crti.o
LOAD /home/gwarchol/1200/IDE/plugins/fr.ac6.mcu.externaltools.arm-none.linux64_1.15.0.201708311556/tools/compiler/bin/../lib/gcc/arm-none-eabi/6.3.1/thumb/v7-m/crtbegin.o
LOAD /home/gwarchol/1200/IDE/plugins/fr.ac6.mcu.externaltools.arm-none.linux64_1.15.0.201708311556/tools/compiler/bin/../lib/gcc/arm-none-eabi/6.3.1/../../../../arm-none-eabi/lib/thumb/v7-m/rdimon-crt0.o
LOAD /home/gwarchol/1200/IDE/plugins/fr.ac6.mcu.externaltools.arm-none.linux64_1.15.0.201708311556/tools/compiler/bin/../lib/gcc/arm-none-eabi/6.3.1/../../../../arm-none-eabi/lib/thumb/v7-m/libc_nano.a
LOAD /home/gwarchol/1200/IDE/plugins/fr.ac6.mcu.externaltools.arm-none.linux64_1.15.0.201708311556/tools/compiler/bin/../lib/gcc/arm-none-eabi/6.3.1/../../../../arm-none-eabi/lib/thumb/v7-m/librdimon_nano.a
LOAD CMSIS/core/core_cm3.o
LOAD StdPeriph_Driver/src/misc.o
LOAD StdPeriph_Driver/src/stm32f10x_adc.o
LOAD StdPeriph_Driver/src/stm32f10x_bkp.o
LOAD StdPeriph_Driver/src/stm32f10x_can.o
LOAD StdPeriph_Driver/src/stm32f10x_cec.o
LOAD StdPeriph_Driver/src/stm32f10x_crc.o
LOAD StdPeriph_Driver/src/stm32f10x_dac.o
LOAD StdPeriph_Driver/src/stm32f10x_dbgmcu.o
LOAD StdPeriph_Driver/src/stm32f10x_dma.o
LOAD StdPeriph_Driver/src/stm32f10x_exti.o
LOAD StdPeriph_Driver/src/stm32f10x_flash.o
LOAD StdPeriph_Driver/src/stm32f10x_fsmc.o
LOAD StdPeriph_Driver/src/stm32f10x_gpio.o
LOAD StdPeriph_Driver/src/stm32f10x_i2c.o
LOAD StdPeriph_Driver/src/stm32f10x_iwdg.o
LOAD StdPeriph_Driver/src/stm32f10x_pwr.o
LOAD StdPeriph_Driver/src/stm32f10x_rcc.o
LOAD StdPeriph_Driver/src/stm32f10x_rtc.o
LOAD StdPeriph_Driver/src/stm32f10x_sdio.o
LOAD StdPeriph_Driver/src/stm32f10x_spi.o
LOAD StdPeriph_Driver/src/stm32f10x_tim.o
LOAD StdPeriph_Driver/src/stm32f10x_usart.o
LOAD StdPeriph_Driver/src/stm32f10x_wwdg.o
LOAD lib/ILI9341/core.o
LOAD lib/ILI9341/delay.o
LOAD lib/ILI9341/dma.o
LOAD lib/ILI9341/graph.o
LOAD lib/ILI9341/text.o
LOAD lib/tinystd/itoa.o
LOAD src/DFPPlayer.o
LOAD src/bmp180.o
LOAD src/buffors.o
LOAD src/device_config.o
LOAD src/main.o
LOAD src/menu.o
LOAD src/rtc.o
LOAD src/scan_timer.o
LOAD src/system_stm32f10x.o
LOAD src/timers.o
LOAD src/touch_screen.o
LOAD src/uart_interrupt.o
LOAD src/usart_dma.o
LOAD src/buttons/buttons.o
LOAD src/flash/flash.o
LOAD startup/startup_stm32.o
LOAD /home/gwarchol/1200/IDE/plugins/fr.ac6.mcu.externaltools.arm-none.linux64_1.15.0.201708311556/tools/compiler/bin/../lib/gcc/arm-none-eabi/6.3.1/../../../../arm-none-eabi/lib/thumb/v7-m/libm.a
START GROUP
LOAD /home/gwarchol/1200/IDE/plugins/fr.ac6.mcu.externaltools.arm-none.linux64_1.15.0.201708311556/tools/compiler/bin/../lib/gcc/arm-none-eabi/6.3.1/thumb/v7-m/libgcc.a
LOAD /home/gwarchol/1200/IDE/plugins/fr.ac6.mcu.externaltools.arm-none.linux64_1.15.0.201708311556/tools/compiler/bin/../lib/gcc/arm-none-eabi/6.3.1/../../../../arm-none-eabi/lib/thumb/v7-m/libc_nano.a
END GROUP
START GROUP
LOAD /home/gwarchol/1200/IDE/plugins/fr.ac6.mcu.externaltools.arm-none.linux64_1.15.0.201708311556/tools/compiler/bin/../lib/gcc/arm-none-eabi/6.3.1/thumb/v7-m/libgcc.a
LOAD /home/gwarchol/1200/IDE/plugins/fr.ac6.mcu.externaltools.arm-none.linux64_1.15.0.201708311556/tools/compiler/bin/../lib/gcc/arm-none-eabi/6.3.1/../../../../arm-none-eabi/lib/thumb/v7-m/libc_nano.a
LOAD /home/gwarchol/1200/IDE/plugins/fr.ac6.mcu.externaltools.arm-none.linux64_1.15.0.201708311556/tools/compiler/bin/../lib/gcc/arm-none-eabi/6.3.1/../../../../arm-none-eabi/lib/thumb/v7-m/libnosys.a
END GROUP
START GROUP
LOAD /home/gwarchol/1200/IDE/plugins/fr.ac6.mcu.externaltools.arm-none.linux64_1.15.0.201708311556/tools/compiler/bin/../lib/gcc/arm-none-eabi/6.3.1/thumb/v7-m/libgcc.a
LOAD /home/gwarchol/1200/IDE/plugins/fr.ac6.mcu.externaltools.arm-none.linux64_1.15.0.201708311556/tools/compiler/bin/../lib/gcc/arm-none-eabi/6.3.1/../../../../arm-none-eabi/lib/thumb/v7-m/libc_nano.a
LOAD /home/gwarchol/1200/IDE/plugins/fr.ac6.mcu.externaltools.arm-none.linux64_1.15.0.201708311556/tools/compiler/bin/../lib/gcc/arm-none-eabi/6.3.1/../../../../arm-none-eabi/lib/thumb/v7-m/librdimon_nano.a
LOAD /home/gwarchol/1200/IDE/plugins/fr.ac6.mcu.externaltools.arm-none.linux64_1.15.0.201708311556/tools/compiler/bin/../lib/gcc/arm-none-eabi/6.3.1/../../../../arm-none-eabi/lib/thumb/v7-m/libnosys.a
END GROUP
START GROUP
LOAD /home/gwarchol/1200/IDE/plugins/fr.ac6.mcu.externaltools.arm-none.linux64_1.15.0.201708311556/tools/compiler/bin/../lib/gcc/arm-none-eabi/6.3.1/thumb/v7-m/libgcc.a
LOAD /home/gwarchol/1200/IDE/plugins/fr.ac6.mcu.externaltools.arm-none.linux64_1.15.0.201708311556/tools/compiler/bin/../lib/gcc/arm-none-eabi/6.3.1/../../../../arm-none-eabi/lib/thumb/v7-m/libc_nano.a
LOAD /home/gwarchol/1200/IDE/plugins/fr.ac6.mcu.externaltools.arm-none.linux64_1.15.0.201708311556/tools/compiler/bin/../lib/gcc/arm-none-eabi/6.3.1/../../../../arm-none-eabi/lib/thumb/v7-m/librdimon_nano.a
END GROUP
LOAD /home/gwarchol/1200/IDE/plugins/fr.ac6.mcu.externaltools.arm-none.linux64_1.15.0.201708311556/tools/compiler/bin/../lib/gcc/arm-none-eabi/6.3.1/thumb/v7-m/crtend.o
LOAD /home/gwarchol/1200/IDE/plugins/fr.ac6.mcu.externaltools.arm-none.linux64_1.15.0.201708311556/tools/compiler/bin/../lib/gcc/arm-none-eabi/6.3.1/thumb/v7-m/crtn.o
                0x0000000020005000                _estack = 0x20005000
                0x0000000000000000                _Min_Heap_Size = 0x0
                0x0000000000000400                _Min_Stack_Size = 0x400

.isr_vector     0x0000000008000000      0x130
                0x0000000008000000                . = ALIGN (0x4)
 *(.isr_vector)
 .isr_vector    0x0000000008000000      0x130 startup/startup_stm32.o
                0x0000000008000000                g_pfnVectors
                0x0000000008000130                . = ALIGN (0x4)

.text           0x0000000008000130     0x6ea8
                0x0000000008000130                . = ALIGN (0x4)
 *(.text)
 .text          0x0000000008000130       0x6c /home/gwarchol/1200/IDE/plugins/fr.ac6.mcu.externaltools.arm-none.linux64_1.15.0.201708311556/tools/compiler/bin/../lib/gcc/arm-none-eabi/6.3.1/thumb/v7-m/crtbegin.o
 .text          0x000000000800019c      0x370 /home/gwarchol/1200/IDE/plugins/fr.ac6.mcu.externaltools.arm-none.linux64_1.15.0.201708311556/tools/compiler/bin/../lib/gcc/arm-none-eabi/6.3.1/thumb/v7-m/libgcc.a(_arm_addsubdf3.o)
                0x000000000800019c                __aeabi_drsub
                0x00000000080001a4                __aeabi_dsub
                0x00000000080001a4                __subdf3
                0x00000000080001a8                __adddf3
                0x00000000080001a8                __aeabi_dadd
                0x0000000008000420                __aeabi_ui2d
                0x0000000008000420                __floatunsidf
                0x0000000008000440                __floatsidf
                0x0000000008000440                __aeabi_i2d
                0x0000000008000464                __extendsfdf2
                0x0000000008000464                __aeabi_f2d
                0x00000000080004a0                __aeabi_ul2d
                0x00000000080004a0                __floatundidf
                0x00000000080004b0                __floatdidf
                0x00000000080004b0                __aeabi_l2d
 .text          0x000000000800050c      0x424 /home/gwarchol/1200/IDE/plugins/fr.ac6.mcu.externaltools.arm-none.linux64_1.15.0.201708311556/tools/compiler/bin/../lib/gcc/arm-none-eabi/6.3.1/thumb/v7-m/libgcc.a(_arm_muldivdf3.o)
                0x000000000800050c                __aeabi_dmul
                0x000000000800050c                __muldf3
                0x0000000008000760                __aeabi_ddiv
                0x0000000008000760                __divdf3
 .text          0x0000000008000930       0x50 /home/gwarchol/1200/IDE/plugins/fr.ac6.mcu.externaltools.arm-none.linux64_1.15.0.201708311556/tools/compiler/bin/../lib/gcc/arm-none-eabi/6.3.1/thumb/v7-m/libgcc.a(_arm_fixdfsi.o)
                0x0000000008000930                __fixdfsi
                0x0000000008000930                __aeabi_d2iz
 .text          0x0000000008000980       0x40 /home/gwarchol/1200/IDE/plugins/fr.ac6.mcu.externaltools.arm-none.linux64_1.15.0.201708311556/tools/compiler/bin/../lib/gcc/arm-none-eabi/6.3.1/thumb/v7-m/libgcc.a(_arm_fixunsdfsi.o)
                0x0000000008000980                __fixunsdfsi
                0x0000000008000980                __aeabi_d2uiz
 .text          0x00000000080009c0      0x21c /home/gwarchol/1200/IDE/plugins/fr.ac6.mcu.externaltools.arm-none.linux64_1.15.0.201708311556/tools/compiler/bin/../lib/gcc/arm-none-eabi/6.3.1/thumb/v7-m/libgcc.a(_arm_addsubsf3.o)
                0x00000000080009c0                __aeabi_frsub
                0x00000000080009c8                __subsf3
                0x00000000080009c8                __aeabi_fsub
                0x00000000080009cc                __aeabi_fadd
                0x00000000080009cc                __addsf3
                0x0000000008000b2c                __aeabi_ui2f
                0x0000000008000b2c                __floatunsisf
                0x0000000008000b34                __aeabi_i2f
                0x0000000008000b34                __floatsisf
                0x0000000008000b50                __floatundisf
                0x0000000008000b50                __aeabi_ul2f
                0x0000000008000b60                __floatdisf
                0x0000000008000b60                __aeabi_l2f
 *(.text*)
 .text.__libc_init_array
                0x0000000008000bdc       0x48 /home/gwarchol/1200/IDE/plugins/fr.ac6.mcu.externaltools.arm-none.linux64_1.15.0.201708311556/tools/compiler/bin/../lib/gcc/arm-none-eabi/6.3.1/../../../../arm-none-eabi/lib/thumb/v7-m/libc_nano.a(lib_a-init.o)
                0x0000000008000bdc                __libc_init_array
 .text.memset   0x0000000008000c24       0x10 /home/gwarchol/1200/IDE/plugins/fr.ac6.mcu.externaltools.arm-none.linux64_1.15.0.201708311556/tools/compiler/bin/../lib/gcc/arm-none-eabi/6.3.1/../../../../arm-none-eabi/lib/thumb/v7-m/libc_nano.a(lib_a-memset.o)
                0x0000000008000c24                memset
 .text.findslot
                0x0000000008000c34       0x34 /home/gwarchol/1200/IDE/plugins/fr.ac6.mcu.externaltools.arm-none.linux64_1.15.0.201708311556/tools/compiler/bin/../lib/gcc/arm-none-eabi/6.3.1/../../../../arm-none-eabi/lib/thumb/v7-m/librdimon_nano.a(rdimon-syscalls.o)
 .text.checkerror
                0x0000000008000c68       0x20 /home/gwarchol/1200/IDE/plugins/fr.ac6.mcu.externaltools.arm-none.linux64_1.15.0.201708311556/tools/compiler/bin/../lib/gcc/arm-none-eabi/6.3.1/../../../../arm-none-eabi/lib/thumb/v7-m/librdimon_nano.a(rdimon-syscalls.o)
 .text.error    0x0000000008000c88       0x1c /home/gwarchol/1200/IDE/plugins/fr.ac6.mcu.externaltools.arm-none.linux64_1.15.0.201708311556/tools/compiler/bin/../lib/gcc/arm-none-eabi/6.3.1/../../../../arm-none-eabi/lib/thumb/v7-m/librdimon_nano.a(rdimon-syscalls.o)
 .text.initialise_monitor_handles
                0x0000000008000ca4       0xa4 /home/gwarchol/1200/IDE/plugins/fr.ac6.mcu.externaltools.arm-none.linux64_1.15.0.201708311556/tools/compiler/bin/../lib/gcc/arm-none-eabi/6.3.1/../../../../arm-none-eabi/lib/thumb/v7-m/librdimon_nano.a(rdimon-syscalls.o)
                0x0000000008000ca4                initialise_monitor_handles
 .text._swiread
                0x0000000008000d48       0x20 /home/gwarchol/1200/IDE/plugins/fr.ac6.mcu.externaltools.arm-none.linux64_1.15.0.201708311556/tools/compiler/bin/../lib/gcc/arm-none-eabi/6.3.1/../../../../arm-none-eabi/lib/thumb/v7-m/librdimon_nano.a(rdimon-syscalls.o)
                0x0000000008000d48                _swiread
 .text._read    0x0000000008000d68       0x34 /home/gwarchol/1200/IDE/plugins/fr.ac6.mcu.externaltools.arm-none.linux64_1.15.0.201708311556/tools/compiler/bin/../lib/gcc/arm-none-eabi/6.3.1/../../../../arm-none-eabi/lib/thumb/v7-m/librdimon_nano.a(rdimon-syscalls.o)
                0x0000000008000d68                _read
 .text._swilseek
                0x0000000008000d9c       0x7a /home/gwarchol/1200/IDE/plugins/fr.ac6.mcu.externaltools.arm-none.linux64_1.15.0.201708311556/tools/compiler/bin/../lib/gcc/arm-none-eabi/6.3.1/../../../../arm-none-eabi/lib/thumb/v7-m/librdimon_nano.a(rdimon-syscalls.o)
                0x0000000008000d9c                _swilseek
 .text._lseek   0x0000000008000e16        0x4 /home/gwarchol/1200/IDE/plugins/fr.ac6.mcu.externaltools.arm-none.linux64_1.15.0.201708311556/tools/compiler/bin/../lib/gcc/arm-none-eabi/6.3.1/../../../../arm-none-eabi/lib/thumb/v7-m/librdimon_nano.a(rdimon-syscalls.o)
                0x0000000008000e16                _lseek
 .text._swiwrite
                0x0000000008000e1a       0x20 /home/gwarchol/1200/IDE/plugins/fr.ac6.mcu.externaltools.arm-none.linux64_1.15.0.201708311556/tools/compiler/bin/../lib/gcc/arm-none-eabi/6.3.1/../../../../arm-none-eabi/lib/thumb/v7-m/librdimon_nano.a(rdimon-syscalls.o)
                0x0000000008000e1a                _swiwrite
 .text._write   0x0000000008000e3a       0x40 /home/gwarchol/1200/IDE/plugins/fr.ac6.mcu.externaltools.arm-none.linux64_1.15.0.201708311556/tools/compiler/bin/../lib/gcc/arm-none-eabi/6.3.1/../../../../arm-none-eabi/lib/thumb/v7-m/librdimon_nano.a(rdimon-syscalls.o)
                0x0000000008000e3a                _write
 .text._swiclose
                0x0000000008000e7a       0x1c /home/gwarchol/1200/IDE/plugins/fr.ac6.mcu.externaltools.arm-none.linux64_1.15.0.201708311556/tools/compiler/bin/../lib/gcc/arm-none-eabi/6.3.1/../../../../arm-none-eabi/lib/thumb/v7-m/librdimon_nano.a(rdimon-syscalls.o)
                0x0000000008000e7a                _swiclose
 *fill*         0x0000000008000e96        0x2 
 .text._close   0x0000000008000e98       0x48 /home/gwarchol/1200/IDE/plugins/fr.ac6.mcu.externaltools.arm-none.linux64_1.15.0.201708311556/tools/compiler/bin/../lib/gcc/arm-none-eabi/6.3.1/../../../../arm-none-eabi/lib/thumb/v7-m/librdimon_nano.a(rdimon-syscalls.o)
                0x0000000008000e98                _close
 .text._sbrk    0x0000000008000ee0       0x48 /home/gwarchol/1200/IDE/plugins/fr.ac6.mcu.externaltools.arm-none.linux64_1.15.0.201708311556/tools/compiler/bin/../lib/gcc/arm-none-eabi/6.3.1/../../../../arm-none-eabi/lib/thumb/v7-m/librdimon_nano.a(rdimon-syscalls.o)
                0x0000000008000ee0                _sbrk
 .text._swistat
                0x0000000008000f28       0x42 /home/gwarchol/1200/IDE/plugins/fr.ac6.mcu.externaltools.arm-none.linux64_1.15.0.201708311556/tools/compiler/bin/../lib/gcc/arm-none-eabi/6.3.1/../../../../arm-none-eabi/lib/thumb/v7-m/librdimon_nano.a(rdimon-syscalls.o)
                0x0000000008000f28                _swistat
 .text._fstat   0x0000000008000f6a       0x1c /home/gwarchol/1200/IDE/plugins/fr.ac6.mcu.externaltools.arm-none.linux64_1.15.0.201708311556/tools/compiler/bin/../lib/gcc/arm-none-eabi/6.3.1/../../../../arm-none-eabi/lib/thumb/v7-m/librdimon_nano.a(rdimon-syscalls.o)
                0x0000000008000f6a                _fstat
 .text._isatty  0x0000000008000f86       0x38 /home/gwarchol/1200/IDE/plugins/fr.ac6.mcu.externaltools.arm-none.linux64_1.15.0.201708311556/tools/compiler/bin/../lib/gcc/arm-none-eabi/6.3.1/../../../../arm-none-eabi/lib/thumb/v7-m/librdimon_nano.a(rdimon-syscalls.o)
                0x0000000008000f86                _isatty
 *fill*         0x0000000008000fbe        0x2 
 .text.NVIC_PriorityGroupConfig
                0x0000000008000fc0       0x14 StdPeriph_Driver/src/misc.o
                0x0000000008000fc0                NVIC_PriorityGroupConfig
 .text.NVIC_Init
                0x0000000008000fd4       0x68 StdPeriph_Driver/src/misc.o
                0x0000000008000fd4                NVIC_Init
 .text.NVIC_SystemLPConfig
                0x000000000800103c       0x1c StdPeriph_Driver/src/misc.o
                0x000000000800103c                NVIC_SystemLPConfig
 .text.BKP_DeInit
                0x0000000008001058       0x10 StdPeriph_Driver/src/stm32f10x_bkp.o
                0x0000000008001058                BKP_DeInit
 .text.BKP_WriteBackupRegister
                0x0000000008001068       0x1c StdPeriph_Driver/src/stm32f10x_bkp.o
                0x0000000008001068                BKP_WriteBackupRegister
 .text.BKP_ReadBackupRegister
                0x0000000008001084       0x20 StdPeriph_Driver/src/stm32f10x_bkp.o
                0x0000000008001084                BKP_ReadBackupRegister
 .text.DBGMCU_Config
                0x00000000080010a4       0x1c StdPeriph_Driver/src/stm32f10x_dbgmcu.o
                0x00000000080010a4                DBGMCU_Config
 .text.DMA_Init
                0x00000000080010c0       0x3e StdPeriph_Driver/src/stm32f10x_dma.o
                0x00000000080010c0                DMA_Init
 .text.DMA_StructInit
                0x00000000080010fe       0x1a StdPeriph_Driver/src/stm32f10x_dma.o
                0x00000000080010fe                DMA_StructInit
 .text.DMA_Cmd  0x0000000008001118       0x1a StdPeriph_Driver/src/stm32f10x_dma.o
                0x0000000008001118                DMA_Cmd
 .text.DMA_ITConfig
                0x0000000008001132       0x14 StdPeriph_Driver/src/stm32f10x_dma.o
                0x0000000008001132                DMA_ITConfig
 *fill*         0x0000000008001146        0x2 
 .text.DMA_GetITStatus
                0x0000000008001148       0x24 StdPeriph_Driver/src/stm32f10x_dma.o
                0x0000000008001148                DMA_GetITStatus
 .text.DMA_ClearITPendingBit
                0x000000000800116c       0x1c StdPeriph_Driver/src/stm32f10x_dma.o
                0x000000000800116c                DMA_ClearITPendingBit
 .text.EXTI_Init
                0x0000000008001188       0x8c StdPeriph_Driver/src/stm32f10x_exti.o
                0x0000000008001188                EXTI_Init
 .text.EXTI_ClearITPendingBit
                0x0000000008001214        0xc StdPeriph_Driver/src/stm32f10x_exti.o
                0x0000000008001214                EXTI_ClearITPendingBit
 .text.FLASH_SetLatency
                0x0000000008001220       0x14 StdPeriph_Driver/src/stm32f10x_flash.o
                0x0000000008001220                FLASH_SetLatency
 .text.FLASH_PrefetchBufferCmd
                0x0000000008001234       0x18 StdPeriph_Driver/src/stm32f10x_flash.o
                0x0000000008001234                FLASH_PrefetchBufferCmd
 .text.FLASH_Unlock
                0x000000000800124c       0x18 StdPeriph_Driver/src/stm32f10x_flash.o
                0x000000000800124c                FLASH_Unlock
 .text.FLASH_Lock
                0x0000000008001264       0x10 StdPeriph_Driver/src/stm32f10x_flash.o
                0x0000000008001264                FLASH_Lock
 .text.FLASH_GetBank1Status
                0x0000000008001274       0x34 StdPeriph_Driver/src/stm32f10x_flash.o
                0x0000000008001274                FLASH_GetBank1Status
 .text.FLASH_WaitForLastOperation
                0x00000000080012a8       0x1e StdPeriph_Driver/src/stm32f10x_flash.o
                0x00000000080012a8                FLASH_WaitForLastOperation
 *fill*         0x00000000080012c6        0x2 
 .text.FLASH_ErasePage
                0x00000000080012c8       0x40 StdPeriph_Driver/src/stm32f10x_flash.o
                0x00000000080012c8                FLASH_ErasePage
 .text.FLASH_ProgramWord
                0x0000000008001308       0x6c StdPeriph_Driver/src/stm32f10x_flash.o
                0x0000000008001308                FLASH_ProgramWord
 .text.GPIO_Init
                0x0000000008001374       0x9e StdPeriph_Driver/src/stm32f10x_gpio.o
                0x0000000008001374                GPIO_Init
 .text.GPIO_ReadInputDataBit
                0x0000000008001412        0xe StdPeriph_Driver/src/stm32f10x_gpio.o
                0x0000000008001412                GPIO_ReadInputDataBit
 .text.GPIO_SetBits
                0x0000000008001420        0x4 StdPeriph_Driver/src/stm32f10x_gpio.o
                0x0000000008001420                GPIO_SetBits
 .text.GPIO_ResetBits
                0x0000000008001424        0x4 StdPeriph_Driver/src/stm32f10x_gpio.o
                0x0000000008001424                GPIO_ResetBits
 .text.GPIO_WriteBit
                0x0000000008001428        0xa StdPeriph_Driver/src/stm32f10x_gpio.o
                0x0000000008001428                GPIO_WriteBit
 *fill*         0x0000000008001432        0x2 
 .text.GPIO_EXTILineConfig
                0x0000000008001434       0x34 StdPeriph_Driver/src/stm32f10x_gpio.o
                0x0000000008001434                GPIO_EXTILineConfig
 .text.I2C_DeInit
                0x0000000008001468       0x38 StdPeriph_Driver/src/stm32f10x_i2c.o
                0x0000000008001468                I2C_DeInit
 .text.I2C_Init
                0x00000000080014a0       0xdc StdPeriph_Driver/src/stm32f10x_i2c.o
                0x00000000080014a0                I2C_Init
 .text.I2C_Cmd  0x000000000800157c       0x1c StdPeriph_Driver/src/stm32f10x_i2c.o
                0x000000000800157c                I2C_Cmd
 .text.I2C_GenerateSTART
                0x0000000008001598       0x1c StdPeriph_Driver/src/stm32f10x_i2c.o
                0x0000000008001598                I2C_GenerateSTART
 .text.I2C_GenerateSTOP
                0x00000000080015b4       0x1c StdPeriph_Driver/src/stm32f10x_i2c.o
                0x00000000080015b4                I2C_GenerateSTOP
 .text.I2C_AcknowledgeConfig
                0x00000000080015d0       0x1c StdPeriph_Driver/src/stm32f10x_i2c.o
                0x00000000080015d0                I2C_AcknowledgeConfig
 .text.I2C_SendData
                0x00000000080015ec        0x4 StdPeriph_Driver/src/stm32f10x_i2c.o
                0x00000000080015ec                I2C_SendData
 .text.I2C_ReceiveData
                0x00000000080015f0        0x6 StdPeriph_Driver/src/stm32f10x_i2c.o
                0x00000000080015f0                I2C_ReceiveData
 .text.I2C_Send7bitAddress
                0x00000000080015f6       0x12 StdPeriph_Driver/src/stm32f10x_i2c.o
                0x00000000080015f6                I2C_Send7bitAddress
 .text.I2C_CheckEvent
                0x0000000008001608       0x1c StdPeriph_Driver/src/stm32f10x_i2c.o
                0x0000000008001608                I2C_CheckEvent
 .text.I2C_GetFlagStatus
                0x0000000008001624       0x38 StdPeriph_Driver/src/stm32f10x_i2c.o
                0x0000000008001624                I2C_GetFlagStatus
 .text.PWR_BackupAccessCmd
                0x000000000800165c        0xc StdPeriph_Driver/src/stm32f10x_pwr.o
                0x000000000800165c                PWR_BackupAccessCmd
 .text.RCC_DeInit
                0x0000000008001668       0x40 StdPeriph_Driver/src/stm32f10x_rcc.o
                0x0000000008001668                RCC_DeInit
 .text.RCC_HSEConfig
                0x00000000080016a8       0x3c StdPeriph_Driver/src/stm32f10x_rcc.o
                0x00000000080016a8                RCC_HSEConfig
 .text.RCC_PLLConfig
                0x00000000080016e4       0x14 StdPeriph_Driver/src/stm32f10x_rcc.o
                0x00000000080016e4                RCC_PLLConfig
 .text.RCC_PLLCmd
                0x00000000080016f8        0xc StdPeriph_Driver/src/stm32f10x_rcc.o
                0x00000000080016f8                RCC_PLLCmd
 .text.RCC_SYSCLKConfig
                0x0000000008001704       0x14 StdPeriph_Driver/src/stm32f10x_rcc.o
                0x0000000008001704                RCC_SYSCLKConfig
 .text.RCC_GetSYSCLKSource
                0x0000000008001718       0x10 StdPeriph_Driver/src/stm32f10x_rcc.o
                0x0000000008001718                RCC_GetSYSCLKSource
 .text.RCC_HCLKConfig
                0x0000000008001728       0x14 StdPeriph_Driver/src/stm32f10x_rcc.o
                0x0000000008001728                RCC_HCLKConfig
 .text.RCC_PCLK1Config
                0x000000000800173c       0x14 StdPeriph_Driver/src/stm32f10x_rcc.o
                0x000000000800173c                RCC_PCLK1Config
 .text.RCC_PCLK2Config
                0x0000000008001750       0x14 StdPeriph_Driver/src/stm32f10x_rcc.o
                0x0000000008001750                RCC_PCLK2Config
 .text.RCC_LSEConfig
                0x0000000008001764       0x28 StdPeriph_Driver/src/stm32f10x_rcc.o
                0x0000000008001764                RCC_LSEConfig
 .text.RCC_RTCCLKConfig
                0x000000000800178c       0x10 StdPeriph_Driver/src/stm32f10x_rcc.o
                0x000000000800178c                RCC_RTCCLKConfig
 .text.RCC_RTCCLKCmd
                0x000000000800179c        0xc StdPeriph_Driver/src/stm32f10x_rcc.o
                0x000000000800179c                RCC_RTCCLKCmd
 .text.RCC_GetClocksFreq
                0x00000000080017a8       0xb8 StdPeriph_Driver/src/stm32f10x_rcc.o
                0x00000000080017a8                RCC_GetClocksFreq
 .text.RCC_AHBPeriphClockCmd
                0x0000000008001860       0x1c StdPeriph_Driver/src/stm32f10x_rcc.o
                0x0000000008001860                RCC_AHBPeriphClockCmd
 .text.RCC_APB2PeriphClockCmd
                0x000000000800187c       0x1c StdPeriph_Driver/src/stm32f10x_rcc.o
                0x000000000800187c                RCC_APB2PeriphClockCmd
 .text.RCC_APB1PeriphClockCmd
                0x0000000008001898       0x1c StdPeriph_Driver/src/stm32f10x_rcc.o
                0x0000000008001898                RCC_APB1PeriphClockCmd
 .text.RCC_APB1PeriphResetCmd
                0x00000000080018b4       0x1c StdPeriph_Driver/src/stm32f10x_rcc.o
                0x00000000080018b4                RCC_APB1PeriphResetCmd
 .text.RCC_BackupResetCmd
                0x00000000080018d0        0xc StdPeriph_Driver/src/stm32f10x_rcc.o
                0x00000000080018d0                RCC_BackupResetCmd
 .text.RCC_GetFlagStatus
                0x00000000080018dc       0x34 StdPeriph_Driver/src/stm32f10x_rcc.o
                0x00000000080018dc                RCC_GetFlagStatus
 .text.RCC_WaitForHSEStartUp
                0x0000000008001910       0x34 StdPeriph_Driver/src/stm32f10x_rcc.o
                0x0000000008001910                RCC_WaitForHSEStartUp
 .text.RCC_ClearFlag
                0x0000000008001944       0x10 StdPeriph_Driver/src/stm32f10x_rcc.o
                0x0000000008001944                RCC_ClearFlag
 .text.RTC_ITConfig
                0x0000000008001954       0x20 StdPeriph_Driver/src/stm32f10x_rtc.o
                0x0000000008001954                RTC_ITConfig
 .text.RTC_EnterConfigMode
                0x0000000008001974       0x14 StdPeriph_Driver/src/stm32f10x_rtc.o
                0x0000000008001974                RTC_EnterConfigMode
 .text.RTC_ExitConfigMode
                0x0000000008001988       0x14 StdPeriph_Driver/src/stm32f10x_rtc.o
                0x0000000008001988                RTC_ExitConfigMode
 .text.RTC_GetCounter
                0x000000000800199c       0x14 StdPeriph_Driver/src/stm32f10x_rtc.o
                0x000000000800199c                RTC_GetCounter
 .text.RTC_SetCounter
                0x00000000080019b0       0x1c StdPeriph_Driver/src/stm32f10x_rtc.o
                0x00000000080019b0                RTC_SetCounter
 .text.RTC_SetPrescaler
                0x00000000080019cc       0x20 StdPeriph_Driver/src/stm32f10x_rtc.o
                0x00000000080019cc                RTC_SetPrescaler
 .text.RTC_SetAlarm
                0x00000000080019ec       0x1c StdPeriph_Driver/src/stm32f10x_rtc.o
                0x00000000080019ec                RTC_SetAlarm
 .text.RTC_GetAlarm
                0x0000000008001a08       0x10 StdPeriph_Driver/src/stm32f10x_rtc.o
                0x0000000008001a08                RTC_GetAlarm
 .text.RTC_WaitForLastTask
                0x0000000008001a18       0x10 StdPeriph_Driver/src/stm32f10x_rtc.o
                0x0000000008001a18                RTC_WaitForLastTask
 .text.RTC_WaitForSynchro
                0x0000000008001a28       0x20 StdPeriph_Driver/src/stm32f10x_rtc.o
                0x0000000008001a28                RTC_WaitForSynchro
 .text.RTC_GetITStatus
                0x0000000008001a48       0x20 StdPeriph_Driver/src/stm32f10x_rtc.o
                0x0000000008001a48                RTC_GetITStatus
 .text.RTC_ClearITPendingBit
                0x0000000008001a68       0x14 StdPeriph_Driver/src/stm32f10x_rtc.o
                0x0000000008001a68                RTC_ClearITPendingBit
 .text.SPI_Init
                0x0000000008001a7c       0x4c StdPeriph_Driver/src/stm32f10x_spi.o
                0x0000000008001a7c                SPI_Init
 .text.SPI_StructInit
                0x0000000008001ac8       0x18 StdPeriph_Driver/src/stm32f10x_spi.o
                0x0000000008001ac8                SPI_StructInit
 .text.SPI_Cmd  0x0000000008001ae0       0x1c StdPeriph_Driver/src/stm32f10x_spi.o
                0x0000000008001ae0                SPI_Cmd
 .text.SPI_I2S_ITConfig
                0x0000000008001afc       0x20 StdPeriph_Driver/src/stm32f10x_spi.o
                0x0000000008001afc                SPI_I2S_ITConfig
 .text.SPI_I2S_DMACmd
                0x0000000008001b1c       0x18 StdPeriph_Driver/src/stm32f10x_spi.o
                0x0000000008001b1c                SPI_I2S_DMACmd
 .text.SPI_I2S_SendData
                0x0000000008001b34        0x4 StdPeriph_Driver/src/stm32f10x_spi.o
                0x0000000008001b34                SPI_I2S_SendData
 .text.SPI_I2S_ReceiveData
                0x0000000008001b38        0x6 StdPeriph_Driver/src/stm32f10x_spi.o
                0x0000000008001b38                SPI_I2S_ReceiveData
 .text.SPI_I2S_GetFlagStatus
                0x0000000008001b3e        0xe StdPeriph_Driver/src/stm32f10x_spi.o
                0x0000000008001b3e                SPI_I2S_GetFlagStatus
 .text.SPI_I2S_GetITStatus
                0x0000000008001b4c       0x2e StdPeriph_Driver/src/stm32f10x_spi.o
                0x0000000008001b4c                SPI_I2S_GetITStatus
 .text.SPI_I2S_ClearITPendingBit
                0x0000000008001b7a       0x12 StdPeriph_Driver/src/stm32f10x_spi.o
                0x0000000008001b7a                SPI_I2S_ClearITPendingBit
 .text.TIM_TimeBaseInit
                0x0000000008001b8c       0x94 StdPeriph_Driver/src/stm32f10x_tim.o
                0x0000000008001b8c                TIM_TimeBaseInit
 .text.TIM_OC1Init
                0x0000000008001c20       0x84 StdPeriph_Driver/src/stm32f10x_tim.o
                0x0000000008001c20                TIM_OC1Init
 .text.TIM_OC2Init
                0x0000000008001ca4       0x88 StdPeriph_Driver/src/stm32f10x_tim.o
                0x0000000008001ca4                TIM_OC2Init
 .text.TIM_OC3Init
                0x0000000008001d2c       0x84 StdPeriph_Driver/src/stm32f10x_tim.o
                0x0000000008001d2c                TIM_OC3Init
 .text.TIM_OC4Init
                0x0000000008001db0       0x6c StdPeriph_Driver/src/stm32f10x_tim.o
                0x0000000008001db0                TIM_OC4Init
 .text.TIM_Cmd  0x0000000008001e1c       0x1c StdPeriph_Driver/src/stm32f10x_tim.o
                0x0000000008001e1c                TIM_Cmd
 .text.TIM_ITConfig
                0x0000000008001e38       0x18 StdPeriph_Driver/src/stm32f10x_tim.o
                0x0000000008001e38                TIM_ITConfig
 .text.TIM_OC1PreloadConfig
                0x0000000008001e50        0xe StdPeriph_Driver/src/stm32f10x_tim.o
                0x0000000008001e50                TIM_OC1PreloadConfig
 .text.TIM_OC2PreloadConfig
                0x0000000008001e5e       0x12 StdPeriph_Driver/src/stm32f10x_tim.o
                0x0000000008001e5e                TIM_OC2PreloadConfig
 .text.TIM_OC3PreloadConfig
                0x0000000008001e70        0xe StdPeriph_Driver/src/stm32f10x_tim.o
                0x0000000008001e70                TIM_OC3PreloadConfig
 .text.TIM_OC4PreloadConfig
                0x0000000008001e7e       0x12 StdPeriph_Driver/src/stm32f10x_tim.o
                0x0000000008001e7e                TIM_OC4PreloadConfig
 .text.TIM_SetCompare1
                0x0000000008001e90        0x4 StdPeriph_Driver/src/stm32f10x_tim.o
                0x0000000008001e90                TIM_SetCompare1
 .text.TIM_SetCompare2
                0x0000000008001e94        0x4 StdPeriph_Driver/src/stm32f10x_tim.o
                0x0000000008001e94                TIM_SetCompare2
 .text.TIM_SetCompare3
                0x0000000008001e98        0x4 StdPeriph_Driver/src/stm32f10x_tim.o
                0x0000000008001e98                TIM_SetCompare3
 .text.TIM_SetCompare4
                0x0000000008001e9c        0x6 StdPeriph_Driver/src/stm32f10x_tim.o
                0x0000000008001e9c                TIM_SetCompare4
 .text.TIM_GetCapture1
                0x0000000008001ea2        0x6 StdPeriph_Driver/src/stm32f10x_tim.o
                0x0000000008001ea2                TIM_GetCapture1
 .text.TIM_GetCapture2
                0x0000000008001ea8        0x6 StdPeriph_Driver/src/stm32f10x_tim.o
                0x0000000008001ea8                TIM_GetCapture2
 .text.TIM_GetCapture3
                0x0000000008001eae        0x6 StdPeriph_Driver/src/stm32f10x_tim.o
                0x0000000008001eae                TIM_GetCapture3
 .text.TIM_GetCapture4
                0x0000000008001eb4        0x8 StdPeriph_Driver/src/stm32f10x_tim.o
                0x0000000008001eb4                TIM_GetCapture4
 .text.TIM_GetITStatus
                0x0000000008001ebc       0x18 StdPeriph_Driver/src/stm32f10x_tim.o
                0x0000000008001ebc                TIM_GetITStatus
 .text.TIM_ClearITPendingBit
                0x0000000008001ed4        0x8 StdPeriph_Driver/src/stm32f10x_tim.o
                0x0000000008001ed4                TIM_ClearITPendingBit
 .text.USART_Init
                0x0000000008001edc       0xc8 StdPeriph_Driver/src/stm32f10x_usart.o
                0x0000000008001edc                USART_Init
 .text.USART_StructInit
                0x0000000008001fa4       0x16 StdPeriph_Driver/src/stm32f10x_usart.o
                0x0000000008001fa4                USART_StructInit
 .text.USART_Cmd
                0x0000000008001fba       0x1c StdPeriph_Driver/src/stm32f10x_usart.o
                0x0000000008001fba                USART_Cmd
 .text.USART_ITConfig
                0x0000000008001fd6       0x38 StdPeriph_Driver/src/stm32f10x_usart.o
                0x0000000008001fd6                USART_ITConfig
 .text.USART_SendData
                0x000000000800200e        0x8 StdPeriph_Driver/src/stm32f10x_usart.o
                0x000000000800200e                USART_SendData
 .text.USART_ReceiveData
                0x0000000008002016        0x8 StdPeriph_Driver/src/stm32f10x_usart.o
                0x0000000008002016                USART_ReceiveData
 .text.USART_GetITStatus
                0x000000000800201e       0x4c StdPeriph_Driver/src/stm32f10x_usart.o
                0x000000000800201e                USART_GetITStatus
 *fill*         0x000000000800206a        0x2 
 .text.LCD_pinsInit
                0x000000000800206c       0xb0 lib/ILI9341/core.o
 .text.LCD_reset
                0x000000000800211c       0x28 lib/ILI9341/core.o
                0x000000000800211c                LCD_reset
 .text.LCD_exitStandby
                0x0000000008002144       0x16 lib/ILI9341/core.o
                0x0000000008002144                LCD_exitStandby
 *fill*         0x000000000800215a        0x2 
 .text.LCD_setOrientation
                0x000000000800215c       0x58 lib/ILI9341/core.o
                0x000000000800215c                LCD_setOrientation
 .text.LCD_configure
                0x00000000080021b4       0x40 lib/ILI9341/core.o
 .text.LCD_init
                0x00000000080021f4       0x2c lib/ILI9341/core.o
                0x00000000080021f4                LCD_init
 .text.LCD_setAddressWindow
                0x0000000008002220       0xe0 lib/ILI9341/core.o
                0x0000000008002220                LCD_setAddressWindow
 .text.LCD_getWidth
                0x0000000008002300        0xc lib/ILI9341/core.o
                0x0000000008002300                LCD_getWidth
 .text.LCD_getHeight
                0x000000000800230c        0xc lib/ILI9341/core.o
                0x000000000800230c                LCD_getHeight
 .text.LCD_setSpi8
                0x0000000008002318       0x2c lib/ILI9341/core.o
                0x0000000008002318                LCD_setSpi8
 .text.LCD_setSpi16
                0x0000000008002344       0x28 lib/ILI9341/core.o
                0x0000000008002344                LCD_setSpi16
 .text.SysTick_Handler
                0x000000000800236c       0x10 lib/ILI9341/delay.o
                0x000000000800236c                SysTick_Handler
 .text.delay_ms
                0x000000000800237c       0x58 lib/ILI9341/delay.o
                0x000000000800237c                delay_ms
 .text.dmaInit  0x00000000080023d4       0x54 lib/ILI9341/dma.o
                0x00000000080023d4                dmaInit
 .text.dmaSendCmd
                0x0000000008002428       0x84 lib/ILI9341/dma.o
                0x0000000008002428                dmaSendCmd
 .text.dmaSendCmdCont
                0x00000000080024ac       0x70 lib/ILI9341/dma.o
                0x00000000080024ac                dmaSendCmdCont
 .text.dmaReceiveDataCont8
                0x000000000800251c       0x94 lib/ILI9341/dma.o
                0x000000000800251c                dmaReceiveDataCont8
 .text.dmaSendDataCont8
                0x00000000080025b0       0x68 lib/ILI9341/dma.o
                0x00000000080025b0                dmaSendDataCont8
 .text.dmaSendData16
                0x0000000008002618       0x84 lib/ILI9341/dma.o
                0x0000000008002618                dmaSendData16
 .text.dmaSendDataCont16
                0x000000000800269c       0x70 lib/ILI9341/dma.o
                0x000000000800269c                dmaSendDataCont16
 .text.dmaFill16
                0x000000000800270c       0xf8 lib/ILI9341/dma.o
                0x000000000800270c                dmaFill16
 .text.DMA1_Channel2_IRQHandler
                0x0000000008002804       0x24 lib/ILI9341/dma.o
                0x0000000008002804                DMA1_Channel2_IRQHandler
 .text.DMA1_Channel3_IRQHandler
                0x0000000008002828       0x28 lib/ILI9341/dma.o
                0x0000000008002828                DMA1_Channel3_IRQHandler
 .text.LCD_readPixels
                0x0000000008002850       0x8c lib/ILI9341/graph.o
                0x0000000008002850                LCD_readPixels
 .text.LCD_fillRect
                0x00000000080028dc       0x34 lib/ILI9341/graph.o
                0x00000000080028dc                LCD_fillRect
 .text.LCD_fillScreen
                0x0000000008002910       0x3a lib/ILI9341/graph.o
                0x0000000008002910                LCD_fillScreen
 .text.LCD_drawCircle
                0x000000000800294a      0x222 lib/ILI9341/graph.o
                0x000000000800294a                LCD_drawCircle
 .text.LCD_drawRect
                0x0000000008002b6c      0x210 lib/ILI9341/graph.o
                0x0000000008002b6c                LCD_drawRect
 .text.LCD_writeString
                0x0000000008002d7c      0x238 lib/ILI9341/text.o
                0x0000000008002d7c                LCD_writeString
 .text.LCD_setCursor
                0x0000000008002fb4        0xc lib/ILI9341/text.o
                0x0000000008002fb4                LCD_setCursor
 .text.LCD_setTextSize
                0x0000000008002fc0        0xc lib/ILI9341/text.o
                0x0000000008002fc0                LCD_setTextSize
 .text.LCD_setTextColor
                0x0000000008002fcc        0xc lib/ILI9341/text.o
                0x0000000008002fcc                LCD_setTextColor
 .text.LCD_setTextBgColor
                0x0000000008002fd8        0xc lib/ILI9341/text.o
                0x0000000008002fd8                LCD_setTextBgColor
 .text.get_alarm_is_working
                0x0000000008002fe4        0xc src/DFPPlayer.o
                0x0000000008002fe4                get_alarm_is_working
 .text.MP3_clear_RXBuffer
                0x0000000008002ff0       0x38 src/DFPPlayer.o
                0x0000000008002ff0                MP3_clear_RXBuffer
 .text.analizeDataFromMP3
                0x0000000008003028       0x58 src/DFPPlayer.o
                0x0000000008003028                analizeDataFromMP3
 .text.MP3_checksum
                0x0000000008003080       0x20 src/DFPPlayer.o
                0x0000000008003080                MP3_checksum
 .text.mp3_send_cmd
                0x00000000080030a0       0x2c src/DFPPlayer.o
                0x00000000080030a0                mp3_send_cmd
 .text.mp3_init
                0x00000000080030cc       0x28 src/DFPPlayer.o
                0x00000000080030cc                mp3_init
 .text.alarm_stop
                0x00000000080030f4       0x78 src/DFPPlayer.o
                0x00000000080030f4                alarm_stop
 .text.alarm_snooze
                0x000000000800316c       0x38 src/DFPPlayer.o
                0x000000000800316c                alarm_snooze
 .text.control_sound_play
                0x00000000080031a4       0x44 src/DFPPlayer.o
                0x00000000080031a4                control_sound_play
 .text.play_alarm
                0x00000000080031e8       0x20 src/DFPPlayer.o
                0x00000000080031e8                play_alarm
 .text.BMP180_Init
                0x0000000008003208       0x94 src/bmp180.o
                0x0000000008003208                BMP180_Init
 .text.BMP180_WriteReg
                0x000000000800329c       0x74 src/bmp180.o
                0x000000000800329c                BMP180_WriteReg
 .text.BMP180_ReadReg
                0x0000000008003310       0xbc src/bmp180.o
                0x0000000008003310                BMP180_ReadReg
 .text.BMP180_ReadCalibration
                0x00000000080033cc      0x184 src/bmp180.o
                0x00000000080033cc                BMP180_ReadCalibration
 .text.init_bmp180
                0x0000000008003550       0x20 src/bmp180.o
                0x0000000008003550                init_bmp180
 .text.BMP180_Read_UT
                0x0000000008003570       0xdc src/bmp180.o
                0x0000000008003570                BMP180_Read_UT
 .text.BMP180_Read_PT
                0x000000000800364c      0x118 src/bmp180.o
                0x000000000800364c                BMP180_Read_PT
 .text.BMP180_Calc_RT
                0x0000000008003764       0x30 src/bmp180.o
                0x0000000008003764                BMP180_Calc_RT
 .text.read_temperature_str
                0x0000000008003794       0x44 src/bmp180.o
                0x0000000008003794                read_temperature_str
 .text.BMP180_Calc_RP
                0x00000000080037d8       0xa8 src/bmp180.o
                0x00000000080037d8                BMP180_Calc_RP
 .text.read_pressure_str
                0x0000000008003880       0x58 src/bmp180.o
                0x0000000008003880                read_pressure_str
 .text.addToBuffor
                0x00000000080038d8       0x18 src/buffors.o
                0x00000000080038d8                addToBuffor
 .text.getFromBuffor
                0x00000000080038f0       0x36 src/buffors.o
                0x00000000080038f0                getFromBuffor
 .text.isBufforEmpty
                0x0000000008003926        0xe src/buffors.o
                0x0000000008003926                isBufforEmpty
 .text.initBuffor
                0x0000000008003934        0xe src/buffors.o
                0x0000000008003934                initBuffor
 *fill*         0x0000000008003942        0x2 
 .text.getStandByModeState
                0x0000000008003944        0xc src/device_config.o
                0x0000000008003944                getStandByModeState
 .text.set_sleep_mode
                0x0000000008003950       0x24 src/device_config.o
                0x0000000008003950                set_sleep_mode
 .text.clr_sleep_mode
                0x0000000008003974       0x24 src/device_config.o
                0x0000000008003974                clr_sleep_mode
 .text.sleep_mode_init
                0x0000000008003998       0xe4 src/device_config.o
                0x0000000008003998                sleep_mode_init
 .text.control__goto_sleep_mode
                0x0000000008003a7c       0x24 src/device_config.o
                0x0000000008003a7c                control__goto_sleep_mode
 .text.EXTI0_IRQHandler
                0x0000000008003aa0       0x20 src/device_config.o
                0x0000000008003aa0                EXTI0_IRQHandler
 .text.EXTI1_IRQHandler
                0x0000000008003ac0        0xa src/device_config.o
                0x0000000008003ac0                EXTI1_IRQHandler
 *fill*         0x0000000008003aca        0x2 
 .text.EXTI4_IRQHandler
                0x0000000008003acc       0x28 src/device_config.o
                0x0000000008003acc                EXTI4_IRQHandler
 .text.device_init
                0x0000000008003af4       0x2c src/device_config.o
                0x0000000008003af4                device_init
 .text.turnOnOffLed
                0x0000000008003b20       0x28 src/device_config.o
                0x0000000008003b20                turnOnOffLed
 .text.RCC_Conf
                0x0000000008003b48       0x64 src/device_config.o
                0x0000000008003b48                RCC_Conf
 .text.main     0x0000000008003bac       0xd0 src/main.o
                0x0000000008003bac                main
 .text.working_day_checked
                0x0000000008003c7c        0xc src/menu.o
                0x0000000008003c7c                working_day_checked
 .text.alarm_on_checked
                0x0000000008003c88        0xc src/menu.o
                0x0000000008003c88                alarm_on_checked
 .text.get_menu_state
                0x0000000008003c94        0xc src/menu.o
                0x0000000008003c94                get_menu_state
 .text.on_button_released
                0x0000000008003ca0       0x14 src/menu.o
                0x0000000008003ca0                on_button_released
 .text.increment_set_clk_state
                0x0000000008003cb4       0x28 src/menu.o
                0x0000000008003cb4                increment_set_clk_state
 .text.increment_set_date_state
                0x0000000008003cdc       0x24 src/menu.o
                0x0000000008003cdc                increment_set_date_state
 .text.control_alarm_off_state
                0x0000000008003d00       0x10 src/menu.o
                0x0000000008003d00                control_alarm_off_state
 .text.increment_set_alarm_state
                0x0000000008003d10       0x1c src/menu.o
                0x0000000008003d10                increment_set_alarm_state
 .text.create_menu
                0x0000000008003d2c       0xe4 src/menu.o
                0x0000000008003d2c                create_menu
 .text.setMenuState
                0x0000000008003e10       0x24 src/menu.o
                0x0000000008003e10                setMenuState
 .text.read_environmental_parameters
                0x0000000008003e34       0x18 src/menu.o
                0x0000000008003e34                read_environmental_parameters
 .text.on_set_working_day
                0x0000000008003e4c       0x1c src/menu.o
                0x0000000008003e4c                on_set_working_day
 .text.on_set_alarm
                0x0000000008003e68       0x1c src/menu.o
                0x0000000008003e68                on_set_alarm
 .text.on_set_alarm_up
                0x0000000008003e84       0x34 src/menu.o
                0x0000000008003e84                on_set_alarm_up
 .text.on_set_alarm_down
                0x0000000008003eb8       0x34 src/menu.o
                0x0000000008003eb8                on_set_alarm_down
 .text.on_set_up
                0x0000000008003eec       0x54 src/menu.o
                0x0000000008003eec                on_set_up
 .text.on_set_down
                0x0000000008003f40       0x5c src/menu.o
                0x0000000008003f40                on_set_down
 .text.set_adjustable_element_on_blinking
                0x0000000008003f9c       0x58 src/menu.o
                0x0000000008003f9c                set_adjustable_element_on_blinking
 *fill*         0x0000000008003ff4        0x4 
 .text.show_menu
                0x0000000008003ff8      0x5f0 src/menu.o
                0x0000000008003ff8                show_menu
 .text.display_info_message
                0x00000000080045e8       0x1c src/menu.o
                0x00000000080045e8                display_info_message
 .text.NVIC_RTC_Configuration
                0x0000000008004604       0x44 src/rtc.o
                0x0000000008004604                NVIC_RTC_Configuration
 .text.RTCAlarm_IRQHandler
                0x0000000008004648       0x28 src/rtc.o
                0x0000000008004648                RTCAlarm_IRQHandler
 .text.read_alarm
                0x0000000008004670       0xec src/rtc.o
                0x0000000008004670                read_alarm
 .text.read_time
                0x000000000800475c       0xd8 src/rtc.o
                0x000000000800475c                read_time
 .text.read_date
                0x0000000008004834       0x78 src/rtc.o
                0x0000000008004834                read_date
 .text.addAlarmHour
                0x00000000080048ac       0x10 src/rtc.o
                0x00000000080048ac                addAlarmHour
 .text.removeAlarmHour
                0x00000000080048bc       0x10 src/rtc.o
                0x00000000080048bc                removeAlarmHour
 .text.addAlarmMinute
                0x00000000080048cc        0xe src/rtc.o
                0x00000000080048cc                addAlarmMinute
 .text.addAlarmSnooze
                0x00000000080048da       0x10 src/rtc.o
                0x00000000080048da                addAlarmSnooze
 .text.removeAlarmMinute
                0x00000000080048ea        0xe src/rtc.o
                0x00000000080048ea                removeAlarmMinute
 .text.addAlarmSec
                0x00000000080048f8        0xe src/rtc.o
                0x00000000080048f8                addAlarmSec
 .text.removeAlarmSec
                0x0000000008004906        0xe src/rtc.o
                0x0000000008004906                removeAlarmSec
 .text.addHour  0x0000000008004914       0x18 src/rtc.o
                0x0000000008004914                addHour
 .text.removeHour
                0x000000000800492c       0x18 src/rtc.o
                0x000000000800492c                removeHour
 .text.addMin   0x0000000008004944       0x16 src/rtc.o
                0x0000000008004944                addMin
 .text.removeMin
                0x000000000800495a       0x16 src/rtc.o
                0x000000000800495a                removeMin
 .text.addSec   0x0000000008004970       0x16 src/rtc.o
                0x0000000008004970                addSec
 .text.removeSec
                0x0000000008004986       0x16 src/rtc.o
                0x0000000008004986                removeSec
 .text.save_time
                0x000000000800499c       0x22 src/rtc.o
                0x000000000800499c                save_time
 *fill*         0x00000000080049be        0x2 
 .text.check_leap
                0x00000000080049c0       0x40 src/rtc.o
                0x00000000080049c0                check_leap
 .text.prev_date
                0x0000000008004a00       0xf4 src/rtc.o
                0x0000000008004a00                prev_date
 .text.removeDay
                0x0000000008004af4        0x8 src/rtc.o
                0x0000000008004af4                removeDay
 .text.removeMonth
                0x0000000008004afc       0x3e src/rtc.o
                0x0000000008004afc                removeMonth
 .text.removeYear
                0x0000000008004b3a       0x1e src/rtc.o
                0x0000000008004b3a                removeYear
 .text.update_date
                0x0000000008004b58       0xf0 src/rtc.o
                0x0000000008004b58                update_date
 .text.check_next_day
                0x0000000008004c48       0x2c src/rtc.o
                0x0000000008004c48                check_next_day
 .text.addMonth
                0x0000000008004c74       0x3e src/rtc.o
                0x0000000008004c74                addMonth
 .text.addYear  0x0000000008004cb2       0x1e src/rtc.o
                0x0000000008004cb2                addYear
 .text.save_date
                0x0000000008004cd0       0x90 src/rtc.o
                0x0000000008004cd0                save_date
 .text.set_alarm
                0x0000000008004d60       0x2c src/rtc.o
                0x0000000008004d60                set_alarm
 .text.check_for_days_elapsed
                0x0000000008004d8c       0x5c src/rtc.o
                0x0000000008004d8c                check_for_days_elapsed
 .text.RTC_Configuration
                0x0000000008004de8       0xcc src/rtc.o
                0x0000000008004de8                RTC_Configuration
 .text.rtc_init
                0x0000000008004eb4       0x64 src/rtc.o
                0x0000000008004eb4                rtc_init
 .text.day_of_week
                0x0000000008004f18       0xac src/rtc.o
                0x0000000008004f18                day_of_week
 .text.RTC_IRQHandler
                0x0000000008004fc4       0xb8 src/rtc.o
                0x0000000008004fc4                RTC_IRQHandler
 .text.addDay   0x000000000800507c       0x48 src/rtc.o
                0x000000000800507c                addDay
 .text.getTimerChannelState
                0x00000000080050c4       0x34 src/scan_timer.o
                0x00000000080050c4                getTimerChannelState
 .text.setTimerChannelState
                0x00000000080050f8       0x28 src/scan_timer.o
                0x00000000080050f8                setTimerChannelState
 .text.init_timer
                0x0000000008005120       0xe4 src/scan_timer.o
                0x0000000008005120                init_timer
 .text.TIM1_CC_IRQHandler
                0x0000000008005204       0xdc src/scan_timer.o
                0x0000000008005204                TIM1_CC_IRQHandler
 .text.SetSysClockTo72
                0x00000000080052e0       0xc4 src/system_stm32f10x.o
 .text.SetSysClock
                0x00000000080053a4        0x8 src/system_stm32f10x.o
 .text.SystemInit
                0x00000000080053ac       0x50 src/system_stm32f10x.o
                0x00000000080053ac                SystemInit
 .text.TIM2_IRQHandler
                0x00000000080053fc       0xdc src/timers.o
                0x00000000080053fc                TIM2_IRQHandler
 .text.set_pushed_filter
                0x00000000080054d8        0xc src/touch_screen.o
                0x00000000080054d8                set_pushed_filter
 .text.DMA1_Channel4_IRQHandler
                0x00000000080054e4       0x28 src/touch_screen.o
                0x00000000080054e4                DMA1_Channel4_IRQHandler
 .text.DMA1_Channel5_IRQHandler
                0x000000000800550c       0x28 src/touch_screen.o
                0x000000000800550c                DMA1_Channel5_IRQHandler
 .text.SPI2_IRQHandler
                0x0000000008005534       0xb0 src/touch_screen.o
                0x0000000008005534                SPI2_IRQHandler
 .text.get_touch_force
                0x00000000080055e4        0xc src/touch_screen.o
                0x00000000080055e4                get_touch_force
 .text.run_command
                0x00000000080055f0       0x3c src/touch_screen.o
                0x00000000080055f0                run_command
 .text.run_command_parameter
                0x000000000800562c       0x40 src/touch_screen.o
                0x000000000800562c                run_command_parameter
 .text.control_touch_buttons
                0x000000000800566c      0x178 src/touch_screen.o
                0x000000000800566c                control_touch_buttons
 .text.getTouchData
                0x00000000080057e4        0x8 src/touch_screen.o
                0x00000000080057e4                getTouchData
 .text.touch_screen_cs_low
                0x00000000080057ec       0x14 src/touch_screen.o
                0x00000000080057ec                touch_screen_cs_low
 .text.touch_screen_cs_high
                0x0000000008005800       0x14 src/touch_screen.o
                0x0000000008005800                touch_screen_cs_high
 .text.init_spi_2
                0x0000000008005814       0xd0 src/touch_screen.o
                0x0000000008005814                init_spi_2
 .text.init_touch_screen
                0x00000000080058e4        0x8 src/touch_screen.o
                0x00000000080058e4                init_touch_screen
 .text.touch_screen_send_command
                0x00000000080058ec       0x1c src/touch_screen.o
                0x00000000080058ec                touch_screen_send_command
 .text.analize_data_from_touch_screen
                0x0000000008005908       0x54 src/touch_screen.o
                0x0000000008005908                analize_data_from_touch_screen
 .text.uart_interrup_init
                0x000000000800595c       0xe4 src/uart_interrupt.o
                0x000000000800595c                uart_interrup_init
 .text.uart_send_data
                0x0000000008005a40       0x34 src/uart_interrupt.o
                0x0000000008005a40                uart_send_data
 .text.USART3_IRQHandler
                0x0000000008005a74       0x8c src/uart_interrupt.o
                0x0000000008005a74                USART3_IRQHandler
 .text.analizeIncomingMp3Data
                0x0000000008005b00       0x24 src/uart_interrupt.o
                0x0000000008005b00                analizeIncomingMp3Data
 .text.nullCallback
                0x0000000008005b24        0x2 src/buttons/buttons.o
 *fill*         0x0000000008005b26        0x2 
 .text.ALARM_BUTTON_callback
                0x0000000008005b28       0x18 src/buttons/buttons.o
                0x0000000008005b28                ALARM_BUTTON_callback
 .text.ALARM_OFF_BUTTON_callback
                0x0000000008005b40       0x18 src/buttons/buttons.o
                0x0000000008005b40                ALARM_OFF_BUTTON_callback
 .text.initBitFilter
                0x0000000008005b58       0x18 src/buttons/buttons.o
                0x0000000008005b58                initBitFilter
 .text.bitFilter_setOnBitChangeListener_signal
                0x0000000008005b70        0x4 src/buttons/buttons.o
                0x0000000008005b70                bitFilter_setOnBitChangeListener_signal
 .text.init_buttons
                0x0000000008005b74       0x5c src/buttons/buttons.o
                0x0000000008005b74                init_buttons
 .text.callbackEventPressed
                0x0000000008005bd0        0xa src/buttons/buttons.o
                0x0000000008005bd0                callbackEventPressed
 .text.callbackEventReleased
                0x0000000008005bda        0xa src/buttons/buttons.o
                0x0000000008005bda                callbackEventReleased
 .text.buttonIsPressedFiltered
                0x0000000008005be4       0x12 src/buttons/buttons.o
                0x0000000008005be4                buttonIsPressedFiltered
 .text.buttonIsReleasedFiltered
                0x0000000008005bf6       0x12 src/buttons/buttons.o
                0x0000000008005bf6                buttonIsReleasedFiltered
 .text.incrementPressedProbe
                0x0000000008005c08       0x32 src/buttons/buttons.o
                0x0000000008005c08                incrementPressedProbe
 .text.incrementReleasedProbe
                0x0000000008005c3a       0x30 src/buttons/buttons.o
                0x0000000008005c3a                incrementReleasedProbe
 .text.buttonIsPressedNotFiltered
                0x0000000008005c6a        0x8 src/buttons/buttons.o
                0x0000000008005c6a                buttonIsPressedNotFiltered
 .text.buttonIsReleasedNotFiltered
                0x0000000008005c72        0x8 src/buttons/buttons.o
                0x0000000008005c72                buttonIsReleasedNotFiltered
 *fill*         0x0000000008005c7a        0x2 
 .text.scanButtonsPins
                0x0000000008005c7c       0x38 src/buttons/buttons.o
                0x0000000008005c7c                scanButtonsPins
 .text.FLASH_WriteSettings
                0x0000000008005cb4       0x38 src/flash/flash.o
                0x0000000008005cb4                FLASH_WriteSettings
 .text.flash_set_date_storage
                0x0000000008005cec       0x14 src/flash/flash.o
                0x0000000008005cec                flash_set_date_storage
 .text.Reset_Handler
                0x0000000008005d00       0x50 startup/startup_stm32.o
                0x0000000008005d00                Reset_Handler
 .text.Default_Handler
                0x0000000008005d50        0x2 startup/startup_stm32.o
                0x0000000008005d50                EXTI2_IRQHandler
                0x0000000008005d50                TIM8_TRG_COM_IRQHandler
                0x0000000008005d50                TIM8_CC_IRQHandler
                0x0000000008005d50                DebugMon_Handler
                0x0000000008005d50                HardFault_Handler
                0x0000000008005d50                TIM6_IRQHandler
                0x0000000008005d50                PVD_IRQHandler
                0x0000000008005d50                SDIO_IRQHandler
                0x0000000008005d50                PendSV_Handler
                0x0000000008005d50                NMI_Handler
                0x0000000008005d50                EXTI3_IRQHandler
                0x0000000008005d50                USB_HP_CAN_TX_IRQHandler
                0x0000000008005d50                I2C2_EV_IRQHandler
                0x0000000008005d50                UsageFault_Handler
                0x0000000008005d50                ADC1_2_IRQHandler
                0x0000000008005d50                SPI1_IRQHandler
                0x0000000008005d50                CAN_SCE_IRQHandler
                0x0000000008005d50                TAMPER_IRQHandler
                0x0000000008005d50                TIM8_UP_IRQHandler
                0x0000000008005d50                DMA2_Channel2_IRQHandler
                0x0000000008005d50                DMA1_Channel7_IRQHandler
                0x0000000008005d50                UART5_IRQHandler
                0x0000000008005d50                ADC3_IRQHandler
                0x0000000008005d50                TIM4_IRQHandler
                0x0000000008005d50                CAN_RX1_IRQHandler
                0x0000000008005d50                DMA2_Channel1_IRQHandler
                0x0000000008005d50                I2C1_EV_IRQHandler
                0x0000000008005d50                DMA1_Channel6_IRQHandler
                0x0000000008005d50                UART4_IRQHandler
                0x0000000008005d50                TIM3_IRQHandler
                0x0000000008005d50                RCC_IRQHandler
                0x0000000008005d50                TIM1_TRG_COM_IRQHandler
                0x0000000008005d50                DMA1_Channel1_IRQHandler
                0x0000000008005d50                Default_Handler
                0x0000000008005d50                EXTI15_10_IRQHandler
                0x0000000008005d50                TIM7_IRQHandler
                0x0000000008005d50                TIM5_IRQHandler
                0x0000000008005d50                EXTI9_5_IRQHandler
                0x0000000008005d50                USB_LP_CAN_RX0_IRQHandler
                0x0000000008005d50                MemManage_Handler
                0x0000000008005d50                SVC_Handler
                0x0000000008005d50                FSMC_IRQHandler
                0x0000000008005d50                TIM1_UP_IRQHandler
                0x0000000008005d50                WWDG_IRQHandler
                0x0000000008005d50                TIM1_BRK_IRQHandler
                0x0000000008005d50                DMA2_Channel4_5_IRQHandler
                0x0000000008005d50                USART2_IRQHandler
                0x0000000008005d50                I2C2_ER_IRQHandler
                0x0000000008005d50                TIM8_BRK_IRQHandler
                0x0000000008005d50                FLASH_IRQHandler
                0x0000000008005d50                BusFault_Handler
                0x0000000008005d50                USART1_IRQHandler
                0x0000000008005d50                SPI3_IRQHandler
                0x0000000008005d50                I2C1_ER_IRQHandler
                0x0000000008005d50                DMA2_Channel3_IRQHandler
 *fill*         0x0000000008005d52        0x2 
 .text.__errno  0x0000000008005d54        0xc /home/gwarchol/1200/IDE/plugins/fr.ac6.mcu.externaltools.arm-none.linux64_1.15.0.201708311556/tools/compiler/bin/../lib/gcc/arm-none-eabi/6.3.1/../../../../arm-none-eabi/lib/thumb/v7-m/libc_nano.a(lib_a-errno.o)
                0x0000000008005d54                __errno
 .text._cleanup_r
                0x0000000008005d60        0xc /home/gwarchol/1200/IDE/plugins/fr.ac6.mcu.externaltools.arm-none.linux64_1.15.0.201708311556/tools/compiler/bin/../lib/gcc/arm-none-eabi/6.3.1/../../../../arm-none-eabi/lib/thumb/v7-m/libc_nano.a(lib_a-findfp.o)
                0x0000000008005d60                _cleanup_r
 .text.std.isra.0
                0x0000000008005d6c       0x48 /home/gwarchol/1200/IDE/plugins/fr.ac6.mcu.externaltools.arm-none.linux64_1.15.0.201708311556/tools/compiler/bin/../lib/gcc/arm-none-eabi/6.3.1/../../../../arm-none-eabi/lib/thumb/v7-m/libc_nano.a(lib_a-findfp.o)
 .text.__sfmoreglue
                0x0000000008005db4       0x2c /home/gwarchol/1200/IDE/plugins/fr.ac6.mcu.externaltools.arm-none.linux64_1.15.0.201708311556/tools/compiler/bin/../lib/gcc/arm-none-eabi/6.3.1/../../../../arm-none-eabi/lib/thumb/v7-m/libc_nano.a(lib_a-findfp.o)
                0x0000000008005db4                __sfmoreglue
 .text.__sinit  0x0000000008005de0       0x60 /home/gwarchol/1200/IDE/plugins/fr.ac6.mcu.externaltools.arm-none.linux64_1.15.0.201708311556/tools/compiler/bin/../lib/gcc/arm-none-eabi/6.3.1/../../../../arm-none-eabi/lib/thumb/v7-m/libc_nano.a(lib_a-findfp.o)
                0x0000000008005de0                __sinit
 .text.__sfp    0x0000000008005e40       0x78 /home/gwarchol/1200/IDE/plugins/fr.ac6.mcu.externaltools.arm-none.linux64_1.15.0.201708311556/tools/compiler/bin/../lib/gcc/arm-none-eabi/6.3.1/../../../../arm-none-eabi/lib/thumb/v7-m/libc_nano.a(lib_a-findfp.o)
                0x0000000008005e40                __sfp
 .text._fwalk_reent
                0x0000000008005eb8       0x3c /home/gwarchol/1200/IDE/plugins/fr.ac6.mcu.externaltools.arm-none.linux64_1.15.0.201708311556/tools/compiler/bin/../lib/gcc/arm-none-eabi/6.3.1/../../../../arm-none-eabi/lib/thumb/v7-m/libc_nano.a(lib_a-fwalk.o)
                0x0000000008005eb8                _fwalk_reent
 .text._malloc_r
                0x0000000008005ef4       0xbc /home/gwarchol/1200/IDE/plugins/fr.ac6.mcu.externaltools.arm-none.linux64_1.15.0.201708311556/tools/compiler/bin/../lib/gcc/arm-none-eabi/6.3.1/../../../../arm-none-eabi/lib/thumb/v7-m/libc_nano.a(lib_a-nano-mallocr.o)
                0x0000000008005ef4                _malloc_r
 .text.printf   0x0000000008005fb0       0x30 /home/gwarchol/1200/IDE/plugins/fr.ac6.mcu.externaltools.arm-none.linux64_1.15.0.201708311556/tools/compiler/bin/../lib/gcc/arm-none-eabi/6.3.1/../../../../arm-none-eabi/lib/thumb/v7-m/libc_nano.a(lib_a-printf.o)
                0x0000000008005fb0                printf
                0x0000000008005fb0                iprintf
 .text._puts_r  0x0000000008005fe0       0xb8 /home/gwarchol/1200/IDE/plugins/fr.ac6.mcu.externaltools.arm-none.linux64_1.15.0.201708311556/tools/compiler/bin/../lib/gcc/arm-none-eabi/6.3.1/../../../../arm-none-eabi/lib/thumb/v7-m/libc_nano.a(lib_a-puts.o)
                0x0000000008005fe0                _puts_r
 .text.puts     0x0000000008006098       0x10 /home/gwarchol/1200/IDE/plugins/fr.ac6.mcu.externaltools.arm-none.linux64_1.15.0.201708311556/tools/compiler/bin/../lib/gcc/arm-none-eabi/6.3.1/../../../../arm-none-eabi/lib/thumb/v7-m/libc_nano.a(lib_a-puts.o)
                0x0000000008006098                puts
 .text._sbrk_r  0x00000000080060a8       0x20 /home/gwarchol/1200/IDE/plugins/fr.ac6.mcu.externaltools.arm-none.linux64_1.15.0.201708311556/tools/compiler/bin/../lib/gcc/arm-none-eabi/6.3.1/../../../../arm-none-eabi/lib/thumb/v7-m/libc_nano.a(lib_a-sbrkr.o)
                0x00000000080060a8                _sbrk_r
 .text.sprintf  0x00000000080060c8       0x48 /home/gwarchol/1200/IDE/plugins/fr.ac6.mcu.externaltools.arm-none.linux64_1.15.0.201708311556/tools/compiler/bin/../lib/gcc/arm-none-eabi/6.3.1/../../../../arm-none-eabi/lib/thumb/v7-m/libc_nano.a(lib_a-sprintf.o)
                0x00000000080060c8                sprintf
                0x00000000080060c8                siprintf
 .text.__sread  0x0000000008006110       0x22 /home/gwarchol/1200/IDE/plugins/fr.ac6.mcu.externaltools.arm-none.linux64_1.15.0.201708311556/tools/compiler/bin/../lib/gcc/arm-none-eabi/6.3.1/../../../../arm-none-eabi/lib/thumb/v7-m/libc_nano.a(lib_a-stdio.o)
                0x0000000008006110                __sread
 .text.__swrite
                0x0000000008006132       0x38 /home/gwarchol/1200/IDE/plugins/fr.ac6.mcu.externaltools.arm-none.linux64_1.15.0.201708311556/tools/compiler/bin/../lib/gcc/arm-none-eabi/6.3.1/../../../../arm-none-eabi/lib/thumb/v7-m/libc_nano.a(lib_a-stdio.o)
                0x0000000008006132                __swrite
 .text.__sseek  0x000000000800616a       0x24 /home/gwarchol/1200/IDE/plugins/fr.ac6.mcu.externaltools.arm-none.linux64_1.15.0.201708311556/tools/compiler/bin/../lib/gcc/arm-none-eabi/6.3.1/../../../../arm-none-eabi/lib/thumb/v7-m/libc_nano.a(lib_a-stdio.o)
                0x000000000800616a                __sseek
 .text.__sclose
                0x000000000800618e        0x8 /home/gwarchol/1200/IDE/plugins/fr.ac6.mcu.externaltools.arm-none.linux64_1.15.0.201708311556/tools/compiler/bin/../lib/gcc/arm-none-eabi/6.3.1/../../../../arm-none-eabi/lib/thumb/v7-m/libc_nano.a(lib_a-stdio.o)
                0x000000000800618e                __sclose
 *fill*         0x0000000008006196        0x2 
 .text.__swbuf_r
                0x0000000008006198       0xa4 /home/gwarchol/1200/IDE/plugins/fr.ac6.mcu.externaltools.arm-none.linux64_1.15.0.201708311556/tools/compiler/bin/../lib/gcc/arm-none-eabi/6.3.1/../../../../arm-none-eabi/lib/thumb/v7-m/libc_nano.a(lib_a-wbuf.o)
                0x0000000008006198                __swbuf_r
 .text._write_r
                0x000000000800623c       0x24 /home/gwarchol/1200/IDE/plugins/fr.ac6.mcu.externaltools.arm-none.linux64_1.15.0.201708311556/tools/compiler/bin/../lib/gcc/arm-none-eabi/6.3.1/../../../../arm-none-eabi/lib/thumb/v7-m/libc_nano.a(lib_a-writer.o)
                0x000000000800623c                _write_r
 .text.__swsetup_r
                0x0000000008006260       0xdc /home/gwarchol/1200/IDE/plugins/fr.ac6.mcu.externaltools.arm-none.linux64_1.15.0.201708311556/tools/compiler/bin/../lib/gcc/arm-none-eabi/6.3.1/../../../../arm-none-eabi/lib/thumb/v7-m/libc_nano.a(lib_a-wsetup.o)
                0x0000000008006260                __swsetup_r
 .text._close_r
                0x000000000800633c       0x20 /home/gwarchol/1200/IDE/plugins/fr.ac6.mcu.externaltools.arm-none.linux64_1.15.0.201708311556/tools/compiler/bin/../lib/gcc/arm-none-eabi/6.3.1/../../../../arm-none-eabi/lib/thumb/v7-m/libc_nano.a(lib_a-closer.o)
                0x000000000800633c                _close_r
 .text.__sflush_r
                0x000000000800635c      0x110 /home/gwarchol/1200/IDE/plugins/fr.ac6.mcu.externaltools.arm-none.linux64_1.15.0.201708311556/tools/compiler/bin/../lib/gcc/arm-none-eabi/6.3.1/../../../../arm-none-eabi/lib/thumb/v7-m/libc_nano.a(lib_a-fflush.o)
                0x000000000800635c                __sflush_r
 .text._fflush_r
                0x000000000800646c       0x54 /home/gwarchol/1200/IDE/plugins/fr.ac6.mcu.externaltools.arm-none.linux64_1.15.0.201708311556/tools/compiler/bin/../lib/gcc/arm-none-eabi/6.3.1/../../../../arm-none-eabi/lib/thumb/v7-m/libc_nano.a(lib_a-fflush.o)
                0x000000000800646c                _fflush_r
 .text._lseek_r
                0x00000000080064c0       0x24 /home/gwarchol/1200/IDE/plugins/fr.ac6.mcu.externaltools.arm-none.linux64_1.15.0.201708311556/tools/compiler/bin/../lib/gcc/arm-none-eabi/6.3.1/../../../../arm-none-eabi/lib/thumb/v7-m/libc_nano.a(lib_a-lseekr.o)
                0x00000000080064c0                _lseek_r
 .text.__swhatbuf_r
                0x00000000080064e4       0x48 /home/gwarchol/1200/IDE/plugins/fr.ac6.mcu.externaltools.arm-none.linux64_1.15.0.201708311556/tools/compiler/bin/../lib/gcc/arm-none-eabi/6.3.1/../../../../arm-none-eabi/lib/thumb/v7-m/libc_nano.a(lib_a-makebuf.o)
                0x00000000080064e4                __swhatbuf_r
 .text.__smakebuf_r
                0x000000000800652c       0x80 /home/gwarchol/1200/IDE/plugins/fr.ac6.mcu.externaltools.arm-none.linux64_1.15.0.201708311556/tools/compiler/bin/../lib/gcc/arm-none-eabi/6.3.1/../../../../arm-none-eabi/lib/thumb/v7-m/libc_nano.a(lib_a-makebuf.o)
                0x000000000800652c                __smakebuf_r
 .text.__malloc_lock
                0x00000000080065ac        0x2 /home/gwarchol/1200/IDE/plugins/fr.ac6.mcu.externaltools.arm-none.linux64_1.15.0.201708311556/tools/compiler/bin/../lib/gcc/arm-none-eabi/6.3.1/../../../../arm-none-eabi/lib/thumb/v7-m/libc_nano.a(lib_a-mlock.o)
                0x00000000080065ac                __malloc_lock
 .text.__malloc_unlock
                0x00000000080065ae        0x2 /home/gwarchol/1200/IDE/plugins/fr.ac6.mcu.externaltools.arm-none.linux64_1.15.0.201708311556/tools/compiler/bin/../lib/gcc/arm-none-eabi/6.3.1/../../../../arm-none-eabi/lib/thumb/v7-m/libc_nano.a(lib_a-mlock.o)
                0x00000000080065ae                __malloc_unlock
 .text._free_r  0x00000000080065b0       0x98 /home/gwarchol/1200/IDE/plugins/fr.ac6.mcu.externaltools.arm-none.linux64_1.15.0.201708311556/tools/compiler/bin/../lib/gcc/arm-none-eabi/6.3.1/../../../../arm-none-eabi/lib/thumb/v7-m/libc_nano.a(lib_a-nano-freer.o)
                0x00000000080065b0                _free_r
 .text.__ssputs_r
                0x0000000008006648       0xb6 /home/gwarchol/1200/IDE/plugins/fr.ac6.mcu.externaltools.arm-none.linux64_1.15.0.201708311556/tools/compiler/bin/../lib/gcc/arm-none-eabi/6.3.1/../../../../arm-none-eabi/lib/thumb/v7-m/libc_nano.a(lib_a-nano-svfprintf.o)
                0x0000000008006648                __ssputs_r
 *fill*         0x00000000080066fe        0x2 
 .text._svfprintf_r
                0x0000000008006700      0x1e8 /home/gwarchol/1200/IDE/plugins/fr.ac6.mcu.externaltools.arm-none.linux64_1.15.0.201708311556/tools/compiler/bin/../lib/gcc/arm-none-eabi/6.3.1/../../../../arm-none-eabi/lib/thumb/v7-m/libc_nano.a(lib_a-nano-svfprintf.o)
                0x0000000008006700                _svfprintf_r
                0x0000000008006700                _svfiprintf_r
 .text.__sfputc_r
                0x00000000080068e8       0x2c /home/gwarchol/1200/IDE/plugins/fr.ac6.mcu.externaltools.arm-none.linux64_1.15.0.201708311556/tools/compiler/bin/../lib/gcc/arm-none-eabi/6.3.1/../../../../arm-none-eabi/lib/thumb/v7-m/libc_nano.a(lib_a-nano-vfprintf.o)
 .text.__sfputs_r
                0x0000000008006914       0x24 /home/gwarchol/1200/IDE/plugins/fr.ac6.mcu.externaltools.arm-none.linux64_1.15.0.201708311556/tools/compiler/bin/../lib/gcc/arm-none-eabi/6.3.1/../../../../arm-none-eabi/lib/thumb/v7-m/libc_nano.a(lib_a-nano-vfprintf.o)
                0x0000000008006914                __sfputs_r
 .text._vfprintf_r
                0x0000000008006938      0x22c /home/gwarchol/1200/IDE/plugins/fr.ac6.mcu.externaltools.arm-none.linux64_1.15.0.201708311556/tools/compiler/bin/../lib/gcc/arm-none-eabi/6.3.1/../../../../arm-none-eabi/lib/thumb/v7-m/libc_nano.a(lib_a-nano-vfprintf.o)
                0x0000000008006938                _vfiprintf_r
                0x0000000008006938                _vfprintf_r
 .text._printf_common
                0x0000000008006b64       0xee /home/gwarchol/1200/IDE/plugins/fr.ac6.mcu.externaltools.arm-none.linux64_1.15.0.201708311556/tools/compiler/bin/../lib/gcc/arm-none-eabi/6.3.1/../../../../arm-none-eabi/lib/thumb/v7-m/libc_nano.a(lib_a-nano-vfprintf_i.o)
                0x0000000008006b64                _printf_common
 *fill*         0x0000000008006c52        0x2 
 .text._printf_i
                0x0000000008006c54      0x240 /home/gwarchol/1200/IDE/plugins/fr.ac6.mcu.externaltools.arm-none.linux64_1.15.0.201708311556/tools/compiler/bin/../lib/gcc/arm-none-eabi/6.3.1/../../../../arm-none-eabi/lib/thumb/v7-m/libc_nano.a(lib_a-nano-vfprintf_i.o)
                0x0000000008006c54                _printf_i
 .text._read_r  0x0000000008006e94       0x24 /home/gwarchol/1200/IDE/plugins/fr.ac6.mcu.externaltools.arm-none.linux64_1.15.0.201708311556/tools/compiler/bin/../lib/gcc/arm-none-eabi/6.3.1/../../../../arm-none-eabi/lib/thumb/v7-m/libc_nano.a(lib_a-readr.o)
                0x0000000008006e94                _read_r
 .text._fstat_r
                0x0000000008006eb8       0x24 /home/gwarchol/1200/IDE/plugins/fr.ac6.mcu.externaltools.arm-none.linux64_1.15.0.201708311556/tools/compiler/bin/../lib/gcc/arm-none-eabi/6.3.1/../../../../arm-none-eabi/lib/thumb/v7-m/libc_nano.a(lib_a-fstatr.o)
                0x0000000008006eb8                _fstat_r
 .text._isatty_r
                0x0000000008006edc       0x20 /home/gwarchol/1200/IDE/plugins/fr.ac6.mcu.externaltools.arm-none.linux64_1.15.0.201708311556/tools/compiler/bin/../lib/gcc/arm-none-eabi/6.3.1/../../../../arm-none-eabi/lib/thumb/v7-m/libc_nano.a(lib_a-isattyr.o)
                0x0000000008006edc                _isatty_r
 .text.memchr   0x0000000008006efc       0x1c /home/gwarchol/1200/IDE/plugins/fr.ac6.mcu.externaltools.arm-none.linux64_1.15.0.201708311556/tools/compiler/bin/../lib/gcc/arm-none-eabi/6.3.1/../../../../arm-none-eabi/lib/thumb/v7-m/libc_nano.a(lib_a-memchr-stub.o)
                0x0000000008006efc                memchr
 .text.memcpy   0x0000000008006f18       0x16 /home/gwarchol/1200/IDE/plugins/fr.ac6.mcu.externaltools.arm-none.linux64_1.15.0.201708311556/tools/compiler/bin/../lib/gcc/arm-none-eabi/6.3.1/../../../../arm-none-eabi/lib/thumb/v7-m/libc_nano.a(lib_a-memcpy-stub.o)
                0x0000000008006f18                memcpy
 .text.memmove  0x0000000008006f2e       0x34 /home/gwarchol/1200/IDE/plugins/fr.ac6.mcu.externaltools.arm-none.linux64_1.15.0.201708311556/tools/compiler/bin/../lib/gcc/arm-none-eabi/6.3.1/../../../../arm-none-eabi/lib/thumb/v7-m/libc_nano.a(lib_a-memmove.o)
                0x0000000008006f2e                memmove
 .text._realloc_r
                0x0000000008006f62       0x4c /home/gwarchol/1200/IDE/plugins/fr.ac6.mcu.externaltools.arm-none.linux64_1.15.0.201708311556/tools/compiler/bin/../lib/gcc/arm-none-eabi/6.3.1/../../../../arm-none-eabi/lib/thumb/v7-m/libc_nano.a(lib_a-nano-reallocr.o)
                0x0000000008006f62                _realloc_r
 .text._malloc_usable_size_r
                0x0000000008006fae       0x12 /home/gwarchol/1200/IDE/plugins/fr.ac6.mcu.externaltools.arm-none.linux64_1.15.0.201708311556/tools/compiler/bin/../lib/gcc/arm-none-eabi/6.3.1/../../../../arm-none-eabi/lib/thumb/v7-m/libc_nano.a(lib_a-nano-msizer.o)
                0x0000000008006fae                _malloc_usable_size_r
 *(.glue_7)
 .glue_7        0x0000000008006fc0        0x0 linker stubs
 *(.glue_7t)
 .glue_7t       0x0000000008006fc0        0x0 linker stubs
 *(.eh_frame)
 .eh_frame      0x0000000008006fc0        0x0 /home/gwarchol/1200/IDE/plugins/fr.ac6.mcu.externaltools.arm-none.linux64_1.15.0.201708311556/tools/compiler/bin/../lib/gcc/arm-none-eabi/6.3.1/thumb/v7-m/crtbegin.o
 *(.init)
 .init          0x0000000008006fc0        0x4 /home/gwarchol/1200/IDE/plugins/fr.ac6.mcu.externaltools.arm-none.linux64_1.15.0.201708311556/tools/compiler/bin/../lib/gcc/arm-none-eabi/6.3.1/thumb/v7-m/crti.o
                0x0000000008006fc0                _init
 .init          0x0000000008006fc4        0x8 /home/gwarchol/1200/IDE/plugins/fr.ac6.mcu.externaltools.arm-none.linux64_1.15.0.201708311556/tools/compiler/bin/../lib/gcc/arm-none-eabi/6.3.1/thumb/v7-m/crtn.o
 *(.fini)
 .fini          0x0000000008006fcc        0x4 /home/gwarchol/1200/IDE/plugins/fr.ac6.mcu.externaltools.arm-none.linux64_1.15.0.201708311556/tools/compiler/bin/../lib/gcc/arm-none-eabi/6.3.1/thumb/v7-m/crti.o
                0x0000000008006fcc                _fini
 .fini          0x0000000008006fd0        0x8 /home/gwarchol/1200/IDE/plugins/fr.ac6.mcu.externaltools.arm-none.linux64_1.15.0.201708311556/tools/compiler/bin/../lib/gcc/arm-none-eabi/6.3.1/thumb/v7-m/crtn.o
                0x0000000008006fd8                . = ALIGN (0x4)
                0x0000000008006fd8                _etext = .

.vfp11_veneer   0x0000000008006fd8        0x0
 .vfp11_veneer  0x0000000008006fd8        0x0 linker stubs

.v4_bx          0x0000000008006fd8        0x0
 .v4_bx         0x0000000008006fd8        0x0 linker stubs

.iplt           0x0000000008006fd8        0x0
 .iplt          0x0000000008006fd8        0x0 /home/gwarchol/1200/IDE/plugins/fr.ac6.mcu.externaltools.arm-none.linux64_1.15.0.201708311556/tools/compiler/bin/../lib/gcc/arm-none-eabi/6.3.1/thumb/v7-m/crtbegin.o

.rodata         0x0000000008006fd8      0x7bc
                0x0000000008006fd8                . = ALIGN (0x4)
 *(.rodata)
 .rodata        0x0000000008006fd8       0x63 lib/ILI9341/core.o
 *fill*         0x000000000800703b        0x1 
 .rodata        0x000000000800703c      0x500 lib/ILI9341/text.o
 *(.rodata*)
 .rodata._global_impure_ptr
                0x000000000800753c        0x4 /home/gwarchol/1200/IDE/plugins/fr.ac6.mcu.externaltools.arm-none.linux64_1.15.0.201708311556/tools/compiler/bin/../lib/gcc/arm-none-eabi/6.3.1/../../../../arm-none-eabi/lib/thumb/v7-m/libc_nano.a(lib_a-impure.o)
                0x000000000800753c                _global_impure_ptr
 .rodata.initialise_monitor_handles.str1.1
                0x0000000008007540        0x4 /home/gwarchol/1200/IDE/plugins/fr.ac6.mcu.externaltools.arm-none.linux64_1.15.0.201708311556/tools/compiler/bin/../lib/gcc/arm-none-eabi/6.3.1/../../../../arm-none-eabi/lib/thumb/v7-m/librdimon_nano.a(rdimon-syscalls.o)
 .rodata.str1.4
                0x0000000008007544       0x16 src/DFPPlayer.o
 *fill*         0x000000000800755a        0x2 
 .rodata.str1.4
                0x000000000800755c       0x14 src/bmp180.o
 .rodata.str1.4
                0x0000000008007570        0x6 src/main.o
 *fill*         0x0000000008007576        0x2 
 .rodata.str1.4
                0x0000000008007578       0xd2 src/menu.o
 *fill*         0x000000000800764a        0x2 
 .rodata.str1.4
                0x000000000800764c       0x98 src/rtc.o
                                         0x9c (size before relaxing)
 .rodata.str1.4
                0x00000000080076e4       0x1c src/buttons/buttons.o
                                         0x1b (size before relaxing)
 .rodata.__sf_fake_stderr
                0x0000000008007700       0x20 /home/gwarchol/1200/IDE/plugins/fr.ac6.mcu.externaltools.arm-none.linux64_1.15.0.201708311556/tools/compiler/bin/../lib/gcc/arm-none-eabi/6.3.1/../../../../arm-none-eabi/lib/thumb/v7-m/libc_nano.a(lib_a-findfp.o)
                0x0000000008007700                __sf_fake_stderr
 .rodata.__sf_fake_stdin
                0x0000000008007720       0x20 /home/gwarchol/1200/IDE/plugins/fr.ac6.mcu.externaltools.arm-none.linux64_1.15.0.201708311556/tools/compiler/bin/../lib/gcc/arm-none-eabi/6.3.1/../../../../arm-none-eabi/lib/thumb/v7-m/libc_nano.a(lib_a-findfp.o)
                0x0000000008007720                __sf_fake_stdin
 .rodata.__sf_fake_stdout
                0x0000000008007740       0x20 /home/gwarchol/1200/IDE/plugins/fr.ac6.mcu.externaltools.arm-none.linux64_1.15.0.201708311556/tools/compiler/bin/../lib/gcc/arm-none-eabi/6.3.1/../../../../arm-none-eabi/lib/thumb/v7-m/libc_nano.a(lib_a-findfp.o)
                0x0000000008007740                __sf_fake_stdout
 .rodata._svfprintf_r.str1.1
                0x0000000008007760       0x11 /home/gwarchol/1200/IDE/plugins/fr.ac6.mcu.externaltools.arm-none.linux64_1.15.0.201708311556/tools/compiler/bin/../lib/gcc/arm-none-eabi/6.3.1/../../../../arm-none-eabi/lib/thumb/v7-m/libc_nano.a(lib_a-nano-svfprintf.o)
 .rodata._vfprintf_r.str1.1
                0x0000000008007771       0x11 /home/gwarchol/1200/IDE/plugins/fr.ac6.mcu.externaltools.arm-none.linux64_1.15.0.201708311556/tools/compiler/bin/../lib/gcc/arm-none-eabi/6.3.1/../../../../arm-none-eabi/lib/thumb/v7-m/libc_nano.a(lib_a-nano-vfprintf.o)
 .rodata._printf_i.str1.1
                0x0000000008007771       0x22 /home/gwarchol/1200/IDE/plugins/fr.ac6.mcu.externaltools.arm-none.linux64_1.15.0.201708311556/tools/compiler/bin/../lib/gcc/arm-none-eabi/6.3.1/../../../../arm-none-eabi/lib/thumb/v7-m/libc_nano.a(lib_a-nano-vfprintf_i.o)
                0x0000000008007794                . = ALIGN (0x4)
 *fill*         0x0000000008007793        0x1 

.rel.dyn        0x0000000008007794        0x0
 .rel.iplt      0x0000000008007794        0x0 /home/gwarchol/1200/IDE/plugins/fr.ac6.mcu.externaltools.arm-none.linux64_1.15.0.201708311556/tools/compiler/bin/../lib/gcc/arm-none-eabi/6.3.1/thumb/v7-m/crtbegin.o

.ARM.extab      0x0000000008007794        0x0
                0x0000000008007794                . = ALIGN (0x4)
 *(.ARM.extab* .gnu.linkonce.armextab.*)
                0x0000000008007794                . = ALIGN (0x4)

.ARM            0x0000000008007794        0x0
                0x0000000008007794                . = ALIGN (0x4)
                0x0000000008007794                __exidx_start = .
 *(.ARM.exidx*)
                0x0000000008007794                __exidx_end = .
                0x0000000008007794                . = ALIGN (0x4)

.preinit_array  0x0000000008007794        0x0
                0x0000000008007794                . = ALIGN (0x4)
                0x0000000008007794                PROVIDE (__preinit_array_start, .)
 *(.preinit_array*)
                0x0000000008007794                PROVIDE (__preinit_array_end, .)
                0x0000000008007794                . = ALIGN (0x4)

.init_array     0x0000000008007794        0x4
                0x0000000008007794                . = ALIGN (0x4)
                0x0000000008007794                PROVIDE (__init_array_start, .)
 *(SORT(.init_array.*))
 *(.init_array*)
 .init_array    0x0000000008007794        0x4 /home/gwarchol/1200/IDE/plugins/fr.ac6.mcu.externaltools.arm-none.linux64_1.15.0.201708311556/tools/compiler/bin/../lib/gcc/arm-none-eabi/6.3.1/thumb/v7-m/crtbegin.o
                0x0000000008007798                PROVIDE (__init_array_end, .)
                0x0000000008007798                . = ALIGN (0x4)

.fini_array     0x0000000008007798        0x4
                0x0000000008007798                . = ALIGN (0x4)
                [!provide]                        PROVIDE (__fini_array_start, .)
 *(SORT(.fini_array.*))
 *(.fini_array*)
 .fini_array    0x0000000008007798        0x4 /home/gwarchol/1200/IDE/plugins/fr.ac6.mcu.externaltools.arm-none.linux64_1.15.0.201708311556/tools/compiler/bin/../lib/gcc/arm-none-eabi/6.3.1/thumb/v7-m/crtbegin.o
                [!provide]                        PROVIDE (__fini_array_end, .)
                0x000000000800779c                . = ALIGN (0x4)
                0x000000000800779c                _sidata = LOADADDR (.data)

.data           0x0000000020000000       0xf8 load address 0x000000000800779c
                0x0000000020000000                . = ALIGN (0x4)
                0x0000000020000000                _sdata = .
 *(.data)
 .data          0x0000000020000000       0x14 StdPeriph_Driver/src/stm32f10x_rcc.o
 .data          0x0000000020000014        0x4 lib/ILI9341/core.o
 .data          0x0000000020000018        0x6 lib/ILI9341/text.o
                0x0000000020000018                textSize
                0x0000000020000019                wrap
                0x000000002000001a                textColor
                0x000000002000001c                textBgColor
 *fill*         0x000000002000001e        0x2 
 .data          0x0000000020000020       0x1c src/DFPPlayer.o
                0x0000000020000020                mp3_cmd_buf
                0x000000002000002c                mp3_queue
                0x0000000020000036                mp3_folder
                0x0000000020000038                play_alarm_id
 .data          0x000000002000003c       0x20 src/menu.o
                0x0000000020000040                days
 .data          0x000000002000005c        0x1 src/rtc.o
 *fill*         0x000000002000005d        0x1 
 .data          0x000000002000005e        0x8 src/scan_timer.o
                0x000000002000005e                CC1
                0x0000000020000060                CC2
                0x0000000020000062                CC3
                0x0000000020000064                CC4
 *fill*         0x0000000020000066        0x2 
 .data          0x0000000020000068       0x14 src/system_stm32f10x.o
                0x0000000020000068                SystemCoreClock
                0x000000002000006c                AHBPrescTable
 .data          0x000000002000007c        0x8 src/timers.o
                0x000000002000007c                CCR1_Val
                0x000000002000007e                CCR2_Val
                0x0000000020000080                CCR3_Val
                0x0000000020000082                CCR4_Val
 .data          0x0000000020000084        0xa src/touch_screen.o
                0x0000000020000084                touch_screen_state
                0x0000000020000088                touch_screeen_data_out
 *(.data*)
 *fill*         0x000000002000008e        0x2 
 .data._impure_ptr
                0x0000000020000090        0x4 /home/gwarchol/1200/IDE/plugins/fr.ac6.mcu.externaltools.arm-none.linux64_1.15.0.201708311556/tools/compiler/bin/../lib/gcc/arm-none-eabi/6.3.1/../../../../arm-none-eabi/lib/thumb/v7-m/libc_nano.a(lib_a-impure.o)
                0x0000000020000090                _impure_ptr
 .data.impure_data
                0x0000000020000094       0x60 /home/gwarchol/1200/IDE/plugins/fr.ac6.mcu.externaltools.arm-none.linux64_1.15.0.201708311556/tools/compiler/bin/../lib/gcc/arm-none-eabi/6.3.1/../../../../arm-none-eabi/lib/thumb/v7-m/libc_nano.a(lib_a-impure.o)
 .data.__heap_limit
                0x00000000200000f4        0x4 /home/gwarchol/1200/IDE/plugins/fr.ac6.mcu.externaltools.arm-none.linux64_1.15.0.201708311556/tools/compiler/bin/../lib/gcc/arm-none-eabi/6.3.1/../../../../arm-none-eabi/lib/thumb/v7-m/librdimon_nano.a(rdimon-syscalls.o)
                0x00000000200000f4                __heap_limit
                0x00000000200000f8                . = ALIGN (0x4)
                0x00000000200000f8                _edata = .

.jcr            0x00000000200000f8        0x0 load address 0x0000000008007894
 .jcr           0x00000000200000f8        0x0 /home/gwarchol/1200/IDE/plugins/fr.ac6.mcu.externaltools.arm-none.linux64_1.15.0.201708311556/tools/compiler/bin/../lib/gcc/arm-none-eabi/6.3.1/thumb/v7-m/crtbegin.o

.igot.plt       0x00000000200000f8        0x0 load address 0x0000000008007894
 .igot.plt      0x00000000200000f8        0x0 /home/gwarchol/1200/IDE/plugins/fr.ac6.mcu.externaltools.arm-none.linux64_1.15.0.201708311556/tools/compiler/bin/../lib/gcc/arm-none-eabi/6.3.1/thumb/v7-m/crtbegin.o
                0x00000000200000f8                . = ALIGN (0x4)

.bss            0x00000000200000f8     0x1374 load address 0x0000000008007894
                0x00000000200000f8                _sbss = .
                0x00000000200000f8                __bss_start__ = _sbss
 *(.bss)
 .bss           0x00000000200000f8       0x1c /home/gwarchol/1200/IDE/plugins/fr.ac6.mcu.externaltools.arm-none.linux64_1.15.0.201708311556/tools/compiler/bin/../lib/gcc/arm-none-eabi/6.3.1/thumb/v7-m/crtbegin.o
 .bss           0x0000000020000114        0x4 lib/ILI9341/delay.o
                0x0000000020000114                tick
 .bss           0x0000000020000118        0x5 lib/ILI9341/text.o
                0x0000000020000118                cursorY
                0x000000002000011a                cursorX
                0x000000002000011c                _cp437
 *fill*         0x000000002000011d        0x3 
 .bss           0x0000000020000120       0x20 src/DFPPlayer.o
                0x0000000020000120                alarm_is_working
                0x0000000020000124                mp3_RX_Buf
                0x0000000020000138                mp3_track_playing_finished
                0x0000000020000139                mp3_queue_id
                0x000000002000013a                alarm_snooze_is_working
                0x000000002000013c                play_alarm_couner
 .bss           0x0000000020000140        0x9 src/device_config.o
 *fill*         0x0000000020000149        0x3 
 .bss           0x000000002000014c       0x19 src/menu.o
 *fill*         0x0000000020000165        0x3 
 .bss           0x0000000020000168        0xa src/rtc.o
                0x000000002000016c                total_rtc_ticks
                0x0000000020000170                x
 .bss           0x0000000020000172        0x5 src/scan_timer.o
                0x0000000020000172                _1_ms_flag
                0x0000000020000173                _10_ms_flag
                0x0000000020000174                _100_ms_flag
                0x0000000020000175                _1_s_flag
 *fill*         0x0000000020000177        0x1 
 .bss           0x0000000020000178        0x5 src/timers.o
                0x0000000020000178                PrescalerValue
                0x000000002000017a                capture
 *fill*         0x000000002000017d        0x3 
 .bss           0x0000000020000180        0x8 src/touch_screen.o
                0x0000000020000180                counting_period_filter_index
                0x0000000020000184                save_index
 *(.bss*)
 .bss.heap_end.6161
                0x0000000020000188        0x4 /home/gwarchol/1200/IDE/plugins/fr.ac6.mcu.externaltools.arm-none.linux64_1.15.0.201708311556/tools/compiler/bin/../lib/gcc/arm-none-eabi/6.3.1/../../../../arm-none-eabi/lib/thumb/v7-m/librdimon_nano.a(rdimon-syscalls.o)