Archive member included to satisfy reference by file (symbol)

/home/gwarchol/Ac6/SystemWorkbench/plugins/fr.ac6.mcu.externaltools.arm-none.linux64_1.15.0.201708311556/tools/compiler/bin/../lib/gcc/arm-none-eabi/6.3.1/../../../../arm-none-eabi/lib/thumb/v7-m/libc_nano.a(lib_a-exit.o)
                              /home/gwarchol/Ac6/SystemWorkbench/plugins/fr.ac6.mcu.externaltools.arm-none.linux64_1.15.0.201708311556/tools/compiler/bin/../lib/gcc/arm-none-eabi/6.3.1/../../../../arm-none-eabi/lib/thumb/v7-m/rdimon-crt0.o (exit)
/home/gwarchol/Ac6/SystemWorkbench/plugins/fr.ac6.mcu.externaltools.arm-none.linux64_1.15.0.201708311556/tools/compiler/bin/../lib/gcc/arm-none-eabi/6.3.1/../../../../arm-none-eabi/lib/thumb/v7-m/libc_nano.a(lib_a-impure.o)
                              /home/gwarchol/Ac6/SystemWorkbench/plugins/fr.ac6.mcu.externaltools.arm-none.linux64_1.15.0.201708311556/tools/compiler/bin/../lib/gcc/arm-none-eabi/6.3.1/../../../../arm-none-eabi/lib/thumb/v7-m/libc_nano.a(lib_a-exit.o) (_global_impure_ptr)
/home/gwarchol/Ac6/SystemWorkbench/plugins/fr.ac6.mcu.externaltools.arm-none.linux64_1.15.0.201708311556/tools/compiler/bin/../lib/gcc/arm-none-eabi/6.3.1/../../../../arm-none-eabi/lib/thumb/v7-m/libc_nano.a(lib_a-init.o)
                              /home/gwarchol/Ac6/SystemWorkbench/plugins/fr.ac6.mcu.externaltools.arm-none.linux64_1.15.0.201708311556/tools/compiler/bin/../lib/gcc/arm-none-eabi/6.3.1/../../../../arm-none-eabi/lib/thumb/v7-m/rdimon-crt0.o (__libc_init_array)
/home/gwarchol/Ac6/SystemWorkbench/plugins/fr.ac6.mcu.externaltools.arm-none.linux64_1.15.0.201708311556/tools/compiler/bin/../lib/gcc/arm-none-eabi/6.3.1/../../../../arm-none-eabi/lib/thumb/v7-m/libc_nano.a(lib_a-memset.o)
                              /home/gwarchol/Ac6/SystemWorkbench/plugins/fr.ac6.mcu.externaltools.arm-none.linux64_1.15.0.201708311556/tools/compiler/bin/../lib/gcc/arm-none-eabi/6.3.1/../../../../arm-none-eabi/lib/thumb/v7-m/rdimon-crt0.o (memset)
/home/gwarchol/Ac6/SystemWorkbench/plugins/fr.ac6.mcu.externaltools.arm-none.linux64_1.15.0.201708311556/tools/compiler/bin/../lib/gcc/arm-none-eabi/6.3.1/../../../../arm-none-eabi/lib/thumb/v7-m/librdimon_nano.a(rdimon-syscalls.o)
                              /home/gwarchol/Ac6/SystemWorkbench/plugins/fr.ac6.mcu.externaltools.arm-none.linux64_1.15.0.201708311556/tools/compiler/bin/../lib/gcc/arm-none-eabi/6.3.1/../../../../arm-none-eabi/lib/thumb/v7-m/rdimon-crt0.o (initialise_monitor_handles)
/home/gwarchol/Ac6/SystemWorkbench/plugins/fr.ac6.mcu.externaltools.arm-none.linux64_1.15.0.201708311556/tools/compiler/bin/../lib/gcc/arm-none-eabi/6.3.1/../../../../arm-none-eabi/lib/thumb/v7-m/librdimon_nano.a(rdimon-_exit.o)
                              /home/gwarchol/Ac6/SystemWorkbench/plugins/fr.ac6.mcu.externaltools.arm-none.linux64_1.15.0.201708311556/tools/compiler/bin/../lib/gcc/arm-none-eabi/6.3.1/../../../../arm-none-eabi/lib/thumb/v7-m/libc_nano.a(lib_a-exit.o) (_exit)
/home/gwarchol/Ac6/SystemWorkbench/plugins/fr.ac6.mcu.externaltools.arm-none.linux64_1.15.0.201708311556/tools/compiler/bin/../lib/gcc/arm-none-eabi/6.3.1/../../../../arm-none-eabi/lib/thumb/v7-m/librdimon_nano.a(rdimon-_kill.o)
                              /home/gwarchol/Ac6/SystemWorkbench/plugins/fr.ac6.mcu.externaltools.arm-none.linux64_1.15.0.201708311556/tools/compiler/bin/../lib/gcc/arm-none-eabi/6.3.1/../../../../arm-none-eabi/lib/thumb/v7-m/librdimon_nano.a(rdimon-_exit.o) (_kill)
/home/gwarchol/Ac6/SystemWorkbench/plugins/fr.ac6.mcu.externaltools.arm-none.linux64_1.15.0.201708311556/tools/compiler/bin/../lib/gcc/arm-none-eabi/6.3.1/../../../../arm-none-eabi/lib/thumb/v7-m/libc_nano.a(lib_a-errno.o)
                              /home/gwarchol/Ac6/SystemWorkbench/plugins/fr.ac6.mcu.externaltools.arm-none.linux64_1.15.0.201708311556/tools/compiler/bin/../lib/gcc/arm-none-eabi/6.3.1/../../../../arm-none-eabi/lib/thumb/v7-m/librdimon_nano.a(rdimon-syscalls.o) (__errno)
/home/gwarchol/Ac6/SystemWorkbench/plugins/fr.ac6.mcu.externaltools.arm-none.linux64_1.15.0.201708311556/tools/compiler/bin/../lib/gcc/arm-none-eabi/6.3.1/../../../../arm-none-eabi/lib/thumb/v7-m/libc_nano.a(lib_a-findfp.o)
                              /home/gwarchol/Ac6/SystemWorkbench/plugins/fr.ac6.mcu.externaltools.arm-none.linux64_1.15.0.201708311556/tools/compiler/bin/../lib/gcc/arm-none-eabi/6.3.1/../../../../arm-none-eabi/lib/thumb/v7-m/librdimon_nano.a(rdimon-syscalls.o) (__sinit)
/home/gwarchol/Ac6/SystemWorkbench/plugins/fr.ac6.mcu.externaltools.arm-none.linux64_1.15.0.201708311556/tools/compiler/bin/../lib/gcc/arm-none-eabi/6.3.1/../../../../arm-none-eabi/lib/thumb/v7-m/libc_nano.a(lib_a-fwalk.o)
                              /home/gwarchol/Ac6/SystemWorkbench/plugins/fr.ac6.mcu.externaltools.arm-none.linux64_1.15.0.201708311556/tools/compiler/bin/../lib/gcc/arm-none-eabi/6.3.1/../../../../arm-none-eabi/lib/thumb/v7-m/libc_nano.a(lib_a-findfp.o) (_fwalk)
[...]
Memory Configuration

Name             Origin             Length             Attributes
RAM              0x0000000020000000 0x0000000000002800 xrw
ROM              0x0000000008000000 0x0000000000010000 xr
*default*        0x0000000000000000 0xffffffffffffffff

Linker script and memory map

LOAD /home/gwarchol/Ac6/SystemWorkbench/plugins/fr.ac6.mcu.externaltools.arm-none.linux64_1.15.0.201708311556/tools/compiler/bin/../lib/gcc/arm-none-eabi/6.3.1/thumb/v7-m/crti.o
LOAD /home/gwarchol/Ac6/SystemWorkbench/plugins/fr.ac6.mcu.externaltools.arm-none.linux64_1.15.0.201708311556/tools/compiler/bin/../lib/gcc/arm-none-eabi/6.3.1/thumb/v7-m/crtbegin.o
LOAD /home/gwarchol/Ac6/SystemWorkbench/plugins/fr.ac6.mcu.externaltools.arm-none.linux64_1.15.0.201708311556/tools/compiler/bin/../lib/gcc/arm-none-eabi/6.3.1/../../../../arm-none-eabi/lib/thumb/v7-m/rdimon-crt0.o
LOAD /home/gwarchol/Ac6/SystemWorkbench/plugins/fr.ac6.mcu.externaltools.arm-none.linux64_1.15.0.201708311556/tools/compiler/bin/../lib/gcc/arm-none-eabi/6.3.1/../../../../arm-none-eabi/lib/thumb/v7-m/libc_nano.a
LOAD /home/gwarchol/Ac6/SystemWorkbench/plugins/fr.ac6.mcu.externaltools.arm-none.linux64_1.15.0.201708311556/tools/compiler/bin/../lib/gcc/arm-none-eabi/6.3.1/../../../../arm-none-eabi/lib/thumb/v7-m/librdimon_nano.a
LOAD CMSIS/core/core_cm3.o
LOAD StdPeriph_Driver/src/misc.o
LOAD StdPeriph_Driver/src/stm32f10x_adc.o
LOAD StdPeriph_Driver/src/stm32f10x_bkp.o
LOAD StdPeriph_Driver/src/stm32f10x_can.o
LOAD StdPeriph_Driver/src/stm32f10x_cec.o
LOAD StdPeriph_Driver/src/stm32f10x_crc.o
LOAD StdPeriph_Driver/src/stm32f10x_dac.o
LOAD StdPeriph_Driver/src/stm32f10x_dbgmcu.o
LOAD StdPeriph_Driver/src/stm32f10x_dma.o
LOAD StdPeriph_Driver/src/stm32f10x_exti.o
LOAD StdPeriph_Driver/src/stm32f10x_flash.o
LOAD StdPeriph_Driver/src/stm32f10x_fsmc.o
LOAD StdPeriph_Driver/src/stm32f10x_gpio.o
LOAD StdPeriph_Driver/src/stm32f10x_i2c.o
LOAD StdPeriph_Driver/src/stm32f10x_iwdg.o
LOAD StdPeriph_Driver/src/stm32f10x_pwr.o
LOAD StdPeriph_Driver/src/stm32f10x_rcc.o
LOAD StdPeriph_Driver/src/stm32f10x_rtc.o
LOAD StdPeriph_Driver/src/stm32f10x_sdio.o
LOAD StdPeriph_Driver/src/stm32f10x_spi.o
LOAD StdPeriph_Driver/src/stm32f10x_tim.o
LOAD StdPeriph_Driver/src/stm32f10x_usart.o
LOAD StdPeriph_Driver/src/stm32f10x_wwdg.o
LOAD lib/ILI9341/core.o
LOAD lib/ILI9341/delay.o
LOAD lib/ILI9341/dma.o
LOAD lib/ILI9341/graph.o
LOAD lib/ILI9341/text.o
LOAD lib/tinystd/itoa.o
LOAD src/buffors.o
LOAD src/device_config.o
LOAD src/main.o
LOAD src/rtc.o
LOAD src/scan_timer.o
LOAD src/system_stm32f10x.o
LOAD src/timers.o
LOAD src/uart_interrupt.o
LOAD src/usart_dma.o
LOAD startup/startup_stm32.o
LOAD /home/gwarchol/Ac6/SystemWorkbench/plugins/fr.ac6.mcu.externaltools.arm-none.linux64_1.15.0.201708311556/tools/compiler/bin/../lib/gcc/arm-none-eabi/6.3.1/../../../../arm-none-eabi/lib/thumb/v7-m/libm.a
START GROUP
LOAD /home/gwarchol/Ac6/SystemWorkbench/plugins/fr.ac6.mcu.externaltools.arm-none.linux64_1.15.0.201708311556/tools/compiler/bin/../lib/gcc/arm-none-eabi/6.3.1/thumb/v7-m/libgcc.a
LOAD /home/gwarchol/Ac6/SystemWorkbench/plugins/fr.ac6.mcu.externaltools.arm-none.linux64_1.15.0.201708311556/tools/compiler/bin/../lib/gcc/arm-none-eabi/6.3.1/../../../../arm-none-eabi/lib/thumb/v7-m/libc_nano.a
END GROUP
START GROUP
LOAD /home/gwarchol/Ac6/SystemWorkbench/plugins/fr.ac6.mcu.externaltools.arm-none.linux64_1.15.0.201708311556/tools/compiler/bin/../lib/gcc/arm-none-eabi/6.3.1/thumb/v7-m/libgcc.a
LOAD /home/gwarchol/Ac6/SystemWorkbench/plugins/fr.ac6.mcu.externaltools.arm-none.linux64_1.15.0.201708311556/tools/compiler/bin/../lib/gcc/arm-none-eabi/6.3.1/../../../../arm-none-eabi/lib/thumb/v7-m/libc_nano.a
LOAD /home/gwarchol/Ac6/SystemWorkbench/plugins/fr.ac6.mcu.externaltools.arm-none.linux64_1.15.0.201708311556/tools/compiler/bin/../lib/gcc/arm-none-eabi/6.3.1/../../../../arm-none-eabi/lib/thumb/v7-m/libnosys.a
END GROUP
START GROUP
LOAD /home/gwarchol/Ac6/SystemWorkbench/plugins/fr.ac6.mcu.externaltools.arm-none.linux64_1.15.0.201708311556/tools/compiler/bin/../lib/gcc/arm-none-eabi/6.3.1/thumb/v7-m/libgcc.a
LOAD /home/gwarchol/Ac6/SystemWorkbench/plugins/fr.ac6.mcu.externaltools.arm-none.linux64_1.15.0.201708311556/tools/compiler/bin/../lib/gcc/arm-none-eabi/6.3.1/../../../../arm-none-eabi/lib/thumb/v7-m/libc_nano.a
LOAD /home/gwarchol/Ac6/SystemWorkbench/plugins/fr.ac6.mcu.externaltools.arm-none.linux64_1.15.0.201708311556/tools/compiler/bin/../lib/gcc/arm-none-eabi/6.3.1/../../../../arm-none-eabi/lib/thumb/v7-m/librdimon_nano.a
LOAD /home/gwarchol/Ac6/SystemWorkbench/plugins/fr.ac6.mcu.externaltools.arm-none.linux64_1.15.0.201708311556/tools/compiler/bin/../lib/gcc/arm-none-eabi/6.3.1/../../../../arm-none-eabi/lib/thumb/v7-m/libnosys.a
END GROUP
START GROUP
LOAD /home/gwarchol/Ac6/SystemWorkbench/plugins/fr.ac6.mcu.externaltools.arm-none.linux64_1.15.0.201708311556/tools/compiler/bin/../lib/gcc/arm-none-eabi/6.3.1/thumb/v7-m/libgcc.a
LOAD /home/gwarchol/Ac6/SystemWorkbench/plugins/fr.ac6.mcu.externaltools.arm-none.linux64_1.15.0.201708311556/tools/compiler/bin/../lib/gcc/arm-none-eabi/6.3.1/../../../../arm-none-eabi/lib/thumb/v7-m/libc_nano.a
LOAD /home/gwarchol/Ac6/SystemWorkbench/plugins/fr.ac6.mcu.externaltools.arm-none.linux64_1.15.0.201708311556/tools/compiler/bin/../lib/gcc/arm-none-eabi/6.3.1/../../../../arm-none-eabi/lib/thumb/v7-m/librdimon_nano.a
END GROUP
LOAD /home/gwarchol/Ac6/SystemWorkbench/plugins/fr.ac6.mcu.externaltools.arm-none.linux64_1.15.0.201708311556/tools/compiler/bin/../lib/gcc/arm-none-eabi/6.3.1/thumb/v7-m/crtend.o
LOAD /home/gwarchol/Ac6/SystemWorkbench/plugins/fr.ac6.mcu.externaltools.arm-none.linux64_1.15.0.201708311556/tools/compiler/bin/../lib/gcc/arm-none-eabi/6.3.1/thumb/v7-m/crtn.o
                0x0000000020002800                _estack = 0x20002800
                0x0000000000000000                _Min_Heap_Size = 0x0
                0x0000000000000400                _Min_Stack_Size = 0x400

.isr_vector     0x0000000008000000      0x130
                0x0000000008000000                . = ALIGN (0x4)
 *(.isr_vector)
 .isr_vector    0x0000000008000000      0x130 startup/startup_stm32.o
                0x0000000008000000                g_pfnVectors
                0x0000000008000130                . = ALIGN (0x4)

.text           0x0000000008000130     0x3154
                0x0000000008000130                . = ALIGN (0x4)
 *(.text)
 .text          0x0000000008000130       0x6c /home/gwarchol/Ac6/SystemWorkbench/plugins/fr.ac6.mcu.externaltools.arm-none.linux64_1.15.0.201708311556/tools/compiler/bin/../lib/gcc/arm-none-eabi/6.3.1/thumb/v7-m/crtbegin.o
 *(.text*)
 .text.__libc_init_array
                0x000000000800019c       0x48 /home/gwarchol/Ac6/SystemWorkbench/plugins/fr.ac6.mcu.externaltools.arm-none.linux64_1.15.0.201708311556/tools/compiler/bin/../lib/gcc/arm-none-eabi/6.3.1/../../../../arm-none-eabi/lib/thumb/v7-m/libc_nano.a(lib_a-init.o)
                0x000000000800019c                __libc_init_array
 .text.memset   0x00000000080001e4       0x10 /home/gwarchol/Ac6/SystemWorkbench/plugins/fr.ac6.mcu.externaltools.arm-none.linux64_1.15.0.201708311556/tools/compiler/bin/../lib/gcc/arm-none-eabi/6.3.1/../../../../arm-none-eabi/lib/thumb/v7-m/libc_nano.a(lib_a-memset.o)
                0x00000000080001e4                memset
 .text.findslot
                0x00000000080001f4       0x34 /home/gwarchol/Ac6/SystemWorkbench/plugins/fr.ac6.mcu.externaltools.arm-none.linux64_1.15.0.201708311556/tools/compiler/bin/../lib/gcc/arm-none-eabi/6.3.1/../../../../arm-none-eabi/lib/thumb/v7-m/librdimon_nano.a(rdimon-syscalls.o)
 .text.checkerror
                0x0000000008000228       0x20 /home/gwarchol/Ac6/SystemWorkbench/plugins/fr.ac6.mcu.externaltools.arm-none.linux64_1.15.0.201708311556/tools/compiler/bin/../lib/gcc/arm-none-eabi/6.3.1/../../../../arm-none-eabi/lib/thumb/v7-m/librdimon_nano.a(rdimon-syscalls.o)
 .text.error    0x0000000008000248       0x1c /home/gwarchol/Ac6/SystemWorkbench/plugins/fr.ac6.mcu.externaltools.arm-none.linux64_1.15.0.201708311556/tools/compiler/bin/../lib/gcc/arm-none-eabi/6.3.1/../../../../arm-none-eabi/lib/thumb/v7-m/librdimon_nano.a(rdimon-syscalls.o)
 .text.initialise_monitor_handles
                0x0000000008000264       0xa4 /home/gwarchol/Ac6/SystemWorkbench/plugins/fr.ac6.mcu.externaltools.arm-none.linux64_1.15.0.201708311556/tools/compiler/bin/../lib/gcc/arm-none-eabi/6.3.1/../../../../arm-none-eabi/lib/thumb/v7-m/librdimon_nano.a(rdimon-syscalls.o)
                0x0000000008000264                initialise_monitor_handles
 .text._swiread
                0x0000000008000308       0x20 /home/gwarchol/Ac6/SystemWorkbench/plugins/fr.ac6.mcu.externaltools.arm-none.linux64_1.15.0.201708311556/tools/compiler/bin/../lib/gcc/arm-none-eabi/6.3.1/../../../../arm-none-eabi/lib/thumb/v7-m/librdimon_nano.a(rdimon-syscalls.o)
                0x0000000008000308                _swiread
 .text._read    0x0000000008000328       0x34 /home/gwarchol/Ac6/SystemWorkbench/plugins/fr.ac6.mcu.externaltools.arm-none.linux64_1.15.0.201708311556/tools/compiler/bin/../lib/gcc/arm-none-eabi/6.3.1/../../../../arm-none-eabi/lib/thumb/v7-m/librdimon_nano.a(rdimon-syscalls.o)
                0x0000000008000328                _read
 .text._swilseek
                0x000000000800035c       0x7a /home/gwarchol/Ac6/SystemWorkbench/plugins/fr.ac6.mcu.externaltools.arm-none.linux64_1.15.0.201708311556/tools/compiler/bin/../lib/gcc/arm-none-eabi/6.3.1/../../../../arm-none-eabi/lib/thumb/v7-m/librdimon_nano.a(rdimon-syscalls.o)
                0x000000000800035c                _swilseek
 .text._lseek   0x00000000080003d6        0x4 /home/gwarchol/Ac6/SystemWorkbench/plugins/fr.ac6.mcu.externaltools.arm-none.linux64_1.15.0.201708311556/tools/compiler/bin/../lib/gcc/arm-none-eabi/6.3.1/../../../../arm-none-eabi/lib/thumb/v7-m/librdimon_nano.a(rdimon-syscalls.o)
                0x00000000080003d6                _lseek
 .text._swiwrite
                0x00000000080003da       0x20 /home/gwarchol/Ac6/SystemWorkbench/plugins/fr.ac6.mcu.externaltools.arm-none.linux64_1.15.0.201708311556/tools/compiler/bin/../lib/gcc/arm-none-eabi/6.3.1/../../../../arm-none-eabi/lib/thumb/v7-m/librdimon_nano.a(rdimon-syscalls.o)
                0x00000000080003da                _swiwrite
 .text._write   0x00000000080003fa       0x40 /home/gwarchol/Ac6/SystemWorkbench/plugins/fr.ac6.mcu.externaltools.arm-none.linux64_1.15.0.201708311556/tools/compiler/bin/../lib/gcc/arm-none-eabi/6.3.1/../../../../arm-none-eabi/lib/thumb/v7-m/librdimon_nano.a(rdimon-syscalls.o)
                0x00000000080003fa                _write
 .text._swiclose
                0x000000000800043a       0x1c /home/gwarchol/Ac6/SystemWorkbench/plugins/fr.ac6.mcu.externaltools.arm-none.linux64_1.15.0.201708311556/tools/compiler/bin/../lib/gcc/arm-none-eabi/6.3.1/../../../../arm-none-eabi/lib/thumb/v7-m/librdimon_nano.a(rdimon-syscalls.o)
                0x000000000800043a                _swiclose
 *fill*         0x0000000008000456        0x2 
 .text._close   0x0000000008000458       0x48 /home/gwarchol/Ac6/SystemWorkbench/plugins/fr.ac6.mcu.externaltools.arm-none.linux64_1.15.0.201708311556/tools/compiler/bin/../lib/gcc/arm-none-eabi/6.3.1/../../../../arm-none-eabi/lib/thumb/v7-m/librdimon_nano.a(rdimon-syscalls.o)
                0x0000000008000458                _close
 .text._sbrk    0x00000000080004a0       0x48 /home/gwarchol/Ac6/SystemWorkbench/plugins/fr.ac6.mcu.externaltools.arm-none.linux64_1.15.0.201708311556/tools/compiler/bin/../lib/gcc/arm-none-eabi/6.3.1/../../../../arm-none-eabi/lib/thumb/v7-m/librdimon_nano.a(rdimon-syscalls.o)
                0x00000000080004a0                _sbrk
 .text._swistat
                0x00000000080004e8       0x42 /home/gwarchol/Ac6/SystemWorkbench/plugins/fr.ac6.mcu.externaltools.arm-none.linux64_1.15.0.201708311556/tools/compiler/bin/../lib/gcc/arm-none-eabi/6.3.1/../../../../arm-none-eabi/lib/thumb/v7-m/librdimon_nano.a(rdimon-syscalls.o)
                0x00000000080004e8                _swistat
 .text._fstat   0x000000000800052a       0x1c /home/gwarchol/Ac6/SystemWorkbench/plugins/fr.ac6.mcu.externaltools.arm-none.linux64_1.15.0.201708311556/tools/compiler/bin/../lib/gcc/arm-none-eabi/6.3.1/../../../../arm-none-eabi/lib/thumb/v7-m/librdimon_nano.a(rdimon-syscalls.o)
                0x000000000800052a                _fstat
 .text._isatty  0x0000000008000546       0x38 /home/gwarchol/Ac6/SystemWorkbench/plugins/fr.ac6.mcu.externaltools.arm-none.linux64_1.15.0.201708311556/tools/compiler/bin/../lib/gcc/arm-none-eabi/6.3.1/../../../../arm-none-eabi/lib/thumb/v7-m/librdimon_nano.a(rdimon-syscalls.o)
                0x0000000008000546                _isatty
 *fill*         0x000000000800057e        0x2 
 .text.NVIC_PriorityGroupConfig
                0x0000000008000580       0x14 StdPeriph_Driver/src/misc.o
                0x0000000008000580                NVIC_PriorityGroupConfig
 .text.NVIC_Init
                0x0000000008000594       0x64 StdPeriph_Driver/src/misc.o
                0x0000000008000594                NVIC_Init
 .text.BKP_DeInit
                0x00000000080005f8       0x10 StdPeriph_Driver/src/stm32f10x_bkp.o
                0x00000000080005f8                BKP_DeInit
 .text.BKP_ReadBackupRegister
                0x0000000008000608       0x20 StdPeriph_Driver/src/stm32f10x_bkp.o
                0x0000000008000608                BKP_ReadBackupRegister
 .text.DMA_DeInit
                0x0000000008000628      0x128 StdPeriph_Driver/src/stm32f10x_dma.o
                0x0000000008000628                DMA_DeInit
 .text.DMA_Init
                0x0000000008000750       0x3e StdPeriph_Driver/src/stm32f10x_dma.o
                0x0000000008000750                DMA_Init
 .text.DMA_StructInit
                0x000000000800078e       0x1a StdPeriph_Driver/src/stm32f10x_dma.o
                0x000000000800078e                DMA_StructInit
 .text.DMA_Cmd  0x00000000080007a8       0x1a StdPeriph_Driver/src/stm32f10x_dma.o
                0x00000000080007a8                DMA_Cmd
 .text.DMA_ITConfig
                0x00000000080007c2       0x14 StdPeriph_Driver/src/stm32f10x_dma.o
                0x00000000080007c2                DMA_ITConfig
 .text.DMA_GetCurrDataCounter
                0x00000000080007d6        0x6 StdPeriph_Driver/src/stm32f10x_dma.o
                0x00000000080007d6                DMA_GetCurrDataCounter
 .text.DMA_GetFlagStatus
                0x00000000080007dc       0x20 StdPeriph_Driver/src/stm32f10x_dma.o
                0x00000000080007dc                DMA_GetFlagStatus
 .text.DMA_GetITStatus
                0x00000000080007fc       0x20 StdPeriph_Driver/src/stm32f10x_dma.o
                0x00000000080007fc                DMA_GetITStatus
 .text.DMA_ClearITPendingBit
                0x000000000800081c       0x18 StdPeriph_Driver/src/stm32f10x_dma.o
                0x000000000800081c                DMA_ClearITPendingBit
 .text.FLASH_SetLatency
                0x0000000008000834       0x14 StdPeriph_Driver/src/stm32f10x_flash.o
                0x0000000008000834                FLASH_SetLatency
 .text.FLASH_PrefetchBufferCmd
                0x0000000008000848       0x18 StdPeriph_Driver/src/stm32f10x_flash.o
                0x0000000008000848                FLASH_PrefetchBufferCmd
 .text.GPIO_Init
                0x0000000008000860       0xa4 StdPeriph_Driver/src/stm32f10x_gpio.o
                0x0000000008000860                GPIO_Init
 .text.GPIO_SetBits
                0x0000000008000904        0x4 StdPeriph_Driver/src/stm32f10x_gpio.o
                0x0000000008000904                GPIO_SetBits
 .text.GPIO_ResetBits
                0x0000000008000908        0x4 StdPeriph_Driver/src/stm32f10x_gpio.o
                0x0000000008000908                GPIO_ResetBits
 .text.GPIO_WriteBit
                0x000000000800090c        0xa StdPeriph_Driver/src/stm32f10x_gpio.o
                0x000000000800090c                GPIO_WriteBit
 *fill*         0x0000000008000916        0x2 
 .text.PWR_BackupAccessCmd
                0x0000000008000918        0xc StdPeriph_Driver/src/stm32f10x_pwr.o
                0x0000000008000918                PWR_BackupAccessCmd
 .text.RCC_DeInit
                0x0000000008000924       0x40 StdPeriph_Driver/src/stm32f10x_rcc.o
                0x0000000008000924                RCC_DeInit
 .text.RCC_HSEConfig
                0x0000000008000964       0x3c StdPeriph_Driver/src/stm32f10x_rcc.o
                0x0000000008000964                RCC_HSEConfig
 .text.RCC_PLLConfig
                0x00000000080009a0       0x14 StdPeriph_Driver/src/stm32f10x_rcc.o
                0x00000000080009a0                RCC_PLLConfig
 .text.RCC_PLLCmd
                0x00000000080009b4        0xc StdPeriph_Driver/src/stm32f10x_rcc.o
                0x00000000080009b4                RCC_PLLCmd
 .text.RCC_SYSCLKConfig
                0x00000000080009c0       0x14 StdPeriph_Driver/src/stm32f10x_rcc.o
                0x00000000080009c0                RCC_SYSCLKConfig
 .text.RCC_GetSYSCLKSource
                0x00000000080009d4       0x10 StdPeriph_Driver/src/stm32f10x_rcc.o
                0x00000000080009d4                RCC_GetSYSCLKSource
 .text.RCC_HCLKConfig
                0x00000000080009e4       0x14 StdPeriph_Driver/src/stm32f10x_rcc.o
                0x00000000080009e4                RCC_HCLKConfig
 .text.RCC_PCLK1Config
                0x00000000080009f8       0x14 StdPeriph_Driver/src/stm32f10x_rcc.o
                0x00000000080009f8                RCC_PCLK1Config
 .text.RCC_PCLK2Config
                0x0000000008000a0c       0x14 StdPeriph_Driver/src/stm32f10x_rcc.o
                0x0000000008000a0c                RCC_PCLK2Config
 .text.RCC_LSEConfig
                0x0000000008000a20       0x28 StdPeriph_Driver/src/stm32f10x_rcc.o
                0x0000000008000a20                RCC_LSEConfig
 .text.RCC_RTCCLKConfig
                0x0000000008000a48       0x10 StdPeriph_Driver/src/stm32f10x_rcc.o
                0x0000000008000a48                RCC_RTCCLKConfig
 .text.RCC_RTCCLKCmd
                0x0000000008000a58        0xc StdPeriph_Driver/src/stm32f10x_rcc.o
                0x0000000008000a58                RCC_RTCCLKCmd
 .text.RCC_GetClocksFreq
                0x0000000008000a64       0xb0 StdPeriph_Driver/src/stm32f10x_rcc.o
                0x0000000008000a64                RCC_GetClocksFreq
 .text.RCC_AHBPeriphClockCmd
                0x0000000008000b14       0x1c StdPeriph_Driver/src/stm32f10x_rcc.o
                0x0000000008000b14                RCC_AHBPeriphClockCmd
 .text.RCC_APB2PeriphClockCmd
                0x0000000008000b30       0x1c StdPeriph_Driver/src/stm32f10x_rcc.o
                0x0000000008000b30                RCC_APB2PeriphClockCmd
 .text.RCC_APB1PeriphClockCmd
                0x0000000008000b4c       0x1c StdPeriph_Driver/src/stm32f10x_rcc.o
                0x0000000008000b4c                RCC_APB1PeriphClockCmd
 .text.RCC_BackupResetCmd
                0x0000000008000b68        0xc StdPeriph_Driver/src/stm32f10x_rcc.o
                0x0000000008000b68                RCC_BackupResetCmd
 .text.RCC_GetFlagStatus
                0x0000000008000b74       0x28 StdPeriph_Driver/src/stm32f10x_rcc.o
                0x0000000008000b74                RCC_GetFlagStatus
 .text.RCC_WaitForHSEStartUp
                0x0000000008000b9c       0x32 StdPeriph_Driver/src/stm32f10x_rcc.o
                0x0000000008000b9c                RCC_WaitForHSEStartUp
 *fill*         0x0000000008000bce        0x2 
 .text.RCC_ClearFlag
                0x0000000008000bd0       0x10 StdPeriph_Driver/src/stm32f10x_rcc.o
                0x0000000008000bd0                RCC_ClearFlag
 .text.RTC_ITConfig
                0x0000000008000be0       0x20 StdPeriph_Driver/src/stm32f10x_rtc.o
                0x0000000008000be0                RTC_ITConfig
 .text.RTC_EnterConfigMode
                0x0000000008000c00       0x14 StdPeriph_Driver/src/stm32f10x_rtc.o
                0x0000000008000c00                RTC_EnterConfigMode
 .text.RTC_ExitConfigMode
                0x0000000008000c14       0x14 StdPeriph_Driver/src/stm32f10x_rtc.o
                0x0000000008000c14                RTC_ExitConfigMode
 .text.RTC_GetCounter
                0x0000000008000c28       0x14 StdPeriph_Driver/src/stm32f10x_rtc.o
                0x0000000008000c28                RTC_GetCounter
 .text.RTC_SetPrescaler
                0x0000000008000c3c       0x20 StdPeriph_Driver/src/stm32f10x_rtc.o
                0x0000000008000c3c                RTC_SetPrescaler
 .text.RTC_WaitForLastTask
                0x0000000008000c5c       0x10 StdPeriph_Driver/src/stm32f10x_rtc.o
                0x0000000008000c5c                RTC_WaitForLastTask
 .text.RTC_WaitForSynchro
                0x0000000008000c6c       0x1c StdPeriph_Driver/src/stm32f10x_rtc.o
                0x0000000008000c6c                RTC_WaitForSynchro
 .text.RTC_GetITStatus
                0x0000000008000c88       0x24 StdPeriph_Driver/src/stm32f10x_rtc.o
                0x0000000008000c88                RTC_GetITStatus
 .text.RTC_ClearITPendingBit
                0x0000000008000cac       0x14 StdPeriph_Driver/src/stm32f10x_rtc.o
                0x0000000008000cac                RTC_ClearITPendingBit
 .text.SPI_Init
                0x0000000008000cc0       0x40 StdPeriph_Driver/src/stm32f10x_spi.o
                0x0000000008000cc0                SPI_Init
 .text.SPI_StructInit
                0x0000000008000d00       0x18 StdPeriph_Driver/src/stm32f10x_spi.o
                0x0000000008000d00                SPI_StructInit
 .text.SPI_Cmd  0x0000000008000d18       0x1c StdPeriph_Driver/src/stm32f10x_spi.o
                0x0000000008000d18                SPI_Cmd
 .text.SPI_I2S_DMACmd
                0x0000000008000d34       0x18 StdPeriph_Driver/src/stm32f10x_spi.o
                0x0000000008000d34                SPI_I2S_DMACmd
 .text.SPI_I2S_GetFlagStatus
                0x0000000008000d4c        0xc StdPeriph_Driver/src/stm32f10x_spi.o
                0x0000000008000d4c                SPI_I2S_GetFlagStatus
 .text.TIM_TimeBaseInit
                0x0000000008000d58       0xa0 StdPeriph_Driver/src/stm32f10x_tim.o
                0x0000000008000d58                TIM_TimeBaseInit
 .text.TIM_OC1Init
                0x0000000008000df8       0x8c StdPeriph_Driver/src/stm32f10x_tim.o
                0x0000000008000df8                TIM_OC1Init
 .text.TIM_OC2Init
                0x0000000008000e84       0x84 StdPeriph_Driver/src/stm32f10x_tim.o
                0x0000000008000e84                TIM_OC2Init
 .text.TIM_OC3Init
                0x0000000008000f08       0x80 StdPeriph_Driver/src/stm32f10x_tim.o
                0x0000000008000f08                TIM_OC3Init
 .text.TIM_OC4Init
                0x0000000008000f88       0x6c StdPeriph_Driver/src/stm32f10x_tim.o
                0x0000000008000f88                TIM_OC4Init
 .text.TIM_Cmd  0x0000000008000ff4       0x1c StdPeriph_Driver/src/stm32f10x_tim.o
                0x0000000008000ff4                TIM_Cmd
 .text.TIM_ITConfig
                0x0000000008001010       0x18 StdPeriph_Driver/src/stm32f10x_tim.o
                0x0000000008001010                TIM_ITConfig
 .text.TIM_OC1PreloadConfig
                0x0000000008001028       0x10 StdPeriph_Driver/src/stm32f10x_tim.o
                0x0000000008001028                TIM_OC1PreloadConfig
 .text.TIM_OC2PreloadConfig
                0x0000000008001038       0x14 StdPeriph_Driver/src/stm32f10x_tim.o
                0x0000000008001038                TIM_OC2PreloadConfig
 .text.TIM_OC3PreloadConfig
                0x000000000800104c       0x10 StdPeriph_Driver/src/stm32f10x_tim.o
                0x000000000800104c                TIM_OC3PreloadConfig
 .text.TIM_OC4PreloadConfig
                0x000000000800105c       0x14 StdPeriph_Driver/src/stm32f10x_tim.o
                0x000000000800105c                TIM_OC4PreloadConfig
 .text.TIM_SetCompare1
                0x0000000008001070        0x4 StdPeriph_Driver/src/stm32f10x_tim.o
                0x0000000008001070                TIM_SetCompare1
 .text.TIM_SetCompare2
                0x0000000008001074        0x4 StdPeriph_Driver/src/stm32f10x_tim.o
                0x0000000008001074                TIM_SetCompare2
 .text.TIM_SetCompare3
                0x0000000008001078        0x4 StdPeriph_Driver/src/stm32f10x_tim.o
                0x0000000008001078                TIM_SetCompare3
 .text.TIM_SetCompare4
                0x000000000800107c        0x6 StdPeriph_Driver/src/stm32f10x_tim.o
                0x000000000800107c                TIM_SetCompare4
 .text.TIM_GetCapture1
                0x0000000008001082        0x6 StdPeriph_Driver/src/stm32f10x_tim.o
                0x0000000008001082                TIM_GetCapture1
 .text.TIM_GetCapture2
                0x0000000008001088        0x6 StdPeriph_Driver/src/stm32f10x_tim.o
                0x0000000008001088                TIM_GetCapture2
 .text.TIM_GetCapture3
                0x000000000800108e        0x6 StdPeriph_Driver/src/stm32f10x_tim.o
                0x000000000800108e                TIM_GetCapture3
 .text.TIM_GetCapture4
                0x0000000008001094        0x8 StdPeriph_Driver/src/stm32f10x_tim.o
                0x0000000008001094                TIM_GetCapture4
 .text.TIM_GetITStatus
                0x000000000800109c       0x18 StdPeriph_Driver/src/stm32f10x_tim.o
                0x000000000800109c                TIM_GetITStatus
 .text.TIM_ClearITPendingBit
                0x00000000080010b4        0x8 StdPeriph_Driver/src/stm32f10x_tim.o
                0x00000000080010b4                TIM_ClearITPendingBit
 .text.USART_Init
                0x00000000080010bc       0xb8 StdPeriph_Driver/src/stm32f10x_usart.o
                0x00000000080010bc                USART_Init
 .text.USART_Cmd
                0x0000000008001174       0x1c StdPeriph_Driver/src/stm32f10x_usart.o
                0x0000000008001174                USART_Cmd
 .text.USART_ITConfig
                0x0000000008001190       0x36 StdPeriph_Driver/src/stm32f10x_usart.o
                0x0000000008001190                USART_ITConfig
 .text.USART_DMACmd
                0x00000000080011c6       0x18 StdPeriph_Driver/src/stm32f10x_usart.o
                0x00000000080011c6                USART_DMACmd
 .text.USART_SendData
                0x00000000080011de        0x8 StdPeriph_Driver/src/stm32f10x_usart.o
                0x00000000080011de                USART_SendData
 .text.USART_ReceiveData
                0x00000000080011e6        0x8 StdPeriph_Driver/src/stm32f10x_usart.o
                0x00000000080011e6                USART_ReceiveData
 .text.USART_GetITStatus
                0x00000000080011ee       0x44 StdPeriph_Driver/src/stm32f10x_usart.o
                0x00000000080011ee                USART_GetITStatus
 *fill*         0x0000000008001232        0x2 
 .text.LCD_reset
                0x0000000008001234       0x28 lib/ILI9341/core.o
                0x0000000008001234                LCD_reset
 .text.LCD_exitStandby
                0x000000000800125c       0x16 lib/ILI9341/core.o
                0x000000000800125c                LCD_exitStandby
 *fill*         0x0000000008001272        0x2 
 .text.LCD_setOrientation
                0x0000000008001274       0x58 lib/ILI9341/core.o
                0x0000000008001274                LCD_setOrientation
 .text.LCD_init
                0x00000000080012cc      0x100 lib/ILI9341/core.o
                0x00000000080012cc                LCD_init
 .text.LCD_setAddressWindow
                0x00000000080013cc       0xe0 lib/ILI9341/core.o
                0x00000000080013cc                LCD_setAddressWindow
 .text.LCD_getWidth
                0x00000000080014ac        0xc lib/ILI9341/core.o
                0x00000000080014ac                LCD_getWidth
 .text.LCD_getHeight
                0x00000000080014b8        0xc lib/ILI9341/core.o
                0x00000000080014b8                LCD_getHeight
 .text.LCD_setSpi8
                0x00000000080014c4       0x2c lib/ILI9341/core.o
                0x00000000080014c4                LCD_setSpi8
 .text.LCD_setSpi16
                0x00000000080014f0       0x28 lib/ILI9341/core.o
                0x00000000080014f0                LCD_setSpi16
 .text.SysTick_Handler
                0x0000000008001518       0x10 lib/ILI9341/delay.o
                0x0000000008001518                SysTick_Handler
 .text.delay_ms
                0x0000000008001528       0x54 lib/ILI9341/delay.o
                0x0000000008001528                delay_ms
 .text.dmaInit  0x000000000800157c       0x54 lib/ILI9341/dma.o
                0x000000000800157c                dmaInit
 .text.dmaSendCmd
                0x00000000080015d0       0x88 lib/ILI9341/dma.o
                0x00000000080015d0                dmaSendCmd
 .text.dmaSendCmdCont
                0x0000000008001658       0x74 lib/ILI9341/dma.o
                0x0000000008001658                dmaSendCmdCont
 .text.dmaSendDataCont8
                0x00000000080016cc       0x6c lib/ILI9341/dma.o
                0x00000000080016cc                dmaSendDataCont8
 .text.dmaSendDataCont16
                0x0000000008001738       0x74 lib/ILI9341/dma.o
                0x0000000008001738                dmaSendDataCont16
 .text.dmaFill16
                0x00000000080017ac      0x10c lib/ILI9341/dma.o
                0x00000000080017ac                dmaFill16
 .text.DMA1_Channel2_IRQHandler
                0x00000000080018b8       0x24 lib/ILI9341/dma.o
                0x00000000080018b8                DMA1_Channel2_IRQHandler
 .text.DMA1_Channel3_IRQHandler
                0x00000000080018dc       0x28 lib/ILI9341/dma.o
                0x00000000080018dc                DMA1_Channel3_IRQHandler
 .text.LCD_fillScreen
                0x0000000008001904       0x3a lib/ILI9341/graph.o
                0x0000000008001904                LCD_fillScreen
 *fill*         0x000000000800193e        0x2 
 .text.LCD_setTextSize
                0x0000000008001940        0xc lib/ILI9341/text.o
                0x0000000008001940                LCD_setTextSize
 .text.LCD_setTextBgColor
                0x000000000800194c        0xc lib/ILI9341/text.o
                0x000000000800194c                LCD_setTextBgColor
 .text.addToBuffor
                0x0000000008001958       0x18 src/buffors.o
                0x0000000008001958                addToBuffor
 .text.getFromBuffor
                0x0000000008001970       0x3e src/buffors.o
                0x0000000008001970                getFromBuffor
 .text.getBufforSize
                0x00000000080019ae        0x6 src/buffors.o
                0x00000000080019ae                getBufforSize
 .text.isBufforEmpty
                0x00000000080019b4        0xc src/buffors.o
                0x00000000080019b4                isBufforEmpty
 .text.clearBuffor
                0x00000000080019c0        0xe src/buffors.o
                0x00000000080019c0                clearBuffor
 .text.initBuffor
                0x00000000080019ce        0xe src/buffors.o
                0x00000000080019ce                initBuffor
 .text.device_init
                0x00000000080019dc       0x40 src/device_config.o
                0x00000000080019dc                device_init
 .text.turnOnOffLed
                0x0000000008001a1c       0x1c src/device_config.o
                0x0000000008001a1c                turnOnOffLed
 .text.RCC_Conf
                0x0000000008001a38       0x66 src/device_config.o
                0x0000000008001a38                RCC_Conf
 .text.AddCRC   0x0000000008001a9e       0x22 src/main.o
                0x0000000008001a9e                AddCRC
 .text.main     0x0000000008001ac0      0x118 src/main.o
                0x0000000008001ac0                main
 .text.RTC_Configuration
                0x0000000008001bd8       0x58 src/rtc.o
                0x0000000008001bd8                RTC_Configuration
 .text.NVIC_RTC_Configuration
                0x0000000008001c30       0x2e src/rtc.o
                0x0000000008001c30                NVIC_RTC_Configuration
 *fill*         0x0000000008001c5e        0x2 
 .text.rtc_init
                0x0000000008001c60       0x64 src/rtc.o
                0x0000000008001c60                rtc_init
 .text.RTC_IRQHandler
                0x0000000008001cc4       0x44 src/rtc.o
                0x0000000008001cc4                RTC_IRQHandler
 .text.getTimerChannelState
                0x0000000008001d08       0x34 src/scan_timer.o
                0x0000000008001d08                getTimerChannelState
 .text.setTimerChannelState
                0x0000000008001d3c       0x28 src/scan_timer.o
                0x0000000008001d3c                setTimerChannelState
 .text.init_timer
                0x0000000008001d64       0xe4 src/scan_timer.o
                0x0000000008001d64                init_timer
 .text.TIM1_CC_IRQHandler
                0x0000000008001e48       0xd4 src/scan_timer.o
                0x0000000008001e48                TIM1_CC_IRQHandler
 .text.SystemInit
                0x0000000008001f1c      0x104 src/system_stm32f10x.o
                0x0000000008001f1c                SystemInit
 .text.USART1_IRQHandler
                0x0000000008002020       0x80 src/uart_interrupt.o
                0x0000000008002020                USART1_IRQHandler
 .text.GPIO_DMA_Configuration
                0x00000000080020a0       0x44 src/usart_dma.o
                0x00000000080020a0                GPIO_DMA_Configuration
 .text.RCC_DMA_Configuration
                0x00000000080020e4       0x1e src/usart_dma.o
                0x00000000080020e4                RCC_DMA_Configuration
 *fill*         0x0000000008002102        0x2 
 .text.DMA_Configuration
                0x0000000008002104       0x74 src/usart_dma.o
                0x0000000008002104                DMA_Configuration
 .text.usart_dma_init
                0x0000000008002178       0x74 src/usart_dma.o
                0x0000000008002178                usart_dma_init
 .text.analizeIncomingDMAData
                0x00000000080021ec       0x38 src/usart_dma.o
                0x00000000080021ec                analizeIncomingDMAData
 .text.uart_dma_send_data
                0x0000000008002224       0x24 src/usart_dma.o
                0x0000000008002224                uart_dma_send_data
 .text.reconfigure_dma_to_reception
                0x0000000008002248       0x4c src/usart_dma.o
                0x0000000008002248                reconfigure_dma_to_reception
 .text.reconfigure_dma_to_transmision
                0x0000000008002294       0x44 src/usart_dma.o
                0x0000000008002294                reconfigure_dma_to_transmision
 .text.controlUartTransfer
                0x00000000080022d8       0x64 src/usart_dma.o
                0x00000000080022d8                controlUartTransfer
 .text.Reset_Handler
                0x000000000800233c       0x50 startup/startup_stm32.o
                0x000000000800233c                Reset_Handler
 .text.Default_Handler
                0x000000000800238c        0x2 startup/startup_stm32.o
                0x000000000800238c                EXTI2_IRQHandler
                0x000000000800238c                TIM8_TRG_COM_IRQHandler
                0x000000000800238c                TIM8_CC_IRQHandler
                0x000000000800238c                DebugMon_Handler
                0x000000000800238c                HardFault_Handler
                0x000000000800238c                TIM6_IRQHandler
                0x000000000800238c                PVD_IRQHandler
                0x000000000800238c                SDIO_IRQHandler
                0x000000000800238c                PendSV_Handler
                0x000000000800238c                NMI_Handler
                0x000000000800238c                EXTI3_IRQHandler
                0x000000000800238c                USB_HP_CAN_TX_IRQHandler
                0x000000000800238c                EXTI0_IRQHandler
                0x000000000800238c                I2C2_EV_IRQHandler
                0x000000000800238c                UsageFault_Handler
                0x000000000800238c                ADC1_2_IRQHandler
                0x000000000800238c                SPI1_IRQHandler
                0x000000000800238c                CAN_SCE_IRQHandler
                0x000000000800238c                TAMPER_IRQHandler
                0x000000000800238c                TIM8_UP_IRQHandler
                0x000000000800238c                DMA2_Channel2_IRQHandler
                0x000000000800238c                DMA1_Channel4_IRQHandler
                0x000000000800238c                USART3_IRQHandler
                0x000000000800238c                DMA1_Channel7_IRQHandler
                0x000000000800238c                UART5_IRQHandler
                0x000000000800238c                ADC3_IRQHandler
                0x000000000800238c                TIM4_IRQHandler
                0x000000000800238c                CAN_RX1_IRQHandler
                0x000000000800238c                DMA2_Channel1_IRQHandler
                0x000000000800238c                I2C1_EV_IRQHandler
                0x000000000800238c                DMA1_Channel6_IRQHandler
                0x000000000800238c                UART4_IRQHandler
                0x000000000800238c                TIM3_IRQHandler
                0x000000000800238c                RCC_IRQHandler
                0x000000000800238c                TIM1_TRG_COM_IRQHandler
                0x000000000800238c                DMA1_Channel1_IRQHandler
                0x000000000800238c                Default_Handler
                0x000000000800238c                EXTI15_10_IRQHandler
                0x000000000800238c                TIM7_IRQHandler
                0x000000000800238c                TIM5_IRQHandler
                0x000000000800238c                EXTI9_5_IRQHandler
                0x000000000800238c                SPI2_IRQHandler
                0x000000000800238c                USB_LP_CAN_RX0_IRQHandler
                0x000000000800238c                MemManage_Handler
                0x000000000800238c                SVC_Handler
                0x000000000800238c                DMA1_Channel5_IRQHandler
                0x000000000800238c                EXTI4_IRQHandler
                0x000000000800238c                FSMC_IRQHandler
                0x000000000800238c                TIM1_UP_IRQHandler
                0x000000000800238c                WWDG_IRQHandler
                0x000000000800238c                TIM2_IRQHandler
                0x000000000800238c                TIM1_BRK_IRQHandler
                0x000000000800238c                EXTI1_IRQHandler
                0x000000000800238c                RTCAlarm_IRQHandler
                0x000000000800238c                DMA2_Channel4_5_IRQHandler
                0x000000000800238c                USART2_IRQHandler
                0x000000000800238c                I2C2_ER_IRQHandler
                0x000000000800238c                TIM8_BRK_IRQHandler
                0x000000000800238c                FLASH_IRQHandler
                0x000000000800238c                BusFault_Handler
                0x000000000800238c                SPI3_IRQHandler
                0x000000000800238c                I2C1_ER_IRQHandler
                0x000000000800238c                DMA2_Channel3_IRQHandler
 *fill*         0x000000000800238e        0x2 
 .text.__errno  0x0000000008002390        0xc /home/gwarchol/Ac6/SystemWorkbench/plugins/fr.ac6.mcu.externaltools.arm-none.linux64_1.15.0.201708311556/tools/compiler/bin/../lib/gcc/arm-none-eabi/6.3.1/../../../../arm-none-eabi/lib/thumb/v7-m/libc_nano.a(lib_a-errno.o)
                0x0000000008002390                __errno
 .text._cleanup_r
                0x000000000800239c        0xc /home/gwarchol/Ac6/SystemWorkbench/plugins/fr.ac6.mcu.externaltools.arm-none.linux64_1.15.0.201708311556/tools/compiler/bin/../lib/gcc/arm-none-eabi/6.3.1/../../../../arm-none-eabi/lib/thumb/v7-m/libc_nano.a(lib_a-findfp.o)
                0x000000000800239c                _cleanup_r
 .text.std.isra.0
                0x00000000080023a8       0x48 /home/gwarchol/Ac6/SystemWorkbench/plugins/fr.ac6.mcu.externaltools.arm-none.linux64_1.15.0.201708311556/tools/compiler/bin/../lib/gcc/arm-none-eabi/6.3.1/../../../../arm-none-eabi/lib/thumb/v7-m/libc_nano.a(lib_a-findfp.o)
 .text.__sfmoreglue
                0x00000000080023f0       0x2c /home/gwarchol/Ac6/SystemWorkbench/plugins/fr.ac6.mcu.externaltools.arm-none.linux64_1.15.0.201708311556/tools/compiler/bin/../lib/gcc/arm-none-eabi/6.3.1/../../../../arm-none-eabi/lib/thumb/v7-m/libc_nano.a(lib_a-findfp.o)
                0x00000000080023f0                __sfmoreglue
 .text.__sinit  0x000000000800241c       0x60 /home/gwarchol/Ac6/SystemWorkbench/plugins/fr.ac6.mcu.externaltools.arm-none.linux64_1.15.0.201708311556/tools/compiler/bin/../lib/gcc/arm-none-eabi/6.3.1/../../../../arm-none-eabi/lib/thumb/v7-m/libc_nano.a(lib_a-findfp.o)
                0x000000000800241c                __sinit
 .text.__sfp    0x000000000800247c       0x78 /home/gwarchol/Ac6/SystemWorkbench/plugins/fr.ac6.mcu.externaltools.arm-none.linux64_1.15.0.201708311556/tools/compiler/bin/../lib/gcc/arm-none-eabi/6.3.1/../../../../arm-none-eabi/lib/thumb/v7-m/libc_nano.a(lib_a-findfp.o)
                0x000000000800247c                __sfp
 .text._fwalk_reent
                0x00000000080024f4       0x3c /home/gwarchol/Ac6/SystemWorkbench/plugins/fr.ac6.mcu.externaltools.arm-none.linux64_1.15.0.201708311556/tools/compiler/bin/../lib/gcc/arm-none-eabi/6.3.1/../../../../arm-none-eabi/lib/thumb/v7-m/libc_nano.a(lib_a-fwalk.o)
                0x00000000080024f4                _fwalk_reent
 .text._malloc_r
                0x0000000008002530       0xbc /home/gwarchol/Ac6/SystemWorkbench/plugins/fr.ac6.mcu.externaltools.arm-none.linux64_1.15.0.201708311556/tools/compiler/bin/../lib/gcc/arm-none-eabi/6.3.1/../../../../arm-none-eabi/lib/thumb/v7-m/libc_nano.a(lib_a-nano-mallocr.o)
                0x0000000008002530                _malloc_r
 .text.printf   0x00000000080025ec       0x30 /home/gwarchol/Ac6/SystemWorkbench/plugins/fr.ac6.mcu.externaltools.arm-none.linux64_1.15.0.201708311556/tools/compiler/bin/../lib/gcc/arm-none-eabi/6.3.1/../../../../arm-none-eabi/lib/thumb/v7-m/libc_nano.a(lib_a-printf.o)
                0x00000000080025ec                printf
                0x00000000080025ec                iprintf
 .text._puts_r  0x000000000800261c       0xb8 /home/gwarchol/Ac6/SystemWorkbench/plugins/fr.ac6.mcu.externaltools.arm-none.linux64_1.15.0.201708311556/tools/compiler/bin/../lib/gcc/arm-none-eabi/6.3.1/../../../../arm-none-eabi/lib/thumb/v7-m/libc_nano.a(lib_a-puts.o)
                0x000000000800261c                _puts_r
 .text.puts     0x00000000080026d4       0x10 /home/gwarchol/Ac6/SystemWorkbench/plugins/fr.ac6.mcu.externaltools.arm-none.linux64_1.15.0.201708311556/tools/compiler/bin/../lib/gcc/arm-none-eabi/6.3.1/../../../../arm-none-eabi/lib/thumb/v7-m/libc_nano.a(lib_a-puts.o)
                0x00000000080026d4                puts
 .text._sbrk_r  0x00000000080026e4       0x20 /home/gwarchol/Ac6/SystemWorkbench/plugins/fr.ac6.mcu.externaltools.arm-none.linux64_1.15.0.201708311556/tools/compiler/bin/../lib/gcc/arm-none-eabi/6.3.1/../../../../arm-none-eabi/lib/thumb/v7-m/libc_nano.a(lib_a-sbrkr.o)
                0x00000000080026e4                _sbrk_r
 .text.__sread  0x0000000008002704       0x22 /home/gwarchol/Ac6/SystemWorkbench/plugins/fr.ac6.mcu.externaltools.arm-none.linux64_1.15.0.201708311556/tools/compiler/bin/../lib/gcc/arm-none-eabi/6.3.1/../../../../arm-none-eabi/lib/thumb/v7-m/libc_nano.a(lib_a-stdio.o)
                0x0000000008002704                __sread
 .text.__swrite
                0x0000000008002726       0x38 /home/gwarchol/Ac6/SystemWorkbench/plugins/fr.ac6.mcu.externaltools.arm-none.linux64_1.15.0.201708311556/tools/compiler/bin/../lib/gcc/arm-none-eabi/6.3.1/../../../../arm-none-eabi/lib/thumb/v7-m/libc_nano.a(lib_a-stdio.o)
                0x0000000008002726                __swrite
 .text.__sseek  0x000000000800275e       0x24 /home/gwarchol/Ac6/SystemWorkbench/plugins/fr.ac6.mcu.externaltools.arm-none.linux64_1.15.0.201708311556/tools/compiler/bin/../lib/gcc/arm-none-eabi/6.3.1/../../../../arm-none-eabi/lib/thumb/v7-m/libc_nano.a(lib_a-stdio.o)
                0x000000000800275e                __sseek
 .text.__sclose
                0x0000000008002782        0x8 /home/gwarchol/Ac6/SystemWorkbench/plugins/fr.ac6.mcu.externaltools.arm-none.linux64_1.15.0.201708311556/tools/compiler/bin/../lib/gcc/arm-none-eabi/6.3.1/../../../../arm-none-eabi/lib/thumb/v7-m/libc_nano.a(lib_a-stdio.o)
                0x0000000008002782                __sclose
 *fill*         0x000000000800278a        0x2 
 .text.__swbuf_r
                0x000000000800278c       0xa4 /home/gwarchol/Ac6/SystemWorkbench/plugins/fr.ac6.mcu.externaltools.arm-none.linux64_1.15.0.201708311556/tools/compiler/bin/../lib/gcc/arm-none-eabi/6.3.1/../../../../arm-none-eabi/lib/thumb/v7-m/libc_nano.a(lib_a-wbuf.o)
                0x000000000800278c                __swbuf_r
 .text._write_r
                0x0000000008002830       0x24 /home/gwarchol/Ac6/SystemWorkbench/plugins/fr.ac6.mcu.externaltools.arm-none.linux64_1.15.0.201708311556/tools/compiler/bin/../lib/gcc/arm-none-eabi/6.3.1/../../../../arm-none-eabi/lib/thumb/v7-m/libc_nano.a(lib_a-writer.o)
                0x0000000008002830                _write_r
 .text.__swsetup_r
                0x0000000008002854       0xdc /home/gwarchol/Ac6/SystemWorkbench/plugins/fr.ac6.mcu.externaltools.arm-none.linux64_1.15.0.201708311556/tools/compiler/bin/../lib/gcc/arm-none-eabi/6.3.1/../../../../arm-none-eabi/lib/thumb/v7-m/libc_nano.a(lib_a-wsetup.o)
                0x0000000008002854                __swsetup_r
 .text._close_r
                0x0000000008002930       0x20 /home/gwarchol/Ac6/SystemWorkbench/plugins/fr.ac6.mcu.externaltools.arm-none.linux64_1.15.0.201708311556/tools/compiler/bin/../lib/gcc/arm-none-eabi/6.3.1/../../../../arm-none-eabi/lib/thumb/v7-m/libc_nano.a(lib_a-closer.o)
                0x0000000008002930                _close_r
 .text.__sflush_r
                0x0000000008002950      0x110 /home/gwarchol/Ac6/SystemWorkbench/plugins/fr.ac6.mcu.externaltools.arm-none.linux64_1.15.0.201708311556/tools/compiler/bin/../lib/gcc/arm-none-eabi/6.3.1/../../../../arm-none-eabi/lib/thumb/v7-m/libc_nano.a(lib_a-fflush.o)
                0x0000000008002950                __sflush_r
 .text._fflush_r
                0x0000000008002a60       0x54 /home/gwarchol/Ac6/SystemWorkbench/plugins/fr.ac6.mcu.externaltools.arm-none.linux64_1.15.0.201708311556/tools/compiler/bin/../lib/gcc/arm-none-eabi/6.3.1/../../../../arm-none-eabi/lib/thumb/v7-m/libc_nano.a(lib_a-fflush.o)
                0x0000000008002a60                _fflush_r
 .text._lseek_r
                0x0000000008002ab4       0x24 /home/gwarchol/Ac6/SystemWorkbench/plugins/fr.ac6.mcu.externaltools.arm-none.linux64_1.15.0.201708311556/tools/compiler/bin/../lib/gcc/arm-none-eabi/6.3.1/../../../../arm-none-eabi/lib/thumb/v7-m/libc_nano.a(lib_a-lseekr.o)
                0x0000000008002ab4                _lseek_r
 .text.__swhatbuf_r
                0x0000000008002ad8       0x48 /home/gwarchol/Ac6/SystemWorkbench/plugins/fr.ac6.mcu.externaltools.arm-none.linux64_1.15.0.201708311556/tools/compiler/bin/../lib/gcc/arm-none-eabi/6.3.1/../../../../arm-none-eabi/lib/thumb/v7-m/libc_nano.a(lib_a-makebuf.o)
                0x0000000008002ad8                __swhatbuf_r
 .text.__smakebuf_r
                0x0000000008002b20       0x80 /home/gwarchol/Ac6/SystemWorkbench/plugins/fr.ac6.mcu.externaltools.arm-none.linux64_1.15.0.201708311556/tools/compiler/bin/../lib/gcc/arm-none-eabi/6.3.1/../../../../arm-none-eabi/lib/thumb/v7-m/libc_nano.a(lib_a-makebuf.o)
                0x0000000008002b20                __smakebuf_r
 .text.__malloc_lock
                0x0000000008002ba0        0x2 /home/gwarchol/Ac6/SystemWorkbench/plugins/fr.ac6.mcu.externaltools.arm-none.linux64_1.15.0.201708311556/tools/compiler/bin/../lib/gcc/arm-none-eabi/6.3.1/../../../../arm-none-eabi/lib/thumb/v7-m/libc_nano.a(lib_a-mlock.o)
                0x0000000008002ba0                __malloc_lock
 .text.__malloc_unlock
                0x0000000008002ba2        0x2 /home/gwarchol/Ac6/SystemWorkbench/plugins/fr.ac6.mcu.externaltools.arm-none.linux64_1.15.0.201708311556/tools/compiler/bin/../lib/gcc/arm-none-eabi/6.3.1/../../../../arm-none-eabi/lib/thumb/v7-m/libc_nano.a(lib_a-mlock.o)
                0x0000000008002ba2                __malloc_unlock
 .text._free_r  0x0000000008002ba4       0x98 /home/gwarchol/Ac6/SystemWorkbench/plugins/fr.ac6.mcu.externaltools.arm-none.linux64_1.15.0.201708311556/tools/compiler/bin/../lib/gcc/arm-none-eabi/6.3.1/../../../../arm-none-eabi/lib/thumb/v7-m/libc_nano.a(lib_a-nano-freer.o)
                0x0000000008002ba4                _free_r
 .text.__sfputc_r
                0x0000000008002c3c       0x2c /home/gwarchol/Ac6/SystemWorkbench/plugins/fr.ac6.mcu.externaltools.arm-none.linux64_1.15.0.201708311556/tools/compiler/bin/../lib/gcc/arm-none-eabi/6.3.1/../../../../arm-none-eabi/lib/thumb/v7-m/libc_nano.a(lib_a-nano-vfprintf.o)
 .text.__sfputs_r
                0x0000000008002c68       0x24 /home/gwarchol/Ac6/SystemWorkbench/plugins/fr.ac6.mcu.externaltools.arm-none.linux64_1.15.0.201708311556/tools/compiler/bin/../lib/gcc/arm-none-eabi/6.3.1/../../../../arm-none-eabi/lib/thumb/v7-m/libc_nano.a(lib_a-nano-vfprintf.o)
                0x0000000008002c68                __sfputs_r
 .text._vfprintf_r
                0x0000000008002c8c      0x22c /home/gwarchol/Ac6/SystemWorkbench/plugins/fr.ac6.mcu.externaltools.arm-none.linux64_1.15.0.201708311556/tools/compiler/bin/../lib/gcc/arm-none-eabi/6.3.1/../../../../arm-none-eabi/lib/thumb/v7-m/libc_nano.a(lib_a-nano-vfprintf.o)
                0x0000000008002c8c                _vfiprintf_r
                0x0000000008002c8c                _vfprintf_r
 .text._printf_common
                0x0000000008002eb8       0xee /home/gwarchol/Ac6/SystemWorkbench/plugins/fr.ac6.mcu.externaltools.arm-none.linux64_1.15.0.201708311556/tools/compiler/bin/../lib/gcc/arm-none-eabi/6.3.1/../../../../arm-none-eabi/lib/thumb/v7-m/libc_nano.a(lib_a-nano-vfprintf_i.o)
                0x0000000008002eb8                _printf_common
 *fill*         0x0000000008002fa6        0x2 
 .text._printf_i
                0x0000000008002fa8      0x240 /home/gwarchol/Ac6/SystemWorkbench/plugins/fr.ac6.mcu.externaltools.arm-none.linux64_1.15.0.201708311556/tools/compiler/bin/../lib/gcc/arm-none-eabi/6.3.1/../../../../arm-none-eabi/lib/thumb/v7-m/libc_nano.a(lib_a-nano-vfprintf_i.o)
                0x0000000008002fa8                _printf_i
 .text._read_r  0x00000000080031e8       0x24 /home/gwarchol/Ac6/SystemWorkbench/plugins/fr.ac6.mcu.externaltools.arm-none.linux64_1.15.0.201708311556/tools/compiler/bin/../lib/gcc/arm-none-eabi/6.3.1/../../../../arm-none-eabi/lib/thumb/v7-m/libc_nano.a(lib_a-readr.o)
                0x00000000080031e8                _read_r
 .text._fstat_r
                0x000000000800320c       0x24 /home/gwarchol/Ac6/SystemWorkbench/plugins/fr.ac6.mcu.externaltools.arm-none.linux64_1.15.0.201708311556/tools/compiler/bin/../lib/gcc/arm-none-eabi/6.3.1/../../../../arm-none-eabi/lib/thumb/v7-m/libc_nano.a(lib_a-fstatr.o)
                0x000000000800320c                _fstat_r
 .text._isatty_r
                0x0000000008003230       0x20 /home/gwarchol/Ac6/SystemWorkbench/plugins/fr.ac6.mcu.externaltools.arm-none.linux64_1.15.0.201708311556/tools/compiler/bin/../lib/gcc/arm-none-eabi/6.3.1/../../../../arm-none-eabi/lib/thumb/v7-m/libc_nano.a(lib_a-isattyr.o)
                0x0000000008003230                _isatty_r
 .text.memchr   0x0000000008003250       0x1c /home/gwarchol/Ac6/SystemWorkbench/plugins/fr.ac6.mcu.externaltools.arm-none.linux64_1.15.0.201708311556/tools/compiler/bin/../lib/gcc/arm-none-eabi/6.3.1/../../../../arm-none-eabi/lib/thumb/v7-m/libc_nano.a(lib_a-memchr-stub.o)
                0x0000000008003250                memchr
 *(.glue_7)
 .glue_7        0x000000000800326c        0x0 linker stubs
 *(.glue_7t)
 .glue_7t       0x000000000800326c        0x0 linker stubs
 *(.eh_frame)
 .eh_frame      0x000000000800326c        0x0 /home/gwarchol/Ac6/SystemWorkbench/plugins/fr.ac6.mcu.externaltools.arm-none.linux64_1.15.0.201708311556/tools/compiler/bin/../lib/gcc/arm-none-eabi/6.3.1/thumb/v7-m/crtbegin.o
 *(.init)
 .init          0x000000000800326c        0x4 /home/gwarchol/Ac6/SystemWorkbench/plugins/fr.ac6.mcu.externaltools.arm-none.linux64_1.15.0.201708311556/tools/compiler/bin/../lib/gcc/arm-none-eabi/6.3.1/thumb/v7-m/crti.o
                0x000000000800326c                _init
 .init          0x0000000008003270        0x8 /home/gwarchol/Ac6/SystemWorkbench/plugins/fr.ac6.mcu.externaltools.arm-none.linux64_1.15.0.201708311556/tools/compiler/bin/../lib/gcc/arm-none-eabi/6.3.1/thumb/v7-m/crtn.o
 *(.fini)
 .fini          0x0000000008003278        0x4 /home/gwarchol/Ac6/SystemWorkbench/plugins/fr.ac6.mcu.externaltools.arm-none.linux64_1.15.0.201708311556/tools/compiler/bin/../lib/gcc/arm-none-eabi/6.3.1/thumb/v7-m/crti.o
                0x0000000008003278                _fini
 .fini          0x000000000800327c        0x8 /home/gwarchol/Ac6/SystemWorkbench/plugins/fr.ac6.mcu.externaltools.arm-none.linux64_1.15.0.201708311556/tools/compiler/bin/../lib/gcc/arm-none-eabi/6.3.1/thumb/v7-m/crtn.o
                0x0000000008003284                . = ALIGN (0x4)
                0x0000000008003284                _etext = .

.vfp11_veneer   0x0000000008003284        0x0
 .vfp11_veneer  0x0000000008003284        0x0 linker stubs

.v4_bx          0x0000000008003284        0x0
 .v4_bx         0x0000000008003284        0x0 linker stubs

.iplt           0x0000000008003284        0x0
 .iplt          0x0000000008003284        0x0 /home/gwarchol/Ac6/SystemWorkbench/plugins/fr.ac6.mcu.externaltools.arm-none.linux64_1.15.0.201708311556/tools/compiler/bin/../lib/gcc/arm-none-eabi/6.3.1/thumb/v7-m/crtbegin.o

.rodata         0x0000000008003284      0x178
                0x0000000008003284                . = ALIGN (0x4)
 *(.rodata)
 .rodata        0x0000000008003284       0x63 lib/ILI9341/core.o
 *(.rodata*)
 *fill*         0x00000000080032e7        0x1 
 .rodata._global_impure_ptr
                0x00000000080032e8        0x4 /home/gwarchol/Ac6/SystemWorkbench/plugins/fr.ac6.mcu.externaltools.arm-none.linux64_1.15.0.201708311556/tools/compiler/bin/../lib/gcc/arm-none-eabi/6.3.1/../../../../arm-none-eabi/lib/thumb/v7-m/libc_nano.a(lib_a-impure.o)
                0x00000000080032e8                _global_impure_ptr
 .rodata.initialise_monitor_handles.str1.1
                0x00000000080032ec        0x4 /home/gwarchol/Ac6/SystemWorkbench/plugins/fr.ac6.mcu.externaltools.arm-none.linux64_1.15.0.201708311556/tools/compiler/bin/../lib/gcc/arm-none-eabi/6.3.1/../../../../arm-none-eabi/lib/thumb/v7-m/librdimon_nano.a(rdimon-syscalls.o)
 .rodata.str1.4
                0x00000000080032f0        0x6 src/main.o
 *fill*         0x00000000080032f6        0x2 
 .rodata.str1.4
                0x00000000080032f8       0x70 src/rtc.o
                                         0x6f (size before relaxing)
 .rodata.__sf_fake_stderr
                0x0000000008003368       0x20 /home/gwarchol/Ac6/SystemWorkbench/plugins/fr.ac6.mcu.externaltools.arm-none.linux64_1.15.0.201708311556/tools/compiler/bin/../lib/gcc/arm-none-eabi/6.3.1/../../../../arm-none-eabi/lib/thumb/v7-m/libc_nano.a(lib_a-findfp.o)
                0x0000000008003368                __sf_fake_stderr
 .rodata.__sf_fake_stdin
                0x0000000008003388       0x20 /home/gwarchol/Ac6/SystemWorkbench/plugins/fr.ac6.mcu.externaltools.arm-none.linux64_1.15.0.201708311556/tools/compiler/bin/../lib/gcc/arm-none-eabi/6.3.1/../../../../arm-none-eabi/lib/thumb/v7-m/libc_nano.a(lib_a-findfp.o)
                0x0000000008003388                __sf_fake_stdin
 .rodata.__sf_fake_stdout
                0x00000000080033a8       0x20 /home/gwarchol/Ac6/SystemWorkbench/plugins/fr.ac6.mcu.externaltools.arm-none.linux64_1.15.0.201708311556/tools/compiler/bin/../lib/gcc/arm-none-eabi/6.3.1/../../../../arm-none-eabi/lib/thumb/v7-m/libc_nano.a(lib_a-findfp.o)
                0x00000000080033a8                __sf_fake_stdout
 .rodata._vfprintf_r.str1.1
                0x00000000080033c8       0x11 /home/gwarchol/Ac6/SystemWorkbench/plugins/fr.ac6.mcu.externaltools.arm-none.linux64_1.15.0.201708311556/tools/compiler/bin/../lib/gcc/arm-none-eabi/6.3.1/../../../../arm-none-eabi/lib/thumb/v7-m/libc_nano.a(lib_a-nano-vfprintf.o)
 .rodata._printf_i.str1.1
                0x00000000080033d9       0x22 /home/gwarchol/Ac6/SystemWorkbench/plugins/fr.ac6.mcu.externaltools.arm-none.linux64_1.15.0.201708311556/tools/compiler/bin/../lib/gcc/arm-none-eabi/6.3.1/../../../../arm-none-eabi/lib/thumb/v7-m/libc_nano.a(lib_a-nano-vfprintf_i.o)
                0x00000000080033fc                . = ALIGN (0x4)
 *fill*         0x00000000080033fb        0x1 

.rel.dyn        0x00000000080033fc        0x0
 .rel.iplt      0x00000000080033fc        0x0 /home/gwarchol/Ac6/SystemWorkbench/plugins/fr.ac6.mcu.externaltools.arm-none.linux64_1.15.0.201708311556/tools/compiler/bin/../lib/gcc/arm-none-eabi/6.3.1/thumb/v7-m/crtbegin.o

.ARM.extab      0x00000000080033fc        0x0
                0x00000000080033fc                . = ALIGN (0x4)
 *(.ARM.extab* .gnu.linkonce.armextab.*)
                0x00000000080033fc                . = ALIGN (0x4)

.ARM            0x00000000080033fc        0x0
                0x00000000080033fc                . = ALIGN (0x4)
                0x00000000080033fc                __exidx_start = .
 *(.ARM.exidx*)
                0x00000000080033fc                __exidx_end = .
                0x00000000080033fc                . = ALIGN (0x4)

.preinit_array  0x00000000080033fc        0x0
                0x00000000080033fc                . = ALIGN (0x4)
                0x00000000080033fc                PROVIDE (__preinit_array_start, .)
 *(.preinit_array*)
                0x00000000080033fc                PROVIDE (__preinit_array_end, .)
                0x00000000080033fc                . = ALIGN (0x4)

.init_array     0x00000000080033fc        0x4
                0x00000000080033fc                . = ALIGN (0x4)
                0x00000000080033fc                PROVIDE (__init_array_start, .)
 *(SORT(.init_array.*))
 *(.init_array*)
 .init_array    0x00000000080033fc        0x4 /home/gwarchol/Ac6/SystemWorkbench/plugins/fr.ac6.mcu.externaltools.arm-none.linux64_1.15.0.201708311556/tools/compiler/bin/../lib/gcc/arm-none-eabi/6.3.1/thumb/v7-m/crtbegin.o
                0x0000000008003400                PROVIDE (__init_array_end, .)
                0x0000000008003400                . = ALIGN (0x4)

.fini_array     0x0000000008003400        0x4
                0x0000000008003400                . = ALIGN (0x4)
                [!provide]                        PROVIDE (__fini_array_start, .)
 *(SORT(.fini_array.*))
 *(.fini_array*)
 .fini_array    0x0000000008003400        0x4 /home/gwarchol/Ac6/SystemWorkbench/plugins/fr.ac6.mcu.externaltools.arm-none.linux64_1.15.0.201708311556/tools/compiler/bin/../lib/gcc/arm-none-eabi/6.3.1/thumb/v7-m/crtbegin.o
                [!provide]                        PROVIDE (__fini_array_end, .)
                0x0000000008003404                . = ALIGN (0x4)
                0x0000000008003404                _sidata = LOADADDR (.data)

.data           0x0000000020000000       0xa4 load address 0x0000000008003404
                0x0000000020000000                . = ALIGN (0x4)
                0x0000000020000000                _sdata = .
 *(.data)
 .data          0x0000000020000000       0x14 StdPeriph_Driver/src/stm32f10x_rcc.o
 .data          0x0000000020000014        0x4 lib/ILI9341/core.o
 .data          0x0000000020000018        0x6 lib/ILI9341/text.o
                0x0000000020000018                textSize
                0x0000000020000019                wrap
                0x000000002000001a                textColor
                0x000000002000001c                textBgColor
 .data          0x000000002000001e        0x8 src/scan_timer.o
                0x000000002000001e                CC1
                0x0000000020000020                CC2
                0x0000000020000022                CC3
                0x0000000020000024                CC4
 *fill*         0x0000000020000026        0x2 
 .data          0x0000000020000028       0x14 src/system_stm32f10x.o
                0x0000000020000028                SystemCoreClock
                0x000000002000002c                AHBPrescTable
 *(.data*)
 .data._impure_ptr
                0x000000002000003c        0x4 /home/gwarchol/Ac6/SystemWorkbench/plugins/fr.ac6.mcu.externaltools.arm-none.linux64_1.15.0.201708311556/tools/compiler/bin/../lib/gcc/arm-none-eabi/6.3.1/../../../../arm-none-eabi/lib/thumb/v7-m/libc_nano.a(lib_a-impure.o)
                0x000000002000003c                _impure_ptr
 .data.impure_data
                0x0000000020000040       0x60 /home/gwarchol/Ac6/SystemWorkbench/plugins/fr.ac6.mcu.externaltools.arm-none.linux64_1.15.0.201708311556/tools/compiler/bin/../lib/gcc/arm-none-eabi/6.3.1/../../../../arm-none-eabi/lib/thumb/v7-m/libc_nano.a(lib_a-impure.o)
 .data.__heap_limit
                0x00000000200000a0        0x4 /home/gwarchol/Ac6/SystemWorkbench/plugins/fr.ac6.mcu.externaltools.arm-none.linux64_1.15.0.201708311556/tools/compiler/bin/../lib/gcc/arm-none-eabi/6.3.1/../../../../arm-none-eabi/lib/thumb/v7-m/librdimon_nano.a(rdimon-syscalls.o)
                0x00000000200000a0                __heap_limit
                0x00000000200000a4                . = ALIGN (0x4)
                0x00000000200000a4                _edata = .

.jcr            0x00000000200000a4        0x0 load address 0x00000000080034a8
 .jcr           0x00000000200000a4        0x0 /home/gwarchol/Ac6/SystemWorkbench/plugins/fr.ac6.mcu.externaltools.arm-none.linux64_1.15.0.201708311556/tools/compiler/bin/../lib/gcc/arm-none-eabi/6.3.1/thumb/v7-m/crtbegin.o

.igot.plt       0x00000000200000a4        0x0 load address 0x00000000080034a8
 .igot.plt      0x00000000200000a4        0x0 /home/gwarchol/Ac6/SystemWorkbench/plugins/fr.ac6.mcu.externaltools.arm-none.linux64_1.15.0.201708311556/tools/compiler/bin/../lib/gcc/arm-none-eabi/6.3.1/thumb/v7-m/crtbegin.o
                0x00000000200000a4                . = ALIGN (0x4)

.bss            0x00000000200000a4     0x134c load address 0x00000000080034a8
                0x00000000200000a4                _sbss = .
                0x00000000200000a4                __bss_start__ = _sbss
 *(.bss)
 .bss           0x00000000200000a4       0x1c /home/gwarchol/Ac6/SystemWorkbench/plugins/fr.ac6.mcu.externaltools.arm-none.linux64_1.15.0.201708311556/tools/compiler/bin/../lib/gcc/arm-none-eabi/6.3.1/thumb/v7-m/crtbegin.o
 .bss           0x00000000200000c0        0x4 lib/ILI9341/delay.o
                0x00000000200000c0                tick
 .bss           0x00000000200000c4        0x5 src/rtc.o
                0x00000000200000c4                total_rtc_ticks
                0x00000000200000c8                x
 .bss           0x00000000200000c9        0x4 src/scan_timer.o
                0x00000000200000c9                _1_ms_flag
                0x00000000200000ca                _10_ms_flag
                0x00000000200000cb                _100_ms_flag
                0x00000000200000cc                _1_s_flag
 *(.bss*)
 *fill*         0x00000000200000cd        0x3 
 .bss.heap_end.6161
                0x00000000200000d0        0x4 /home/gwarchol/Ac6/SystemWorkbench/plugins/fr.ac6.mcu.externaltools.arm-none.linux64_1.15.0.201708311556/tools/compiler/bin/../lib/gcc/arm-none-eabi/6.3.1/../../../../arm-none-eabi/lib/thumb/v7-m/librdimon_nano.a(rdimon-syscalls.o)
 .bss.monitor_stderr
                0x00000000200000d4        0x4 /home/gwarchol/Ac6/SystemWorkbench/plugins/fr.ac6.mcu.externaltools.arm-none.linux64_1.15.0.201708311556/tools/compiler/bin/../lib/gcc/arm-none-eabi/6.3.1/../../../../arm-none-eabi/lib/thumb/v7-m/librdimon_nano.a(rdimon-syscalls.o)
 .bss.monitor_stdin
                0x00000000200000d8        0x4 /home/gwarchol/Ac6/SystemWorkbench/plugins/fr.ac6.mcu.externaltools.arm-none.linux64_1.15.0.201708311556/tools/compiler/bin/../lib/gcc/arm-none-eabi/6.3.1/../../../../arm-none-eabi/lib/thumb/v7-m/librdimon_nano.a(rdimon-syscalls.o)
 .bss.monitor_stdout
                0x00000000200000dc        0x4 /home/gwarchol/Ac6/SystemWorkbench/plugins/fr.ac6.mcu.externaltools.arm-none.linux64_1.15.0.201708311556/tools/compiler/bin/../lib/gcc/arm-none-eabi/6.3.1/../../../../arm-none-eabi/lib/thumb/v7-m/librdimon_nano.a(rdimon-syscalls.o)
 .bss.openfiles
                0x00000000200000e0       0xa0 /home/gwarchol/Ac6/SystemWorkbench/plugins/fr.ac6.mcu.externaltools.arm-none.linux64_1.15.0.201708311556/tools/compiler/bin/../lib/gcc/arm-none-eabi/6.3.1/../../../../arm-none-eabi/lib/thumb/v7-m/librdimon_nano.a(rdimon-syscalls.o)
 .bss.__malloc_free_list
                0x0000000020000180        0x4 /home/gwarchol/Ac6/SystemWorkbench/plugins/fr.ac6.mcu.externaltools.arm-none.linux64_1.15.0.201708311556/tools/compiler/bin/../lib/gcc/arm-none-eabi/6.3.1/../../../../arm-none-eabi/lib/thumb/v7-m/libc_nano.a(lib_a-nano-mallocr.o)
                0x0000000020000180                __malloc_free_list
 .bss.__malloc_sbrk_start
                0x0000000020000184        0x4 /home/gwarchol/Ac6/SystemWorkbench/plugins/fr.ac6.mcu.externaltools.arm-none.linux64_1.15.0.201708311556/tools/compiler/bin/../lib/gcc/arm-none-eabi/6.3.1/../../../../arm-none-eabi/lib/thumb/v7-m/libc_nano.a(lib_a-nano-mallocr.o)
                0x0000000020000184                __malloc_sbrk_start
 *(COMMON)
 COMMON         0x0000000020000188     0x102c lib/ILI9341/dma.o
                0x0000000020000188                dmaStructure
                0x00000000200001b4                dmaBuffer
 COMMON         0x00000000200011b4        0x8 src/device_config.o
                0x00000000200011b4                GPIO_InitStruct
                0x00000000200011b8                nvic
 COMMON         0x00000000200011bc       0x18 src/main.o
                0x00000000200011bc                temp_data
                0x00000000200011c4                USART_InitStructure
 COMMON         0x00000000200011d4      0x16b src/uart_interrupt.o
                0x00000000200011d4                temp_buff
                0x0000000020001238                _RX_USART_BUFFOR
                0x00000000200012bc                _TX_USART_BUFFOR
 *fill*         0x000000002000133f        0x1 
 COMMON         0x0000000020001340       0xac src/usart_dma.o
                0x0000000020001340                RX_USART_TEMP_BUFFER
                0x00000000200013c0                DMA_InitStructure
 COMMON         0x00000000200013ec        0x4 /home/gwarchol/Ac6/SystemWorkbench/plugins/fr.ac6.mcu.externaltools.arm-none.linux64_1.15.0.201708311556/tools/compiler/bin/../lib/gcc/arm-none-eabi/6.3.1/../../../../arm-none-eabi/lib/thumb/v7-m/libc_nano.a(lib_a-reent.o)
                0x00000000200013ec                errno
                0x00000000200013f0                . = ALIGN (0x4)
                0x00000000200013f0                _ebss = .
                0x00000000200013f0                __bss_end__ = _ebss

._user_heap_stack
                0x00000000200013f0      0x400 load address 0x00000000080034a8
                0x00000000200013f0                . = ALIGN (0x8)
                0x00000000200013f0                PROVIDE (end, .)
                [!provide]                        PROVIDE (_end, .)
                0x00000000200013f0                . = (. + _Min_Heap_Size)
                0x00000000200017f0                . = (. + _Min_Stack_Size)
 *fill*         0x00000000200013f0      0x400 
                0x00000000200017f0                . = ALIGN (0x8)

/DISCARD/
 libc.a(*)
 libm.a(*)
 libgcc.a(*)

.ARM.attributes
                0x0000000000000000       0x29
 *(.ARM.attributes)
 .ARM.attributes
                0x0000000000000000       0x1d /home/gwarchol/Ac6/SystemWorkbench/plugins/fr.ac6.mcu.externaltools.arm-none.linux64_1.15.0.201708311556/tools/compiler/bin/../lib/gcc/arm-none-eabi/6.3.1/thumb/v7-m/crti.o
 .ARM.attributes
                0x000000000000001d       0x2d /home/gwarchol/Ac6/SystemWorkbench/plugins/fr.ac6.mcu.externaltools.arm-none.linux64_1.15.0.201708311556/tools/compiler/bin/../lib/gcc/arm-none-eabi/6.3.1/thumb/v7-m/crtbegin.o
 .ARM.attributes
                0x000000000000004a       0x2d /home/gwarchol/Ac6/SystemWorkbench/plugins/fr.ac6.mcu.externaltools.arm-none.linux64_1.15.0.201708311556/tools/compiler/bin/../lib/gcc/arm-none-eabi/6.3.1/../../../../arm-none-eabi/lib/thumb/v7-m/libc_nano.a(lib_a-impure.o)
 .ARM.attributes
                0x0000000000000077       0x2d /home/gwarchol/Ac6/SystemWorkbench/plugins/fr.ac6.mcu.externaltools.arm-none.linux64_1.15.0.201708311556/tools/compiler/bin/../lib/gcc/arm-none-eabi/6.3.1/../../../../arm-none-eabi/lib/thumb/v7-m/libc_nano.a(lib_a-init.o)
 .ARM.attributes
                0x00000000000000a4       0x2d /home/gwarchol/Ac6/SystemWorkbench/plugins/fr.ac6.mcu.externaltools.arm-none.linux64_1.15.0.201708311556/tools/compiler/bin/../lib/gcc/arm-none-eabi/6.3.1/../../../../arm-none-eabi/lib/thumb/v7-m/libc_nano.a(lib_a-memset.o)
 .ARM.attributes
                0x00000000000000d1       0x2d /home/gwarchol/Ac6/SystemWorkbench/plugins/fr.ac6.mcu.externaltools.arm-none.linux64_1.15.0.201708311556/tools/compiler/bin/../lib/gcc/arm-none-eabi/6.3.1/../../../../arm-none-eabi/lib/thumb/v7-m/librdimon_nano.a(rdimon-syscalls.o)
 .ARM.attributes
                0x00000000000000fe       0x33 StdPeriph_Driver/src/misc.o
 .ARM.attributes
                0x0000000000000131       0x33 StdPeriph_Driver/src/stm32f10x_bkp.o
 .ARM.attributes
                0x0000000000000164       0x33 StdPeriph_Driver/src/stm32f10x_dma.o
 .ARM.attributes
                0x0000000000000197       0x33 StdPeriph_Driver/src/stm32f10x_flash.o
 .ARM.attributes
                0x00000000000001ca       0x33 StdPeriph_Driver/src/stm32f10x_gpio.o
 .ARM.attributes
                0x00000000000001fd       0x33 StdPeriph_Driver/src/stm32f10x_pwr.o
 .ARM.attributes
                0x0000000000000230       0x33 StdPeriph_Driver/src/stm32f10x_rcc.o
 .ARM.attributes
                0x0000000000000263       0x33 StdPeriph_Driver/src/stm32f10x_rtc.o
 .ARM.attributes
                0x0000000000000296       0x33 StdPeriph_Driver/src/stm32f10x_spi.o
 .ARM.attributes
                0x00000000000002c9       0x33 StdPeriph_Driver/src/stm32f10x_tim.o
 .ARM.attributes
                0x00000000000002fc       0x33 StdPeriph_Driver/src/stm32f10x_usart.o
 .ARM.attributes
                0x000000000000032f       0x33 lib/ILI9341/core.o
 .ARM.attributes
                0x0000000000000362       0x33 lib/ILI9341/delay.o
 .ARM.attributes
                0x0000000000000395       0x33 lib/ILI9341/dma.o
 .ARM.attributes
                0x00000000000003c8       0x33 lib/ILI9341/graph.o
 .ARM.attributes
                0x00000000000003fb       0x33 lib/ILI9341/text.o
 .ARM.attributes
                0x000000000000042e       0x33 src/buffors.o
 .ARM.attributes
                0x0000000000000461       0x33 src/device_config.o
 .ARM.attributes
                0x0000000000000494       0x33 src/main.o
 .ARM.attributes
                0x00000000000004c7       0x33 src/rtc.o
 .ARM.attributes
                0x00000000000004fa       0x33 src/scan_timer.o
 .ARM.attributes
                0x000000000000052d       0x33 src/system_stm32f10x.o
 .ARM.attributes
                0x0000000000000560       0x33 src/uart_interrupt.o
 .ARM.attributes
                0x0000000000000593       0x33 src/usart_dma.o
 .ARM.attributes
                0x00000000000005c6       0x21 startup/startup_stm32.o
 .ARM.attributes
                0x00000000000005e7       0x2d /home/gwarchol/Ac6/SystemWorkbench/plugins/fr.ac6.mcu.externaltools.arm-none.linux64_1.15.0.201708311556/tools/compiler/bin/../lib/gcc/arm-none-eabi/6.3.1/../../../../arm-none-eabi/lib/thumb/v7-m/libc_nano.a(lib_a-errno.o)
 .ARM.attributes
                0x0000000000000614       0x2d /home/gwarchol/Ac6/SystemWorkbench/plugins/fr.ac6.mcu.externaltools.arm-none.linux64_1.15.0.201708311556/tools/compiler/bin/../lib/gcc/arm-none-eabi/6.3.1/../../../../arm-none-eabi/lib/thumb/v7-m/libc_nano.a(lib_a-findfp.o)
 .ARM.attributes
                0x0000000000000641       0x2d /home/gwarchol/Ac6/SystemWorkbench/plugins/fr.ac6.mcu.externaltools.arm-none.linux64_1.15.0.201708311556/tools/compiler/bin/../lib/gcc/arm-none-eabi/6.3.1/../../../../arm-none-eabi/lib/thumb/v7-m/libc_nano.a(lib_a-fwalk.o)
 .ARM.attributes
                0x000000000000066e       0x2d /home/gwarchol/Ac6/SystemWorkbench/plugins/fr.ac6.mcu.externaltools.arm-none.linux64_1.15.0.201708311556/tools/compiler/bin/../lib/gcc/arm-none-eabi/6.3.1/../../../../arm-none-eabi/lib/thumb/v7-m/libc_nano.a(lib_a-nano-mallocr.o)
 .ARM.attributes
                0x000000000000069b       0x2d /home/gwarchol/Ac6/SystemWorkbench/plugins/fr.ac6.mcu.externaltools.arm-none.linux64_1.15.0.201708311556/tools/compiler/bin/../lib/gcc/arm-none-eabi/6.3.1/../../../../arm-none-eabi/lib/thumb/v7-m/libc_nano.a(lib_a-printf.o)
 .ARM.attributes
                0x00000000000006c8       0x2d /home/gwarchol/Ac6/SystemWorkbench/plugins/fr.ac6.mcu.externaltools.arm-none.linux64_1.15.0.201708311556/tools/compiler/bin/../lib/gcc/arm-none-eabi/6.3.1/../../../../arm-none-eabi/lib/thumb/v7-m/libc_nano.a(lib_a-puts.o)
 .ARM.attributes
                0x00000000000006f5       0x2d /home/gwarchol/Ac6/SystemWorkbench/plugins/fr.ac6.mcu.externaltools.arm-none.linux64_1.15.0.201708311556/tools/compiler/bin/../lib/gcc/arm-none-eabi/6.3.1/../../../../arm-none-eabi/lib/thumb/v7-m/libc_nano.a(lib_a-sbrkr.o)
 .ARM.attributes
                0x0000000000000722       0x2d /home/gwarchol/Ac6/SystemWorkbench/plugins/fr.ac6.mcu.externaltools.arm-none.linux64_1.15.0.201708311556/tools/compiler/bin/../lib/gcc/arm-none-eabi/6.3.1/../../../../arm-none-eabi/lib/thumb/v7-m/libc_nano.a(lib_a-stdio.o)
 .ARM.attributes
                0x000000000000074f       0x2d /home/gwarchol/Ac6/SystemWorkbench/plugins/fr.ac6.mcu.externaltools.arm-none.linux64_1.15.0.201708311556/tools/compiler/bin/../lib/gcc/arm-none-eabi/6.3.1/../../../../arm-none-eabi/lib/thumb/v7-m/libc_nano.a(lib_a-wbuf.o)
 .ARM.attributes
                0x000000000000077c       0x2d /home/gwarchol/Ac6/SystemWorkbench/plugins/fr.ac6.mcu.externaltools.arm-none.linux64_1.15.0.201708311556/tools/compiler/bin/../lib/gcc/arm-none-eabi/6.3.1/../../../../arm-none-eabi/lib/thumb/v7-m/libc_nano.a(lib_a-writer.o)
 .ARM.attributes
                0x00000000000007a9       0x2d /home/gwarchol/Ac6/SystemWorkbench/plugins/fr.ac6.mcu.externaltools.arm-none.linux64_1.15.0.201708311556/tools/compiler/bin/../lib/gcc/arm-none-eabi/6.3.1/../../../../arm-none-eabi/lib/thumb/v7-m/libc_nano.a(lib_a-wsetup.o)
 .ARM.attributes
                0x00000000000007d6       0x2d /home/gwarchol/Ac6/SystemWorkbench/plugins/fr.ac6.mcu.externaltools.arm-none.linux64_1.15.0.201708311556/tools/compiler/bin/../lib/gcc/arm-none-eabi/6.3.1/../../../../arm-none-eabi/lib/thumb/v7-m/libc_nano.a(lib_a-closer.o)
 .ARM.attributes
                0x0000000000000803       0x2d /home/gwarchol/Ac6/SystemWorkbench/plugins/fr.ac6.mcu.externaltools.arm-none.linux64_1.15.0.201708311556/tools/compiler/bin/../lib/gcc/arm-none-eabi/6.3.1/../../../../arm-none-eabi/lib/thumb/v7-m/libc_nano.a(lib_a-fflush.o)
 .ARM.attributes
                0x0000000000000830       0x2d /home/gwarchol/Ac6/SystemWorkbench/plugins/fr.ac6.mcu.externaltools.arm-none.linux64_1.15.0.201708311556/tools/compiler/bin/../lib/gcc/arm-none-eabi/6.3.1/../../../../arm-none-eabi/lib/thumb/v7-m/libc_nano.a(lib_a-lseekr.o)
 .ARM.attributes
                0x000000000000085d       0x2d /home/gwarchol/Ac6/SystemWorkbench/plugins/fr.ac6.mcu.externaltools.arm-none.linux64_1.15.0.201708311556/tools/compiler/bin/../lib/gcc/arm-none-eabi/6.3.1/../../../../arm-none-eabi/lib/thumb/v7-m/libc_nano.a(lib_a-makebuf.o)
 .ARM.attributes
                0x000000000000088a       0x2d /home/gwarchol/Ac6/SystemWorkbench/plugins/fr.ac6.mcu.externaltools.arm-none.linux64_1.15.0.201708311556/tools/compiler/bin/../lib/gcc/arm-none-eabi/6.3.1/../../../../arm-none-eabi/lib/thumb/v7-m/libc_nano.a(lib_a-mlock.o)
 .ARM.attributes
                0x00000000000008b7       0x2d /home/gwarchol/Ac6/SystemWorkbench/plugins/fr.ac6.mcu.externaltools.arm-none.linux64_1.15.0.201708311556/tools/compiler/bin/../lib/gcc/arm-none-eabi/6.3.1/../../../../arm-none-eabi/lib/thumb/v7-m/libc_nano.a(lib_a-nano-freer.o)
 .ARM.attributes
                0x00000000000008e4       0x2d /home/gwarchol/Ac6/SystemWorkbench/plugins/fr.ac6.mcu.externaltools.arm-none.linux64_1.15.0.201708311556/tools/compiler/bin/../lib/gcc/arm-none-eabi/6.3.1/../../../../arm-none-eabi/lib/thumb/v7-m/libc_nano.a(lib_a-nano-vfprintf.o)
 .ARM.attributes
                0x0000000000000911       0x2d /home/gwarchol/Ac6/SystemWorkbench/plugins/fr.ac6.mcu.externaltools.arm-none.linux64_1.15.0.201708311556/tools/compiler/bin/../lib/gcc/arm-none-eabi/6.3.1/../../../../arm-none-eabi/lib/thumb/v7-m/libc_nano.a(lib_a-nano-vfprintf_i.o)
 .ARM.attributes
                0x000000000000093e       0x2d /home/gwarchol/Ac6/SystemWorkbench/plugins/fr.ac6.mcu.externaltools.arm-none.linux64_1.15.0.201708311556/tools/compiler/bin/../lib/gcc/arm-none-eabi/6.3.1/../../../../arm-none-eabi/lib/thumb/v7-m/libc_nano.a(lib_a-readr.o)
 .ARM.attributes
                0x000000000000096b       0x2d /home/gwarchol/Ac6/SystemWorkbench/plugins/fr.ac6.mcu.externaltools.arm-none.linux64_1.15.0.201708311556/tools/compiler/bin/../lib/gcc/arm-none-eabi/6.3.1/../../../../arm-none-eabi/lib/thumb/v7-m/libc_nano.a(lib_a-reent.o)
 .ARM.attributes
                0x0000000000000998       0x2d /home/gwarchol/Ac6/SystemWorkbench/plugins/fr.ac6.mcu.externaltools.arm-none.linux64_1.15.0.201708311556/tools/compiler/bin/../lib/gcc/arm-none-eabi/6.3.1/../../../../arm-none-eabi/lib/thumb/v7-m/libc_nano.a(lib_a-fstatr.o)
 .ARM.attributes
                0x00000000000009c5       0x2d /home/gwarchol/Ac6/SystemWorkbench/plugins/fr.ac6.mcu.externaltools.arm-none.linux64_1.15.0.201708311556/tools/compiler/bin/../lib/gcc/arm-none-eabi/6.3.1/../../../../arm-none-eabi/lib/thumb/v7-m/libc_nano.a(lib_a-isattyr.o)
 .ARM.attributes
                0x00000000000009f2       0x2d /home/gwarchol/Ac6/SystemWorkbench/plugins/fr.ac6.mcu.externaltools.arm-none.linux64_1.15.0.201708311556/tools/compiler/bin/../lib/gcc/arm-none-eabi/6.3.1/../../../../arm-none-eabi/lib/thumb/v7-m/libc_nano.a(lib_a-memchr-stub.o)
 .ARM.attributes
                0x0000000000000a1f       0x1d /home/gwarchol/Ac6/SystemWorkbench/plugins/fr.ac6.mcu.externaltools.arm-none.linux64_1.15.0.201708311556/tools/compiler/bin/../lib/gcc/arm-none-eabi/6.3.1/thumb/v7-m/crtn.o
OUTPUT(clock.elf elf32-littlearm)

.debug_frame    0x0000000000000000     0x29b4
 .debug_frame   0x0000000000000000       0x2c /home/gwarchol/Ac6/SystemWorkbench/plugins/fr.ac6.mcu.externaltools.arm-none.linux64_1.15.0.201708311556/tools/compiler/bin/../lib/gcc/arm-none-eabi/6.3.1/../../../../arm-none-eabi/lib/thumb/v7-m/libc_nano.a(lib_a-init.o)
 .debug_frame   0x000000000000002c       0x20 /home/gwarchol/Ac6/SystemWorkbench/plugins/fr.ac6.mcu.externaltools.arm-none.linux64_1.15.0.201708311556/tools/compiler/bin/../lib/gcc/arm-none-eabi/6.3.1/../../../../arm-none-eabi/lib/thumb/v7-m/libc_nano.a(lib_a-memset.o)
 .debug_frame   0x000000000000004c      0x33c /home/gwarchol/Ac6/SystemWorkbench/plugins/fr.ac6.mcu.externaltools.arm-none.linux64_1.15.0.201708311556/tools/compiler/bin/../lib/gcc/arm-none-eabi/6.3.1/../../../../arm-none-eabi/lib/thumb/v7-m/librdimon_nano.a(rdimon-syscalls.o)
 .debug_frame   0x0000000000000388       0x60 StdPeriph_Driver/src/misc.o
 .debug_frame   0x00000000000003e8       0xe8 StdPeriph_Driver/src/stm32f10x_bkp.o
 .debug_frame   0x00000000000004d0       0xcc StdPeriph_Driver/src/stm32f10x_dma.o
 .debug_frame   0x000000000000059c      0x250 StdPeriph_Driver/src/stm32f10x_flash.o
 .debug_frame   0x00000000000007ec      0x16c StdPeriph_Driver/src/stm32f10x_gpio.o
 .debug_frame   0x0000000000000958       0xa8 StdPeriph_Driver/src/stm32f10x_pwr.o
 .debug_frame   0x0000000000000a00      0x22c StdPeriph_Driver/src/stm32f10x_rcc.o
 .debug_frame   0x0000000000000c2c      0x108 StdPeriph_Driver/src/stm32f10x_rtc.o
 .debug_frame   0x0000000000000d34      0x1b8 StdPeriph_Driver/src/stm32f10x_spi.o
 .debug_frame   0x0000000000000eec      0x68c StdPeriph_Driver/src/stm32f10x_tim.o
 .debug_frame   0x0000000000001578      0x220 StdPeriph_Driver/src/stm32f10x_usart.o
 .debug_frame   0x0000000000001798       0xec lib/ILI9341/core.o
 .debug_frame   0x0000000000001884       0x58 lib/ILI9341/delay.o
 .debug_frame   0x00000000000018dc      0x1bc lib/ILI9341/dma.o
 .debug_frame   0x0000000000001a98      0x1d8 lib/ILI9341/graph.o
 .debug_frame   0x0000000000001c70       0xfc lib/ILI9341/text.o
 .debug_frame   0x0000000000001d6c       0x70 src/buffors.o
 .debug_frame   0x0000000000001ddc       0x78 src/device_config.o
 .debug_frame   0x0000000000001e54       0x44 src/main.o
 .debug_frame   0x0000000000001e98       0xd8 src/rtc.o
 .debug_frame   0x0000000000001f70       0x6c src/scan_timer.o
 .debug_frame   0x0000000000001fdc       0x3c src/system_stm32f10x.o
 .debug_frame   0x0000000000002018      0x11c src/uart_interrupt.o
 .debug_frame   0x0000000000002134      0x134 src/usart_dma.o
 .debug_frame   0x0000000000002268       0x20 /home/gwarchol/Ac6/SystemWorkbench/plugins/fr.ac6.mcu.externaltools.arm-none.linux64_1.15.0.201708311556/tools/compiler/bin/../lib/gcc/arm-none-eabi/6.3.1/../../../../arm-none-eabi/lib/thumb/v7-m/libc_nano.a(lib_a-errno.o)
 .debug_frame   0x0000000000002288      0x11c /home/gwarchol/Ac6/SystemWorkbench/plugins/fr.ac6.mcu.externaltools.arm-none.linux64_1.15.0.201708311556/tools/compiler/bin/../lib/gcc/arm-none-eabi/6.3.1/../../../../arm-none-eabi/lib/thumb/v7-m/libc_nano.a(lib_a-findfp.o)
 .debug_frame   0x00000000000023a4       0x54 /home/gwarchol/Ac6/SystemWorkbench/plugins/fr.ac6.mcu.externaltools.arm-none.linux64_1.15.0.201708311556/tools/compiler/bin/../lib/gcc/arm-none-eabi/6.3.1/../../../../arm-none-eabi/lib/thumb/v7-m/libc_nano.a(lib_a-fwalk.o)
 .debug_frame   0x00000000000023f8       0x2c /home/gwarchol/Ac6/SystemWorkbench/plugins/fr.ac6.mcu.externaltools.arm-none.linux64_1.15.0.201708311556/tools/compiler/bin/../lib/gcc/arm-none-eabi/6.3.1/../../../../arm-none-eabi/lib/thumb/v7-m/libc_nano.a(lib_a-nano-mallocr.o)
 .debug_frame   0x0000000000002424       0x74 /home/gwarchol/Ac6/SystemWorkbench/plugins/fr.ac6.mcu.externaltools.arm-none.linux64_1.15.0.201708311556/tools/compiler/bin/../lib/gcc/arm-none-eabi/6.3.1/../../../../arm-none-eabi/lib/thumb/v7-m/libc_nano.a(lib_a-printf.o)
 .debug_frame   0x0000000000002498       0x3c /home/gwarchol/Ac6/SystemWorkbench/plugins/fr.ac6.mcu.externaltools.arm-none.linux64_1.15.0.201708311556/tools/compiler/bin/../lib/gcc/arm-none-eabi/6.3.1/../../../../arm-none-eabi/lib/thumb/v7-m/libc_nano.a(lib_a-puts.o)
 .debug_frame   0x00000000000024d4       0x2c /home/gwarchol/Ac6/SystemWorkbench/plugins/fr.ac6.mcu.externaltools.arm-none.linux64_1.15.0.201708311556/tools/compiler/bin/../lib/gcc/arm-none-eabi/6.3.1/../../../../arm-none-eabi/lib/thumb/v7-m/libc_nano.a(lib_a-sbrkr.o)
 .debug_frame   0x0000000000002500       0x88 /home/gwarchol/Ac6/SystemWorkbench/plugins/fr.ac6.mcu.externaltools.arm-none.linux64_1.15.0.201708311556/tools/compiler/bin/../lib/gcc/arm-none-eabi/6.3.1/../../../../arm-none-eabi/lib/thumb/v7-m/libc_nano.a(lib_a-stdio.o)
 .debug_frame   0x0000000000002588       0x40 /home/gwarchol/Ac6/SystemWorkbench/plugins/fr.ac6.mcu.externaltools.arm-none.linux64_1.15.0.201708311556/tools/compiler/bin/../lib/gcc/arm-none-eabi/6.3.1/../../../../arm-none-eabi/lib/thumb/v7-m/libc_nano.a(lib_a-wbuf.o)
 .debug_frame   0x00000000000025c8       0x2c /home/gwarchol/Ac6/SystemWorkbench/plugins/fr.ac6.mcu.externaltools.arm-none.linux64_1.15.0.201708311556/tools/compiler/bin/../lib/gcc/arm-none-eabi/6.3.1/../../../../arm-none-eabi/lib/thumb/v7-m/libc_nano.a(lib_a-writer.o)
 .debug_frame   0x00000000000025f4       0x2c /home/gwarchol/Ac6/SystemWorkbench/plugins/fr.ac6.mcu.externaltools.arm-none.linux64_1.15.0.201708311556/tools/compiler/bin/../lib/gcc/arm-none-eabi/6.3.1/../../../../arm-none-eabi/lib/thumb/v7-m/libc_nano.a(lib_a-wsetup.o)
 .debug_frame   0x0000000000002620       0x2c /home/gwarchol/Ac6/SystemWorkbench/plugins/fr.ac6.mcu.externaltools.arm-none.linux64_1.15.0.201708311556/tools/compiler/bin/../lib/gcc/arm-none-eabi/6.3.1/../../../../arm-none-eabi/lib/thumb/v7-m/libc_nano.a(lib_a-closer.o)
 .debug_frame   0x000000000000264c       0x68 /home/gwarchol/Ac6/SystemWorkbench/plugins/fr.ac6.mcu.externaltools.arm-none.linux64_1.15.0.201708311556/tools/compiler/bin/../lib/gcc/arm-none-eabi/6.3.1/../../../../arm-none-eabi/lib/thumb/v7-m/libc_nano.a(lib_a-fflush.o)
 .debug_frame   0x00000000000026b4       0x2c /home/gwarchol/Ac6/SystemWorkbench/plugins/fr.ac6.mcu.externaltools.arm-none.linux64_1.15.0.201708311556/tools/compiler/bin/../lib/gcc/arm-none-eabi/6.3.1/../../../../arm-none-eabi/lib/thumb/v7-m/libc_nano.a(lib_a-lseekr.o)
 .debug_frame   0x00000000000026e0       0x58 /home/gwarchol/Ac6/SystemWorkbench/plugins/fr.ac6.mcu.externaltools.arm-none.linux64_1.15.0.201708311556/tools/compiler/bin/../lib/gcc/arm-none-eabi/6.3.1/../../../../arm-none-eabi/lib/thumb/v7-m/libc_nano.a(lib_a-makebuf.o)
 .debug_frame   0x0000000000002738       0x30 /home/gwarchol/Ac6/SystemWorkbench/plugins/fr.ac6.mcu.externaltools.arm-none.linux64_1.15.0.201708311556/tools/compiler/bin/../lib/gcc/arm-none-eabi/6.3.1/../../../../arm-none-eabi/lib/thumb/v7-m/libc_nano.a(lib_a-mlock.o)
 .debug_frame   0x0000000000002768       0x38 /home/gwarchol/Ac6/SystemWorkbench/plugins/fr.ac6.mcu.externaltools.arm-none.linux64_1.15.0.201708311556/tools/compiler/bin/../lib/gcc/arm-none-eabi/6.3.1/../../../../arm-none-eabi/lib/thumb/v7-m/libc_nano.a(lib_a-nano-freer.o)
 .debug_frame   0x00000000000027a0       0xac /home/gwarchol/Ac6/SystemWorkbench/plugins/fr.ac6.mcu.externaltools.arm-none.linux64_1.15.0.201708311556/tools/compiler/bin/../lib/gcc/arm-none-eabi/6.3.1/../../../../arm-none-eabi/lib/thumb/v7-m/libc_nano.a(lib_a-nano-vfprintf.o)
 .debug_frame   0x000000000000284c       0x60 /home/gwarchol/Ac6/SystemWorkbench/plugins/fr.ac6.mcu.externaltools.arm-none.linux64_1.15.0.201708311556/tools/compiler/bin/../lib/gcc/arm-none-eabi/6.3.1/../../../../arm-none-eabi/lib/thumb/v7-m/libc_nano.a(lib_a-nano-vfprintf_i.o)
 .debug_frame   0x00000000000028ac       0x2c /home/gwarchol/Ac6/SystemWorkbench/plugins/fr.ac6.mcu.externaltools.arm-none.linux64_1.15.0.201708311556/tools/compiler/bin/../lib/gcc/arm-none-eabi/6.3.1/../../../../arm-none-eabi/lib/thumb/v7-m/libc_nano.a(lib_a-readr.o)
 .debug_frame   0x00000000000028d8       0x5c /home/gwarchol/Ac6/SystemWorkbench/plugins/fr.ac6.mcu.externaltools.arm-none.linux64_1.15.0.201708311556/tools/compiler/bin/../lib/gcc/arm-none-eabi/6.3.1/../../../../arm-none-eabi/lib/thumb/v7-m/libc_nano.a(lib_a-reent.o)
 .debug_frame   0x0000000000002934       0x2c /home/gwarchol/Ac6/SystemWorkbench/plugins/fr.ac6.mcu.externaltools.arm-none.linux64_1.15.0.201708311556/tools/compiler/bin/../lib/gcc/arm-none-eabi/6.3.1/../../../../arm-none-eabi/lib/thumb/v7-m/libc_nano.a(lib_a-fstatr.o)
 .debug_frame   0x0000000000002960       0x2c /home/gwarchol/Ac6/SystemWorkbench/plugins/fr.ac6.mcu.externaltools.arm-none.linux64_1.15.0.201708311556/tools/compiler/bin/../lib/gcc/arm-none-eabi/6.3.1/../../../../arm-none-eabi/lib/thumb/v7-m/libc_nano.a(lib_a-isattyr.o)
 .debug_frame   0x000000000000298c       0x28 /home/gwarchol/Ac6/SystemWorkbench/plugins/fr.ac6.mcu.externaltools.arm-none.linux64_1.15.0.201708311556/tools/compiler/bin/../lib/gcc/arm-none-eabi/6.3.1/../../../../arm-none-eabi/lib/thumb/v7-m/libc_nano.a(lib_a-memchr-stub.o)

.debug_info     0x0000000000000000    0x11889
 .debug_info    0x0000000000000000      0x4f1 StdPeriph_Driver/src/misc.o
 .debug_info    0x00000000000004f1      0x7d7 StdPeriph_Driver/src/stm32f10x_bkp.o
 .debug_info    0x0000000000000cc8      0x471 StdPeriph_Driver/src/stm32f10x_dma.o
 .debug_info    0x0000000000001139      0xa05 StdPeriph_Driver/src/stm32f10x_flash.o
 .debug_info    0x0000000000001b3e      0x88a StdPeriph_Driver/src/stm32f10x_gpio.o
 .debug_info    0x00000000000023c8      0x4a1 StdPeriph_Driver/src/stm32f10x_pwr.o
 .debug_info    0x0000000000002869      0x8d2 StdPeriph_Driver/src/stm32f10x_rcc.o
 .debug_info    0x000000000000313b      0x476 StdPeriph_Driver/src/stm32f10x_rtc.o
 .debug_info    0x00000000000035b1      0x9c6 StdPeriph_Driver/src/stm32f10x_spi.o
 .debug_info    0x0000000000003f77     0x2239 StdPeriph_Driver/src/stm32f10x_tim.o
 .debug_info    0x00000000000061b0      0xb21 StdPeriph_Driver/src/stm32f10x_usart.o
 .debug_info    0x0000000000006cd1      0x99d lib/ILI9341/core.o
 .debug_info    0x000000000000766e      0x66e lib/ILI9341/delay.o
 .debug_info    0x0000000000007cdc     0x12f4 lib/ILI9341/dma.o
 .debug_info    0x0000000000008fd0     0x245f lib/ILI9341/graph.o
 .debug_info    0x000000000000b42f      0x7a2 lib/ILI9341/text.o
 .debug_info    0x000000000000bbd1      0x1d9 src/buffors.o
 .debug_info    0x000000000000bdaa      0x81d src/device_config.o
 .debug_info    0x000000000000c5c7     0x12a9 src/main.o
 .debug_info    0x000000000000d870      0x98b src/rtc.o
 .debug_info    0x000000000000e1fb      0xac5 src/scan_timer.o
 .debug_info    0x000000000000ecc0      0x47a src/system_stm32f10x.o
 .debug_info    0x000000000000f13a     0x13f7 src/uart_interrupt.o
 .debug_info    0x0000000000010531     0x12f1 src/usart_dma.o
 .debug_info    0x0000000000011822       0x67 startup/startup_stm32.o

.debug_abbrev   0x0000000000000000     0x31b5
 .debug_abbrev  0x0000000000000000      0x193 StdPeriph_Driver/src/misc.o
 .debug_abbrev  0x0000000000000193      0x1a7 StdPeriph_Driver/src/stm32f10x_bkp.o
 .debug_abbrev  0x000000000000033a      0x194 StdPeriph_Driver/src/stm32f10x_dma.o
 .debug_abbrev  0x00000000000004ce      0x1c5 StdPeriph_Driver/src/stm32f10x_flash.o
 .debug_abbrev  0x0000000000000693      0x203 StdPeriph_Driver/src/stm32f10x_gpio.o
 .debug_abbrev  0x0000000000000896      0x1dd StdPeriph_Driver/src/stm32f10x_pwr.o
 .debug_abbrev  0x0000000000000a73      0x1f8 StdPeriph_Driver/src/stm32f10x_rcc.o
 .debug_abbrev  0x0000000000000c6b      0x1bd StdPeriph_Driver/src/stm32f10x_rtc.o
 .debug_abbrev  0x0000000000000e28      0x1de StdPeriph_Driver/src/stm32f10x_spi.o
 .debug_abbrev  0x0000000000001006      0x2ab StdPeriph_Driver/src/stm32f10x_tim.o
 .debug_abbrev  0x00000000000012b1      0x1dc StdPeriph_Driver/src/stm32f10x_usart.o
 .debug_abbrev  0x000000000000148d      0x23e lib/ILI9341/core.o
 .debug_abbrev  0x00000000000016cb      0x20b lib/ILI9341/delay.o
 .debug_abbrev  0x00000000000018d6      0x2c4 lib/ILI9341/dma.o
 .debug_abbrev  0x0000000000001b9a      0x27f lib/ILI9341/graph.o
 .debug_abbrev  0x0000000000001e19      0x207 lib/ILI9341/text.o
 .debug_abbrev  0x0000000000002020       0xf7 src/buffors.o
 .debug_abbrev  0x0000000000002117      0x231 src/device_config.o
 .debug_abbrev  0x0000000000002348      0x2ee src/main.o
 .debug_abbrev  0x0000000000002636      0x200 src/rtc.o
 .debug_abbrev  0x0000000000002836      0x1e4 src/scan_timer.o
 .debug_abbrev  0x0000000000002a1a      0x1ba src/system_stm32f10x.o
 .debug_abbrev  0x0000000000002bd4      0x2d4 src/uart_interrupt.o
 .debug_abbrev  0x0000000000002ea8      0x2fb src/usart_dma.o
 .debug_abbrev  0x00000000000031a3       0x12 startup/startup_stm32.o

.debug_loc      0x0000000000000000     0x81c5
 .debug_loc     0x0000000000000000      0x13d StdPeriph_Driver/src/misc.o
 .debug_loc     0x000000000000013d       0xee StdPeriph_Driver/src/stm32f10x_bkp.o
 .debug_loc     0x000000000000022b      0x18e StdPeriph_Driver/src/stm32f10x_dma.o
 .debug_loc     0x00000000000003b9      0x8cb StdPeriph_Driver/src/stm32f10x_flash.o
 .debug_loc     0x0000000000000c84      0x590 StdPeriph_Driver/src/stm32f10x_gpio.o
 .debug_loc     0x0000000000001214      0x111 StdPeriph_Driver/src/stm32f10x_pwr.o
 .debug_loc     0x0000000000001325      0x706 StdPeriph_Driver/src/stm32f10x_rcc.o
 .debug_loc     0x0000000000001a2b      0x229 StdPeriph_Driver/src/stm32f10x_rtc.o
 .debug_loc     0x0000000000001c54      0x6cc StdPeriph_Driver/src/stm32f10x_spi.o
 .debug_loc     0x0000000000002320     0x1df9 StdPeriph_Driver/src/stm32f10x_tim.o
 .debug_loc     0x0000000000004119      0x7a3 StdPeriph_Driver/src/stm32f10x_usart.o
 .debug_loc     0x00000000000048bc      0x13d lib/ILI9341/core.o
 .debug_loc     0x00000000000049f9      0x174 lib/ILI9341/delay.o
 .debug_loc     0x0000000000004b6d      0x64f lib/ILI9341/dma.o
 .debug_loc     0x00000000000051bc     0x1f81 lib/ILI9341/graph.o
 .debug_loc     0x000000000000713d      0x9bb lib/ILI9341/text.o
 .debug_loc     0x0000000000007af8      0x118 src/buffors.o
 .debug_loc     0x0000000000007c10       0x53 src/device_config.o
 .debug_loc     0x0000000000007c63      0x118 src/main.o
 .debug_loc     0x0000000000007d7b       0xdd src/rtc.o
 .debug_loc     0x0000000000007e58       0x85 src/scan_timer.o
 .debug_loc     0x0000000000007edd       0xe8 src/system_stm32f10x.o
 .debug_loc     0x0000000000007fc5       0xb5 src/uart_interrupt.o
 .debug_loc     0x000000000000807a      0x14b src/usart_dma.o

.debug_aranges  0x0000000000000000      0xdb8
 .debug_aranges
                0x0000000000000000       0x40 StdPeriph_Driver/src/misc.o
 .debug_aranges
                0x0000000000000040       0x78 StdPeriph_Driver/src/stm32f10x_bkp.o
 .debug_aranges
                0x00000000000000b8       0x70 StdPeriph_Driver/src/stm32f10x_dma.o
 .debug_aranges
                0x0000000000000128       0xf8 StdPeriph_Driver/src/stm32f10x_flash.o
 .debug_aranges
                0x0000000000000220       0xa8 StdPeriph_Driver/src/stm32f10x_gpio.o
 .debug_aranges
                0x00000000000002c8       0x60 StdPeriph_Driver/src/stm32f10x_pwr.o
 .debug_aranges
                0x0000000000000328      0x118 StdPeriph_Driver/src/stm32f10x_rcc.o
 .debug_aranges