Archive member included to satisfy reference by file (symbol)

/home/gwarchol/Ac6/SystemWorkbench/plugins/fr.ac6.mcu.externaltools.arm-none.linux64_1.15.0.201708311556/tools/compiler/bin/../lib/gcc/arm-none-eabi/6.3.1/../../../../arm-none-eabi/lib/thumb/v7-m/libc_nano.a(lib_a-exit.o)
                              /home/gwarchol/Ac6/SystemWorkbench/plugins/fr.ac6.mcu.externaltools.arm-none.linux64_1.15.0.201708311556/tools/compiler/bin/../lib/gcc/arm-none-eabi/6.3.1/../../../../arm-none-eabi/lib/thumb/v7-m/rdimon-crt0.o (exit)
/home/gwarchol/Ac6/SystemWorkbench/plugins/fr.ac6.mcu.externaltools.arm-none.linux64_1.15.0.201708311556/tools/compiler/bin/../lib/gcc/arm-none-eabi/6.3.1/../../../../arm-none-eabi/lib/thumb/v7-m/libc_nano.a(lib_a-impure.o)
                              /home/gwarchol/Ac6/SystemWorkbench/plugins/fr.ac6.mcu.externaltools.arm-none.linux64_1.15.0.201708311556/tools/compiler/bin/../lib/gcc/arm-none-eabi/6.3.1/../../../../arm-none-eabi/lib/thumb/v7-m/libc_nano.a(lib_a-exit.o) (_global_impure_ptr)
/home/gwarchol/Ac6/SystemWorkbench/plugins/fr.ac6.mcu.externaltools.arm-none.linux64_1.15.0.201708311556/tools/compiler/bin/../lib/gcc/arm-none-eabi/6.3.1/../../../../arm-none-eabi/lib/thumb/v7-m/libc_nano.a(lib_a-init.o)
                              /home/gwarchol/Ac6/SystemWorkbench/plugins/fr.ac6.mcu.externaltools.arm-none.linux64_1.15.0.201708311556/tools/compiler/bin/../lib/gcc/arm-none-eabi/6.3.1/../../../../arm-none-eabi/lib/thumb/v7-m/rdimon-crt0.o (__libc_init_array)
/home/gwarchol/Ac6/SystemWorkbench/plugins/fr.ac6.mcu.externaltools.arm-none.linux64_1.15.0.201708311556/tools/compiler/bin/../lib/gcc/arm-none-eabi/6.3.1/../../../../arm-none-eabi/lib/thumb/v7-m/libc_nano.a(lib_a-memset.o)
                              /home/gwarchol/Ac6/SystemWorkbench/plugins/fr.ac6.mcu.externaltools.arm-none.linux64_1.15.0.201708311556/tools/compiler/bin/../lib/gcc/arm-none-eabi/6.3.1/../../../../arm-none-eabi/lib/thumb/v7-m/rdimon-crt0.o (memset)
/home/gwarchol/Ac6/SystemWorkbench/plugins/fr.ac6.mcu.externaltools.arm-none.linux64_1.15.0.201708311556/tools/compiler/bin/../lib/gcc/arm-none-eabi/6.3.1/../../../../arm-none-eabi/lib/thumb/v7-m/librdimon_nano.a(rdimon-syscalls.o)
                              /home/gwarchol/Ac6/SystemWorkbench/plugins/fr.ac6.mcu.externaltools.arm-none.linux64_1.15.0.201708311556/tools/compiler/bin/../lib/gcc/arm-none-eabi/6.3.1/../../../../arm-none-eabi/lib/thumb/v7-m/rdimon-crt0.o (initialise_monitor_handles)
/home/gwarchol/Ac6/SystemWorkbench/plugins/fr.ac6.mcu.externaltools.arm-none.linux64_1.15.0.201708311556/tools/compiler/bin/../lib/gcc/arm-none-eabi/6.3.1/../../../../arm-none-eabi/lib/thumb/v7-m/librdimon_nano.a(rdimon-_exit.o)
                              /home/gwarchol/Ac6/SystemWorkbench/plugins/fr.ac6.mcu.externaltools.arm-none.linux64_1.15.0.201708311556/tools/compiler/bin/../lib/gcc/arm-none-eabi/6.3.1/../../../../arm-none-eabi/lib/thumb/v7-m/libc_nano.a(lib_a-exit.o) (_exit)
/home/gwarchol/Ac6/SystemWorkbench/plugins/fr.ac6.mcu.externaltools.arm-none.linux64_1.15.0.201708311556/tools/compiler/bin/../lib/gcc/arm-none-eabi/6.3.1/../../../../arm-none-eabi/lib/thumb/v7-m/librdimon_nano.a(rdimon-_kill.o)
                              /home/gwarchol/Ac6/SystemWorkbench/plugins/fr.ac6.mcu.externaltools.arm-none.linux64_1.15.0.201708311556/tools/compiler/bin/../lib/gcc/arm-none-eabi/6.3.1/../../../../arm-none-eabi/lib/thumb/v7-m/librdimon_nano.a(rdimon-_exit.o) (_kill)
/home/gwarchol/Ac6/SystemWorkbench/plugins/fr.ac6.mcu.externaltools.arm-none.linux64_1.15.0.201708311556/tools/compiler/bin/../lib/gcc/arm-none-eabi/6.3.1/../../../../arm-none-eabi/lib/thumb/v7-m/libc_nano.a(lib_a-errno.o)
                              /home/gwarchol/Ac6/SystemWorkbench/plugins/fr.ac6.mcu.externaltools.arm-none.linux64_1.15.0.201708311556/tools/compiler/bin/../lib/gcc/arm-none-eabi/6.3.1/../../../../arm-none-eabi/lib/thumb/v7-m/librdimon_nano.a(rdimon-syscalls.o) (__errno)
/home/gwarchol/Ac6/SystemWorkbench/plugins/fr.ac6.mcu.externaltools.arm-none.linux64_1.15.0.201708311556/tools/compiler/bin/../lib/gcc/arm-none-eabi/6.3.1/../../../../arm-none-eabi/lib/thumb/v7-m/libc_nano.a(lib_a-findfp.o)
                              /home/gwarchol/Ac6/SystemWorkbench/plugins/fr.ac6.mcu.externaltools.arm-none.linux64_1.15.0.201708311556/tools/compiler/bin/../lib/gcc/arm-none-eabi/6.3.1/../../../../arm-none-eabi/lib/thumb/v7-m/librdimon_nano.a(rdimon-syscalls.o) (__sinit)
/home/gwarchol/Ac6/SystemWorkbench/plugins/fr.ac6.mcu.externaltools.arm-none.linux64_1.15.0.201708311556/tools/compiler/bin/../lib/gcc/arm-none-eabi/6.3.1/../../../../arm-none-eabi/lib/thumb/v7-m/libc_nano.a(lib_a-fwalk.o)
                              /home/gwarchol/Ac6/SystemWorkbench/plugins/fr.ac6.mcu.externaltools.arm-none.linux64_1.15.0.201708311556/tools/compiler/bin/../lib/gcc/arm-none-eabi/6.3.1/../../../../arm-none-eabi/lib/thumb/v7-m/libc_nano.a(lib_a-findfp.o) (_fwalk)
[...]
Memory Configuration

Name             Origin             Length             Attributes
RAM              0x0000000020000000 0x0000000000005000 xrw
ROM              0x0000000008000000 0x0000000000020000 xr
*default*        0x0000000000000000 0xffffffffffffffff

Linker script and memory map

LOAD /home/gwarchol/Ac6/SystemWorkbench/plugins/fr.ac6.mcu.externaltools.arm-none.linux64_1.15.0.201708311556/tools/compiler/bin/../lib/gcc/arm-none-eabi/6.3.1/thumb/v7-m/crti.o
LOAD /home/gwarchol/Ac6/SystemWorkbench/plugins/fr.ac6.mcu.externaltools.arm-none.linux64_1.15.0.201708311556/tools/compiler/bin/../lib/gcc/arm-none-eabi/6.3.1/thumb/v7-m/crtbegin.o
LOAD /home/gwarchol/Ac6/SystemWorkbench/plugins/fr.ac6.mcu.externaltools.arm-none.linux64_1.15.0.201708311556/tools/compiler/bin/../lib/gcc/arm-none-eabi/6.3.1/../../../../arm-none-eabi/lib/thumb/v7-m/rdimon-crt0.o
LOAD /home/gwarchol/Ac6/SystemWorkbench/plugins/fr.ac6.mcu.externaltools.arm-none.linux64_1.15.0.201708311556/tools/compiler/bin/../lib/gcc/arm-none-eabi/6.3.1/../../../../arm-none-eabi/lib/thumb/v7-m/libc_nano.a
LOAD /home/gwarchol/Ac6/SystemWorkbench/plugins/fr.ac6.mcu.externaltools.arm-none.linux64_1.15.0.201708311556/tools/compiler/bin/../lib/gcc/arm-none-eabi/6.3.1/../../../../arm-none-eabi/lib/thumb/v7-m/librdimon_nano.a
LOAD CMSIS/core/core_cm3.o
LOAD StdPeriph_Driver/src/misc.o
LOAD StdPeriph_Driver/src/stm32f10x_adc.o
LOAD StdPeriph_Driver/src/stm32f10x_bkp.o
LOAD StdPeriph_Driver/src/stm32f10x_can.o
LOAD StdPeriph_Driver/src/stm32f10x_cec.o
LOAD StdPeriph_Driver/src/stm32f10x_crc.o
LOAD StdPeriph_Driver/src/stm32f10x_dac.o
LOAD StdPeriph_Driver/src/stm32f10x_dbgmcu.o
LOAD StdPeriph_Driver/src/stm32f10x_dma.o
LOAD StdPeriph_Driver/src/stm32f10x_exti.o
LOAD StdPeriph_Driver/src/stm32f10x_flash.o
LOAD StdPeriph_Driver/src/stm32f10x_fsmc.o
LOAD StdPeriph_Driver/src/stm32f10x_gpio.o
LOAD StdPeriph_Driver/src/stm32f10x_i2c.o
LOAD StdPeriph_Driver/src/stm32f10x_iwdg.o
LOAD StdPeriph_Driver/src/stm32f10x_pwr.o
LOAD StdPeriph_Driver/src/stm32f10x_rcc.o
LOAD StdPeriph_Driver/src/stm32f10x_rtc.o
LOAD StdPeriph_Driver/src/stm32f10x_sdio.o
LOAD StdPeriph_Driver/src/stm32f10x_spi.o
LOAD StdPeriph_Driver/src/stm32f10x_tim.o
LOAD StdPeriph_Driver/src/stm32f10x_usart.o
LOAD StdPeriph_Driver/src/stm32f10x_wwdg.o
LOAD lib/ILI9341/core.o
LOAD lib/ILI9341/delay.o
LOAD lib/ILI9341/dma.o
LOAD lib/ILI9341/graph.o
LOAD lib/ILI9341/text.o
LOAD lib/tinystd/itoa.o
LOAD src/DFPPlayer.o
LOAD src/bmp180.o
LOAD src/buffors.o
LOAD src/device_config.o
LOAD src/main.o
LOAD src/menu.o
LOAD src/rtc.o
LOAD src/scan_timer.o
LOAD src/system_stm32f10x.o
LOAD src/timers.o
LOAD src/touch_screen.o
LOAD src/uart_interrupt.o
LOAD src/usart_dma.o
LOAD startup/startup_stm32.o
LOAD /home/gwarchol/Ac6/SystemWorkbench/plugins/fr.ac6.mcu.externaltools.arm-none.linux64_1.15.0.201708311556/tools/compiler/bin/../lib/gcc/arm-none-eabi/6.3.1/../../../../arm-none-eabi/lib/thumb/v7-m/libm.a
START GROUP
LOAD /home/gwarchol/Ac6/SystemWorkbench/plugins/fr.ac6.mcu.externaltools.arm-none.linux64_1.15.0.201708311556/tools/compiler/bin/../lib/gcc/arm-none-eabi/6.3.1/thumb/v7-m/libgcc.a
LOAD /home/gwarchol/Ac6/SystemWorkbench/plugins/fr.ac6.mcu.externaltools.arm-none.linux64_1.15.0.201708311556/tools/compiler/bin/../lib/gcc/arm-none-eabi/6.3.1/../../../../arm-none-eabi/lib/thumb/v7-m/libc_nano.a
END GROUP
START GROUP
LOAD /home/gwarchol/Ac6/SystemWorkbench/plugins/fr.ac6.mcu.externaltools.arm-none.linux64_1.15.0.201708311556/tools/compiler/bin/../lib/gcc/arm-none-eabi/6.3.1/thumb/v7-m/libgcc.a
LOAD /home/gwarchol/Ac6/SystemWorkbench/plugins/fr.ac6.mcu.externaltools.arm-none.linux64_1.15.0.201708311556/tools/compiler/bin/../lib/gcc/arm-none-eabi/6.3.1/../../../../arm-none-eabi/lib/thumb/v7-m/libc_nano.a
LOAD /home/gwarchol/Ac6/SystemWorkbench/plugins/fr.ac6.mcu.externaltools.arm-none.linux64_1.15.0.201708311556/tools/compiler/bin/../lib/gcc/arm-none-eabi/6.3.1/../../../../arm-none-eabi/lib/thumb/v7-m/libnosys.a
END GROUP
START GROUP
LOAD /home/gwarchol/Ac6/SystemWorkbench/plugins/fr.ac6.mcu.externaltools.arm-none.linux64_1.15.0.201708311556/tools/compiler/bin/../lib/gcc/arm-none-eabi/6.3.1/thumb/v7-m/libgcc.a
LOAD /home/gwarchol/Ac6/SystemWorkbench/plugins/fr.ac6.mcu.externaltools.arm-none.linux64_1.15.0.201708311556/tools/compiler/bin/../lib/gcc/arm-none-eabi/6.3.1/../../../../arm-none-eabi/lib/thumb/v7-m/libc_nano.a
LOAD /home/gwarchol/Ac6/SystemWorkbench/plugins/fr.ac6.mcu.externaltools.arm-none.linux64_1.15.0.201708311556/tools/compiler/bin/../lib/gcc/arm-none-eabi/6.3.1/../../../../arm-none-eabi/lib/thumb/v7-m/librdimon_nano.a
LOAD /home/gwarchol/Ac6/SystemWorkbench/plugins/fr.ac6.mcu.externaltools.arm-none.linux64_1.15.0.201708311556/tools/compiler/bin/../lib/gcc/arm-none-eabi/6.3.1/../../../../arm-none-eabi/lib/thumb/v7-m/libnosys.a
END GROUP
START GROUP
LOAD /home/gwarchol/Ac6/SystemWorkbench/plugins/fr.ac6.mcu.externaltools.arm-none.linux64_1.15.0.201708311556/tools/compiler/bin/../lib/gcc/arm-none-eabi/6.3.1/thumb/v7-m/libgcc.a
LOAD /home/gwarchol/Ac6/SystemWorkbench/plugins/fr.ac6.mcu.externaltools.arm-none.linux64_1.15.0.201708311556/tools/compiler/bin/../lib/gcc/arm-none-eabi/6.3.1/../../../../arm-none-eabi/lib/thumb/v7-m/libc_nano.a
LOAD /home/gwarchol/Ac6/SystemWorkbench/plugins/fr.ac6.mcu.externaltools.arm-none.linux64_1.15.0.201708311556/tools/compiler/bin/../lib/gcc/arm-none-eabi/6.3.1/../../../../arm-none-eabi/lib/thumb/v7-m/librdimon_nano.a
END GROUP
LOAD /home/gwarchol/Ac6/SystemWorkbench/plugins/fr.ac6.mcu.externaltools.arm-none.linux64_1.15.0.201708311556/tools/compiler/bin/../lib/gcc/arm-none-eabi/6.3.1/thumb/v7-m/crtend.o
LOAD /home/gwarchol/Ac6/SystemWorkbench/plugins/fr.ac6.mcu.externaltools.arm-none.linux64_1.15.0.201708311556/tools/compiler/bin/../lib/gcc/arm-none-eabi/6.3.1/thumb/v7-m/crtn.o
                0x0000000020005000                _estack = 0x20005000
                0x0000000000000000                _Min_Heap_Size = 0x0
                0x0000000000000400                _Min_Stack_Size = 0x400

.isr_vector     0x0000000008000000      0x130
                0x0000000008000000                . = ALIGN (0x4)
 *(.isr_vector)
 .isr_vector    0x0000000008000000      0x130 startup/startup_stm32.o
                0x0000000008000000                g_pfnVectors
                0x0000000008000130                . = ALIGN (0x4)

.text           0x0000000008000130     0x5918
                0x0000000008000130                . = ALIGN (0x4)
 *(.text)
 .text          0x0000000008000130       0x6c /home/gwarchol/Ac6/SystemWorkbench/plugins/fr.ac6.mcu.externaltools.arm-none.linux64_1.15.0.201708311556/tools/compiler/bin/../lib/gcc/arm-none-eabi/6.3.1/thumb/v7-m/crtbegin.o
 *(.text*)
 .text.__libc_init_array
                0x000000000800019c       0x48 /home/gwarchol/Ac6/SystemWorkbench/plugins/fr.ac6.mcu.externaltools.arm-none.linux64_1.15.0.201708311556/tools/compiler/bin/../lib/gcc/arm-none-eabi/6.3.1/../../../../arm-none-eabi/lib/thumb/v7-m/libc_nano.a(lib_a-init.o)
                0x000000000800019c                __libc_init_array
 .text.memset   0x00000000080001e4       0x10 /home/gwarchol/Ac6/SystemWorkbench/plugins/fr.ac6.mcu.externaltools.arm-none.linux64_1.15.0.201708311556/tools/compiler/bin/../lib/gcc/arm-none-eabi/6.3.1/../../../../arm-none-eabi/lib/thumb/v7-m/libc_nano.a(lib_a-memset.o)
                0x00000000080001e4                memset
 .text.findslot
                0x00000000080001f4       0x34 /home/gwarchol/Ac6/SystemWorkbench/plugins/fr.ac6.mcu.externaltools.arm-none.linux64_1.15.0.201708311556/tools/compiler/bin/../lib/gcc/arm-none-eabi/6.3.1/../../../../arm-none-eabi/lib/thumb/v7-m/librdimon_nano.a(rdimon-syscalls.o)
 .text.checkerror
                0x0000000008000228       0x20 /home/gwarchol/Ac6/SystemWorkbench/plugins/fr.ac6.mcu.externaltools.arm-none.linux64_1.15.0.201708311556/tools/compiler/bin/../lib/gcc/arm-none-eabi/6.3.1/../../../../arm-none-eabi/lib/thumb/v7-m/librdimon_nano.a(rdimon-syscalls.o)
 .text.error    0x0000000008000248       0x1c /home/gwarchol/Ac6/SystemWorkbench/plugins/fr.ac6.mcu.externaltools.arm-none.linux64_1.15.0.201708311556/tools/compiler/bin/../lib/gcc/arm-none-eabi/6.3.1/../../../../arm-none-eabi/lib/thumb/v7-m/librdimon_nano.a(rdimon-syscalls.o)
 .text.initialise_monitor_handles
                0x0000000008000264       0xa4 /home/gwarchol/Ac6/SystemWorkbench/plugins/fr.ac6.mcu.externaltools.arm-none.linux64_1.15.0.201708311556/tools/compiler/bin/../lib/gcc/arm-none-eabi/6.3.1/../../../../arm-none-eabi/lib/thumb/v7-m/librdimon_nano.a(rdimon-syscalls.o)
                0x0000000008000264                initialise_monitor_handles
 .text._swiread
                0x0000000008000308       0x20 /home/gwarchol/Ac6/SystemWorkbench/plugins/fr.ac6.mcu.externaltools.arm-none.linux64_1.15.0.201708311556/tools/compiler/bin/../lib/gcc/arm-none-eabi/6.3.1/../../../../arm-none-eabi/lib/thumb/v7-m/librdimon_nano.a(rdimon-syscalls.o)
                0x0000000008000308                _swiread
 .text._read    0x0000000008000328       0x34 /home/gwarchol/Ac6/SystemWorkbench/plugins/fr.ac6.mcu.externaltools.arm-none.linux64_1.15.0.201708311556/tools/compiler/bin/../lib/gcc/arm-none-eabi/6.3.1/../../../../arm-none-eabi/lib/thumb/v7-m/librdimon_nano.a(rdimon-syscalls.o)
                0x0000000008000328                _read
 .text._swilseek
                0x000000000800035c       0x7a /home/gwarchol/Ac6/SystemWorkbench/plugins/fr.ac6.mcu.externaltools.arm-none.linux64_1.15.0.201708311556/tools/compiler/bin/../lib/gcc/arm-none-eabi/6.3.1/../../../../arm-none-eabi/lib/thumb/v7-m/librdimon_nano.a(rdimon-syscalls.o)
                0x000000000800035c                _swilseek
 .text._lseek   0x00000000080003d6        0x4 /home/gwarchol/Ac6/SystemWorkbench/plugins/fr.ac6.mcu.externaltools.arm-none.linux64_1.15.0.201708311556/tools/compiler/bin/../lib/gcc/arm-none-eabi/6.3.1/../../../../arm-none-eabi/lib/thumb/v7-m/librdimon_nano.a(rdimon-syscalls.o)
                0x00000000080003d6                _lseek
 .text._swiwrite
                0x00000000080003da       0x20 /home/gwarchol/Ac6/SystemWorkbench/plugins/fr.ac6.mcu.externaltools.arm-none.linux64_1.15.0.201708311556/tools/compiler/bin/../lib/gcc/arm-none-eabi/6.3.1/../../../../arm-none-eabi/lib/thumb/v7-m/librdimon_nano.a(rdimon-syscalls.o)
                0x00000000080003da                _swiwrite
 .text._write   0x00000000080003fa       0x40 /home/gwarchol/Ac6/SystemWorkbench/plugins/fr.ac6.mcu.externaltools.arm-none.linux64_1.15.0.201708311556/tools/compiler/bin/../lib/gcc/arm-none-eabi/6.3.1/../../../../arm-none-eabi/lib/thumb/v7-m/librdimon_nano.a(rdimon-syscalls.o)
                0x00000000080003fa                _write
 .text._swiclose
                0x000000000800043a       0x1c /home/gwarchol/Ac6/SystemWorkbench/plugins/fr.ac6.mcu.externaltools.arm-none.linux64_1.15.0.201708311556/tools/compiler/bin/../lib/gcc/arm-none-eabi/6.3.1/../../../../arm-none-eabi/lib/thumb/v7-m/librdimon_nano.a(rdimon-syscalls.o)
                0x000000000800043a                _swiclose
 *fill*         0x0000000008000456        0x2 
 .text._close   0x0000000008000458       0x48 /home/gwarchol/Ac6/SystemWorkbench/plugins/fr.ac6.mcu.externaltools.arm-none.linux64_1.15.0.201708311556/tools/compiler/bin/../lib/gcc/arm-none-eabi/6.3.1/../../../../arm-none-eabi/lib/thumb/v7-m/librdimon_nano.a(rdimon-syscalls.o)
                0x0000000008000458                _close
 .text._sbrk    0x00000000080004a0       0x48 /home/gwarchol/Ac6/SystemWorkbench/plugins/fr.ac6.mcu.externaltools.arm-none.linux64_1.15.0.201708311556/tools/compiler/bin/../lib/gcc/arm-none-eabi/6.3.1/../../../../arm-none-eabi/lib/thumb/v7-m/librdimon_nano.a(rdimon-syscalls.o)
                0x00000000080004a0                _sbrk
 .text._swistat
                0x00000000080004e8       0x42 /home/gwarchol/Ac6/SystemWorkbench/plugins/fr.ac6.mcu.externaltools.arm-none.linux64_1.15.0.201708311556/tools/compiler/bin/../lib/gcc/arm-none-eabi/6.3.1/../../../../arm-none-eabi/lib/thumb/v7-m/librdimon_nano.a(rdimon-syscalls.o)
                0x00000000080004e8                _swistat
 .text._fstat   0x000000000800052a       0x1c /home/gwarchol/Ac6/SystemWorkbench/plugins/fr.ac6.mcu.externaltools.arm-none.linux64_1.15.0.201708311556/tools/compiler/bin/../lib/gcc/arm-none-eabi/6.3.1/../../../../arm-none-eabi/lib/thumb/v7-m/librdimon_nano.a(rdimon-syscalls.o)
                0x000000000800052a                _fstat
 .text._isatty  0x0000000008000546       0x38 /home/gwarchol/Ac6/SystemWorkbench/plugins/fr.ac6.mcu.externaltools.arm-none.linux64_1.15.0.201708311556/tools/compiler/bin/../lib/gcc/arm-none-eabi/6.3.1/../../../../arm-none-eabi/lib/thumb/v7-m/librdimon_nano.a(rdimon-syscalls.o)
                0x0000000008000546                _isatty
 *fill*         0x000000000800057e        0x2 
 .text.NVIC_PriorityGroupConfig
                0x0000000008000580       0x14 StdPeriph_Driver/src/misc.o
                0x0000000008000580                NVIC_PriorityGroupConfig
 .text.NVIC_Init
                0x0000000008000594       0x68 StdPeriph_Driver/src/misc.o
                0x0000000008000594                NVIC_Init
 .text.NVIC_SystemLPConfig
                0x00000000080005fc       0x1c StdPeriph_Driver/src/misc.o
                0x00000000080005fc                NVIC_SystemLPConfig
 .text.BKP_DeInit
                0x0000000008000618       0x10 StdPeriph_Driver/src/stm32f10x_bkp.o
                0x0000000008000618                BKP_DeInit
 .text.BKP_WriteBackupRegister
                0x0000000008000628       0x1c StdPeriph_Driver/src/stm32f10x_bkp.o
                0x0000000008000628                BKP_WriteBackupRegister
 .text.BKP_ReadBackupRegister
                0x0000000008000644       0x20 StdPeriph_Driver/src/stm32f10x_bkp.o
                0x0000000008000644                BKP_ReadBackupRegister
 .text.DBGMCU_Config
                0x0000000008000664       0x1c StdPeriph_Driver/src/stm32f10x_dbgmcu.o
                0x0000000008000664                DBGMCU_Config
 .text.DMA_Init
                0x0000000008000680       0x3e StdPeriph_Driver/src/stm32f10x_dma.o
                0x0000000008000680                DMA_Init
 .text.DMA_StructInit
                0x00000000080006be       0x1a StdPeriph_Driver/src/stm32f10x_dma.o
                0x00000000080006be                DMA_StructInit
 .text.DMA_Cmd  0x00000000080006d8       0x1a StdPeriph_Driver/src/stm32f10x_dma.o
                0x00000000080006d8                DMA_Cmd
 .text.DMA_ITConfig
                0x00000000080006f2       0x14 StdPeriph_Driver/src/stm32f10x_dma.o
                0x00000000080006f2                DMA_ITConfig
 *fill*         0x0000000008000706        0x2 
 .text.DMA_GetITStatus
                0x0000000008000708       0x24 StdPeriph_Driver/src/stm32f10x_dma.o
                0x0000000008000708                DMA_GetITStatus
 .text.DMA_ClearITPendingBit
                0x000000000800072c       0x1c StdPeriph_Driver/src/stm32f10x_dma.o
                0x000000000800072c                DMA_ClearITPendingBit
 .text.EXTI_Init
                0x0000000008000748       0x8c StdPeriph_Driver/src/stm32f10x_exti.o
                0x0000000008000748                EXTI_Init
 .text.EXTI_ClearITPendingBit
                0x00000000080007d4        0xc StdPeriph_Driver/src/stm32f10x_exti.o
                0x00000000080007d4                EXTI_ClearITPendingBit
 .text.FLASH_SetLatency
                0x00000000080007e0       0x14 StdPeriph_Driver/src/stm32f10x_flash.o
                0x00000000080007e0                FLASH_SetLatency
 .text.FLASH_PrefetchBufferCmd
                0x00000000080007f4       0x18 StdPeriph_Driver/src/stm32f10x_flash.o
                0x00000000080007f4                FLASH_PrefetchBufferCmd
 .text.GPIO_Init
                0x000000000800080c       0x9e StdPeriph_Driver/src/stm32f10x_gpio.o
                0x000000000800080c                GPIO_Init
 .text.GPIO_SetBits
                0x00000000080008aa        0x4 StdPeriph_Driver/src/stm32f10x_gpio.o
                0x00000000080008aa                GPIO_SetBits
 .text.GPIO_ResetBits
                0x00000000080008ae        0x4 StdPeriph_Driver/src/stm32f10x_gpio.o
                0x00000000080008ae                GPIO_ResetBits
 .text.GPIO_WriteBit
                0x00000000080008b2        0xa StdPeriph_Driver/src/stm32f10x_gpio.o
                0x00000000080008b2                GPIO_WriteBit
 .text.GPIO_EXTILineConfig
                0x00000000080008bc       0x34 StdPeriph_Driver/src/stm32f10x_gpio.o
                0x00000000080008bc                GPIO_EXTILineConfig
 .text.I2C_DeInit
                0x00000000080008f0       0x38 StdPeriph_Driver/src/stm32f10x_i2c.o
                0x00000000080008f0                I2C_DeInit
 .text.I2C_Init
                0x0000000008000928       0xdc StdPeriph_Driver/src/stm32f10x_i2c.o
                0x0000000008000928                I2C_Init
 .text.I2C_Cmd  0x0000000008000a04       0x1c StdPeriph_Driver/src/stm32f10x_i2c.o
                0x0000000008000a04                I2C_Cmd
 .text.I2C_GenerateSTART
                0x0000000008000a20       0x1c StdPeriph_Driver/src/stm32f10x_i2c.o
                0x0000000008000a20                I2C_GenerateSTART
 .text.I2C_GenerateSTOP
                0x0000000008000a3c       0x1c StdPeriph_Driver/src/stm32f10x_i2c.o
                0x0000000008000a3c                I2C_GenerateSTOP
 .text.I2C_AcknowledgeConfig
                0x0000000008000a58       0x1c StdPeriph_Driver/src/stm32f10x_i2c.o
                0x0000000008000a58                I2C_AcknowledgeConfig
 .text.I2C_SendData
                0x0000000008000a74        0x4 StdPeriph_Driver/src/stm32f10x_i2c.o
                0x0000000008000a74                I2C_SendData
 .text.I2C_ReceiveData
                0x0000000008000a78        0x6 StdPeriph_Driver/src/stm32f10x_i2c.o
                0x0000000008000a78                I2C_ReceiveData
 .text.I2C_Send7bitAddress
                0x0000000008000a7e       0x12 StdPeriph_Driver/src/stm32f10x_i2c.o
                0x0000000008000a7e                I2C_Send7bitAddress
 .text.I2C_CheckEvent
                0x0000000008000a90       0x1c StdPeriph_Driver/src/stm32f10x_i2c.o
                0x0000000008000a90                I2C_CheckEvent
 .text.I2C_GetFlagStatus
                0x0000000008000aac       0x38 StdPeriph_Driver/src/stm32f10x_i2c.o
                0x0000000008000aac                I2C_GetFlagStatus
 .text.PWR_BackupAccessCmd
                0x0000000008000ae4        0xc StdPeriph_Driver/src/stm32f10x_pwr.o
                0x0000000008000ae4                PWR_BackupAccessCmd
 .text.RCC_DeInit
                0x0000000008000af0       0x40 StdPeriph_Driver/src/stm32f10x_rcc.o
                0x0000000008000af0                RCC_DeInit
 .text.RCC_HSEConfig
                0x0000000008000b30       0x3c StdPeriph_Driver/src/stm32f10x_rcc.o
                0x0000000008000b30                RCC_HSEConfig
 .text.RCC_PLLConfig
                0x0000000008000b6c       0x14 StdPeriph_Driver/src/stm32f10x_rcc.o
                0x0000000008000b6c                RCC_PLLConfig
 .text.RCC_PLLCmd
                0x0000000008000b80        0xc StdPeriph_Driver/src/stm32f10x_rcc.o
                0x0000000008000b80                RCC_PLLCmd
 .text.RCC_SYSCLKConfig
                0x0000000008000b8c       0x14 StdPeriph_Driver/src/stm32f10x_rcc.o
                0x0000000008000b8c                RCC_SYSCLKConfig
 .text.RCC_GetSYSCLKSource
                0x0000000008000ba0       0x10 StdPeriph_Driver/src/stm32f10x_rcc.o
                0x0000000008000ba0                RCC_GetSYSCLKSource
 .text.RCC_HCLKConfig
                0x0000000008000bb0       0x14 StdPeriph_Driver/src/stm32f10x_rcc.o
                0x0000000008000bb0                RCC_HCLKConfig
 .text.RCC_PCLK1Config
                0x0000000008000bc4       0x14 StdPeriph_Driver/src/stm32f10x_rcc.o
                0x0000000008000bc4                RCC_PCLK1Config
 .text.RCC_PCLK2Config
                0x0000000008000bd8       0x14 StdPeriph_Driver/src/stm32f10x_rcc.o
                0x0000000008000bd8                RCC_PCLK2Config
 .text.RCC_LSEConfig
                0x0000000008000bec       0x28 StdPeriph_Driver/src/stm32f10x_rcc.o
                0x0000000008000bec                RCC_LSEConfig
 .text.RCC_RTCCLKConfig
                0x0000000008000c14       0x10 StdPeriph_Driver/src/stm32f10x_rcc.o
                0x0000000008000c14                RCC_RTCCLKConfig
 .text.RCC_RTCCLKCmd
                0x0000000008000c24        0xc StdPeriph_Driver/src/stm32f10x_rcc.o
                0x0000000008000c24                RCC_RTCCLKCmd
 .text.RCC_GetClocksFreq
                0x0000000008000c30       0xb8 StdPeriph_Driver/src/stm32f10x_rcc.o
                0x0000000008000c30                RCC_GetClocksFreq
 .text.RCC_AHBPeriphClockCmd
                0x0000000008000ce8       0x1c StdPeriph_Driver/src/stm32f10x_rcc.o
                0x0000000008000ce8                RCC_AHBPeriphClockCmd
 .text.RCC_APB2PeriphClockCmd
                0x0000000008000d04       0x1c StdPeriph_Driver/src/stm32f10x_rcc.o
                0x0000000008000d04                RCC_APB2PeriphClockCmd
 .text.RCC_APB1PeriphClockCmd
                0x0000000008000d20       0x1c StdPeriph_Driver/src/stm32f10x_rcc.o
                0x0000000008000d20                RCC_APB1PeriphClockCmd
 .text.RCC_APB1PeriphResetCmd
                0x0000000008000d3c       0x1c StdPeriph_Driver/src/stm32f10x_rcc.o
                0x0000000008000d3c                RCC_APB1PeriphResetCmd
 .text.RCC_BackupResetCmd
                0x0000000008000d58        0xc StdPeriph_Driver/src/stm32f10x_rcc.o
                0x0000000008000d58                RCC_BackupResetCmd
 .text.RCC_GetFlagStatus
                0x0000000008000d64       0x34 StdPeriph_Driver/src/stm32f10x_rcc.o
                0x0000000008000d64                RCC_GetFlagStatus
 .text.RCC_WaitForHSEStartUp
                0x0000000008000d98       0x34 StdPeriph_Driver/src/stm32f10x_rcc.o
                0x0000000008000d98                RCC_WaitForHSEStartUp
 .text.RCC_ClearFlag
                0x0000000008000dcc       0x10 StdPeriph_Driver/src/stm32f10x_rcc.o
                0x0000000008000dcc                RCC_ClearFlag
 .text.RTC_ITConfig
                0x0000000008000ddc       0x20 StdPeriph_Driver/src/stm32f10x_rtc.o
                0x0000000008000ddc                RTC_ITConfig
 .text.RTC_EnterConfigMode
                0x0000000008000dfc       0x14 StdPeriph_Driver/src/stm32f10x_rtc.o
                0x0000000008000dfc                RTC_EnterConfigMode
 .text.RTC_ExitConfigMode
                0x0000000008000e10       0x14 StdPeriph_Driver/src/stm32f10x_rtc.o
                0x0000000008000e10                RTC_ExitConfigMode
 .text.RTC_GetCounter
                0x0000000008000e24       0x14 StdPeriph_Driver/src/stm32f10x_rtc.o
                0x0000000008000e24                RTC_GetCounter
 .text.RTC_SetCounter
                0x0000000008000e38       0x1c StdPeriph_Driver/src/stm32f10x_rtc.o
                0x0000000008000e38                RTC_SetCounter
 .text.RTC_SetPrescaler
                0x0000000008000e54       0x20 StdPeriph_Driver/src/stm32f10x_rtc.o
                0x0000000008000e54                RTC_SetPrescaler
 .text.RTC_SetAlarm
                0x0000000008000e74       0x1c StdPeriph_Driver/src/stm32f10x_rtc.o
                0x0000000008000e74                RTC_SetAlarm
 .text.RTC_GetAlarm
                0x0000000008000e90       0x10 StdPeriph_Driver/src/stm32f10x_rtc.o
                0x0000000008000e90                RTC_GetAlarm
 .text.RTC_WaitForLastTask
                0x0000000008000ea0       0x10 StdPeriph_Driver/src/stm32f10x_rtc.o
                0x0000000008000ea0                RTC_WaitForLastTask
 .text.RTC_WaitForSynchro
                0x0000000008000eb0       0x20 StdPeriph_Driver/src/stm32f10x_rtc.o
                0x0000000008000eb0                RTC_WaitForSynchro
 .text.RTC_GetITStatus
                0x0000000008000ed0       0x20 StdPeriph_Driver/src/stm32f10x_rtc.o
                0x0000000008000ed0                RTC_GetITStatus
 .text.RTC_ClearITPendingBit
                0x0000000008000ef0       0x14 StdPeriph_Driver/src/stm32f10x_rtc.o
                0x0000000008000ef0                RTC_ClearITPendingBit
 .text.SPI_Init
                0x0000000008000f04       0x4c StdPeriph_Driver/src/stm32f10x_spi.o
                0x0000000008000f04                SPI_Init
 .text.SPI_StructInit
                0x0000000008000f50       0x18 StdPeriph_Driver/src/stm32f10x_spi.o
                0x0000000008000f50                SPI_StructInit
 .text.SPI_Cmd  0x0000000008000f68       0x1c StdPeriph_Driver/src/stm32f10x_spi.o
                0x0000000008000f68                SPI_Cmd
 .text.SPI_I2S_ITConfig
                0x0000000008000f84       0x20 StdPeriph_Driver/src/stm32f10x_spi.o
                0x0000000008000f84                SPI_I2S_ITConfig
 .text.SPI_I2S_DMACmd
                0x0000000008000fa4       0x18 StdPeriph_Driver/src/stm32f10x_spi.o
                0x0000000008000fa4                SPI_I2S_DMACmd
 .text.SPI_I2S_SendData
                0x0000000008000fbc        0x4 StdPeriph_Driver/src/stm32f10x_spi.o
                0x0000000008000fbc                SPI_I2S_SendData
 .text.SPI_I2S_ReceiveData
                0x0000000008000fc0        0x6 StdPeriph_Driver/src/stm32f10x_spi.o
                0x0000000008000fc0                SPI_I2S_ReceiveData
 .text.SPI_I2S_GetFlagStatus
                0x0000000008000fc6        0xe StdPeriph_Driver/src/stm32f10x_spi.o
                0x0000000008000fc6                SPI_I2S_GetFlagStatus
 .text.SPI_I2S_GetITStatus
                0x0000000008000fd4       0x2e StdPeriph_Driver/src/stm32f10x_spi.o
                0x0000000008000fd4                SPI_I2S_GetITStatus
 .text.SPI_I2S_ClearITPendingBit
                0x0000000008001002       0x12 StdPeriph_Driver/src/stm32f10x_spi.o
                0x0000000008001002                SPI_I2S_ClearITPendingBit
 .text.TIM_TimeBaseInit
                0x0000000008001014       0x94 StdPeriph_Driver/src/stm32f10x_tim.o
                0x0000000008001014                TIM_TimeBaseInit
 .text.TIM_OC1Init
                0x00000000080010a8       0x84 StdPeriph_Driver/src/stm32f10x_tim.o
                0x00000000080010a8                TIM_OC1Init
 .text.TIM_OC2Init
                0x000000000800112c       0x88 StdPeriph_Driver/src/stm32f10x_tim.o
                0x000000000800112c                TIM_OC2Init
 .text.TIM_OC3Init
                0x00000000080011b4       0x84 StdPeriph_Driver/src/stm32f10x_tim.o
                0x00000000080011b4                TIM_OC3Init
 .text.TIM_OC4Init
                0x0000000008001238       0x6c StdPeriph_Driver/src/stm32f10x_tim.o
                0x0000000008001238                TIM_OC4Init
 .text.TIM_Cmd  0x00000000080012a4       0x1c StdPeriph_Driver/src/stm32f10x_tim.o
                0x00000000080012a4                TIM_Cmd
 .text.TIM_ITConfig
                0x00000000080012c0       0x18 StdPeriph_Driver/src/stm32f10x_tim.o
                0x00000000080012c0                TIM_ITConfig
 .text.TIM_OC1PreloadConfig
                0x00000000080012d8        0xe StdPeriph_Driver/src/stm32f10x_tim.o
                0x00000000080012d8                TIM_OC1PreloadConfig
 .text.TIM_OC2PreloadConfig
                0x00000000080012e6       0x12 StdPeriph_Driver/src/stm32f10x_tim.o
                0x00000000080012e6                TIM_OC2PreloadConfig
 .text.TIM_OC3PreloadConfig
                0x00000000080012f8        0xe StdPeriph_Driver/src/stm32f10x_tim.o
                0x00000000080012f8                TIM_OC3PreloadConfig
 .text.TIM_OC4PreloadConfig
                0x0000000008001306       0x12 StdPeriph_Driver/src/stm32f10x_tim.o
                0x0000000008001306                TIM_OC4PreloadConfig
 .text.TIM_SetCompare1
                0x0000000008001318        0x4 StdPeriph_Driver/src/stm32f10x_tim.o
                0x0000000008001318                TIM_SetCompare1
 .text.TIM_SetCompare2
                0x000000000800131c        0x4 StdPeriph_Driver/src/stm32f10x_tim.o
                0x000000000800131c                TIM_SetCompare2
 .text.TIM_SetCompare3
                0x0000000008001320        0x4 StdPeriph_Driver/src/stm32f10x_tim.o
                0x0000000008001320                TIM_SetCompare3
 .text.TIM_SetCompare4
                0x0000000008001324        0x6 StdPeriph_Driver/src/stm32f10x_tim.o
                0x0000000008001324                TIM_SetCompare4
 .text.TIM_GetCapture1
                0x000000000800132a        0x6 StdPeriph_Driver/src/stm32f10x_tim.o
                0x000000000800132a                TIM_GetCapture1
 .text.TIM_GetCapture2
                0x0000000008001330        0x6 StdPeriph_Driver/src/stm32f10x_tim.o
                0x0000000008001330                TIM_GetCapture2
 .text.TIM_GetCapture3
                0x0000000008001336        0x6 StdPeriph_Driver/src/stm32f10x_tim.o
                0x0000000008001336                TIM_GetCapture3
 .text.TIM_GetCapture4
                0x000000000800133c        0x8 StdPeriph_Driver/src/stm32f10x_tim.o
                0x000000000800133c                TIM_GetCapture4
 .text.TIM_GetITStatus
                0x0000000008001344       0x18 StdPeriph_Driver/src/stm32f10x_tim.o
                0x0000000008001344                TIM_GetITStatus
 .text.TIM_ClearITPendingBit
                0x000000000800135c        0x8 StdPeriph_Driver/src/stm32f10x_tim.o
                0x000000000800135c                TIM_ClearITPendingBit
 .text.USART_Init
                0x0000000008001364       0xc8 StdPeriph_Driver/src/stm32f10x_usart.o
                0x0000000008001364                USART_Init
 .text.USART_Cmd
                0x000000000800142c       0x1c StdPeriph_Driver/src/stm32f10x_usart.o
                0x000000000800142c                USART_Cmd
 .text.USART_ITConfig
                0x0000000008001448       0x38 StdPeriph_Driver/src/stm32f10x_usart.o
                0x0000000008001448                USART_ITConfig
 .text.USART_SendData
                0x0000000008001480        0x8 StdPeriph_Driver/src/stm32f10x_usart.o
                0x0000000008001480                USART_SendData
 .text.USART_ReceiveData
                0x0000000008001488        0x8 StdPeriph_Driver/src/stm32f10x_usart.o
                0x0000000008001488                USART_ReceiveData
 .text.USART_GetFlagStatus
                0x0000000008001490        0xe StdPeriph_Driver/src/stm32f10x_usart.o
                0x0000000008001490                USART_GetFlagStatus
 *fill*         0x000000000800149e        0x2 
 .text.LCD_pinsInit
                0x00000000080014a0       0xb0 lib/ILI9341/core.o
 .text.LCD_reset
                0x0000000008001550       0x28 lib/ILI9341/core.o
                0x0000000008001550                LCD_reset
 .text.LCD_exitStandby
                0x0000000008001578       0x16 lib/ILI9341/core.o
                0x0000000008001578                LCD_exitStandby
 *fill*         0x000000000800158e        0x2 
 .text.LCD_setOrientation
                0x0000000008001590       0x58 lib/ILI9341/core.o
                0x0000000008001590                LCD_setOrientation
 .text.LCD_configure
                0x00000000080015e8       0x40 lib/ILI9341/core.o
 .text.LCD_init
                0x0000000008001628       0x2c lib/ILI9341/core.o
                0x0000000008001628                LCD_init
 .text.LCD_setAddressWindow
                0x0000000008001654       0xe0 lib/ILI9341/core.o
                0x0000000008001654                LCD_setAddressWindow
 .text.LCD_getWidth
                0x0000000008001734        0xc lib/ILI9341/core.o
                0x0000000008001734                LCD_getWidth
 .text.LCD_getHeight
                0x0000000008001740        0xc lib/ILI9341/core.o
                0x0000000008001740                LCD_getHeight
 .text.LCD_setSpi8
                0x000000000800174c       0x2c lib/ILI9341/core.o
                0x000000000800174c                LCD_setSpi8
 .text.LCD_setSpi16
                0x0000000008001778       0x28 lib/ILI9341/core.o
                0x0000000008001778                LCD_setSpi16
 .text.SysTick_Handler
                0x00000000080017a0       0x10 lib/ILI9341/delay.o
                0x00000000080017a0                SysTick_Handler
 .text.delay_ms
                0x00000000080017b0       0x58 lib/ILI9341/delay.o
                0x00000000080017b0                delay_ms
 .text.dmaInit  0x0000000008001808       0x54 lib/ILI9341/dma.o
                0x0000000008001808                dmaInit
 .text.dmaSendCmd
                0x000000000800185c       0x84 lib/ILI9341/dma.o
                0x000000000800185c                dmaSendCmd
 .text.dmaSendCmdCont
                0x00000000080018e0       0x70 lib/ILI9341/dma.o
                0x00000000080018e0                dmaSendCmdCont
 .text.dmaReceiveDataCont8
                0x0000000008001950       0x94 lib/ILI9341/dma.o
                0x0000000008001950                dmaReceiveDataCont8
 .text.dmaSendDataCont8
                0x00000000080019e4       0x68 lib/ILI9341/dma.o
                0x00000000080019e4                dmaSendDataCont8
 .text.dmaSendData16
                0x0000000008001a4c       0x84 lib/ILI9341/dma.o
                0x0000000008001a4c                dmaSendData16
 .text.dmaSendDataCont16
                0x0000000008001ad0       0x70 lib/ILI9341/dma.o
                0x0000000008001ad0                dmaSendDataCont16
 .text.dmaFill16
                0x0000000008001b40       0xf8 lib/ILI9341/dma.o
                0x0000000008001b40                dmaFill16
 .text.DMA1_Channel2_IRQHandler
                0x0000000008001c38       0x24 lib/ILI9341/dma.o
                0x0000000008001c38                DMA1_Channel2_IRQHandler
 .text.DMA1_Channel3_IRQHandler
                0x0000000008001c5c       0x28 lib/ILI9341/dma.o
                0x0000000008001c5c                DMA1_Channel3_IRQHandler
 .text.LCD_readPixels
                0x0000000008001c84       0x8c lib/ILI9341/graph.o
                0x0000000008001c84                LCD_readPixels
 .text.LCD_fillRect
                0x0000000008001d10       0x34 lib/ILI9341/graph.o
                0x0000000008001d10                LCD_fillRect
 .text.LCD_fillScreen
                0x0000000008001d44       0x3a lib/ILI9341/graph.o
                0x0000000008001d44                LCD_fillScreen
 .text.LCD_drawRect
                0x0000000008001d7e      0x210 lib/ILI9341/graph.o
                0x0000000008001d7e                LCD_drawRect
 *fill*         0x0000000008001f8e        0x2 
 .text.LCD_writeString
                0x0000000008001f90      0x238 lib/ILI9341/text.o
                0x0000000008001f90                LCD_writeString
 .text.LCD_setCursor
                0x00000000080021c8        0xc lib/ILI9341/text.o
                0x00000000080021c8                LCD_setCursor
 .text.LCD_setTextSize
                0x00000000080021d4        0xc lib/ILI9341/text.o
                0x00000000080021d4                LCD_setTextSize
 .text.LCD_setTextColor
                0x00000000080021e0        0xc lib/ILI9341/text.o
                0x00000000080021e0                LCD_setTextColor
 .text.LCD_setTextBgColor
                0x00000000080021ec        0xc lib/ILI9341/text.o
                0x00000000080021ec                LCD_setTextBgColor
 .text.MP3_init
                0x00000000080021f8       0xc0 src/DFPPlayer.o
                0x00000000080021f8                MP3_init
 .text.MP3_clear_RXBuffer
                0x00000000080022b8       0x38 src/DFPPlayer.o
                0x00000000080022b8                MP3_clear_RXBuffer
 .text.USART1_IRQHandler
                0x00000000080022f0       0x70 src/DFPPlayer.o
                0x00000000080022f0                USART1_IRQHandler
 .text.MP3_checksum
                0x0000000008002360       0x20 src/DFPPlayer.o
                0x0000000008002360                MP3_checksum
 .text.MP3_send_cmd
                0x0000000008002380       0x48 src/DFPPlayer.o
                0x0000000008002380                MP3_send_cmd
 .text.MP3_queue_processing
                0x00000000080023c8       0x5c src/DFPPlayer.o
                0x00000000080023c8                MP3_queue_processing
 .text.MP3_set_folder
                0x0000000008002424        0xc src/DFPPlayer.o
                0x0000000008002424                MP3_set_folder
 .text.BMP180_Init
                0x0000000008002430       0x98 src/bmp180.o
                0x0000000008002430                BMP180_Init
 .text.BMP180_WriteReg
                0x00000000080024c8       0x74 src/bmp180.o
                0x00000000080024c8                BMP180_WriteReg
 .text.BMP180_ReadReg
                0x000000000800253c       0xbc src/bmp180.o
                0x000000000800253c                BMP180_ReadReg
 .text.BMP180_ReadCalibration
                0x00000000080025f8      0x184 src/bmp180.o
                0x00000000080025f8                BMP180_ReadCalibration
 .text.init_bmp180
                0x000000000800277c       0x20 src/bmp180.o
                0x000000000800277c                init_bmp180
 .text.BMP180_Read_UT
                0x000000000800279c       0xdc src/bmp180.o
                0x000000000800279c                BMP180_Read_UT
 .text.BMP180_Read_PT
                0x0000000008002878      0x118 src/bmp180.o
                0x0000000008002878                BMP180_Read_PT
 .text.BMP180_Calc_RT
                0x0000000008002990       0x30 src/bmp180.o
                0x0000000008002990                BMP180_Calc_RT
 .text.read_temperature_str
                0x00000000080029c0       0x44 src/bmp180.o
                0x00000000080029c0                read_temperature_str
 .text.BMP180_Calc_RP
                0x0000000008002a04       0xa8 src/bmp180.o
                0x0000000008002a04                BMP180_Calc_RP
 .text.read_pressure_str
                0x0000000008002aac       0x58 src/bmp180.o
                0x0000000008002aac                read_pressure_str
 .text.sleep_mode_init
                0x0000000008002b04       0x70 src/device_config.o
                0x0000000008002b04                sleep_mode_init
 .text.EXTI0_IRQHandler
                0x0000000008002b74       0x1c src/device_config.o
                0x0000000008002b74                EXTI0_IRQHandler
 .text.device_init
                0x0000000008002b90       0x2c src/device_config.o
                0x0000000008002b90                device_init
 .text.turnOnOffLed
                0x0000000008002bbc       0x28 src/device_config.o
                0x0000000008002bbc                turnOnOffLed
 .text.RCC_Conf
                0x0000000008002be4       0x64 src/device_config.o
                0x0000000008002be4                RCC_Conf
 .text.main     0x0000000008002c48       0xd4 src/main.o
                0x0000000008002c48                main
 .text.working_day_checked
                0x0000000008002d1c        0xc src/menu.o
                0x0000000008002d1c                working_day_checked
 .text.alarm_on_checked
                0x0000000008002d28        0xc src/menu.o
                0x0000000008002d28                alarm_on_checked
 .text.get_menu_state
                0x0000000008002d34        0xc src/menu.o
                0x0000000008002d34                get_menu_state
 .text.on_button_released
                0x0000000008002d40       0x14 src/menu.o
                0x0000000008002d40                on_button_released
 .text.increment_set_clk_state
                0x0000000008002d54       0x1c src/menu.o
                0x0000000008002d54                increment_set_clk_state
 .text.increment_set_date_state
                0x0000000008002d70       0x1c src/menu.o
                0x0000000008002d70                increment_set_date_state
 .text.increment_set_alarm_state
                0x0000000008002d8c       0x1c src/menu.o
                0x0000000008002d8c                increment_set_alarm_state
 .text.create_menu
                0x0000000008002da8       0xe4 src/menu.o
                0x0000000008002da8                create_menu
 .text.setMenuState
                0x0000000008002e8c       0x24 src/menu.o
                0x0000000008002e8c                setMenuState
 .text.read_environmental_parameters
                0x0000000008002eb0       0x18 src/menu.o
                0x0000000008002eb0                read_environmental_parameters
 .text.on_set_working_day
                0x0000000008002ec8       0x1c src/menu.o
                0x0000000008002ec8                on_set_working_day
 .text.on_set_alarm
                0x0000000008002ee4       0x1c src/menu.o
                0x0000000008002ee4                on_set_alarm
 .text.on_set_alarm_up
                0x0000000008002f00       0x34 src/menu.o
                0x0000000008002f00                on_set_alarm_up
 .text.on_set_alarm_down
                0x0000000008002f34       0x34 src/menu.o
                0x0000000008002f34                on_set_alarm_down
 .text.on_set_up
                0x0000000008002f68       0x5c src/menu.o
                0x0000000008002f68                on_set_up
 .text.on_set_down
                0x0000000008002fc4       0x5c src/menu.o
                0x0000000008002fc4                on_set_down
 .text.show_menu
                0x0000000008003020      0x444 src/menu.o
                0x0000000008003020                show_menu
 .text.NVIC_RTC_Configuration
                0x0000000008003464       0x44 src/rtc.o
                0x0000000008003464                NVIC_RTC_Configuration
 .text.RTCAlarm_IRQHandler
                0x00000000080034a8        0x2 src/rtc.o
                0x00000000080034a8                RTCAlarm_IRQHandler
 *fill*         0x00000000080034aa        0x2 
 .text.read_alarm
                0x00000000080034ac       0xec src/rtc.o
                0x00000000080034ac                read_alarm
 .text.read_time
                0x0000000008003598       0xd8 src/rtc.o
                0x0000000008003598                read_time
 .text.read_date
                0x0000000008003670       0x78 src/rtc.o
                0x0000000008003670                read_date
 .text.addAlarmHour
                0x00000000080036e8       0x10 src/rtc.o
                0x00000000080036e8                addAlarmHour
 .text.removeAlarmHour
                0x00000000080036f8       0x10 src/rtc.o
                0x00000000080036f8                removeAlarmHour
 .text.addAlarmMinute
                0x0000000008003708        0xe src/rtc.o
                0x0000000008003708                addAlarmMinute
 .text.removeAlarmMinute
                0x0000000008003716        0xe src/rtc.o
                0x0000000008003716                removeAlarmMinute
 .text.addAlarmSec
                0x0000000008003724        0xe src/rtc.o
                0x0000000008003724                addAlarmSec
 .text.removeAlarmSec
                0x0000000008003732        0xe src/rtc.o
                0x0000000008003732                removeAlarmSec
 .text.addHour  0x0000000008003740       0x18 src/rtc.o
                0x0000000008003740                addHour
 .text.removeHour
                0x0000000008003758       0x18 src/rtc.o
                0x0000000008003758                removeHour
 .text.addMin   0x0000000008003770       0x16 src/rtc.o
                0x0000000008003770                addMin
 .text.removeMin
                0x0000000008003786       0x16 src/rtc.o
                0x0000000008003786                removeMin
 .text.addSec   0x000000000800379c       0x16 src/rtc.o
                0x000000000800379c                addSec
 .text.removeSec
                0x00000000080037b2       0x16 src/rtc.o
                0x00000000080037b2                removeSec
 .text.save_time
                0x00000000080037c8       0x22 src/rtc.o
                0x00000000080037c8                save_time
 *fill*         0x00000000080037ea        0x2 
 .text.check_leap
                0x00000000080037ec       0x40 src/rtc.o
                0x00000000080037ec                check_leap
 .text.prev_date
                0x000000000800382c       0xf4 src/rtc.o
                0x000000000800382c                prev_date
 .text.removeDay
                0x0000000008003920        0x8 src/rtc.o
                0x0000000008003920                removeDay
 .text.removeMonth
                0x0000000008003928       0x3e src/rtc.o
                0x0000000008003928                removeMonth
 .text.removeYear
                0x0000000008003966       0x1e src/rtc.o
                0x0000000008003966                removeYear
 .text.update_date
                0x0000000008003984       0xf0 src/rtc.o
                0x0000000008003984                update_date
 .text.check_next_day
                0x0000000008003a74       0x2c src/rtc.o
                0x0000000008003a74                check_next_day
 .text.analize_clock_clendar_state
                0x0000000008003aa0       0x1c src/rtc.o
                0x0000000008003aa0                analize_clock_clendar_state
 .text.addDay   0x0000000008003abc        0x8 src/rtc.o
                0x0000000008003abc                addDay
 .text.addMonth
                0x0000000008003ac4       0x3e src/rtc.o
                0x0000000008003ac4                addMonth
 .text.addYear  0x0000000008003b02       0x1e src/rtc.o
                0x0000000008003b02                addYear
 .text.save_date
                0x0000000008003b20       0x90 src/rtc.o
                0x0000000008003b20                save_date
 .text.set_alarm
                0x0000000008003bb0       0x2c src/rtc.o
                0x0000000008003bb0                set_alarm
 .text.check_for_days_elapsed
                0x0000000008003bdc       0x5c src/rtc.o
                0x0000000008003bdc                check_for_days_elapsed
 .text.RTC_Configuration
                0x0000000008003c38       0xcc src/rtc.o
                0x0000000008003c38                RTC_Configuration
 .text.rtc_init
                0x0000000008003d04       0x64 src/rtc.o
                0x0000000008003d04                rtc_init
 .text.day_of_week
                0x0000000008003d68       0x94 src/rtc.o
                0x0000000008003d68                day_of_week
 .text.RTC_IRQHandler
                0x0000000008003dfc       0x78 src/rtc.o
                0x0000000008003dfc                RTC_IRQHandler
 .text.getTimerChannelState
                0x0000000008003e74       0x34 src/scan_timer.o
                0x0000000008003e74                getTimerChannelState
 .text.setTimerChannelState
                0x0000000008003ea8       0x28 src/scan_timer.o
                0x0000000008003ea8                setTimerChannelState
 .text.init_timer
                0x0000000008003ed0       0xe4 src/scan_timer.o
                0x0000000008003ed0                init_timer
 .text.TIM1_CC_IRQHandler
                0x0000000008003fb4       0xdc src/scan_timer.o
                0x0000000008003fb4                TIM1_CC_IRQHandler
 .text.SetSysClockTo72
                0x0000000008004090       0xc4 src/system_stm32f10x.o
 .text.SetSysClock
                0x0000000008004154        0x8 src/system_stm32f10x.o
 .text.SystemInit
                0x000000000800415c       0x50 src/system_stm32f10x.o
                0x000000000800415c                SystemInit
 .text.TIM2_IRQHandler
                0x00000000080041ac       0xdc src/timers.o
                0x00000000080041ac                TIM2_IRQHandler
 .text.set_pushed_filter
                0x0000000008004288        0xc src/touch_screen.o
                0x0000000008004288                set_pushed_filter
 .text.DMA1_Channel4_IRQHandler
                0x0000000008004294       0x2c src/touch_screen.o
                0x0000000008004294                DMA1_Channel4_IRQHandler
 .text.DMA1_Channel5_IRQHandler
                0x00000000080042c0       0x2c src/touch_screen.o
                0x00000000080042c0                DMA1_Channel5_IRQHandler
 .text.SPI2_IRQHandler
                0x00000000080042ec       0xa4 src/touch_screen.o
                0x00000000080042ec                SPI2_IRQHandler
 .text.run_command
                0x0000000008004390       0x3c src/touch_screen.o
                0x0000000008004390                run_command
 .text.run_command_parameter
                0x00000000080043cc       0x40 src/touch_screen.o
                0x00000000080043cc                run_command_parameter
 .text.control_touch_buttons
                0x000000000800440c      0x164 src/touch_screen.o
                0x000000000800440c                control_touch_buttons
 .text.touch_screen_cs_low
                0x0000000008004570       0x14 src/touch_screen.o
                0x0000000008004570                touch_screen_cs_low
 .text.touch_screen_cs_high
                0x0000000008004584       0x14 src/touch_screen.o
                0x0000000008004584                touch_screen_cs_high
 .text.init_spi_2
                0x0000000008004598       0xcc src/touch_screen.o
                0x0000000008004598                init_spi_2
 .text.init_touch_screen
                0x0000000008004664        0x8 src/touch_screen.o
                0x0000000008004664                init_touch_screen
 .text.touch_screen_send_command
                0x000000000800466c       0x1c src/touch_screen.o
                0x000000000800466c                touch_screen_send_command
 .text.analize_data_from_touch_screen
                0x0000000008004688       0x54 src/touch_screen.o
                0x0000000008004688                analize_data_from_touch_screen
 .text.Reset_Handler
                0x00000000080046dc       0x50 startup/startup_stm32.o
                0x00000000080046dc                Reset_Handler
 .text.Default_Handler
                0x000000000800472c        0x2 startup/startup_stm32.o
                0x000000000800472c                EXTI2_IRQHandler
                0x000000000800472c                TIM8_TRG_COM_IRQHandler
                0x000000000800472c                TIM8_CC_IRQHandler
                0x000000000800472c                DebugMon_Handler
                0x000000000800472c                HardFault_Handler
                0x000000000800472c                TIM6_IRQHandler
                0x000000000800472c                PVD_IRQHandler
                0x000000000800472c                SDIO_IRQHandler
                0x000000000800472c                PendSV_Handler
                0x000000000800472c                NMI_Handler
                0x000000000800472c                EXTI3_IRQHandler
                0x000000000800472c                USB_HP_CAN_TX_IRQHandler
                0x000000000800472c                I2C2_EV_IRQHandler
                0x000000000800472c                UsageFault_Handler
                0x000000000800472c                ADC1_2_IRQHandler
                0x000000000800472c                SPI1_IRQHandler
                0x000000000800472c                CAN_SCE_IRQHandler
                0x000000000800472c                TAMPER_IRQHandler
                0x000000000800472c                TIM8_UP_IRQHandler
                0x000000000800472c                DMA2_Channel2_IRQHandler
                0x000000000800472c                USART3_IRQHandler
                0x000000000800472c                DMA1_Channel7_IRQHandler
                0x000000000800472c                UART5_IRQHandler
                0x000000000800472c                ADC3_IRQHandler
                0x000000000800472c                TIM4_IRQHandler
                0x000000000800472c                CAN_RX1_IRQHandler
                0x000000000800472c                DMA2_Channel1_IRQHandler
                0x000000000800472c                I2C1_EV_IRQHandler
                0x000000000800472c                DMA1_Channel6_IRQHandler
                0x000000000800472c                UART4_IRQHandler
                0x000000000800472c                TIM3_IRQHandler
                0x000000000800472c                RCC_IRQHandler
                0x000000000800472c                TIM1_TRG_COM_IRQHandler
                0x000000000800472c                DMA1_Channel1_IRQHandler
                0x000000000800472c                Default_Handler
                0x000000000800472c                EXTI15_10_IRQHandler
                0x000000000800472c                TIM7_IRQHandler
                0x000000000800472c                TIM5_IRQHandler
                0x000000000800472c                EXTI9_5_IRQHandler
                0x000000000800472c                USB_LP_CAN_RX0_IRQHandler
                0x000000000800472c                MemManage_Handler
                0x000000000800472c                SVC_Handler
                0x000000000800472c                EXTI4_IRQHandler
                0x000000000800472c                FSMC_IRQHandler
                0x000000000800472c                TIM1_UP_IRQHandler
                0x000000000800472c                WWDG_IRQHandler
                0x000000000800472c                TIM1_BRK_IRQHandler
                0x000000000800472c                EXTI1_IRQHandler
                0x000000000800472c                DMA2_Channel4_5_IRQHandler
                0x000000000800472c                USART2_IRQHandler
                0x000000000800472c                I2C2_ER_IRQHandler
                0x000000000800472c                TIM8_BRK_IRQHandler
                0x000000000800472c                FLASH_IRQHandler
                0x000000000800472c                BusFault_Handler
                0x000000000800472c                SPI3_IRQHandler
                0x000000000800472c                I2C1_ER_IRQHandler
                0x000000000800472c                DMA2_Channel3_IRQHandler
 *fill*         0x000000000800472e        0x2 
 .text.__errno  0x0000000008004730        0xc /home/gwarchol/Ac6/SystemWorkbench/plugins/fr.ac6.mcu.externaltools.arm-none.linux64_1.15.0.201708311556/tools/compiler/bin/../lib/gcc/arm-none-eabi/6.3.1/../../../../arm-none-eabi/lib/thumb/v7-m/libc_nano.a(lib_a-errno.o)
                0x0000000008004730                __errno
 .text._cleanup_r
                0x000000000800473c        0xc /home/gwarchol/Ac6/SystemWorkbench/plugins/fr.ac6.mcu.externaltools.arm-none.linux64_1.15.0.201708311556/tools/compiler/bin/../lib/gcc/arm-none-eabi/6.3.1/../../../../arm-none-eabi/lib/thumb/v7-m/libc_nano.a(lib_a-findfp.o)
                0x000000000800473c                _cleanup_r
 .text.std.isra.0
                0x0000000008004748       0x48 /home/gwarchol/Ac6/SystemWorkbench/plugins/fr.ac6.mcu.externaltools.arm-none.linux64_1.15.0.201708311556/tools/compiler/bin/../lib/gcc/arm-none-eabi/6.3.1/../../../../arm-none-eabi/lib/thumb/v7-m/libc_nano.a(lib_a-findfp.o)
 .text.__sfmoreglue
                0x0000000008004790       0x2c /home/gwarchol/Ac6/SystemWorkbench/plugins/fr.ac6.mcu.externaltools.arm-none.linux64_1.15.0.201708311556/tools/compiler/bin/../lib/gcc/arm-none-eabi/6.3.1/../../../../arm-none-eabi/lib/thumb/v7-m/libc_nano.a(lib_a-findfp.o)
                0x0000000008004790                __sfmoreglue
 .text.__sinit  0x00000000080047bc       0x60 /home/gwarchol/Ac6/SystemWorkbench/plugins/fr.ac6.mcu.externaltools.arm-none.linux64_1.15.0.201708311556/tools/compiler/bin/../lib/gcc/arm-none-eabi/6.3.1/../../../../arm-none-eabi/lib/thumb/v7-m/libc_nano.a(lib_a-findfp.o)
                0x00000000080047bc                __sinit
 .text.__sfp    0x000000000800481c       0x78 /home/gwarchol/Ac6/SystemWorkbench/plugins/fr.ac6.mcu.externaltools.arm-none.linux64_1.15.0.201708311556/tools/compiler/bin/../lib/gcc/arm-none-eabi/6.3.1/../../../../arm-none-eabi/lib/thumb/v7-m/libc_nano.a(lib_a-findfp.o)
                0x000000000800481c                __sfp
 .text._fwalk_reent
                0x0000000008004894       0x3c /home/gwarchol/Ac6/SystemWorkbench/plugins/fr.ac6.mcu.externaltools.arm-none.linux64_1.15.0.201708311556/tools/compiler/bin/../lib/gcc/arm-none-eabi/6.3.1/../../../../arm-none-eabi/lib/thumb/v7-m/libc_nano.a(lib_a-fwalk.o)
                0x0000000008004894                _fwalk_reent
 .text._malloc_r
                0x00000000080048d0       0xbc /home/gwarchol/Ac6/SystemWorkbench/plugins/fr.ac6.mcu.externaltools.arm-none.linux64_1.15.0.201708311556/tools/compiler/bin/../lib/gcc/arm-none-eabi/6.3.1/../../../../arm-none-eabi/lib/thumb/v7-m/libc_nano.a(lib_a-nano-mallocr.o)
                0x00000000080048d0                _malloc_r
 .text.printf   0x000000000800498c       0x30 /home/gwarchol/Ac6/SystemWorkbench/plugins/fr.ac6.mcu.externaltools.arm-none.linux64_1.15.0.201708311556/tools/compiler/bin/../lib/gcc/arm-none-eabi/6.3.1/../../../../arm-none-eabi/lib/thumb/v7-m/libc_nano.a(lib_a-printf.o)
                0x000000000800498c                printf
                0x000000000800498c                iprintf
 .text.putchar  0x00000000080049bc       0x28 /home/gwarchol/Ac6/SystemWorkbench/plugins/fr.ac6.mcu.externaltools.arm-none.linux64_1.15.0.201708311556/tools/compiler/bin/../lib/gcc/arm-none-eabi/6.3.1/../../../../arm-none-eabi/lib/thumb/v7-m/libc_nano.a(lib_a-putchar.o)
                0x00000000080049bc                putchar
 .text._puts_r  0x00000000080049e4       0xb8 /home/gwarchol/Ac6/SystemWorkbench/plugins/fr.ac6.mcu.externaltools.arm-none.linux64_1.15.0.201708311556/tools/compiler/bin/../lib/gcc/arm-none-eabi/6.3.1/../../../../arm-none-eabi/lib/thumb/v7-m/libc_nano.a(lib_a-puts.o)
                0x00000000080049e4                _puts_r
 .text.puts     0x0000000008004a9c       0x10 /home/gwarchol/Ac6/SystemWorkbench/plugins/fr.ac6.mcu.externaltools.arm-none.linux64_1.15.0.201708311556/tools/compiler/bin/../lib/gcc/arm-none-eabi/6.3.1/../../../../arm-none-eabi/lib/thumb/v7-m/libc_nano.a(lib_a-puts.o)
                0x0000000008004a9c                puts
 .text._sbrk_r  0x0000000008004aac       0x20 /home/gwarchol/Ac6/SystemWorkbench/plugins/fr.ac6.mcu.externaltools.arm-none.linux64_1.15.0.201708311556/tools/compiler/bin/../lib/gcc/arm-none-eabi/6.3.1/../../../../arm-none-eabi/lib/thumb/v7-m/libc_nano.a(lib_a-sbrkr.o)
                0x0000000008004aac                _sbrk_r
 .text.sprintf  0x0000000008004acc       0x48 /home/gwarchol/Ac6/SystemWorkbench/plugins/fr.ac6.mcu.externaltools.arm-none.linux64_1.15.0.201708311556/tools/compiler/bin/../lib/gcc/arm-none-eabi/6.3.1/../../../../arm-none-eabi/lib/thumb/v7-m/libc_nano.a(lib_a-sprintf.o)
                0x0000000008004acc                sprintf
                0x0000000008004acc                siprintf
 .text.__sread  0x0000000008004b14       0x22 /home/gwarchol/Ac6/SystemWorkbench/plugins/fr.ac6.mcu.externaltools.arm-none.linux64_1.15.0.201708311556/tools/compiler/bin/../lib/gcc/arm-none-eabi/6.3.1/../../../../arm-none-eabi/lib/thumb/v7-m/libc_nano.a(lib_a-stdio.o)
                0x0000000008004b14                __sread
 .text.__swrite
                0x0000000008004b36       0x38 /home/gwarchol/Ac6/SystemWorkbench/plugins/fr.ac6.mcu.externaltools.arm-none.linux64_1.15.0.201708311556/tools/compiler/bin/../lib/gcc/arm-none-eabi/6.3.1/../../../../arm-none-eabi/lib/thumb/v7-m/libc_nano.a(lib_a-stdio.o)
                0x0000000008004b36                __swrite
 .text.__sseek  0x0000000008004b6e       0x24 /home/gwarchol/Ac6/SystemWorkbench/plugins/fr.ac6.mcu.externaltools.arm-none.linux64_1.15.0.201708311556/tools/compiler/bin/../lib/gcc/arm-none-eabi/6.3.1/../../../../arm-none-eabi/lib/thumb/v7-m/libc_nano.a(lib_a-stdio.o)
                0x0000000008004b6e                __sseek
 .text.__sclose
                0x0000000008004b92        0x8 /home/gwarchol/Ac6/SystemWorkbench/plugins/fr.ac6.mcu.externaltools.arm-none.linux64_1.15.0.201708311556/tools/compiler/bin/../lib/gcc/arm-none-eabi/6.3.1/../../../../arm-none-eabi/lib/thumb/v7-m/libc_nano.a(lib_a-stdio.o)
                0x0000000008004b92                __sclose
 *fill*         0x0000000008004b9a        0x2 
 .text.__swbuf_r
                0x0000000008004b9c       0xa4 /home/gwarchol/Ac6/SystemWorkbench/plugins/fr.ac6.mcu.externaltools.arm-none.linux64_1.15.0.201708311556/tools/compiler/bin/../lib/gcc/arm-none-eabi/6.3.1/../../../../arm-none-eabi/lib/thumb/v7-m/libc_nano.a(lib_a-wbuf.o)
                0x0000000008004b9c                __swbuf_r
 .text._write_r
                0x0000000008004c40       0x24 /home/gwarchol/Ac6/SystemWorkbench/plugins/fr.ac6.mcu.externaltools.arm-none.linux64_1.15.0.201708311556/tools/compiler/bin/../lib/gcc/arm-none-eabi/6.3.1/../../../../arm-none-eabi/lib/thumb/v7-m/libc_nano.a(lib_a-writer.o)
                0x0000000008004c40                _write_r
 .text.__swsetup_r
                0x0000000008004c64       0xdc /home/gwarchol/Ac6/SystemWorkbench/plugins/fr.ac6.mcu.externaltools.arm-none.linux64_1.15.0.201708311556/tools/compiler/bin/../lib/gcc/arm-none-eabi/6.3.1/../../../../arm-none-eabi/lib/thumb/v7-m/libc_nano.a(lib_a-wsetup.o)
                0x0000000008004c64                __swsetup_r
 .text._close_r
                0x0000000008004d40       0x20 /home/gwarchol/Ac6/SystemWorkbench/plugins/fr.ac6.mcu.externaltools.arm-none.linux64_1.15.0.201708311556/tools/compiler/bin/../lib/gcc/arm-none-eabi/6.3.1/../../../../arm-none-eabi/lib/thumb/v7-m/libc_nano.a(lib_a-closer.o)
                0x0000000008004d40                _close_r
 .text.__sflush_r
                0x0000000008004d60      0x110 /home/gwarchol/Ac6/SystemWorkbench/plugins/fr.ac6.mcu.externaltools.arm-none.linux64_1.15.0.201708311556/tools/compiler/bin/../lib/gcc/arm-none-eabi/6.3.1/../../../../arm-none-eabi/lib/thumb/v7-m/libc_nano.a(lib_a-fflush.o)
                0x0000000008004d60                __sflush_r
 .text._fflush_r
                0x0000000008004e70       0x54 /home/gwarchol/Ac6/SystemWorkbench/plugins/fr.ac6.mcu.externaltools.arm-none.linux64_1.15.0.201708311556/tools/compiler/bin/../lib/gcc/arm-none-eabi/6.3.1/../../../../arm-none-eabi/lib/thumb/v7-m/libc_nano.a(lib_a-fflush.o)
                0x0000000008004e70                _fflush_r
 .text._lseek_r
                0x0000000008004ec4       0x24 /home/gwarchol/Ac6/SystemWorkbench/plugins/fr.ac6.mcu.externaltools.arm-none.linux64_1.15.0.201708311556/tools/compiler/bin/../lib/gcc/arm-none-eabi/6.3.1/../../../../arm-none-eabi/lib/thumb/v7-m/libc_nano.a(lib_a-lseekr.o)
                0x0000000008004ec4                _lseek_r
 .text.__swhatbuf_r
                0x0000000008004ee8       0x48 /home/gwarchol/Ac6/SystemWorkbench/plugins/fr.ac6.mcu.externaltools.arm-none.linux64_1.15.0.201708311556/tools/compiler/bin/../lib/gcc/arm-none-eabi/6.3.1/../../../../arm-none-eabi/lib/thumb/v7-m/libc_nano.a(lib_a-makebuf.o)
                0x0000000008004ee8                __swhatbuf_r
 .text.__smakebuf_r
                0x0000000008004f30       0x80 /home/gwarchol/Ac6/SystemWorkbench/plugins/fr.ac6.mcu.externaltools.arm-none.linux64_1.15.0.201708311556/tools/compiler/bin/../lib/gcc/arm-none-eabi/6.3.1/../../../../arm-none-eabi/lib/thumb/v7-m/libc_nano.a(lib_a-makebuf.o)
                0x0000000008004f30                __smakebuf_r
 .text.__malloc_lock
                0x0000000008004fb0        0x2 /home/gwarchol/Ac6/SystemWorkbench/plugins/fr.ac6.mcu.externaltools.arm-none.linux64_1.15.0.201708311556/tools/compiler/bin/../lib/gcc/arm-none-eabi/6.3.1/../../../../arm-none-eabi/lib/thumb/v7-m/libc_nano.a(lib_a-mlock.o)
                0x0000000008004fb0                __malloc_lock
 .text.__malloc_unlock
                0x0000000008004fb2        0x2 /home/gwarchol/Ac6/SystemWorkbench/plugins/fr.ac6.mcu.externaltools.arm-none.linux64_1.15.0.201708311556/tools/compiler/bin/../lib/gcc/arm-none-eabi/6.3.1/../../../../arm-none-eabi/lib/thumb/v7-m/libc_nano.a(lib_a-mlock.o)
                0x0000000008004fb2                __malloc_unlock
 .text._free_r  0x0000000008004fb4       0x98 /home/gwarchol/Ac6/SystemWorkbench/plugins/fr.ac6.mcu.externaltools.arm-none.linux64_1.15.0.201708311556/tools/compiler/bin/../lib/gcc/arm-none-eabi/6.3.1/../../../../arm-none-eabi/lib/thumb/v7-m/libc_nano.a(lib_a-nano-freer.o)
                0x0000000008004fb4                _free_r
 .text.__ssputs_r
                0x000000000800504c       0xb6 /home/gwarchol/Ac6/SystemWorkbench/plugins/fr.ac6.mcu.externaltools.arm-none.linux64_1.15.0.201708311556/tools/compiler/bin/../lib/gcc/arm-none-eabi/6.3.1/../../../../arm-none-eabi/lib/thumb/v7-m/libc_nano.a(lib_a-nano-svfprintf.o)
                0x000000000800504c                __ssputs_r
 *fill*         0x0000000008005102        0x2 
 .text._svfprintf_r
                0x0000000008005104      0x1e8 /home/gwarchol/Ac6/SystemWorkbench/plugins/fr.ac6.mcu.externaltools.arm-none.linux64_1.15.0.201708311556/tools/compiler/bin/../lib/gcc/arm-none-eabi/6.3.1/../../../../arm-none-eabi/lib/thumb/v7-m/libc_nano.a(lib_a-nano-svfprintf.o)
                0x0000000008005104                _svfprintf_r
                0x0000000008005104                _svfiprintf_r
 .text.__sfputc_r
                0x00000000080052ec       0x2c /home/gwarchol/Ac6/SystemWorkbench/plugins/fr.ac6.mcu.externaltools.arm-none.linux64_1.15.0.201708311556/tools/compiler/bin/../lib/gcc/arm-none-eabi/6.3.1/../../../../arm-none-eabi/lib/thumb/v7-m/libc_nano.a(lib_a-nano-vfprintf.o)
 .text.__sfputs_r
                0x0000000008005318       0x24 /home/gwarchol/Ac6/SystemWorkbench/plugins/fr.ac6.mcu.externaltools.arm-none.linux64_1.15.0.201708311556/tools/compiler/bin/../lib/gcc/arm-none-eabi/6.3.1/../../../../arm-none-eabi/lib/thumb/v7-m/libc_nano.a(lib_a-nano-vfprintf.o)
                0x0000000008005318                __sfputs_r
 .text._vfprintf_r
                0x000000000800533c      0x22c /home/gwarchol/Ac6/SystemWorkbench/plugins/fr.ac6.mcu.externaltools.arm-none.linux64_1.15.0.201708311556/tools/compiler/bin/../lib/gcc/arm-none-eabi/6.3.1/../../../../arm-none-eabi/lib/thumb/v7-m/libc_nano.a(lib_a-nano-vfprintf.o)
                0x000000000800533c                _vfiprintf_r
                0x000000000800533c                _vfprintf_r
 .text._printf_common
                0x0000000008005568       0xee /home/gwarchol/Ac6/SystemWorkbench/plugins/fr.ac6.mcu.externaltools.arm-none.linux64_1.15.0.201708311556/tools/compiler/bin/../lib/gcc/arm-none-eabi/6.3.1/../../../../arm-none-eabi/lib/thumb/v7-m/libc_nano.a(lib_a-nano-vfprintf_i.o)
                0x0000000008005568                _printf_common
 *fill*         0x0000000008005656        0x2 
 .text._printf_i
                0x0000000008005658      0x240 /home/gwarchol/Ac6/SystemWorkbench/plugins/fr.ac6.mcu.externaltools.arm-none.linux64_1.15.0.201708311556/tools/compiler/bin/../lib/gcc/arm-none-eabi/6.3.1/../../../../arm-none-eabi/lib/thumb/v7-m/libc_nano.a(lib_a-nano-vfprintf_i.o)
                0x0000000008005658                _printf_i
 .text._putc_r  0x0000000008005898       0x6c /home/gwarchol/Ac6/SystemWorkbench/plugins/fr.ac6.mcu.externaltools.arm-none.linux64_1.15.0.201708311556/tools/compiler/bin/../lib/gcc/arm-none-eabi/6.3.1/../../../../arm-none-eabi/lib/thumb/v7-m/libc_nano.a(lib_a-putc.o)
                0x0000000008005898                _putc_r
 .text._read_r  0x0000000008005904       0x24 /home/gwarchol/Ac6/SystemWorkbench/plugins/fr.ac6.mcu.externaltools.arm-none.linux64_1.15.0.201708311556/tools/compiler/bin/../lib/gcc/arm-none-eabi/6.3.1/../../../../arm-none-eabi/lib/thumb/v7-m/libc_nano.a(lib_a-readr.o)
                0x0000000008005904                _read_r
 .text._fstat_r
                0x0000000008005928       0x24 /home/gwarchol/Ac6/SystemWorkbench/plugins/fr.ac6.mcu.externaltools.arm-none.linux64_1.15.0.201708311556/tools/compiler/bin/../lib/gcc/arm-none-eabi/6.3.1/../../../../arm-none-eabi/lib/thumb/v7-m/libc_nano.a(lib_a-fstatr.o)
                0x0000000008005928                _fstat_r
 .text._isatty_r
                0x000000000800594c       0x20 /home/gwarchol/Ac6/SystemWorkbench/plugins/fr.ac6.mcu.externaltools.arm-none.linux64_1.15.0.201708311556/tools/compiler/bin/../lib/gcc/arm-none-eabi/6.3.1/../../../../arm-none-eabi/lib/thumb/v7-m/libc_nano.a(lib_a-isattyr.o)
                0x000000000800594c                _isatty_r
 .text.memchr   0x000000000800596c       0x1c /home/gwarchol/Ac6/SystemWorkbench/plugins/fr.ac6.mcu.externaltools.arm-none.linux64_1.15.0.201708311556/tools/compiler/bin/../lib/gcc/arm-none-eabi/6.3.1/../../../../arm-none-eabi/lib/thumb/v7-m/libc_nano.a(lib_a-memchr-stub.o)
                0x000000000800596c                memchr
 .text.memcpy   0x0000000008005988       0x16 /home/gwarchol/Ac6/SystemWorkbench/plugins/fr.ac6.mcu.externaltools.arm-none.linux64_1.15.0.201708311556/tools/compiler/bin/../lib/gcc/arm-none-eabi/6.3.1/../../../../arm-none-eabi/lib/thumb/v7-m/libc_nano.a(lib_a-memcpy-stub.o)
                0x0000000008005988                memcpy
 .text.memmove  0x000000000800599e       0x34 /home/gwarchol/Ac6/SystemWorkbench/plugins/fr.ac6.mcu.externaltools.arm-none.linux64_1.15.0.201708311556/tools/compiler/bin/../lib/gcc/arm-none-eabi/6.3.1/../../../../arm-none-eabi/lib/thumb/v7-m/libc_nano.a(lib_a-memmove.o)
                0x000000000800599e                memmove
 .text._realloc_r
                0x00000000080059d2       0x4c /home/gwarchol/Ac6/SystemWorkbench/plugins/fr.ac6.mcu.externaltools.arm-none.linux64_1.15.0.201708311556/tools/compiler/bin/../lib/gcc/arm-none-eabi/6.3.1/../../../../arm-none-eabi/lib/thumb/v7-m/libc_nano.a(lib_a-nano-reallocr.o)
                0x00000000080059d2                _realloc_r
 .text._malloc_usable_size_r
                0x0000000008005a1e       0x12 /home/gwarchol/Ac6/SystemWorkbench/plugins/fr.ac6.mcu.externaltools.arm-none.linux64_1.15.0.201708311556/tools/compiler/bin/../lib/gcc/arm-none-eabi/6.3.1/../../../../arm-none-eabi/lib/thumb/v7-m/libc_nano.a(lib_a-nano-msizer.o)
                0x0000000008005a1e                _malloc_usable_size_r
 *(.glue_7)
 .glue_7        0x0000000008005a30        0x0 linker stubs
 *(.glue_7t)
 .glue_7t       0x0000000008005a30        0x0 linker stubs
 *(.eh_frame)
 .eh_frame      0x0000000008005a30        0x0 /home/gwarchol/Ac6/SystemWorkbench/plugins/fr.ac6.mcu.externaltools.arm-none.linux64_1.15.0.201708311556/tools/compiler/bin/../lib/gcc/arm-none-eabi/6.3.1/thumb/v7-m/crtbegin.o
 *(.init)
 .init          0x0000000008005a30        0x4 /home/gwarchol/Ac6/SystemWorkbench/plugins/fr.ac6.mcu.externaltools.arm-none.linux64_1.15.0.201708311556/tools/compiler/bin/../lib/gcc/arm-none-eabi/6.3.1/thumb/v7-m/crti.o
                0x0000000008005a30                _init
 .init          0x0000000008005a34        0x8 /home/gwarchol/Ac6/SystemWorkbench/plugins/fr.ac6.mcu.externaltools.arm-none.linux64_1.15.0.201708311556/tools/compiler/bin/../lib/gcc/arm-none-eabi/6.3.1/thumb/v7-m/crtn.o
 *(.fini)
 .fini          0x0000000008005a3c        0x4 /home/gwarchol/Ac6/SystemWorkbench/plugins/fr.ac6.mcu.externaltools.arm-none.linux64_1.15.0.201708311556/tools/compiler/bin/../lib/gcc/arm-none-eabi/6.3.1/thumb/v7-m/crti.o
                0x0000000008005a3c                _fini
 .fini          0x0000000008005a40        0x8 /home/gwarchol/Ac6/SystemWorkbench/plugins/fr.ac6.mcu.externaltools.arm-none.linux64_1.15.0.201708311556/tools/compiler/bin/../lib/gcc/arm-none-eabi/6.3.1/thumb/v7-m/crtn.o
                0x0000000008005a48                . = ALIGN (0x4)
                0x0000000008005a48                _etext = .

.vfp11_veneer   0x0000000008005a48        0x0
 .vfp11_veneer  0x0000000008005a48        0x0 linker stubs

.v4_bx          0x0000000008005a48        0x0
 .v4_bx         0x0000000008005a48        0x0 linker stubs

.iplt           0x0000000008005a48        0x0
 .iplt          0x0000000008005a48        0x0 /home/gwarchol/Ac6/SystemWorkbench/plugins/fr.ac6.mcu.externaltools.arm-none.linux64_1.15.0.201708311556/tools/compiler/bin/../lib/gcc/arm-none-eabi/6.3.1/thumb/v7-m/crtbegin.o

.rodata         0x0000000008005a48      0x780
                0x0000000008005a48                . = ALIGN (0x4)
 *(.rodata)
 .rodata        0x0000000008005a48       0x63 lib/ILI9341/core.o
 *fill*         0x0000000008005aab        0x1 
 .rodata        0x0000000008005aac      0x500 lib/ILI9341/text.o
 *(.rodata*)
 .rodata._global_impure_ptr
                0x0000000008005fac        0x4 /home/gwarchol/Ac6/SystemWorkbench/plugins/fr.ac6.mcu.externaltools.arm-none.linux64_1.15.0.201708311556/tools/compiler/bin/../lib/gcc/arm-none-eabi/6.3.1/../../../../arm-none-eabi/lib/thumb/v7-m/libc_nano.a(lib_a-impure.o)
                0x0000000008005fac                _global_impure_ptr
 .rodata.initialise_monitor_handles.str1.1
                0x0000000008005fb0        0x4 /home/gwarchol/Ac6/SystemWorkbench/plugins/fr.ac6.mcu.externaltools.arm-none.linux64_1.15.0.201708311556/tools/compiler/bin/../lib/gcc/arm-none-eabi/6.3.1/../../../../arm-none-eabi/lib/thumb/v7-m/librdimon_nano.a(rdimon-syscalls.o)
 .rodata.str1.4
                0x0000000008005fb4       0x14 src/bmp180.o
 .rodata.str1.4
                0x0000000008005fc8        0x7 src/device_config.o
 *fill*         0x0000000008005fcf        0x1 
 .rodata.str1.4
                0x0000000008005fd0        0x6 src/main.o
 *fill*         0x0000000008005fd6        0x2 
 .rodata.str1.4
                0x0000000008005fd8       0xc2 src/menu.o
 *fill*         0x000000000800609a        0x2 
 .rodata.str1.4
                0x000000000800609c       0x98 src/rtc.o
                                         0x9c (size before relaxing)
 .rodata.__sf_fake_stderr
                0x0000000008006134       0x20 /home/gwarchol/Ac6/SystemWorkbench/plugins/fr.ac6.mcu.externaltools.arm-none.linux64_1.15.0.201708311556/tools/compiler/bin/../lib/gcc/arm-none-eabi/6.3.1/../../../../arm-none-eabi/lib/thumb/v7-m/libc_nano.a(lib_a-findfp.o)
                0x0000000008006134                __sf_fake_stderr
 .rodata.__sf_fake_stdin
                0x0000000008006154       0x20 /home/gwarchol/Ac6/SystemWorkbench/plugins/fr.ac6.mcu.externaltools.arm-none.linux64_1.15.0.201708311556/tools/compiler/bin/../lib/gcc/arm-none-eabi/6.3.1/../../../../arm-none-eabi/lib/thumb/v7-m/libc_nano.a(lib_a-findfp.o)
                0x0000000008006154                __sf_fake_stdin
 .rodata.__sf_fake_stdout
                0x0000000008006174       0x20 /home/gwarchol/Ac6/SystemWorkbench/plugins/fr.ac6.mcu.externaltools.arm-none.linux64_1.15.0.201708311556/tools/compiler/bin/../lib/gcc/arm-none-eabi/6.3.1/../../../../arm-none-eabi/lib/thumb/v7-m/libc_nano.a(lib_a-findfp.o)
                0x0000000008006174                __sf_fake_stdout
 .rodata._svfprintf_r.str1.1
                0x0000000008006194       0x11 /home/gwarchol/Ac6/SystemWorkbench/plugins/fr.ac6.mcu.externaltools.arm-none.linux64_1.15.0.201708311556/tools/compiler/bin/../lib/gcc/arm-none-eabi/6.3.1/../../../../arm-none-eabi/lib/thumb/v7-m/libc_nano.a(lib_a-nano-svfprintf.o)
 .rodata._vfprintf_r.str1.1
                0x00000000080061a5       0x11 /home/gwarchol/Ac6/SystemWorkbench/plugins/fr.ac6.mcu.externaltools.arm-none.linux64_1.15.0.201708311556/tools/compiler/bin/../lib/gcc/arm-none-eabi/6.3.1/../../../../arm-none-eabi/lib/thumb/v7-m/libc_nano.a(lib_a-nano-vfprintf.o)
 .rodata._printf_i.str1.1
                0x00000000080061a5       0x22 /home/gwarchol/Ac6/SystemWorkbench/plugins/fr.ac6.mcu.externaltools.arm-none.linux64_1.15.0.201708311556/tools/compiler/bin/../lib/gcc/arm-none-eabi/6.3.1/../../../../arm-none-eabi/lib/thumb/v7-m/libc_nano.a(lib_a-nano-vfprintf_i.o)
                0x00000000080061c8                . = ALIGN (0x4)
 *fill*         0x00000000080061c7        0x1 

.rel.dyn        0x00000000080061c8        0x0
 .rel.iplt      0x00000000080061c8        0x0 /home/gwarchol/Ac6/SystemWorkbench/plugins/fr.ac6.mcu.externaltools.arm-none.linux64_1.15.0.201708311556/tools/compiler/bin/../lib/gcc/arm-none-eabi/6.3.1/thumb/v7-m/crtbegin.o

.ARM.extab      0x00000000080061c8        0x0
                0x00000000080061c8                . = ALIGN (0x4)
 *(.ARM.extab* .gnu.linkonce.armextab.*)
                0x00000000080061c8                . = ALIGN (0x4)

.ARM            0x00000000080061c8        0x0
                0x00000000080061c8                . = ALIGN (0x4)
                0x00000000080061c8                __exidx_start = .
 *(.ARM.exidx*)
                0x00000000080061c8                __exidx_end = .
                0x00000000080061c8                . = ALIGN (0x4)

.preinit_array  0x00000000080061c8        0x0
                0x00000000080061c8                . = ALIGN (0x4)
                0x00000000080061c8                PROVIDE (__preinit_array_start, .)
 *(.preinit_array*)
                0x00000000080061c8                PROVIDE (__preinit_array_end, .)
                0x00000000080061c8                . = ALIGN (0x4)

.init_array     0x00000000080061c8        0x4
                0x00000000080061c8                . = ALIGN (0x4)
                0x00000000080061c8                PROVIDE (__init_array_start, .)
 *(SORT(.init_array.*))
 *(.init_array*)
 .init_array    0x00000000080061c8        0x4 /home/gwarchol/Ac6/SystemWorkbench/plugins/fr.ac6.mcu.externaltools.arm-none.linux64_1.15.0.201708311556/tools/compiler/bin/../lib/gcc/arm-none-eabi/6.3.1/thumb/v7-m/crtbegin.o
                0x00000000080061cc                PROVIDE (__init_array_end, .)
                0x00000000080061cc                . = ALIGN (0x4)

.fini_array     0x00000000080061cc        0x4
                0x00000000080061cc                . = ALIGN (0x4)
                [!provide]                        PROVIDE (__fini_array_start, .)
 *(SORT(.fini_array.*))
 *(.fini_array*)
 .fini_array    0x00000000080061cc        0x4 /home/gwarchol/Ac6/SystemWorkbench/plugins/fr.ac6.mcu.externaltools.arm-none.linux64_1.15.0.201708311556/tools/compiler/bin/../lib/gcc/arm-none-eabi/6.3.1/thumb/v7-m/crtbegin.o
                [!provide]                        PROVIDE (__fini_array_end, .)
                0x00000000080061d0                . = ALIGN (0x4)
                0x00000000080061d0                _sidata = LOADADDR (.data)

.data           0x0000000020000000       0xf0 load address 0x00000000080061d0
                0x0000000020000000                . = ALIGN (0x4)
                0x0000000020000000                _sdata = .
 *(.data)
 .data          0x0000000020000000       0x14 StdPeriph_Driver/src/stm32f10x_rcc.o
 .data          0x0000000020000014        0x4 lib/ILI9341/core.o
 .data          0x0000000020000018        0x6 lib/ILI9341/text.o
                0x0000000020000018                textSize
                0x0000000020000019                wrap
                0x000000002000001a                textColor
                0x000000002000001c                textBgColor
 *fill*         0x000000002000001e        0x2 
 .data          0x0000000020000020       0x17 src/DFPPlayer.o
                0x0000000020000020                mp3_cmd_buf
                0x000000002000002c                mp3_queue
                0x0000000020000036                mp3_folder
 *fill*         0x0000000020000037        0x1 
 .data          0x0000000020000038       0x20 src/menu.o
                0x000000002000003c                days
 .data          0x0000000020000058        0x8 src/scan_timer.o
                0x0000000020000058                CC1
                0x000000002000005a                CC2
                0x000000002000005c                CC3
                0x000000002000005e                CC4
 .data          0x0000000020000060       0x14 src/system_stm32f10x.o
                0x0000000020000060                SystemCoreClock
                0x0000000020000064                AHBPrescTable
 .data          0x0000000020000074        0x8 src/timers.o
                0x0000000020000074                CCR1_Val
                0x0000000020000076                CCR2_Val
                0x0000000020000078                CCR3_Val
                0x000000002000007a                CCR4_Val
 .data          0x000000002000007c        0xa src/touch_screen.o
                0x000000002000007c                touch_screen_state
                0x0000000020000080                touch_screeen_data_out
 *(.data*)
 *fill*         0x0000000020000086        0x2 
 .data._impure_ptr
                0x0000000020000088        0x4 /home/gwarchol/Ac6/SystemWorkbench/plugins/fr.ac6.mcu.externaltools.arm-none.linux64_1.15.0.201708311556/tools/compiler/bin/../lib/gcc/arm-none-eabi/6.3.1/../../../../arm-none-eabi/lib/thumb/v7-m/libc_nano.a(lib_a-impure.o)
                0x0000000020000088                _impure_ptr
 .data.impure_data
                0x000000002000008c       0x60 /home/gwarchol/Ac6/SystemWorkbench/plugins/fr.ac6.mcu.externaltools.arm-none.linux64_1.15.0.201708311556/tools/compiler/bin/../lib/gcc/arm-none-eabi/6.3.1/../../../../arm-none-eabi/lib/thumb/v7-m/libc_nano.a(lib_a-impure.o)
 .data.__heap_limit
                0x00000000200000ec        0x4 /home/gwarchol/Ac6/SystemWorkbench/plugins/fr.ac6.mcu.externaltools.arm-none.linux64_1.15.0.201708311556/tools/compiler/bin/../lib/gcc/arm-none-eabi/6.3.1/../../../../arm-none-eabi/lib/thumb/v7-m/librdimon_nano.a(rdimon-syscalls.o)
                0x00000000200000ec                __heap_limit
                0x00000000200000f0                . = ALIGN (0x4)
                0x00000000200000f0                _edata = .

.jcr            0x00000000200000f0        0x0 load address 0x00000000080062c0
 .jcr           0x00000000200000f0        0x0 /home/gwarchol/Ac6/SystemWorkbench/plugins/fr.ac6.mcu.externaltools.arm-none.linux64_1.15.0.201708311556/tools/compiler/bin/../lib/gcc/arm-none-eabi/6.3.1/thumb/v7-m/crtbegin.o

.igot.plt       0x00000000200000f0        0x0 load address 0x00000000080062c0
 .igot.plt      0x00000000200000f0        0x0 /home/gwarchol/Ac6/SystemWorkbench/plugins/fr.ac6.mcu.externaltools.arm-none.linux64_1.15.0.201708311556/tools/compiler/bin/../lib/gcc/arm-none-eabi/6.3.1/thumb/v7-m/crtbegin.o
                0x00000000200000f0                . = ALIGN (0x4)

.bss            0x00000000200000f0     0x1210 load address 0x00000000080062c0
                0x00000000200000f0                _sbss = .
                0x00000000200000f0                __bss_start__ = _sbss
 *(.bss)
 .bss           0x00000000200000f0       0x1c /home/gwarchol/Ac6/SystemWorkbench/plugins/fr.ac6.mcu.externaltools.arm-none.linux64_1.15.0.201708311556/tools/compiler/bin/../lib/gcc/arm-none-eabi/6.3.1/thumb/v7-m/crtbegin.o
 .bss           0x000000002000010c        0x4 lib/ILI9341/delay.o
                0x000000002000010c                tick
 .bss           0x0000000020000110        0x5 lib/ILI9341/text.o
                0x0000000020000110                cursorY
                0x0000000020000112                cursorX
                0x0000000020000114                _cp437
 *fill*         0x0000000020000115        0x3 
 .bss           0x0000000020000118       0x16 src/DFPPlayer.o
                0x0000000020000118                mp3_RX_Buf
                0x000000002000012c                mp3_flag
                0x000000002000012d                mp3_queue_id
 .bss           0x000000002000012e        0x8 src/menu.o
 *fill*         0x0000000020000136        0x2 
 .bss           0x0000000020000138        0xa src/rtc.o
                0x000000002000013c                total_rtc_ticks
                0x0000000020000141                x
 .bss           0x0000000020000142        0x5 src/scan_timer.o
                0x0000000020000142                _1_ms_flag
                0x0000000020000143                _10_ms_flag
                0x0000000020000144                _100_ms_flag
                0x0000000020000145                _1_s_flag
 *fill*         0x0000000020000147        0x1 
 .bss           0x0000000020000148        0x5 src/timers.o
                0x0000000020000148                PrescalerValue
                0x000000002000014a                capture
 *fill*         0x000000002000014d        0x3 
 .bss           0x0000000020000150        0x8 src/touch_screen.o
                0x0000000020000150                counting_period_filter_index
                0x0000000020000154                save_index
 *(.bss*)
 .bss.heap_end.6161
                0x0000000020000158        0x4 /home/gwarchol/Ac6/SystemWorkbench/plugins/fr.ac6.mcu.externaltools.arm-none.linux64_1.15.0.201708311556/tools/compiler/bin/../lib/gcc/arm-none-eabi/6.3.1/../../../../arm-none-eabi/lib/thumb/v7-m/librdimon_nano.a(rdimon-syscalls.o)
 .bss.monitor_stderr
                0x000000002000015c        0x4 /home/gwarchol/Ac6/SystemWorkbench/plugins/fr.ac6.mcu.externaltools.arm-none.linux64_1.15.0.201708311556/tools/compiler/bin/../lib/gcc/arm-none-eabi/6.3.1/../../../../arm-none-eabi/lib/thumb/v7-m/librdimon_nano.a(rdimon-syscalls.o)
 .bss.monitor_stdin
                0x0000000020000160        0x4 /home/gwarchol/Ac6/SystemWorkbench/plugins/fr.ac6.mcu.externaltools.arm-none.linux64_1.15.0.201708311556/tools/compiler/bin/../lib/gcc/arm-none-eabi/6.3.1/../../../../arm-none-eabi/lib/thumb/v7-m/librdimon_nano.a(rdimon-syscalls.o)
 .bss.monitor_stdout
                0x0000000020000164        0x4 /home/gwarchol/Ac6/SystemWorkbench/plugins/fr.ac6.mcu.externaltools.arm-none.linux64_1.15.0.201708311556/tools/compiler/bin/../lib/gcc/arm-none-eabi/6.3.1/../../../../arm-none-eabi/lib/thumb/v7-m/librdimon_nano.a(rdimon-syscalls.o)
 .bss.openfiles
                0x0000000020000168       0xa0 /home/gwarchol/Ac6/SystemWorkbench/plugins/fr.ac6.mcu.externaltools.arm-none.linux64_1.15.0.201708311556/tools/compiler/bin/../lib/gcc/arm-none-eabi/6.3.1/../../../../arm-none-eabi/lib/thumb/v7-m/librdimon_nano.a(rdimon-syscalls.o)
 .bss.__malloc_free_list
                0x0000000020000208        0x4 /home/gwarchol/Ac6/SystemWorkbench/plugins/fr.ac6.mcu.externaltools.arm-none.linux64_1.15.0.201708311556/tools/compiler/bin/../lib/gcc/arm-none-eabi/6.3.1/../../../../arm-none-eabi/lib/thumb/v7-m/libc_nano.a(lib_a-nano-mallocr.o)
                0x0000000020000208                __malloc_free_list
 .bss.__malloc_sbrk_start
                0x000000002000020c        0x4 /home/gwarchol/Ac6/SystemWorkbench/plugins/fr.ac6.mcu.externaltools.arm-none.linux64_1.15.0.201708311556/tools/compiler/bin/../lib/gcc/arm-none-eabi/6.3.1/../../../../arm-none-eabi/lib/thumb/v7-m/libc_nano.a(lib_a-nano-mallocr.o)
                0x000000002000020c                __malloc_sbrk_start
 *(COMMON)
 COMMON         0x0000000020000210     0x102c lib/ILI9341/dma.o
                0x0000000020000210                dmaStructure
                0x000000002000023c                dmaBuffer
 COMMON         0x000000002000123c        0x2 src/DFPPlayer.o
                0x000000002000123c                mp3_RXc
                0x000000002000123d                mp3_RXi
 *fill*         0x000000002000123e        0x2 
 COMMON         0x0000000020001240       0x2c src/bmp180.o
                0x0000000020001240                u_temp
                0x0000000020001244                u_pres
                0x0000000020001248                rt
                0x000000002000124c                rp
                0x0000000020001250                BMP180_Calibration
 COMMON         0x000000002000126c        0x4 src/device_config.o
                0x000000002000126c                GPIO_InitStruct
 COMMON         0x0000000020001270       0x1a src/menu.o
                0x0000000020001270                preassure_str
                0x0000000020001280                temperature_str
 *fill*         0x000000002000128a        0x2 
 COMMON         0x000000002000128c       0x16 src/rtc.o
                0x000000002000128c                s_DateStructVar
                0x0000000020001290                s_TimeStructVar
                0x0000000020001298                s_AlarmDateStructVar
                0x000000002000129c                s_AlarmStructVar
 *fill*         0x00000000200012a2        0x2 
 COMMON         0x00000000200012a4       0x58 src/touch_screen.o
                0x00000000200012a4                touch_screeen_data_in
                0x00000000200012ac                GPIO_InitStructure
                0x00000000200012b0                SPI_InitStructure
                0x00000000200012c4                touch_data
                0x00000000200012c8                touch_screeen_data
                0x00000000200012d0                DMA_InitStructure
 COMMON         0x00000000200012fc        0x4 /home/gwarchol/Ac6/SystemWorkbench/plugins/fr.ac6.mcu.externaltools.arm-none.linux64_1.15.0.201708311556/tools/compiler/bin/../lib/gcc/arm-none-eabi/6.3.1/../../../../arm-none-eabi/lib/thumb/v7-m/libc_nano.a(lib_a-reent.o)
                0x00000000200012fc                errno
                0x0000000020001300                . = ALIGN (0x4)
                0x0000000020001300                _ebss = .
                0x0000000020001300                __bss_end__ = _ebss

._user_heap_stack
                0x0000000020001300      0x400 load address 0x00000000080062c0
                0x0000000020001300                . = ALIGN (0x8)
                0x0000000020001300                PROVIDE (end, .)
                [!provide]                        PROVIDE (_end, .)
                0x0000000020001300                . = (. + _Min_Heap_Size)
                0x0000000020001700                . = (. + _Min_Stack_Size)
 *fill*         0x0000000020001300      0x400 
                0x0000000020001700                . = ALIGN (0x8)

/DISCARD/
 libc.a(*)
 libm.a(*)
 libgcc.a(*)

.ARM.attributes
                0x0000000000000000       0x29
 *(.ARM.attributes)
 .ARM.attributes
                0x0000000000000000       0x1d /home/gwarchol/Ac6/SystemWorkbench/plugins/fr.ac6.mcu.externaltools.arm-none.linux64_1.15.0.201708311556/tools/compiler/bin/../lib/gcc/arm-none-eabi/6.3.1/thumb/v7-m/crti.o
 .ARM.attributes
                0x000000000000001d       0x2d /home/gwarchol/Ac6/SystemWorkbench/plugins/fr.ac6.mcu.externaltools.arm-none.linux64_1.15.0.201708311556/tools/compiler/bin/../lib/gcc/arm-none-eabi/6.3.1/thumb/v7-m/crtbegin.o
 .ARM.attributes
                0x000000000000004a       0x2d /home/gwarchol/Ac6/SystemWorkbench/plugins/fr.ac6.mcu.externaltools.arm-none.linux64_1.15.0.201708311556/tools/compiler/bin/../lib/gcc/arm-none-eabi/6.3.1/../../../../arm-none-eabi/lib/thumb/v7-m/libc_nano.a(lib_a-impure.o)
 .ARM.attributes
                0x0000000000000077       0x2d /home/gwarchol/Ac6/SystemWorkbench/plugins/fr.ac6.mcu.externaltools.arm-none.linux64_1.15.0.201708311556/tools/compiler/bin/../lib/gcc/arm-none-eabi/6.3.1/../../../../arm-none-eabi/lib/thumb/v7-m/libc_nano.a(lib_a-init.o)
 .ARM.attributes
                0x00000000000000a4       0x2d /home/gwarchol/Ac6/SystemWorkbench/plugins/fr.ac6.mcu.externaltools.arm-none.linux64_1.15.0.201708311556/tools/compiler/bin/../lib/gcc/arm-none-eabi/6.3.1/../../../../arm-none-eabi/lib/thumb/v7-m/libc_nano.a(lib_a-memset.o)
 .ARM.attributes
                0x00000000000000d1       0x2d /home/gwarchol/Ac6/SystemWorkbench/plugins/fr.ac6.mcu.externaltools.arm-none.linux64_1.15.0.201708311556/tools/compiler/bin/../lib/gcc/arm-none-eabi/6.3.1/../../../../arm-none-eabi/lib/thumb/v7-m/librdimon_nano.a(rdimon-syscalls.o)
 .ARM.attributes
                0x00000000000000fe       0x33 StdPeriph_Driver/src/misc.o
 .ARM.attributes
                0x0000000000000131       0x33 StdPeriph_Driver/src/stm32f10x_bkp.o
 .ARM.attributes
                0x0000000000000164       0x33 StdPeriph_Driver/src/stm32f10x_dbgmcu.o
 .ARM.attributes
                0x0000000000000197       0x33 StdPeriph_Driver/src/stm32f10x_dma.o
 .ARM.attributes
                0x00000000000001ca       0x33 StdPeriph_Driver/src/stm32f10x_exti.o
 .ARM.attributes
                0x00000000000001fd       0x33 StdPeriph_Driver/src/stm32f10x_flash.o
 .ARM.attributes
                0x0000000000000230       0x33 StdPeriph_Driver/src/stm32f10x_gpio.o
 .ARM.attributes
                0x0000000000000263       0x33 StdPeriph_Driver/src/stm32f10x_i2c.o
 .ARM.attributes
                0x0000000000000296       0x33 StdPeriph_Driver/src/stm32f10x_pwr.o
 .ARM.attributes
                0x00000000000002c9       0x33 StdPeriph_Driver/src/stm32f10x_rcc.o
 .ARM.attributes
                0x00000000000002fc       0x33 StdPeriph_Driver/src/stm32f10x_rtc.o
 .ARM.attributes
                0x000000000000032f       0x33 StdPeriph_Driver/src/stm32f10x_spi.o
 .ARM.attributes
                0x0000000000000362       0x33 StdPeriph_Driver/src/stm32f10x_tim.o
 .ARM.attributes
                0x0000000000000395       0x33 StdPeriph_Driver/src/stm32f10x_usart.o
 .ARM.attributes
                0x00000000000003c8       0x33 lib/ILI9341/core.o
 .ARM.attributes
                0x00000000000003fb       0x33 lib/ILI9341/delay.o
 .ARM.attributes
                0x000000000000042e       0x33 lib/ILI9341/dma.o
 .ARM.attributes
                0x0000000000000461       0x33 lib/ILI9341/graph.o
 .ARM.attributes
                0x0000000000000494       0x33 lib/ILI9341/text.o
 .ARM.attributes
                0x00000000000004c7       0x33 src/DFPPlayer.o
 .ARM.attributes
                0x00000000000004fa       0x33 src/bmp180.o
 .ARM.attributes
                0x000000000000052d       0x33 src/device_config.o
 .ARM.attributes
                0x0000000000000560       0x33 src/main.o
 .ARM.attributes
                0x0000000000000593       0x33 src/menu.o
 .ARM.attributes
                0x00000000000005c6       0x33 src/rtc.o
 .ARM.attributes
                0x00000000000005f9       0x33 src/scan_timer.o
 .ARM.attributes
                0x000000000000062c       0x33 src/system_stm32f10x.o
 .ARM.attributes
                0x000000000000065f       0x33 src/timers.o
 .ARM.attributes
                0x0000000000000692       0x33 src/touch_screen.o
 .ARM.attributes
                0x00000000000006c5       0x21 startup/startup_stm32.o
 .ARM.attributes
                0x00000000000006e6       0x2d /home/gwarchol/Ac6/SystemWorkbench/plugins/fr.ac6.mcu.externaltools.arm-none.linux64_1.15.0.201708311556/tools/compiler/bin/../lib/gcc/arm-none-eabi/6.3.1/../../../../arm-none-eabi/lib/thumb/v7-m/libc_nano.a(lib_a-errno.o)
 .ARM.attributes
                0x0000000000000713       0x2d /home/gwarchol/Ac6/SystemWorkbench/plugins/fr.ac6.mcu.externaltools.arm-none.linux64_1.15.0.201708311556/tools/compiler/bin/../lib/gcc/arm-none-eabi/6.3.1/../../../../arm-none-eabi/lib/thumb/v7-m/libc_nano.a(lib_a-findfp.o)
 .ARM.attributes