Archive member included to satisfy reference by file (symbol)

/home/gwarchol/Ac6/SystemWorkbench/plugins/fr.ac6.mcu.externaltools.arm-none.linux64_1.15.0.201708311556/tools/compiler/bin/../lib/gcc/arm-none-eabi/6.3.1/../../../../arm-none-eabi/lib/thumb/v7-m/libc.a(lib_a-errno.o)
                              src/syscalls.o (__errno)
/home/gwarchol/Ac6/SystemWorkbench/plugins/fr.ac6.mcu.externaltools.arm-none.linux64_1.15.0.201708311556/tools/compiler/bin/../lib/gcc/arm-none-eabi/6.3.1/../../../../arm-none-eabi/lib/thumb/v7-m/libc.a(lib_a-exit.o)
                              /home/gwarchol/Ac6/SystemWorkbench/plugins/fr.ac6.mcu.externaltools.arm-none.linux64_1.15.0.201708311556/tools/compiler/bin/../lib/gcc/arm-none-eabi/6.3.1/../../../../arm-none-eabi/lib/thumb/v7-m/crt0.o (exit)
/home/gwarchol/Ac6/SystemWorkbench/plugins/fr.ac6.mcu.externaltools.arm-none.linux64_1.15.0.201708311556/tools/compiler/bin/../lib/gcc/arm-none-eabi/6.3.1/../../../../arm-none-eabi/lib/thumb/v7-m/libc.a(lib_a-impure.o)
                              /home/gwarchol/Ac6/SystemWorkbench/plugins/fr.ac6.mcu.externaltools.arm-none.linux64_1.15.0.201708311556/tools/compiler/bin/../lib/gcc/arm-none-eabi/6.3.1/../../../../arm-none-eabi/lib/thumb/v7-m/libc.a(lib_a-exit.o) (_global_impure_ptr)
/home/gwarchol/Ac6/SystemWorkbench/plugins/fr.ac6.mcu.externaltools.arm-none.linux64_1.15.0.201708311556/tools/compiler/bin/../lib/gcc/arm-none-eabi/6.3.1/../../../../arm-none-eabi/lib/thumb/v7-m/libc.a(lib_a-init.o)
                              /home/gwarchol/Ac6/SystemWorkbench/plugins/fr.ac6.mcu.externaltools.arm-none.linux64_1.15.0.201708311556/tools/compiler/bin/../lib/gcc/arm-none-eabi/6.3.1/../../../../arm-none-eabi/lib/thumb/v7-m/crt0.o (__libc_init_array)
/home/gwarchol/Ac6/SystemWorkbench/plugins/fr.ac6.mcu.externaltools.arm-none.linux64_1.15.0.201708311556/tools/compiler/bin/../lib/gcc/arm-none-eabi/6.3.1/../../../../arm-none-eabi/lib/thumb/v7-m/libc.a(lib_a-memset.o)
                              /home/gwarchol/Ac6/SystemWorkbench/plugins/fr.ac6.mcu.externaltools.arm-none.linux64_1.15.0.201708311556/tools/compiler/bin/../lib/gcc/arm-none-eabi/6.3.1/../../../../arm-none-eabi/lib/thumb/v7-m/crt0.o (memset)
/home/gwarchol/Ac6/SystemWorkbench/plugins/fr.ac6.mcu.externaltools.arm-none.linux64_1.15.0.201708311556/tools/compiler/bin/../lib/gcc/arm-none-eabi/6.3.1/../../../../arm-none-eabi/lib/thumb/v7-m/libc.a(lib_a-printf.o)
                              src/rtc.o (printf)
/home/gwarchol/Ac6/SystemWorkbench/plugins/fr.ac6.mcu.externaltools.arm-none.linux64_1.15.0.201708311556/tools/compiler/bin/../lib/gcc/arm-none-eabi/6.3.1/../../../../arm-none-eabi/lib/thumb/v7-m/libc.a(lib_a-puts.o)
                              src/main.o (puts)
/home/gwarchol/Ac6/SystemWorkbench/plugins/fr.ac6.mcu.externaltools.arm-none.linux64_1.15.0.201708311556/tools/compiler/bin/../lib/gcc/arm-none-eabi/6.3.1/../../../../arm-none-eabi/lib/thumb/v7-m/libc.a(lib_a-sprintf.o)
                              src/main.o (sprintf)
/home/gwarchol/Ac6/SystemWorkbench/plugins/fr.ac6.mcu.externaltools.arm-none.linux64_1.15.0.201708311556/tools/compiler/bin/../lib/gcc/arm-none-eabi/6.3.1/../../../../arm-none-eabi/lib/thumb/v7-m/libc.a(lib_a-strlen-stub.o)
                              /home/gwarchol/Ac6/SystemWorkbench/plugins/fr.ac6.mcu.externaltools.arm-none.linux64_1.15.0.201708311556/tools/compiler/bin/../lib/gcc/arm-none-eabi/6.3.1/../../../../arm-none-eabi/lib/thumb/v7-m/libc.a(lib_a-puts.o) (strlen)
/home/gwarchol/Ac6/SystemWorkbench/plugins/fr.ac6.mcu.externaltools.arm-none.linux64_1.15.0.201708311556/tools/compiler/bin/../lib/gcc/arm-none-eabi/6.3.1/../../../../arm-none-eabi/lib/thumb/v7-m/libc.a(lib_a-svfprintf.o)
                              /home/gwarchol/Ac6/SystemWorkbench/plugins/fr.ac6.mcu.externaltools.arm-none.linux64_1.15.0.201708311556/tools/compiler/bin/../lib/gcc/arm-none-eabi/6.3.1/../../../../arm-none-eabi/lib/thumb/v7-m/libc.a(lib_a-sprintf.o) (_svfprintf_r)
/home/gwarchol/Ac6/SystemWorkbench/plugins/fr.ac6.mcu.externaltools.arm-none.linux64_1.15.0.201708311556/tools/compiler/bin/../lib/gcc/arm-none-eabi/6.3.1/../../../../arm-none-eabi/lib/thumb/v7-m/libc.a(lib_a-vfprintf.o)
                              /home/gwarchol/Ac6/SystemWorkbench/plugins/fr.ac6.mcu.externaltools.arm-none.linux64_1.15.0.201708311556/tools/compiler/bin/../lib/gcc/arm-none-eabi/6.3.1/../../../../arm-none-eabi/lib/thumb/v7-m/libc.a(lib_a-printf.o) (_vfprintf_r)
/home/gwarchol/Ac6/SystemWorkbench/plugins/fr.ac6.mcu.externaltools.arm-none.linux64_1.15.0.201708311556/tools/compiler/bin/../lib/gcc/arm-none-eabi/6.3.1/../../../../arm-none-eabi/lib/thumb/v7-m/libc.a(lib_a-wsetup.o)
                              /home/gwarchol/Ac6/SystemWorkbench/plugins/fr.ac6.mcu.externaltools.arm-none.linux64_1.15.0.201708311556/tools/compiler/bin/../lib/gcc/arm-none-eabi/6.3.1/../../../../arm-none-eabi/lib/thumb/v7-m/libc.a(lib_a-vfprintf.o) (__swsetup_r)
[...]
Memory Configuration

Name             Origin             Length             Attributes
RAM              0x0000000020000000 0x0000000000005000 xrw
ROM              0x0000000008000000 0x0000000000020000 xr
*default*        0x0000000000000000 0xffffffffffffffff

Linker script and memory map

LOAD /home/gwarchol/Ac6/SystemWorkbench/plugins/fr.ac6.mcu.externaltools.arm-none.linux64_1.15.0.201708311556/tools/compiler/bin/../lib/gcc/arm-none-eabi/6.3.1/thumb/v7-m/crti.o
LOAD /home/gwarchol/Ac6/SystemWorkbench/plugins/fr.ac6.mcu.externaltools.arm-none.linux64_1.15.0.201708311556/tools/compiler/bin/../lib/gcc/arm-none-eabi/6.3.1/thumb/v7-m/crtbegin.o
LOAD /home/gwarchol/Ac6/SystemWorkbench/plugins/fr.ac6.mcu.externaltools.arm-none.linux64_1.15.0.201708311556/tools/compiler/bin/../lib/gcc/arm-none-eabi/6.3.1/../../../../arm-none-eabi/lib/thumb/v7-m/crt0.o
LOAD CMSIS/core/core_cm3.o
LOAD StdPeriph_Driver/src/misc.o
LOAD StdPeriph_Driver/src/stm32f10x_adc.o
LOAD StdPeriph_Driver/src/stm32f10x_bkp.o
LOAD StdPeriph_Driver/src/stm32f10x_can.o
LOAD StdPeriph_Driver/src/stm32f10x_cec.o
LOAD StdPeriph_Driver/src/stm32f10x_crc.o
LOAD StdPeriph_Driver/src/stm32f10x_dac.o
LOAD StdPeriph_Driver/src/stm32f10x_dbgmcu.o
LOAD StdPeriph_Driver/src/stm32f10x_dma.o
LOAD StdPeriph_Driver/src/stm32f10x_exti.o
LOAD StdPeriph_Driver/src/stm32f10x_flash.o
LOAD StdPeriph_Driver/src/stm32f10x_fsmc.o
LOAD StdPeriph_Driver/src/stm32f10x_gpio.o
LOAD StdPeriph_Driver/src/stm32f10x_i2c.o
LOAD StdPeriph_Driver/src/stm32f10x_iwdg.o
LOAD StdPeriph_Driver/src/stm32f10x_pwr.o
LOAD StdPeriph_Driver/src/stm32f10x_rcc.o
LOAD StdPeriph_Driver/src/stm32f10x_rtc.o
LOAD StdPeriph_Driver/src/stm32f10x_sdio.o
LOAD StdPeriph_Driver/src/stm32f10x_spi.o
LOAD StdPeriph_Driver/src/stm32f10x_tim.o
LOAD StdPeriph_Driver/src/stm32f10x_usart.o
LOAD StdPeriph_Driver/src/stm32f10x_wwdg.o
LOAD lib/ILI9341/core.o
LOAD lib/ILI9341/delay.o
LOAD lib/ILI9341/dma.o
LOAD lib/ILI9341/graph.o
LOAD lib/ILI9341/text.o
LOAD lib/tinystd/itoa.o
LOAD src/buffors.o
LOAD src/device_config.o
LOAD src/main.o
LOAD src/rtc.o
LOAD src/scan_timer.o
LOAD src/syscalls.o
LOAD src/system_stm32f10x.o
LOAD src/timers.o
LOAD src/uart_interrupt.o
LOAD src/usart_dma.o
LOAD startup/startup_stm32.o
LOAD /home/gwarchol/Ac6/SystemWorkbench/plugins/fr.ac6.mcu.externaltools.arm-none.linux64_1.15.0.201708311556/tools/compiler/bin/../lib/gcc/arm-none-eabi/6.3.1/../../../../arm-none-eabi/lib/thumb/v7-m/libm.a
START GROUP
LOAD /home/gwarchol/Ac6/SystemWorkbench/plugins/fr.ac6.mcu.externaltools.arm-none.linux64_1.15.0.201708311556/tools/compiler/bin/../lib/gcc/arm-none-eabi/6.3.1/thumb/v7-m/libgcc.a
LOAD /home/gwarchol/Ac6/SystemWorkbench/plugins/fr.ac6.mcu.externaltools.arm-none.linux64_1.15.0.201708311556/tools/compiler/bin/../lib/gcc/arm-none-eabi/6.3.1/../../../../arm-none-eabi/lib/thumb/v7-m/libc.a
END GROUP
LOAD /home/gwarchol/Ac6/SystemWorkbench/plugins/fr.ac6.mcu.externaltools.arm-none.linux64_1.15.0.201708311556/tools/compiler/bin/../lib/gcc/arm-none-eabi/6.3.1/thumb/v7-m/crtend.o
LOAD /home/gwarchol/Ac6/SystemWorkbench/plugins/fr.ac6.mcu.externaltools.arm-none.linux64_1.15.0.201708311556/tools/compiler/bin/../lib/gcc/arm-none-eabi/6.3.1/thumb/v7-m/crtn.o
                0x0000000020005000                _estack = 0x20005000
                0x0000000000000000                _Min_Heap_Size = 0x0
                0x0000000000000400                _Min_Stack_Size = 0x400

.isr_vector     0x0000000008000000      0x130
                0x0000000008000000                . = ALIGN (0x4)
 *(.isr_vector)
 .isr_vector    0x0000000008000000      0x130 startup/startup_stm32.o
                0x0000000008000000                g_pfnVectors
                0x0000000008000130                . = ALIGN (0x4)

.text           0x0000000008000130     0x7488
                0x0000000008000130                . = ALIGN (0x4)
 *(.text)
 .text          0x0000000008000130       0x6c /home/gwarchol/Ac6/SystemWorkbench/plugins/fr.ac6.mcu.externaltools.arm-none.linux64_1.15.0.201708311556/tools/compiler/bin/../lib/gcc/arm-none-eabi/6.3.1/thumb/v7-m/crtbegin.o
 .text          0x000000000800019c       0xec /home/gwarchol/Ac6/SystemWorkbench/plugins/fr.ac6.mcu.externaltools.arm-none.linux64_1.15.0.201708311556/tools/compiler/bin/../lib/gcc/arm-none-eabi/6.3.1/../../../../arm-none-eabi/lib/thumb/v7-m/libc.a(lib_a-memcpy.o)
                0x000000000800019c                memcpy
 .text          0x0000000008000288      0x370 /home/gwarchol/Ac6/SystemWorkbench/plugins/fr.ac6.mcu.externaltools.arm-none.linux64_1.15.0.201708311556/tools/compiler/bin/../lib/gcc/arm-none-eabi/6.3.1/thumb/v7-m/libgcc.a(_arm_addsubdf3.o)
                0x0000000008000288                __aeabi_drsub
                0x0000000008000290                __aeabi_dsub
                0x0000000008000290                __subdf3
                0x0000000008000294                __adddf3
                0x0000000008000294                __aeabi_dadd
                0x000000000800050c                __aeabi_ui2d
                0x000000000800050c                __floatunsidf
                0x000000000800052c                __floatsidf
                0x000000000800052c                __aeabi_i2d
                0x0000000008000550                __extendsfdf2
                0x0000000008000550                __aeabi_f2d
                0x000000000800058c                __aeabi_ul2d
                0x000000000800058c                __floatundidf
                0x000000000800059c                __floatdidf
                0x000000000800059c                __aeabi_l2d
 .text          0x00000000080005f8      0x424 /home/gwarchol/Ac6/SystemWorkbench/plugins/fr.ac6.mcu.externaltools.arm-none.linux64_1.15.0.201708311556/tools/compiler/bin/../lib/gcc/arm-none-eabi/6.3.1/thumb/v7-m/libgcc.a(_arm_muldivdf3.o)
                0x00000000080005f8                __aeabi_dmul
                0x00000000080005f8                __muldf3
                0x000000000800084c                __aeabi_ddiv
                0x000000000800084c                __divdf3
 .text          0x0000000008000a1c      0x110 /home/gwarchol/Ac6/SystemWorkbench/plugins/fr.ac6.mcu.externaltools.arm-none.linux64_1.15.0.201708311556/tools/compiler/bin/../lib/gcc/arm-none-eabi/6.3.1/thumb/v7-m/libgcc.a(_arm_cmpdf2.o)
                0x0000000008000a1c                __gtdf2
                0x0000000008000a1c                __gedf2
                0x0000000008000a24                __ltdf2
                0x0000000008000a24                __ledf2
                0x0000000008000a2c                __cmpdf2
                0x0000000008000a2c                __eqdf2
                0x0000000008000a2c                __nedf2
                0x0000000008000aa8                __aeabi_cdrcmple
                0x0000000008000ab8                __aeabi_cdcmple
                0x0000000008000ab8                __aeabi_cdcmpeq
                0x0000000008000ac8                __aeabi_dcmpeq
                0x0000000008000adc                __aeabi_dcmplt
                0x0000000008000af0                __aeabi_dcmple
                0x0000000008000b04                __aeabi_dcmpge
                0x0000000008000b18                __aeabi_dcmpgt
 .text          0x0000000008000b2c       0x2c /home/gwarchol/Ac6/SystemWorkbench/plugins/fr.ac6.mcu.externaltools.arm-none.linux64_1.15.0.201708311556/tools/compiler/bin/../lib/gcc/arm-none-eabi/6.3.1/thumb/v7-m/libgcc.a(_arm_unorddf2.o)
                0x0000000008000b2c                __aeabi_dcmpun
                0x0000000008000b2c                __unorddf2
 .text          0x0000000008000b58       0x50 /home/gwarchol/Ac6/SystemWorkbench/plugins/fr.ac6.mcu.externaltools.arm-none.linux64_1.15.0.201708311556/tools/compiler/bin/../lib/gcc/arm-none-eabi/6.3.1/thumb/v7-m/libgcc.a(_arm_fixdfsi.o)
                0x0000000008000b58                __fixdfsi
                0x0000000008000b58                __aeabi_d2iz
 .text          0x0000000008000ba8       0x30 /home/gwarchol/Ac6/SystemWorkbench/plugins/fr.ac6.mcu.externaltools.arm-none.linux64_1.15.0.201708311556/tools/compiler/bin/../lib/gcc/arm-none-eabi/6.3.1/thumb/v7-m/libgcc.a(_aeabi_uldivmod.o)
                0x0000000008000ba8                __aeabi_uldivmod
 .text          0x0000000008000bd8      0x2dc /home/gwarchol/Ac6/SystemWorkbench/plugins/fr.ac6.mcu.externaltools.arm-none.linux64_1.15.0.201708311556/tools/compiler/bin/../lib/gcc/arm-none-eabi/6.3.1/thumb/v7-m/libgcc.a(_udivmoddi4.o)
                0x0000000008000bd8                __udivmoddi4
 .text          0x0000000008000eb4        0x4 /home/gwarchol/Ac6/SystemWorkbench/plugins/fr.ac6.mcu.externaltools.arm-none.linux64_1.15.0.201708311556/tools/compiler/bin/../lib/gcc/arm-none-eabi/6.3.1/thumb/v7-m/libgcc.a(_dvmd_tls.o)
                0x0000000008000eb4                __aeabi_ldiv0
                0x0000000008000eb4                __aeabi_idiv0
 *(.text*)
 .text.NVIC_Init
                0x0000000008000eb8       0x68 StdPeriph_Driver/src/misc.o
                0x0000000008000eb8                NVIC_Init
 .text.DMA_DeInit
                0x0000000008000f20      0x128 StdPeriph_Driver/src/stm32f10x_dma.o
                0x0000000008000f20                DMA_DeInit
 .text.DMA_Init
                0x0000000008001048       0x3e StdPeriph_Driver/src/stm32f10x_dma.o
                0x0000000008001048                DMA_Init
 .text.DMA_StructInit
                0x0000000008001086       0x1a StdPeriph_Driver/src/stm32f10x_dma.o
                0x0000000008001086                DMA_StructInit
 .text.DMA_Cmd  0x00000000080010a0       0x1a StdPeriph_Driver/src/stm32f10x_dma.o
                0x00000000080010a0                DMA_Cmd
 .text.DMA_ITConfig
                0x00000000080010ba       0x14 StdPeriph_Driver/src/stm32f10x_dma.o
                0x00000000080010ba                DMA_ITConfig
 .text.DMA_GetCurrDataCounter
                0x00000000080010ce        0x6 StdPeriph_Driver/src/stm32f10x_dma.o
                0x00000000080010ce                DMA_GetCurrDataCounter
 .text.DMA_GetFlagStatus
                0x00000000080010d4       0x24 StdPeriph_Driver/src/stm32f10x_dma.o
                0x00000000080010d4                DMA_GetFlagStatus
 .text.DMA_GetITStatus
                0x00000000080010f8       0x24 StdPeriph_Driver/src/stm32f10x_dma.o
                0x00000000080010f8                DMA_GetITStatus
 .text.DMA_ClearITPendingBit
                0x000000000800111c       0x1c StdPeriph_Driver/src/stm32f10x_dma.o
                0x000000000800111c                DMA_ClearITPendingBit
 .text.FLASH_SetLatency
                0x0000000008001138       0x14 StdPeriph_Driver/src/stm32f10x_flash.o
                0x0000000008001138                FLASH_SetLatency
 .text.FLASH_PrefetchBufferCmd
                0x000000000800114c       0x18 StdPeriph_Driver/src/stm32f10x_flash.o
                0x000000000800114c                FLASH_PrefetchBufferCmd
 .text.GPIO_Init
                0x0000000008001164       0x9e StdPeriph_Driver/src/stm32f10x_gpio.o
                0x0000000008001164                GPIO_Init
 .text.GPIO_SetBits
                0x0000000008001202        0x4 StdPeriph_Driver/src/stm32f10x_gpio.o
                0x0000000008001202                GPIO_SetBits
 .text.GPIO_ResetBits
                0x0000000008001206        0x4 StdPeriph_Driver/src/stm32f10x_gpio.o
                0x0000000008001206                GPIO_ResetBits
 .text.GPIO_WriteBit
                0x000000000800120a        0xa StdPeriph_Driver/src/stm32f10x_gpio.o
                0x000000000800120a                GPIO_WriteBit
 .text.RCC_DeInit
                0x0000000008001214       0x40 StdPeriph_Driver/src/stm32f10x_rcc.o
                0x0000000008001214                RCC_DeInit
 .text.RCC_HSEConfig
                0x0000000008001254       0x3c StdPeriph_Driver/src/stm32f10x_rcc.o
                0x0000000008001254                RCC_HSEConfig
 .text.RCC_PLLConfig
                0x0000000008001290       0x14 StdPeriph_Driver/src/stm32f10x_rcc.o
                0x0000000008001290                RCC_PLLConfig
 .text.RCC_PLLCmd
                0x00000000080012a4        0xc StdPeriph_Driver/src/stm32f10x_rcc.o
                0x00000000080012a4                RCC_PLLCmd
 .text.RCC_SYSCLKConfig
                0x00000000080012b0       0x14 StdPeriph_Driver/src/stm32f10x_rcc.o
                0x00000000080012b0                RCC_SYSCLKConfig
 .text.RCC_GetSYSCLKSource
                0x00000000080012c4       0x10 StdPeriph_Driver/src/stm32f10x_rcc.o
                0x00000000080012c4                RCC_GetSYSCLKSource
 .text.RCC_HCLKConfig
                0x00000000080012d4       0x14 StdPeriph_Driver/src/stm32f10x_rcc.o
                0x00000000080012d4                RCC_HCLKConfig
 .text.RCC_PCLK1Config
                0x00000000080012e8       0x14 StdPeriph_Driver/src/stm32f10x_rcc.o
                0x00000000080012e8                RCC_PCLK1Config
 .text.RCC_PCLK2Config
                0x00000000080012fc       0x14 StdPeriph_Driver/src/stm32f10x_rcc.o
                0x00000000080012fc                RCC_PCLK2Config
 .text.RCC_GetClocksFreq
                0x0000000008001310       0xb8 StdPeriph_Driver/src/stm32f10x_rcc.o
                0x0000000008001310                RCC_GetClocksFreq
 .text.RCC_AHBPeriphClockCmd
                0x00000000080013c8       0x1c StdPeriph_Driver/src/stm32f10x_rcc.o
                0x00000000080013c8                RCC_AHBPeriphClockCmd
 .text.RCC_APB2PeriphClockCmd
                0x00000000080013e4       0x1c StdPeriph_Driver/src/stm32f10x_rcc.o
                0x00000000080013e4                RCC_APB2PeriphClockCmd
 .text.RCC_GetFlagStatus
                0x0000000008001400       0x34 StdPeriph_Driver/src/stm32f10x_rcc.o
                0x0000000008001400                RCC_GetFlagStatus
 .text.RCC_WaitForHSEStartUp
                0x0000000008001434       0x34 StdPeriph_Driver/src/stm32f10x_rcc.o
                0x0000000008001434                RCC_WaitForHSEStartUp
 .text.RTC_GetCounter
                0x0000000008001468       0x14 StdPeriph_Driver/src/stm32f10x_rtc.o
                0x0000000008001468                RTC_GetCounter
 .text.RTC_WaitForLastTask
                0x000000000800147c       0x10 StdPeriph_Driver/src/stm32f10x_rtc.o
                0x000000000800147c                RTC_WaitForLastTask
 .text.RTC_GetITStatus
                0x000000000800148c       0x20 StdPeriph_Driver/src/stm32f10x_rtc.o
                0x000000000800148c                RTC_GetITStatus
 .text.RTC_ClearITPendingBit
                0x00000000080014ac       0x14 StdPeriph_Driver/src/stm32f10x_rtc.o
                0x00000000080014ac                RTC_ClearITPendingBit
 .text.SPI_Init
                0x00000000080014c0       0x4c StdPeriph_Driver/src/stm32f10x_spi.o
                0x00000000080014c0                SPI_Init
 .text.SPI_StructInit
                0x000000000800150c       0x18 StdPeriph_Driver/src/stm32f10x_spi.o
                0x000000000800150c                SPI_StructInit
 .text.SPI_Cmd  0x0000000008001524       0x1c StdPeriph_Driver/src/stm32f10x_spi.o
                0x0000000008001524                SPI_Cmd
 .text.SPI_I2S_DMACmd
                0x0000000008001540       0x18 StdPeriph_Driver/src/stm32f10x_spi.o
                0x0000000008001540                SPI_I2S_DMACmd
 .text.SPI_I2S_GetFlagStatus
                0x0000000008001558        0xe StdPeriph_Driver/src/stm32f10x_spi.o
                0x0000000008001558                SPI_I2S_GetFlagStatus
 *fill*         0x0000000008001566        0x2 
 .text.TIM_TimeBaseInit
                0x0000000008001568       0x94 StdPeriph_Driver/src/stm32f10x_tim.o
                0x0000000008001568                TIM_TimeBaseInit
 .text.TIM_OC1Init
                0x00000000080015fc       0x84 StdPeriph_Driver/src/stm32f10x_tim.o
                0x00000000080015fc                TIM_OC1Init
 .text.TIM_OC2Init
                0x0000000008001680       0x88 StdPeriph_Driver/src/stm32f10x_tim.o
                0x0000000008001680                TIM_OC2Init
 .text.TIM_OC3Init
                0x0000000008001708       0x84 StdPeriph_Driver/src/stm32f10x_tim.o
                0x0000000008001708                TIM_OC3Init
 .text.TIM_OC4Init
                0x000000000800178c       0x6c StdPeriph_Driver/src/stm32f10x_tim.o
                0x000000000800178c                TIM_OC4Init
 .text.TIM_Cmd  0x00000000080017f8       0x1c StdPeriph_Driver/src/stm32f10x_tim.o
                0x00000000080017f8                TIM_Cmd
 .text.TIM_ITConfig
                0x0000000008001814       0x18 StdPeriph_Driver/src/stm32f10x_tim.o
                0x0000000008001814                TIM_ITConfig
 .text.TIM_OC1PreloadConfig
                0x000000000800182c        0xe StdPeriph_Driver/src/stm32f10x_tim.o
                0x000000000800182c                TIM_OC1PreloadConfig
 .text.TIM_OC2PreloadConfig
                0x000000000800183a       0x12 StdPeriph_Driver/src/stm32f10x_tim.o
                0x000000000800183a                TIM_OC2PreloadConfig
 .text.TIM_OC3PreloadConfig
                0x000000000800184c        0xe StdPeriph_Driver/src/stm32f10x_tim.o
                0x000000000800184c                TIM_OC3PreloadConfig
 .text.TIM_OC4PreloadConfig
                0x000000000800185a       0x12 StdPeriph_Driver/src/stm32f10x_tim.o
                0x000000000800185a                TIM_OC4PreloadConfig
 .text.TIM_SetCompare1
                0x000000000800186c        0x4 StdPeriph_Driver/src/stm32f10x_tim.o
                0x000000000800186c                TIM_SetCompare1
 .text.TIM_SetCompare2
                0x0000000008001870        0x4 StdPeriph_Driver/src/stm32f10x_tim.o
                0x0000000008001870                TIM_SetCompare2
 .text.TIM_SetCompare3
                0x0000000008001874        0x4 StdPeriph_Driver/src/stm32f10x_tim.o
                0x0000000008001874                TIM_SetCompare3
 .text.TIM_SetCompare4
                0x0000000008001878        0x6 StdPeriph_Driver/src/stm32f10x_tim.o
                0x0000000008001878                TIM_SetCompare4
 .text.TIM_GetCapture1
                0x000000000800187e        0x6 StdPeriph_Driver/src/stm32f10x_tim.o
                0x000000000800187e                TIM_GetCapture1
 .text.TIM_GetCapture2
                0x0000000008001884        0x6 StdPeriph_Driver/src/stm32f10x_tim.o
                0x0000000008001884                TIM_GetCapture2
 .text.TIM_GetCapture3
                0x000000000800188a        0x6 StdPeriph_Driver/src/stm32f10x_tim.o
                0x000000000800188a                TIM_GetCapture3
 .text.TIM_GetCapture4
                0x0000000008001890        0x8 StdPeriph_Driver/src/stm32f10x_tim.o
                0x0000000008001890                TIM_GetCapture4
 .text.TIM_GetITStatus
                0x0000000008001898       0x18 StdPeriph_Driver/src/stm32f10x_tim.o
                0x0000000008001898                TIM_GetITStatus
 .text.TIM_ClearITPendingBit
                0x00000000080018b0        0x8 StdPeriph_Driver/src/stm32f10x_tim.o
                0x00000000080018b0                TIM_ClearITPendingBit
 .text.USART_Init
                0x00000000080018b8       0xc8 StdPeriph_Driver/src/stm32f10x_usart.o
                0x00000000080018b8                USART_Init
 .text.USART_Cmd
                0x0000000008001980       0x1c StdPeriph_Driver/src/stm32f10x_usart.o
                0x0000000008001980                USART_Cmd
 .text.USART_ITConfig
                0x000000000800199c       0x38 StdPeriph_Driver/src/stm32f10x_usart.o
                0x000000000800199c                USART_ITConfig
 .text.USART_DMACmd
                0x00000000080019d4       0x18 StdPeriph_Driver/src/stm32f10x_usart.o
                0x00000000080019d4                USART_DMACmd
 .text.USART_SendData
                0x00000000080019ec        0x8 StdPeriph_Driver/src/stm32f10x_usart.o
                0x00000000080019ec                USART_SendData
 .text.USART_ReceiveData
                0x00000000080019f4        0x8 StdPeriph_Driver/src/stm32f10x_usart.o
                0x00000000080019f4                USART_ReceiveData
 .text.USART_GetITStatus
                0x00000000080019fc       0x4c StdPeriph_Driver/src/stm32f10x_usart.o
                0x00000000080019fc                USART_GetITStatus
 .text.LCD_pinsInit
                0x0000000008001a48       0xb0 lib/ILI9341/core.o
 .text.LCD_reset
                0x0000000008001af8       0x28 lib/ILI9341/core.o
                0x0000000008001af8                LCD_reset
 .text.LCD_exitStandby
                0x0000000008001b20       0x16 lib/ILI9341/core.o
                0x0000000008001b20                LCD_exitStandby
 *fill*         0x0000000008001b36        0x2 
 .text.LCD_setOrientation
                0x0000000008001b38       0x58 lib/ILI9341/core.o
                0x0000000008001b38                LCD_setOrientation
 .text.LCD_configure
                0x0000000008001b90       0x40 lib/ILI9341/core.o
 .text.LCD_init
                0x0000000008001bd0       0x24 lib/ILI9341/core.o
                0x0000000008001bd0                LCD_init
 .text.LCD_setAddressWindow
                0x0000000008001bf4       0xe0 lib/ILI9341/core.o
                0x0000000008001bf4                LCD_setAddressWindow
 .text.LCD_getWidth
                0x0000000008001cd4        0xc lib/ILI9341/core.o
                0x0000000008001cd4                LCD_getWidth
 .text.LCD_getHeight
                0x0000000008001ce0        0xc lib/ILI9341/core.o
                0x0000000008001ce0                LCD_getHeight
 .text.LCD_setSpi8
                0x0000000008001cec       0x2c lib/ILI9341/core.o
                0x0000000008001cec                LCD_setSpi8
 .text.LCD_setSpi16
                0x0000000008001d18       0x28 lib/ILI9341/core.o
                0x0000000008001d18                LCD_setSpi16
 .text.SysTick_Handler
                0x0000000008001d40       0x10 lib/ILI9341/delay.o
                0x0000000008001d40                SysTick_Handler
 .text.delay_ms
                0x0000000008001d50       0x58 lib/ILI9341/delay.o
                0x0000000008001d50                delay_ms
 .text.dmaInit  0x0000000008001da8       0x54 lib/ILI9341/dma.o
                0x0000000008001da8                dmaInit
 .text.dmaSendCmd
                0x0000000008001dfc       0x84 lib/ILI9341/dma.o
                0x0000000008001dfc                dmaSendCmd
 .text.dmaSendCmdCont
                0x0000000008001e80       0x70 lib/ILI9341/dma.o
                0x0000000008001e80                dmaSendCmdCont
 .text.dmaReceiveDataCont8
                0x0000000008001ef0       0x94 lib/ILI9341/dma.o
                0x0000000008001ef0                dmaReceiveDataCont8
 .text.dmaSendDataCont8
                0x0000000008001f84       0x68 lib/ILI9341/dma.o
                0x0000000008001f84                dmaSendDataCont8
 .text.dmaSendData16
                0x0000000008001fec       0x84 lib/ILI9341/dma.o
                0x0000000008001fec                dmaSendData16
 .text.dmaSendDataCont16
                0x0000000008002070       0x70 lib/ILI9341/dma.o
                0x0000000008002070                dmaSendDataCont16
 .text.dmaFill16
                0x00000000080020e0       0xf8 lib/ILI9341/dma.o
                0x00000000080020e0                dmaFill16
 .text.DMA1_Channel2_IRQHandler
                0x00000000080021d8       0x24 lib/ILI9341/dma.o
                0x00000000080021d8                DMA1_Channel2_IRQHandler
 .text.DMA1_Channel3_IRQHandler
                0x00000000080021fc       0x28 lib/ILI9341/dma.o
                0x00000000080021fc                DMA1_Channel3_IRQHandler
 .text.LCD_readPixels
                0x0000000008002224       0x8c lib/ILI9341/graph.o
                0x0000000008002224                LCD_readPixels
 .text.LCD_fillRect
                0x00000000080022b0       0x34 lib/ILI9341/graph.o
                0x00000000080022b0                LCD_fillRect
 .text.LCD_fillScreen
                0x00000000080022e4       0x3a lib/ILI9341/graph.o
                0x00000000080022e4                LCD_fillScreen
 *fill*         0x000000000800231e        0x2 
 .text.LCD_writeString
                0x0000000008002320      0x238 lib/ILI9341/text.o
                0x0000000008002320                LCD_writeString
 .text.LCD_setCursor
                0x0000000008002558        0xc lib/ILI9341/text.o
                0x0000000008002558                LCD_setCursor
 .text.LCD_setTextSize
                0x0000000008002564        0xc lib/ILI9341/text.o
                0x0000000008002564                LCD_setTextSize
 .text.LCD_setTextBgColor
                0x0000000008002570        0xc lib/ILI9341/text.o
                0x0000000008002570                LCD_setTextBgColor
 .text.addToBuffor
                0x000000000800257c       0x18 src/buffors.o
                0x000000000800257c                addToBuffor
 .text.getFromBuffor
                0x0000000008002594       0x36 src/buffors.o
                0x0000000008002594                getFromBuffor
 .text.getBufforSize
                0x00000000080025ca        0x6 src/buffors.o
                0x00000000080025ca                getBufforSize
 .text.isBufforEmpty
                0x00000000080025d0        0xe src/buffors.o
                0x00000000080025d0                isBufforEmpty
 .text.clearBuffor
                0x00000000080025de        0xe src/buffors.o
                0x00000000080025de                clearBuffor
 .text.initBuffor
                0x00000000080025ec        0xe src/buffors.o
                0x00000000080025ec                initBuffor
 *fill*         0x00000000080025fa        0x2 
 .text.device_init
                0x00000000080025fc       0x40 src/device_config.o
                0x00000000080025fc                device_init
 .text.turnOnOffLed
                0x000000000800263c       0x28 src/device_config.o
                0x000000000800263c                turnOnOffLed
 .text.RCC_Conf
                0x0000000008002664       0x64 src/device_config.o
                0x0000000008002664                RCC_Conf
 .text.AddCRC   0x00000000080026c8       0x26 src/main.o
                0x00000000080026c8                AddCRC
 *fill*         0x00000000080026ee        0x2 
 .text.main     0x00000000080026f0      0x15c src/main.o
                0x00000000080026f0                main
 .text.RTC_IRQHandler
                0x000000000800284c       0x44 src/rtc.o
                0x000000000800284c                RTC_IRQHandler
 .text.getTimerChannelState
                0x0000000008002890       0x34 src/scan_timer.o
                0x0000000008002890                getTimerChannelState
 .text.setTimerChannelState
                0x00000000080028c4       0x28 src/scan_timer.o
                0x00000000080028c4                setTimerChannelState
 .text.init_timer
                0x00000000080028ec       0xe4 src/scan_timer.o
                0x00000000080028ec                init_timer
 .text.TIM1_CC_IRQHandler
                0x00000000080029d0       0xdc src/scan_timer.o
                0x00000000080029d0                TIM1_CC_IRQHandler
 .text.initialise_monitor_handles
                0x0000000008002aac        0x2 src/syscalls.o
                0x0000000008002aac                initialise_monitor_handles
 .text._read    0x0000000008002aae       0x1e src/syscalls.o
                0x0000000008002aae                _read
 .text._write   0x0000000008002acc       0x1c src/syscalls.o
                0x0000000008002acc                _write
 .text._sbrk    0x0000000008002ae8       0x3c src/syscalls.o
                0x0000000008002ae8                _sbrk
 .text._close   0x0000000008002b24        0x6 src/syscalls.o
                0x0000000008002b24                _close
 .text._fstat   0x0000000008002b2a        0xa src/syscalls.o
                0x0000000008002b2a                _fstat
 .text._isatty  0x0000000008002b34        0x4 src/syscalls.o
                0x0000000008002b34                _isatty
 .text._lseek   0x0000000008002b38        0x4 src/syscalls.o
                0x0000000008002b38                _lseek
 .text.SetSysClockTo72
                0x0000000008002b3c       0xc4 src/system_stm32f10x.o
 .text.SetSysClock
                0x0000000008002c00        0x8 src/system_stm32f10x.o
 .text.SystemInit
                0x0000000008002c08       0x50 src/system_stm32f10x.o
                0x0000000008002c08                SystemInit
 .text.USART1_IRQHandler
                0x0000000008002c58       0x80 src/uart_interrupt.o
                0x0000000008002c58                USART1_IRQHandler
 .text.GPIO_DMA_Configuration
                0x0000000008002cd8       0x44 src/usart_dma.o
                0x0000000008002cd8                GPIO_DMA_Configuration
 .text.RCC_DMA_Configuration
                0x0000000008002d1c       0x1e src/usart_dma.o
                0x0000000008002d1c                RCC_DMA_Configuration
 *fill*         0x0000000008002d3a        0x2 
 .text.DMA_Configuration
                0x0000000008002d3c       0x74 src/usart_dma.o
                0x0000000008002d3c                DMA_Configuration
 .text.usart_dma_init
                0x0000000008002db0       0x74 src/usart_dma.o
                0x0000000008002db0                usart_dma_init
 .text.analizeIncomingDMAData
                0x0000000008002e24       0x38 src/usart_dma.o
                0x0000000008002e24                analizeIncomingDMAData
 .text.uart_dma_send_data
                0x0000000008002e5c       0x20 src/usart_dma.o
                0x0000000008002e5c                uart_dma_send_data
 .text.reconfigure_dma_to_reception
                0x0000000008002e7c       0x4c src/usart_dma.o
                0x0000000008002e7c                reconfigure_dma_to_reception
 .text.reconfigure_dma_to_transmision
                0x0000000008002ec8       0x44 src/usart_dma.o
                0x0000000008002ec8                reconfigure_dma_to_transmision
 .text.controlUartTransfer
                0x0000000008002f0c       0x60 src/usart_dma.o
                0x0000000008002f0c                controlUartTransfer
 .text.Reset_Handler
                0x0000000008002f6c       0x50 startup/startup_stm32.o
                0x0000000008002f6c                Reset_Handler
 .text.Default_Handler
                0x0000000008002fbc        0x2 startup/startup_stm32.o
                0x0000000008002fbc                EXTI2_IRQHandler
                0x0000000008002fbc                TIM8_TRG_COM_IRQHandler
                0x0000000008002fbc                TIM8_CC_IRQHandler
                0x0000000008002fbc                DebugMon_Handler
                0x0000000008002fbc                HardFault_Handler
                0x0000000008002fbc                TIM6_IRQHandler
                0x0000000008002fbc                PVD_IRQHandler
                0x0000000008002fbc                SDIO_IRQHandler
                0x0000000008002fbc                PendSV_Handler
                0x0000000008002fbc                NMI_Handler
                0x0000000008002fbc                EXTI3_IRQHandler
                0x0000000008002fbc                USB_HP_CAN_TX_IRQHandler
                0x0000000008002fbc                EXTI0_IRQHandler
                0x0000000008002fbc                I2C2_EV_IRQHandler
                0x0000000008002fbc                UsageFault_Handler
                0x0000000008002fbc                ADC1_2_IRQHandler
                0x0000000008002fbc                SPI1_IRQHandler
                0x0000000008002fbc                CAN_SCE_IRQHandler
                0x0000000008002fbc                TAMPER_IRQHandler
                0x0000000008002fbc                TIM8_UP_IRQHandler
                0x0000000008002fbc                DMA2_Channel2_IRQHandler
                0x0000000008002fbc                DMA1_Channel4_IRQHandler
                0x0000000008002fbc                USART3_IRQHandler
                0x0000000008002fbc                DMA1_Channel7_IRQHandler
                0x0000000008002fbc                UART5_IRQHandler
                0x0000000008002fbc                ADC3_IRQHandler
                0x0000000008002fbc                TIM4_IRQHandler
                0x0000000008002fbc                CAN_RX1_IRQHandler
                0x0000000008002fbc                DMA2_Channel1_IRQHandler
                0x0000000008002fbc                I2C1_EV_IRQHandler
                0x0000000008002fbc                DMA1_Channel6_IRQHandler
                0x0000000008002fbc                UART4_IRQHandler
                0x0000000008002fbc                TIM3_IRQHandler
                0x0000000008002fbc                RCC_IRQHandler
                0x0000000008002fbc                TIM1_TRG_COM_IRQHandler
                0x0000000008002fbc                DMA1_Channel1_IRQHandler
                0x0000000008002fbc                Default_Handler
                0x0000000008002fbc                EXTI15_10_IRQHandler
                0x0000000008002fbc                TIM7_IRQHandler
                0x0000000008002fbc                TIM5_IRQHandler
                0x0000000008002fbc                EXTI9_5_IRQHandler
                0x0000000008002fbc                SPI2_IRQHandler
                0x0000000008002fbc                USB_LP_CAN_RX0_IRQHandler
                0x0000000008002fbc                MemManage_Handler
                0x0000000008002fbc                SVC_Handler
                0x0000000008002fbc                DMA1_Channel5_IRQHandler
                0x0000000008002fbc                EXTI4_IRQHandler
                0x0000000008002fbc                FSMC_IRQHandler
                0x0000000008002fbc                TIM1_UP_IRQHandler
                0x0000000008002fbc                WWDG_IRQHandler
                0x0000000008002fbc                TIM2_IRQHandler
                0x0000000008002fbc                TIM1_BRK_IRQHandler
                0x0000000008002fbc                EXTI1_IRQHandler
                0x0000000008002fbc                RTCAlarm_IRQHandler
                0x0000000008002fbc                DMA2_Channel4_5_IRQHandler
                0x0000000008002fbc                USART2_IRQHandler
                0x0000000008002fbc                I2C2_ER_IRQHandler
                0x0000000008002fbc                TIM8_BRK_IRQHandler
                0x0000000008002fbc                FLASH_IRQHandler
                0x0000000008002fbc                BusFault_Handler
                0x0000000008002fbc                SPI3_IRQHandler
                0x0000000008002fbc                I2C1_ER_IRQHandler
                0x0000000008002fbc                DMA2_Channel3_IRQHandler
 *fill*         0x0000000008002fbe        0x2 
 .text.__errno  0x0000000008002fc0        0xc /home/gwarchol/Ac6/SystemWorkbench/plugins/fr.ac6.mcu.externaltools.arm-none.linux64_1.15.0.201708311556/tools/compiler/bin/../lib/gcc/arm-none-eabi/6.3.1/../../../../arm-none-eabi/lib/thumb/v7-m/libc.a(lib_a-errno.o)
                0x0000000008002fc0                __errno
 .text.__libc_init_array
                0x0000000008002fcc       0x50 /home/gwarchol/Ac6/SystemWorkbench/plugins/fr.ac6.mcu.externaltools.arm-none.linux64_1.15.0.201708311556/tools/compiler/bin/../lib/gcc/arm-none-eabi/6.3.1/../../../../arm-none-eabi/lib/thumb/v7-m/libc.a(lib_a-init.o)
                0x0000000008002fcc                __libc_init_array
 .text.memset   0x000000000800301c       0x9c /home/gwarchol/Ac6/SystemWorkbench/plugins/fr.ac6.mcu.externaltools.arm-none.linux64_1.15.0.201708311556/tools/compiler/bin/../lib/gcc/arm-none-eabi/6.3.1/../../../../arm-none-eabi/lib/thumb/v7-m/libc.a(lib_a-memset.o)
                0x000000000800301c                memset
 .text._puts_r  0x00000000080030b8       0x9c /home/gwarchol/Ac6/SystemWorkbench/plugins/fr.ac6.mcu.externaltools.arm-none.linux64_1.15.0.201708311556/tools/compiler/bin/../lib/gcc/arm-none-eabi/6.3.1/../../../../arm-none-eabi/lib/thumb/v7-m/libc.a(lib_a-puts.o)
                0x00000000080030b8                _puts_r
 .text.puts     0x0000000008003154       0x10 /home/gwarchol/Ac6/SystemWorkbench/plugins/fr.ac6.mcu.externaltools.arm-none.linux64_1.15.0.201708311556/tools/compiler/bin/../lib/gcc/arm-none-eabi/6.3.1/../../../../arm-none-eabi/lib/thumb/v7-m/libc.a(lib_a-puts.o)
                0x0000000008003154                puts
 .text.sprintf  0x0000000008003164       0x4c /home/gwarchol/Ac6/SystemWorkbench/plugins/fr.ac6.mcu.externaltools.arm-none.linux64_1.15.0.201708311556/tools/compiler/bin/../lib/gcc/arm-none-eabi/6.3.1/../../../../arm-none-eabi/lib/thumb/v7-m/libc.a(lib_a-sprintf.o)
                0x0000000008003164                sprintf
 .text.strlen   0x00000000080031b0       0x5c /home/gwarchol/Ac6/SystemWorkbench/plugins/fr.ac6.mcu.externaltools.arm-none.linux64_1.15.0.201708311556/tools/compiler/bin/../lib/gcc/arm-none-eabi/6.3.1/../../../../arm-none-eabi/lib/thumb/v7-m/libc.a(lib_a-strlen-stub.o)
                0x00000000080031b0                strlen
 .text._svfprintf_r
                0x000000000800320c     0x1500 /home/gwarchol/Ac6/SystemWorkbench/plugins/fr.ac6.mcu.externaltools.arm-none.linux64_1.15.0.201708311556/tools/compiler/bin/../lib/gcc/arm-none-eabi/6.3.1/../../../../arm-none-eabi/lib/thumb/v7-m/libc.a(lib_a-svfprintf.o)
                0x000000000800320c                _svfprintf_r
 .text.__swsetup_r
                0x000000000800470c       0xc8 /home/gwarchol/Ac6/SystemWorkbench/plugins/fr.ac6.mcu.externaltools.arm-none.linux64_1.15.0.201708311556/tools/compiler/bin/../lib/gcc/arm-none-eabi/6.3.1/../../../../arm-none-eabi/lib/thumb/v7-m/libc.a(lib_a-wsetup.o)
                0x000000000800470c                __swsetup_r
 .text.startup.register_fini
                0x00000000080047d4       0x14 /home/gwarchol/Ac6/SystemWorkbench/plugins/fr.ac6.mcu.externaltools.arm-none.linux64_1.15.0.201708311556/tools/compiler/bin/../lib/gcc/arm-none-eabi/6.3.1/../../../../arm-none-eabi/lib/thumb/v7-m/libc.a(lib_a-__call_atexit.o)
 .text.atexit   0x00000000080047e8        0xc /home/gwarchol/Ac6/SystemWorkbench/plugins/fr.ac6.mcu.externaltools.arm-none.linux64_1.15.0.201708311556/tools/compiler/bin/../lib/gcc/arm-none-eabi/6.3.1/../../../../arm-none-eabi/lib/thumb/v7-m/libc.a(lib_a-atexit.o)
                0x00000000080047e8                atexit
 .text.quorem   0x00000000080047f4      0x128 /home/gwarchol/Ac6/SystemWorkbench/plugins/fr.ac6.mcu.externaltools.arm-none.linux64_1.15.0.201708311556/tools/compiler/bin/../lib/gcc/arm-none-eabi/6.3.1/../../../../arm-none-eabi/lib/thumb/v7-m/libc.a(lib_a-dtoa.o)
 *fill*         0x000000000800491c        0x4 
 .text._dtoa_r  0x0000000008004920      0xe44 /home/gwarchol/Ac6/SystemWorkbench/plugins/fr.ac6.mcu.externaltools.arm-none.linux64_1.15.0.201708311556/tools/compiler/bin/../lib/gcc/arm-none-eabi/6.3.1/../../../../arm-none-eabi/lib/thumb/v7-m/libc.a(lib_a-dtoa.o)
                0x0000000008004920                _dtoa_r
 .text.__sflush_r
                0x0000000008005764      0x138 /home/gwarchol/Ac6/SystemWorkbench/plugins/fr.ac6.mcu.externaltools.arm-none.linux64_1.15.0.201708311556/tools/compiler/bin/../lib/gcc/arm-none-eabi/6.3.1/../../../../arm-none-eabi/lib/thumb/v7-m/libc.a(lib_a-fflush.o)
                0x0000000008005764                __sflush_r
 .text._fflush_r
                0x000000000800589c       0x54 /home/gwarchol/Ac6/SystemWorkbench/plugins/fr.ac6.mcu.externaltools.arm-none.linux64_1.15.0.201708311556/tools/compiler/bin/../lib/gcc/arm-none-eabi/6.3.1/../../../../arm-none-eabi/lib/thumb/v7-m/libc.a(lib_a-fflush.o)
                0x000000000800589c                _fflush_r
 .text._cleanup_r
                0x00000000080058f0        0xc /home/gwarchol/Ac6/SystemWorkbench/plugins/fr.ac6.mcu.externaltools.arm-none.linux64_1.15.0.201708311556/tools/compiler/bin/../lib/gcc/arm-none-eabi/6.3.1/../../../../arm-none-eabi/lib/thumb/v7-m/libc.a(lib_a-findfp.o)
                0x00000000080058f0                _cleanup_r
 .text.std.isra.0
                0x00000000080058fc       0x50 /home/gwarchol/Ac6/SystemWorkbench/plugins/fr.ac6.mcu.externaltools.arm-none.linux64_1.15.0.201708311556/tools/compiler/bin/../lib/gcc/arm-none-eabi/6.3.1/../../../../arm-none-eabi/lib/thumb/v7-m/libc.a(lib_a-findfp.o)
 .text.__sinit  0x000000000800594c       0x60 /home/gwarchol/Ac6/SystemWorkbench/plugins/fr.ac6.mcu.externaltools.arm-none.linux64_1.15.0.201708311556/tools/compiler/bin/../lib/gcc/arm-none-eabi/6.3.1/../../../../arm-none-eabi/lib/thumb/v7-m/libc.a(lib_a-findfp.o)
                0x000000000800594c                __sinit
 .text.__sfp_lock_acquire
                0x00000000080059ac        0xc /home/gwarchol/Ac6/SystemWorkbench/plugins/fr.ac6.mcu.externaltools.arm-none.linux64_1.15.0.201708311556/tools/compiler/bin/../lib/gcc/arm-none-eabi/6.3.1/../../../../arm-none-eabi/lib/thumb/v7-m/libc.a(lib_a-findfp.o)
                0x00000000080059ac                __sfp_lock_acquire
 .text.__sfp_lock_release
                0x00000000080059b8        0xc /home/gwarchol/Ac6/SystemWorkbench/plugins/fr.ac6.mcu.externaltools.arm-none.linux64_1.15.0.201708311556/tools/compiler/bin/../lib/gcc/arm-none-eabi/6.3.1/../../../../arm-none-eabi/lib/thumb/v7-m/libc.a(lib_a-findfp.o)
                0x00000000080059b8                __sfp_lock_release
 .text.__libc_fini_array
                0x00000000080059c4       0x34 /home/gwarchol/Ac6/SystemWorkbench/plugins/fr.ac6.mcu.externaltools.arm-none.linux64_1.15.0.201708311556/tools/compiler/bin/../lib/gcc/arm-none-eabi/6.3.1/../../../../arm-none-eabi/lib/thumb/v7-m/libc.a(lib_a-fini.o)
                0x00000000080059c4                __libc_fini_array
 .text._malloc_trim_r
                0x00000000080059f8       0xa0 /home/gwarchol/Ac6/SystemWorkbench/plugins/fr.ac6.mcu.externaltools.arm-none.linux64_1.15.0.201708311556/tools/compiler/bin/../lib/gcc/arm-none-eabi/6.3.1/../../../../arm-none-eabi/lib/thumb/v7-m/libc.a(lib_a-freer.o)
                0x00000000080059f8                _malloc_trim_r
 .text._free_r  0x0000000008005a98      0x1cc /home/gwarchol/Ac6/SystemWorkbench/plugins/fr.ac6.mcu.externaltools.arm-none.linux64_1.15.0.201708311556/tools/compiler/bin/../lib/gcc/arm-none-eabi/6.3.1/../../../../arm-none-eabi/lib/thumb/v7-m/libc.a(lib_a-freer.o)
                0x0000000008005a98                _free_r
 .text.__sfvwrite_r
                0x0000000008005c64      0x2f4 /home/gwarchol/Ac6/SystemWorkbench/plugins/fr.ac6.mcu.externaltools.arm-none.linux64_1.15.0.201708311556/tools/compiler/bin/../lib/gcc/arm-none-eabi/6.3.1/../../../../arm-none-eabi/lib/thumb/v7-m/libc.a(lib_a-fvwrite.o)
                0x0000000008005c64                __sfvwrite_r
 .text._fwalk_reent
                0x0000000008005f58       0x50 /home/gwarchol/Ac6/SystemWorkbench/plugins/fr.ac6.mcu.externaltools.arm-none.linux64_1.15.0.201708311556/tools/compiler/bin/../lib/gcc/arm-none-eabi/6.3.1/../../../../arm-none-eabi/lib/thumb/v7-m/libc.a(lib_a-fwalk.o)
                0x0000000008005f58                _fwalk_reent
 .text._localeconv_r
                0x0000000008005fa8       0x1c /home/gwarchol/Ac6/SystemWorkbench/plugins/fr.ac6.mcu.externaltools.arm-none.linux64_1.15.0.201708311556/tools/compiler/bin/../lib/gcc/arm-none-eabi/6.3.1/../../../../arm-none-eabi/lib/thumb/v7-m/libc.a(lib_a-localeconv.o)
                0x0000000008005fa8                _localeconv_r
 .text.__retarget_lock_init_recursive
                0x0000000008005fc4        0x4 /home/gwarchol/Ac6/SystemWorkbench/plugins/fr.ac6.mcu.externaltools.arm-none.linux64_1.15.0.201708311556/tools/compiler/bin/../lib/gcc/arm-none-eabi/6.3.1/../../../../arm-none-eabi/lib/thumb/v7-m/libc.a(lib_a-lock.o)
                0x0000000008005fc4                __retarget_lock_init_recursive
 .text.__retarget_lock_close_recursive
                0x0000000008005fc8        0x4 /home/gwarchol/Ac6/SystemWorkbench/plugins/fr.ac6.mcu.externaltools.arm-none.linux64_1.15.0.201708311556/tools/compiler/bin/../lib/gcc/arm-none-eabi/6.3.1/../../../../arm-none-eabi/lib/thumb/v7-m/libc.a(lib_a-lock.o)
                0x0000000008005fc8                __retarget_lock_close_recursive
 .text.__retarget_lock_acquire_recursive
                0x0000000008005fcc        0x4 /home/gwarchol/Ac6/SystemWorkbench/plugins/fr.ac6.mcu.externaltools.arm-none.linux64_1.15.0.201708311556/tools/compiler/bin/../lib/gcc/arm-none-eabi/6.3.1/../../../../arm-none-eabi/lib/thumb/v7-m/libc.a(lib_a-lock.o)
                0x0000000008005fcc                __retarget_lock_acquire_recursive
 .text.__retarget_lock_release_recursive
                0x0000000008005fd0        0x4 /home/gwarchol/Ac6/SystemWorkbench/plugins/fr.ac6.mcu.externaltools.arm-none.linux64_1.15.0.201708311556/tools/compiler/bin/../lib/gcc/arm-none-eabi/6.3.1/../../../../arm-none-eabi/lib/thumb/v7-m/libc.a(lib_a-lock.o)
                0x0000000008005fd0                __retarget_lock_release_recursive
 .text.__swhatbuf_r
                0x0000000008005fd4       0x5c /home/gwarchol/Ac6/SystemWorkbench/plugins/fr.ac6.mcu.externaltools.arm-none.linux64_1.15.0.201708311556/tools/compiler/bin/../lib/gcc/arm-none-eabi/6.3.1/../../../../arm-none-eabi/lib/thumb/v7-m/libc.a(lib_a-makebuf.o)
                0x0000000008005fd4                __swhatbuf_r
 .text.__smakebuf_r
                0x0000000008006030       0x94 /home/gwarchol/Ac6/SystemWorkbench/plugins/fr.ac6.mcu.externaltools.arm-none.linux64_1.15.0.201708311556/tools/compiler/bin/../lib/gcc/arm-none-eabi/6.3.1/../../../../arm-none-eabi/lib/thumb/v7-m/libc.a(lib_a-makebuf.o)
                0x0000000008006030                __smakebuf_r
 .text._malloc_r
                0x00000000080060c4      0x544 /home/gwarchol/Ac6/SystemWorkbench/plugins/fr.ac6.mcu.externaltools.arm-none.linux64_1.15.0.201708311556/tools/compiler/bin/../lib/gcc/arm-none-eabi/6.3.1/../../../../arm-none-eabi/lib/thumb/v7-m/libc.a(lib_a-mallocr.o)
                0x00000000080060c4                _malloc_r
 .text.memchr   0x0000000008006608       0x8c /home/gwarchol/Ac6/SystemWorkbench/plugins/fr.ac6.mcu.externaltools.arm-none.linux64_1.15.0.201708311556/tools/compiler/bin/../lib/gcc/arm-none-eabi/6.3.1/../../../../arm-none-eabi/lib/thumb/v7-m/libc.a(lib_a-memchr-stub.o)
                0x0000000008006608                memchr
 .text.memmove  0x0000000008006694       0xc8 /home/gwarchol/Ac6/SystemWorkbench/plugins/fr.ac6.mcu.externaltools.arm-none.linux64_1.15.0.201708311556/tools/compiler/bin/../lib/gcc/arm-none-eabi/6.3.1/../../../../arm-none-eabi/lib/thumb/v7-m/libc.a(lib_a-memmove.o)
                0x0000000008006694                memmove
 .text.__malloc_lock
                0x000000000800675c        0xc /home/gwarchol/Ac6/SystemWorkbench/plugins/fr.ac6.mcu.externaltools.arm-none.linux64_1.15.0.201708311556/tools/compiler/bin/../lib/gcc/arm-none-eabi/6.3.1/../../../../arm-none-eabi/lib/thumb/v7-m/libc.a(lib_a-mlock.o)
                0x000000000800675c                __malloc_lock
 .text.__malloc_unlock
                0x0000000008006768        0xc /home/gwarchol/Ac6/SystemWorkbench/plugins/fr.ac6.mcu.externaltools.arm-none.linux64_1.15.0.201708311556/tools/compiler/bin/../lib/gcc/arm-none-eabi/6.3.1/../../../../arm-none-eabi/lib/thumb/v7-m/libc.a(lib_a-mlock.o)
                0x0000000008006768                __malloc_unlock
 .text._Balloc  0x0000000008006774       0x4c /home/gwarchol/Ac6/SystemWorkbench/plugins/fr.ac6.mcu.externaltools.arm-none.linux64_1.15.0.201708311556/tools/compiler/bin/../lib/gcc/arm-none-eabi/6.3.1/../../../../arm-none-eabi/lib/thumb/v7-m/libc.a(lib_a-mprec.o)
                0x0000000008006774                _Balloc
 .text._Bfree   0x00000000080067c0       0x14 /home/gwarchol/Ac6/SystemWorkbench/plugins/fr.ac6.mcu.externaltools.arm-none.linux64_1.15.0.201708311556/tools/compiler/bin/../lib/gcc/arm-none-eabi/6.3.1/../../../../arm-none-eabi/lib/thumb/v7-m/libc.a(lib_a-mprec.o)
                0x00000000080067c0                _Bfree
 .text.__multadd
                0x00000000080067d4       0x84 /home/gwarchol/Ac6/SystemWorkbench/plugins/fr.ac6.mcu.externaltools.arm-none.linux64_1.15.0.201708311556/tools/compiler/bin/../lib/gcc/arm-none-eabi/6.3.1/../../../../arm-none-eabi/lib/thumb/v7-m/libc.a(lib_a-mprec.o)
                0x00000000080067d4                __multadd
 .text.__hi0bits
                0x0000000008006858       0x40 /home/gwarchol/Ac6/SystemWorkbench/plugins/fr.ac6.mcu.externaltools.arm-none.linux64_1.15.0.201708311556/tools/compiler/bin/../lib/gcc/arm-none-eabi/6.3.1/../../../../arm-none-eabi/lib/thumb/v7-m/libc.a(lib_a-mprec.o)
                0x0000000008006858                __hi0bits
 .text.__lo0bits
                0x0000000008006898       0x60 /home/gwarchol/Ac6/SystemWorkbench/plugins/fr.ac6.mcu.externaltools.arm-none.linux64_1.15.0.201708311556/tools/compiler/bin/../lib/gcc/arm-none-eabi/6.3.1/../../../../arm-none-eabi/lib/thumb/v7-m/libc.a(lib_a-mprec.o)
                0x0000000008006898                __lo0bits
 .text.__i2b    0x00000000080068f8       0x14 /home/gwarchol/Ac6/SystemWorkbench/plugins/fr.ac6.mcu.externaltools.arm-none.linux64_1.15.0.201708311556/tools/compiler/bin/../lib/gcc/arm-none-eabi/6.3.1/../../../../arm-none-eabi/lib/thumb/v7-m/libc.a(lib_a-mprec.o)
                0x00000000080068f8                __i2b
 .text.__multiply
                0x000000000800690c      0x124 /home/gwarchol/Ac6/SystemWorkbench/plugins/fr.ac6.mcu.externaltools.arm-none.linux64_1.15.0.201708311556/tools/compiler/bin/../lib/gcc/arm-none-eabi/6.3.1/../../../../arm-none-eabi/lib/thumb/v7-m/libc.a(lib_a-mprec.o)
                0x000000000800690c                __multiply
 .text.__pow5mult
                0x0000000008006a30       0xa0 /home/gwarchol/Ac6/SystemWorkbench/plugins/fr.ac6.mcu.externaltools.arm-none.linux64_1.15.0.201708311556/tools/compiler/bin/../lib/gcc/arm-none-eabi/6.3.1/../../../../arm-none-eabi/lib/thumb/v7-m/libc.a(lib_a-mprec.o)
                0x0000000008006a30                __pow5mult
 .text.__lshift
                0x0000000008006ad0       0xa0 /home/gwarchol/Ac6/SystemWorkbench/plugins/fr.ac6.mcu.externaltools.arm-none.linux64_1.15.0.201708311556/tools/compiler/bin/../lib/gcc/arm-none-eabi/6.3.1/../../../../arm-none-eabi/lib/thumb/v7-m/libc.a(lib_a-mprec.o)
                0x0000000008006ad0                __lshift
 .text.__mcmp   0x0000000008006b70       0x38 /home/gwarchol/Ac6/SystemWorkbench/plugins/fr.ac6.mcu.externaltools.arm-none.linux64_1.15.0.201708311556/tools/compiler/bin/../lib/gcc/arm-none-eabi/6.3.1/../../../../arm-none-eabi/lib/thumb/v7-m/libc.a(lib_a-mprec.o)
                0x0000000008006b70                __mcmp
 .text.__mdiff  0x0000000008006ba8      0x11c /home/gwarchol/Ac6/SystemWorkbench/plugins/fr.ac6.mcu.externaltools.arm-none.linux64_1.15.0.201708311556/tools/compiler/bin/../lib/gcc/arm-none-eabi/6.3.1/../../../../arm-none-eabi/lib/thumb/v7-m/libc.a(lib_a-mprec.o)
                0x0000000008006ba8                __mdiff
 .text.__d2b    0x0000000008006cc4       0xa8 /home/gwarchol/Ac6/SystemWorkbench/plugins/fr.ac6.mcu.externaltools.arm-none.linux64_1.15.0.201708311556/tools/compiler/bin/../lib/gcc/arm-none-eabi/6.3.1/../../../../arm-none-eabi/lib/thumb/v7-m/libc.a(lib_a-mprec.o)
                0x0000000008006cc4                __d2b
 .text._realloc_r
                0x0000000008006d6c      0x36c /home/gwarchol/Ac6/SystemWorkbench/plugins/fr.ac6.mcu.externaltools.arm-none.linux64_1.15.0.201708311556/tools/compiler/bin/../lib/gcc/arm-none-eabi/6.3.1/../../../../arm-none-eabi/lib/thumb/v7-m/libc.a(lib_a-reallocr.o)
                0x0000000008006d6c                _realloc_r
 .text._sbrk_r  0x00000000080070d8       0x24 /home/gwarchol/Ac6/SystemWorkbench/plugins/fr.ac6.mcu.externaltools.arm-none.linux64_1.15.0.201708311556/tools/compiler/bin/../lib/gcc/arm-none-eabi/6.3.1/../../../../arm-none-eabi/lib/thumb/v7-m/libc.a(lib_a-sbrkr.o)
                0x00000000080070d8                _sbrk_r
 .text.__sread  0x00000000080070fc       0x24 /home/gwarchol/Ac6/SystemWorkbench/plugins/fr.ac6.mcu.externaltools.arm-none.linux64_1.15.0.201708311556/tools/compiler/bin/../lib/gcc/arm-none-eabi/6.3.1/../../../../arm-none-eabi/lib/thumb/v7-m/libc.a(lib_a-stdio.o)
                0x00000000080070fc                __sread
 .text.__swrite
                0x0000000008007120       0x3c /home/gwarchol/Ac6/SystemWorkbench/plugins/fr.ac6.mcu.externaltools.arm-none.linux64_1.15.0.201708311556/tools/compiler/bin/../lib/gcc/arm-none-eabi/6.3.1/../../../../arm-none-eabi/lib/thumb/v7-m/libc.a(lib_a-stdio.o)
                0x0000000008007120                __swrite
 .text.__sseek  0x000000000800715c       0x20 /home/gwarchol/Ac6/SystemWorkbench/plugins/fr.ac6.mcu.externaltools.arm-none.linux64_1.15.0.201708311556/tools/compiler/bin/../lib/gcc/arm-none-eabi/6.3.1/../../../../arm-none-eabi/lib/thumb/v7-m/libc.a(lib_a-stdio.o)
                0x000000000800715c                __sseek
 .text.__sclose
                0x000000000800717c        0x8 /home/gwarchol/Ac6/SystemWorkbench/plugins/fr.ac6.mcu.externaltools.arm-none.linux64_1.15.0.201708311556/tools/compiler/bin/../lib/gcc/arm-none-eabi/6.3.1/../../../../arm-none-eabi/lib/thumb/v7-m/libc.a(lib_a-stdio.o)
                0x000000000800717c                __sclose
 .text.__ssprint_r
                0x0000000008007184       0xfc /home/gwarchol/Ac6/SystemWorkbench/plugins/fr.ac6.mcu.externaltools.arm-none.linux64_1.15.0.201708311556/tools/compiler/bin/../lib/gcc/arm-none-eabi/6.3.1/../../../../arm-none-eabi/lib/thumb/v7-m/libc.a(lib_a-svfiprintf.o)
                0x0000000008007184                __ssprint_r
 .text._write_r
                0x0000000008007280       0x2c /home/gwarchol/Ac6/SystemWorkbench/plugins/fr.ac6.mcu.externaltools.arm-none.linux64_1.15.0.201708311556/tools/compiler/bin/../lib/gcc/arm-none-eabi/6.3.1/../../../../arm-none-eabi/lib/thumb/v7-m/libc.a(lib_a-writer.o)
                0x0000000008007280                _write_r
 .text.__register_exitproc
                0x00000000080072ac       0xc4 /home/gwarchol/Ac6/SystemWorkbench/plugins/fr.ac6.mcu.externaltools.arm-none.linux64_1.15.0.201708311556/tools/compiler/bin/../lib/gcc/arm-none-eabi/6.3.1/../../../../arm-none-eabi/lib/thumb/v7-m/libc.a(lib_a-__atexit.o)
                0x00000000080072ac                __register_exitproc
 .text._calloc_r
                0x0000000008007370       0x60 /home/gwarchol/Ac6/SystemWorkbench/plugins/fr.ac6.mcu.externaltools.arm-none.linux64_1.15.0.201708311556/tools/compiler/bin/../lib/gcc/arm-none-eabi/6.3.1/../../../../arm-none-eabi/lib/thumb/v7-m/libc.a(lib_a-callocr.o)
                0x0000000008007370                _calloc_r
 .text._close_r
                0x00000000080073d0       0x24 /home/gwarchol/Ac6/SystemWorkbench/plugins/fr.ac6.mcu.externaltools.arm-none.linux64_1.15.0.201708311556/tools/compiler/bin/../lib/gcc/arm-none-eabi/6.3.1/../../../../arm-none-eabi/lib/thumb/v7-m/libc.a(lib_a-closer.o)
                0x00000000080073d0                _close_r
 .text._fclose_r
                0x00000000080073f4       0xc4 /home/gwarchol/Ac6/SystemWorkbench/plugins/fr.ac6.mcu.externaltools.arm-none.linux64_1.15.0.201708311556/tools/compiler/bin/../lib/gcc/arm-none-eabi/6.3.1/../../../../arm-none-eabi/lib/thumb/v7-m/libc.a(lib_a-fclose.o)
                0x00000000080073f4                _fclose_r
 .text._fstat_r
                0x00000000080074b8       0x28 /home/gwarchol/Ac6/SystemWorkbench/plugins/fr.ac6.mcu.externaltools.arm-none.linux64_1.15.0.201708311556/tools/compiler/bin/../lib/gcc/arm-none-eabi/6.3.1/../../../../arm-none-eabi/lib/thumb/v7-m/libc.a(lib_a-fstatr.o)
                0x00000000080074b8                _fstat_r
 .text._isatty_r
                0x00000000080074e0       0x24 /home/gwarchol/Ac6/SystemWorkbench/plugins/fr.ac6.mcu.externaltools.arm-none.linux64_1.15.0.201708311556/tools/compiler/bin/../lib/gcc/arm-none-eabi/6.3.1/../../../../arm-none-eabi/lib/thumb/v7-m/libc.a(lib_a-isattyr.o)
                0x00000000080074e0                _isatty_r
 .text._lseek_r
                0x0000000008007504       0x2c /home/gwarchol/Ac6/SystemWorkbench/plugins/fr.ac6.mcu.externaltools.arm-none.linux64_1.15.0.201708311556/tools/compiler/bin/../lib/gcc/arm-none-eabi/6.3.1/../../../../arm-none-eabi/lib/thumb/v7-m/libc.a(lib_a-lseekr.o)
                0x0000000008007504                _lseek_r
 .text.__ascii_mbtowc
                0x0000000008007530       0x2c /home/gwarchol/Ac6/SystemWorkbench/plugins/fr.ac6.mcu.externaltools.arm-none.linux64_1.15.0.201708311556/tools/compiler/bin/../lib/gcc/arm-none-eabi/6.3.1/../../../../arm-none-eabi/lib/thumb/v7-m/libc.a(lib_a-mbtowc_r.o)
                0x0000000008007530                __ascii_mbtowc
 .text._read_r  0x000000000800755c       0x2c /home/gwarchol/Ac6/SystemWorkbench/plugins/fr.ac6.mcu.externaltools.arm-none.linux64_1.15.0.201708311556/tools/compiler/bin/../lib/gcc/arm-none-eabi/6.3.1/../../../../arm-none-eabi/lib/thumb/v7-m/libc.a(lib_a-readr.o)
                0x000000000800755c                _read_r
 .text.__ascii_wctomb
                0x0000000008007588       0x18 /home/gwarchol/Ac6/SystemWorkbench/plugins/fr.ac6.mcu.externaltools.arm-none.linux64_1.15.0.201708311556/tools/compiler/bin/../lib/gcc/arm-none-eabi/6.3.1/../../../../arm-none-eabi/lib/thumb/v7-m/libc.a(lib_a-wctomb_r.o)
                0x0000000008007588                __ascii_wctomb
 *(.glue_7)
 .glue_7        0x00000000080075a0        0x0 linker stubs
 *(.glue_7t)
 .glue_7t       0x00000000080075a0        0x0 linker stubs
 *(.eh_frame)
 .eh_frame      0x00000000080075a0        0x0 /home/gwarchol/Ac6/SystemWorkbench/plugins/fr.ac6.mcu.externaltools.arm-none.linux64_1.15.0.201708311556/tools/compiler/bin/../lib/gcc/arm-none-eabi/6.3.1/thumb/v7-m/crtbegin.o
 *(.init)
 .init          0x00000000080075a0        0x4 /home/gwarchol/Ac6/SystemWorkbench/plugins/fr.ac6.mcu.externaltools.arm-none.linux64_1.15.0.201708311556/tools/compiler/bin/../lib/gcc/arm-none-eabi/6.3.1/thumb/v7-m/crti.o
                0x00000000080075a0                _init
 .init          0x00000000080075a4        0x8 /home/gwarchol/Ac6/SystemWorkbench/plugins/fr.ac6.mcu.externaltools.arm-none.linux64_1.15.0.201708311556/tools/compiler/bin/../lib/gcc/arm-none-eabi/6.3.1/thumb/v7-m/crtn.o
 *(.fini)
 .fini          0x00000000080075ac        0x4 /home/gwarchol/Ac6/SystemWorkbench/plugins/fr.ac6.mcu.externaltools.arm-none.linux64_1.15.0.201708311556/tools/compiler/bin/../lib/gcc/arm-none-eabi/6.3.1/thumb/v7-m/crti.o
                0x00000000080075ac                _fini
 .fini          0x00000000080075b0        0x8 /home/gwarchol/Ac6/SystemWorkbench/plugins/fr.ac6.mcu.externaltools.arm-none.linux64_1.15.0.201708311556/tools/compiler/bin/../lib/gcc/arm-none-eabi/6.3.1/thumb/v7-m/crtn.o
                0x00000000080075b8                . = ALIGN (0x4)
                0x00000000080075b8                _etext = .

.vfp11_veneer   0x00000000080075b8        0x0
 .vfp11_veneer  0x00000000080075b8        0x0 linker stubs

.v4_bx          0x00000000080075b8        0x0
 .v4_bx         0x00000000080075b8        0x0 linker stubs

.iplt           0x00000000080075b8        0x0
 .iplt          0x00000000080075b8        0x0 /home/gwarchol/Ac6/SystemWorkbench/plugins/fr.ac6.mcu.externaltools.arm-none.linux64_1.15.0.201708311556/tools/compiler/bin/../lib/gcc/arm-none-eabi/6.3.1/thumb/v7-m/crtbegin.o

.rodata         0x00000000080075b8      0x800
                0x00000000080075b8                . = ALIGN (0x4)
 *(.rodata)
 .rodata        0x00000000080075b8       0x63 lib/ILI9341/core.o
 *fill*         0x000000000800761b        0x1 
 .rodata        0x000000000800761c      0x500 lib/ILI9341/text.o
 *(.rodata*)
 .rodata.str1.4
                0x0000000008007b1c        0xb src/main.o
 *fill*         0x0000000008007b27        0x1 
 .rodata._global_impure_ptr
                0x0000000008007b28        0x4 /home/gwarchol/Ac6/SystemWorkbench/plugins/fr.ac6.mcu.externaltools.arm-none.linux64_1.15.0.201708311556/tools/compiler/bin/../lib/gcc/arm-none-eabi/6.3.1/../../../../arm-none-eabi/lib/thumb/v7-m/libc.a(lib_a-impure.o)
                0x0000000008007b28                _global_impure_ptr
 .rodata._puts_r.str1.4
                0x0000000008007b2c        0x2 /home/gwarchol/Ac6/SystemWorkbench/plugins/fr.ac6.mcu.externaltools.arm-none.linux64_1.15.0.201708311556/tools/compiler/bin/../lib/gcc/arm-none-eabi/6.3.1/../../../../arm-none-eabi/lib/thumb/v7-m/libc.a(lib_a-puts.o)
 *fill*         0x0000000008007b2e        0x2 
 .rodata._svfprintf_r.str1.4
                0x0000000008007b30       0x42 /home/gwarchol/Ac6/SystemWorkbench/plugins/fr.ac6.mcu.externaltools.arm-none.linux64_1.15.0.201708311556/tools/compiler/bin/../lib/gcc/arm-none-eabi/6.3.1/../../../../arm-none-eabi/lib/thumb/v7-m/libc.a(lib_a-svfprintf.o)
 *fill*         0x0000000008007b72        0x2 
 .rodata.blanks.7223
                0x0000000008007b74       0x10 /home/gwarchol/Ac6/SystemWorkbench/plugins/fr.ac6.mcu.externaltools.arm-none.linux64_1.15.0.201708311556/tools/compiler/bin/../lib/gcc/arm-none-eabi/6.3.1/../../../../arm-none-eabi/lib/thumb/v7-m/libc.a(lib_a-svfprintf.o)
 .rodata.zeroes.7224
                0x0000000008007b84       0x10 /home/gwarchol/Ac6/SystemWorkbench/plugins/fr.ac6.mcu.externaltools.arm-none.linux64_1.15.0.201708311556/tools/compiler/bin/../lib/gcc/arm-none-eabi/6.3.1/../../../../arm-none-eabi/lib/thumb/v7-m/libc.a(lib_a-svfprintf.o)
 .rodata._dtoa_r.str1.4
                0x0000000008007b94       0x10 /home/gwarchol/Ac6/SystemWorkbench/plugins/fr.ac6.mcu.externaltools.arm-none.linux64_1.15.0.201708311556/tools/compiler/bin/../lib/gcc/arm-none-eabi/6.3.1/../../../../arm-none-eabi/lib/thumb/v7-m/libc.a(lib_a-dtoa.o)
                                         0x12 (size before relaxing)
 *fill*         0x0000000008007ba4        0x4 
 .rodata.__mprec_bigtens
                0x0000000008007ba8       0x28 /home/gwarchol/Ac6/SystemWorkbench/plugins/fr.ac6.mcu.externaltools.arm-none.linux64_1.15.0.201708311556/tools/compiler/bin/../lib/gcc/arm-none-eabi/6.3.1/../../../../arm-none-eabi/lib/thumb/v7-m/libc.a(lib_a-mprec.o)
                0x0000000008007ba8                __mprec_bigtens
 .rodata.__mprec_tens
                0x0000000008007bd0       0xc8 /home/gwarchol/Ac6/SystemWorkbench/plugins/fr.ac6.mcu.externaltools.arm-none.linux64_1.15.0.201708311556/tools/compiler/bin/../lib/gcc/arm-none-eabi/6.3.1/../../../../arm-none-eabi/lib/thumb/v7-m/libc.a(lib_a-mprec.o)
                0x0000000008007bd0                __mprec_tens
 .rodata.p05.6055
                0x0000000008007c98        0xc /home/gwarchol/Ac6/SystemWorkbench/plugins/fr.ac6.mcu.externaltools.arm-none.linux64_1.15.0.201708311556/tools/compiler/bin/../lib/gcc/arm-none-eabi/6.3.1/../../../../arm-none-eabi/lib/thumb/v7-m/libc.a(lib_a-mprec.o)
 .rodata._setlocale_r.str1.4
                0x0000000008007ca4        0xa /home/gwarchol/Ac6/SystemWorkbench/plugins/fr.ac6.mcu.externaltools.arm-none.linux64_1.15.0.201708311556/tools/compiler/bin/../lib/gcc/arm-none-eabi/6.3.1/../../../../arm-none-eabi/lib/thumb/v7-m/libc.a(lib_a-locale.o)
                                          0xd (size before relaxing)
 *fill*         0x0000000008007cae        0x2 
 .rodata.str1.4
                0x0000000008007cb0        0x4 /home/gwarchol/Ac6/SystemWorkbench/plugins/fr.ac6.mcu.externaltools.arm-none.linux64_1.15.0.201708311556/tools/compiler/bin/../lib/gcc/arm-none-eabi/6.3.1/../../../../arm-none-eabi/lib/thumb/v7-m/libc.a(lib_a-locale.o)
                                          0x2 (size before relaxing)
 .rodata._ctype_
                0x0000000008007cb4      0x101 /home/gwarchol/Ac6/SystemWorkbench/plugins/fr.ac6.mcu.externaltools.arm-none.linux64_1.15.0.201708311556/tools/compiler/bin/../lib/gcc/arm-none-eabi/6.3.1/../../../../arm-none-eabi/lib/thumb/v7-m/libc.a(lib_a-ctype_.o)
                0x0000000008007cb4                _ctype_
                0x0000000008007db8                . = ALIGN (0x4)
 *fill*         0x0000000008007db5        0x3 

.ARM.extab      0x0000000008007db8        0x0
                0x0000000008007db8                . = ALIGN (0x4)
 *(.ARM.extab* .gnu.linkonce.armextab.*)
                0x0000000008007db8                . = ALIGN (0x4)

.ARM            0x0000000008007db8        0x8
                0x0000000008007db8                . = ALIGN (0x4)
                0x0000000008007db8                __exidx_start = .
 *(.ARM.exidx*)
 .ARM.exidx     0x0000000008007db8        0x8 /home/gwarchol/Ac6/SystemWorkbench/plugins/fr.ac6.mcu.externaltools.arm-none.linux64_1.15.0.201708311556/tools/compiler/bin/../lib/gcc/arm-none-eabi/6.3.1/thumb/v7-m/libgcc.a(_udivmoddi4.o)
                0x0000000008007dc0                __exidx_end = .
                0x0000000008007dc0                . = ALIGN (0x4)

.rel.dyn        0x0000000008007dc0        0x0
 .rel.iplt      0x0000000008007dc0        0x0 /home/gwarchol/Ac6/SystemWorkbench/plugins/fr.ac6.mcu.externaltools.arm-none.linux64_1.15.0.201708311556/tools/compiler/bin/../lib/gcc/arm-none-eabi/6.3.1/thumb/v7-m/crtbegin.o

.preinit_array  0x0000000008007dc0        0x0
                0x0000000008007dc0                . = ALIGN (0x4)
                0x0000000008007dc0                PROVIDE (__preinit_array_start, .)
 *(.preinit_array*)
                0x0000000008007dc0                PROVIDE (__preinit_array_end, .)
                0x0000000008007dc0                . = ALIGN (0x4)

.init_array     0x0000000008007dc0        0x8
                0x0000000008007dc0                . = ALIGN (0x4)
                0x0000000008007dc0                PROVIDE (__init_array_start, .)
 *(SORT(.init_array.*))
 .init_array.00000
                0x0000000008007dc0        0x4 /home/gwarchol/Ac6/SystemWorkbench/plugins/fr.ac6.mcu.externaltools.arm-none.linux64_1.15.0.201708311556/tools/compiler/bin/../lib/gcc/arm-none-eabi/6.3.1/../../../../arm-none-eabi/lib/thumb/v7-m/libc.a(lib_a-__call_atexit.o)
 *(.init_array*)
 .init_array    0x0000000008007dc4        0x4 /home/gwarchol/Ac6/SystemWorkbench/plugins/fr.ac6.mcu.externaltools.arm-none.linux64_1.15.0.201708311556/tools/compiler/bin/../lib/gcc/arm-none-eabi/6.3.1/thumb/v7-m/crtbegin.o
                0x0000000008007dc8                PROVIDE (__init_array_end, .)
                0x0000000008007dc8                . = ALIGN (0x4)

.fini_array     0x0000000008007dc8        0x4
                0x0000000008007dc8                . = ALIGN (0x4)
                0x0000000008007dc8                PROVIDE (__fini_array_start, .)
 *(SORT(.fini_array.*))
 *(.fini_array*)
 .fini_array    0x0000000008007dc8        0x4 /home/gwarchol/Ac6/SystemWorkbench/plugins/fr.ac6.mcu.externaltools.arm-none.linux64_1.15.0.201708311556/tools/compiler/bin/../lib/gcc/arm-none-eabi/6.3.1/thumb/v7-m/crtbegin.o
                0x0000000008007dcc                PROVIDE (__fini_array_end, .)
                0x0000000008007dcc                . = ALIGN (0x4)
                0x0000000008007dcc                _sidata = LOADADDR (.data)

.data           0x0000000020000000      0x9e8 load address 0x0000000008007dcc
                0x0000000020000000                . = ALIGN (0x4)
                0x0000000020000000                _sdata = .
 *(.data)
 .data          0x0000000020000000       0x14 StdPeriph_Driver/src/stm32f10x_rcc.o
 .data          0x0000000020000014        0x4 lib/ILI9341/core.o
 .data          0x0000000020000018        0x6 lib/ILI9341/text.o
                0x0000000020000018                textSize
                0x0000000020000019                wrap
                0x000000002000001a                textColor
                0x000000002000001c                textBgColor
 .data          0x000000002000001e        0x8 src/scan_timer.o
                0x000000002000001e                CC1
                0x0000000020000020                CC2
                0x0000000020000022                CC3
                0x0000000020000024                CC4
 *fill*         0x0000000020000026        0x2 
 .data          0x0000000020000028       0x14 src/system_stm32f10x.o
                0x0000000020000028                SystemCoreClock
                0x000000002000002c                AHBPrescTable
 *(.data*)
 .data._impure_ptr
                0x000000002000003c        0x4 /home/gwarchol/Ac6/SystemWorkbench/plugins/fr.ac6.mcu.externaltools.arm-none.linux64_1.15.0.201708311556/tools/compiler/bin/../lib/gcc/arm-none-eabi/6.3.1/../../../../arm-none-eabi/lib/thumb/v7-m/libc.a(lib_a-impure.o)
                0x000000002000003c                _impure_ptr
 .data.impure_data
                0x0000000020000040      0x428 /home/gwarchol/Ac6/SystemWorkbench/plugins/fr.ac6.mcu.externaltools.arm-none.linux64_1.15.0.201708311556/tools/compiler/bin/../lib/gcc/arm-none-eabi/6.3.1/../../../../arm-none-eabi/lib/thumb/v7-m/libc.a(lib_a-impure.o)
 .data.__atexit_recursive_mutex
                0x0000000020000468        0x4 /home/gwarchol/Ac6/SystemWorkbench/plugins/fr.ac6.mcu.externaltools.arm-none.linux64_1.15.0.201708311556/tools/compiler/bin/../lib/gcc/arm-none-eabi/6.3.1/../../../../arm-none-eabi/lib/thumb/v7-m/libc.a(lib_a-__call_atexit.o)
                0x0000000020000468                __atexit_recursive_mutex
 .data.__malloc_av_
                0x000000002000046c      0x408 /home/gwarchol/Ac6/SystemWorkbench/plugins/fr.ac6.mcu.externaltools.arm-none.linux64_1.15.0.201708311556/tools/compiler/bin/../lib/gcc/arm-none-eabi/6.3.1/../../../../arm-none-eabi/lib/thumb/v7-m/libc.a(lib_a-mallocr.o)
                0x000000002000046c                __malloc_av_
 .data.__malloc_sbrk_base
                0x0000000020000874        0x4 /home/gwarchol/Ac6/SystemWorkbench/plugins/fr.ac6.mcu.externaltools.arm-none.linux64_1.15.0.201708311556/tools/compiler/bin/../lib/gcc/arm-none-eabi/6.3.1/../../../../arm-none-eabi/lib/thumb/v7-m/libc.a(lib_a-mallocr.o)
                0x0000000020000874                __malloc_sbrk_base
 .data.__malloc_trim_threshold
                0x0000000020000878        0x4 /home/gwarchol/Ac6/SystemWorkbench/plugins/fr.ac6.mcu.externaltools.arm-none.linux64_1.15.0.201708311556/tools/compiler/bin/../lib/gcc/arm-none-eabi/6.3.1/../../../../arm-none-eabi/lib/thumb/v7-m/libc.a(lib_a-mallocr.o)
                0x0000000020000878                __malloc_trim_threshold
 .data.__global_locale
                0x000000002000087c      0x16c /home/gwarchol/Ac6/SystemWorkbench/plugins/fr.ac6.mcu.externaltools.arm-none.linux64_1.15.0.201708311556/tools/compiler/bin/../lib/gcc/arm-none-eabi/6.3.1/../../../../arm-none-eabi/lib/thumb/v7-m/libc.a(lib_a-locale.o)
                0x000000002000087c                __global_locale
                0x00000000200009e8                . = ALIGN (0x4)
                0x00000000200009e8                _edata = .

.jcr            0x00000000200009e8        0x0 load address 0x00000000080087b4
 .jcr           0x00000000200009e8        0x0 /home/gwarchol/Ac6/SystemWorkbench/plugins/fr.ac6.mcu.externaltools.arm-none.linux64_1.15.0.201708311556/tools/compiler/bin/../lib/gcc/arm-none-eabi/6.3.1/thumb/v7-m/crtbegin.o

.igot.plt       0x00000000200009e8        0x0 load address 0x00000000080087b4
 .igot.plt      0x00000000200009e8        0x0 /home/gwarchol/Ac6/SystemWorkbench/plugins/fr.ac6.mcu.externaltools.arm-none.linux64_1.15.0.201708311556/tools/compiler/bin/../lib/gcc/arm-none-eabi/6.3.1/thumb/v7-m/crtbegin.o
                0x00000000200009e8                . = ALIGN (0x4)

.bss            0x00000000200009e8     0x1304 load address 0x00000000080087b4
                0x00000000200009e8                _sbss = .
                0x00000000200009e8                __bss_start__ = _sbss
 *(.bss)
 .bss           0x00000000200009e8       0x1c /home/gwarchol/Ac6/SystemWorkbench/plugins/fr.ac6.mcu.externaltools.arm-none.linux64_1.15.0.201708311556/tools/compiler/bin/../lib/gcc/arm-none-eabi/6.3.1/thumb/v7-m/crtbegin.o
 .bss           0x0000000020000a04        0x4 lib/ILI9341/delay.o
                0x0000000020000a04                tick
 .bss           0x0000000020000a08        0x5 lib/ILI9341/text.o
                0x0000000020000a08                cursorY
                0x0000000020000a0a                cursorX
                0x0000000020000a0c                _cp437
 *fill*         0x0000000020000a0d        0x3 
 .bss           0x0000000020000a10        0x5 src/main.o
                0x0000000020000a14                state
 *fill*         0x0000000020000a15        0x3 
 .bss           0x0000000020000a18        0x5 src/rtc.o
                0x0000000020000a18                total_rtc_ticks
                0x0000000020000a1c                x
 .bss           0x0000000020000a1d        0x4 src/scan_timer.o
                0x0000000020000a1d                _1_ms_flag
                0x0000000020000a1e                _10_ms_flag
                0x0000000020000a1f                _100_ms_flag
                0x0000000020000a20                _1_s_flag
 *fill*         0x0000000020000a21        0x3 
 .bss           0x0000000020000a24        0x8 src/syscalls.o
                0x0000000020000a28                __env
 *(.bss*)
 .bss.__malloc_current_mallinfo
                0x0000000020000a2c       0x28 /home/gwarchol/Ac6/SystemWorkbench/plugins/fr.ac6.mcu.externaltools.arm-none.linux64_1.15.0.201708311556/tools/compiler/bin/../lib/gcc/arm-none-eabi/6.3.1/../../../../arm-none-eabi/lib/thumb/v7-m/libc.a(lib_a-mallocr.o)
                0x0000000020000a2c                __malloc_current_mallinfo
 .bss.__malloc_max_sbrked_mem
                0x0000000020000a54        0x4 /home/gwarchol/Ac6/SystemWorkbench/plugins/fr.ac6.mcu.externaltools.arm-none.linux64_1.15.0.201708311556/tools/compiler/bin/../lib/gcc/arm-none-eabi/6.3.1/../../../../arm-none-eabi/lib/thumb/v7-m/libc.a(lib_a-mallocr.o)
                0x0000000020000a54                __malloc_max_sbrked_mem
 .bss.__malloc_max_total_mem
                0x0000000020000a58        0x4 /home/gwarchol/Ac6/SystemWorkbench/plugins/fr.ac6.mcu.externaltools.arm-none.linux64_1.15.0.201708311556/tools/compiler/bin/../lib/gcc/arm-none-eabi/6.3.1/../../../../arm-none-eabi/lib/thumb/v7-m/libc.a(lib_a-mallocr.o)
                0x0000000020000a58                __malloc_max_total_mem
 .bss.__malloc_top_pad
                0x0000000020000a5c        0x4 /home/gwarchol/Ac6/SystemWorkbench/plugins/fr.ac6.mcu.externaltools.arm-none.linux64_1.15.0.201708311556/tools/compiler/bin/../lib/gcc/arm-none-eabi/6.3.1/../../../../arm-none-eabi/lib/thumb/v7-m/libc.a(lib_a-mallocr.o)
                0x0000000020000a5c                __malloc_top_pad
 *(COMMON)
 COMMON         0x0000000020000a60     0x102c lib/ILI9341/dma.o
                0x0000000020000a60                dmaStructure
                0x0000000020000a8c                dmaBuffer
 COMMON         0x0000000020001a8c        0x8 src/device_config.o
                0x0000000020001a8c                GPIO_InitStruct
                0x0000000020001a90                nvic
 COMMON         0x0000000020001a94       0x18 src/main.o
                0x0000000020001a94                temp_data
                0x0000000020001a9c                USART_InitStructure
 COMMON         0x0000000020001aac      0x16b src/uart_interrupt.o
                0x0000000020001aac                temp_buff
                0x0000000020001b10                _RX_USART_BUFFOR
                0x0000000020001b94                _TX_USART_BUFFOR
 *fill*         0x0000000020001c17        0x1 
 COMMON         0x0000000020001c18       0xac src/usart_dma.o
                0x0000000020001c18                RX_USART_TEMP_BUFFER
                0x0000000020001c98                DMA_InitStructure
 COMMON         0x0000000020001cc4       0x21 /home/gwarchol/Ac6/SystemWorkbench/plugins/fr.ac6.mcu.externaltools.arm-none.linux64_1.15.0.201708311556/tools/compiler/bin/../lib/gcc/arm-none-eabi/6.3.1/../../../../arm-none-eabi/lib/thumb/v7-m/libc.a(lib_a-lock.o)
                0x0000000020001cc4                __lock___atexit_recursive_mutex
                0x0000000020001cc8                __lock___arc4random_mutex
                0x0000000020001ccc                __lock___env_recursive_mutex
                0x0000000020001cd0                __lock___sinit_recursive_mutex
                0x0000000020001cd4                __lock___malloc_recursive_mutex
                0x0000000020001cd8                __lock___at_quick_exit_mutex
                0x0000000020001cdc                __lock___dd_hash_mutex
                0x0000000020001ce0                __lock___tz_mutex
                0x0000000020001ce4                __lock___sfp_recursive_mutex
 *fill*         0x0000000020001ce5        0x3 
 COMMON         0x0000000020001ce8        0x4 /home/gwarchol/Ac6/SystemWorkbench/plugins/fr.ac6.mcu.externaltools.arm-none.linux64_1.15.0.201708311556/tools/compiler/bin/../lib/gcc/arm-none-eabi/6.3.1/../../../../arm-none-eabi/lib/thumb/v7-m/libc.a(lib_a-reent.o)
                0x0000000020001ce8                errno
                0x0000000020001cec                . = ALIGN (0x4)
                0x0000000020001cec                _ebss = .
                0x0000000020001cec                __bss_end__ = _ebss

._user_heap_stack
                0x0000000020001cec      0x404 load address 0x00000000080087b4
                0x0000000020001cf0                . = ALIGN (0x8)
 *fill*         0x0000000020001cec        0x4 
                0x0000000020001cf0                PROVIDE (end, .)
                [!provide]                        PROVIDE (_end, .)
                0x0000000020001cf0                . = (. + _Min_Heap_Size)
                0x00000000200020f0                . = (. + _Min_Stack_Size)
 *fill*         0x0000000020001cf0      0x400 
                0x00000000200020f0                . = ALIGN (0x8)

/DISCARD/
 libc.a(*)
 libm.a(*)
 libgcc.a(*)

.ARM.attributes
                0x0000000000000000       0x29
 *(.ARM.attributes)
 .ARM.attributes
                0x0000000000000000       0x1d /home/gwarchol/Ac6/SystemWorkbench/plugins/fr.ac6.mcu.externaltools.arm-none.linux64_1.15.0.201708311556/tools/compiler/bin/../lib/gcc/arm-none-eabi/6.3.1/thumb/v7-m/crti.o
 .ARM.attributes
                0x000000000000001d       0x2d /home/gwarchol/Ac6/SystemWorkbench/plugins/fr.ac6.mcu.externaltools.arm-none.linux64_1.15.0.201708311556/tools/compiler/bin/../lib/gcc/arm-none-eabi/6.3.1/thumb/v7-m/crtbegin.o
 .ARM.attributes
                0x000000000000004a       0x33 StdPeriph_Driver/src/misc.o
 .ARM.attributes
                0x000000000000007d       0x33 StdPeriph_Driver/src/stm32f10x_dma.o
 .ARM.attributes
                0x00000000000000b0       0x33 StdPeriph_Driver/src/stm32f10x_flash.o
 .ARM.attributes
                0x00000000000000e3       0x33 StdPeriph_Driver/src/stm32f10x_gpio.o
 .ARM.attributes
                0x0000000000000116       0x33 StdPeriph_Driver/src/stm32f10x_rcc.o
 .ARM.attributes
                0x0000000000000149       0x33 StdPeriph_Driver/src/stm32f10x_rtc.o
 .ARM.attributes
                0x000000000000017c       0x33 StdPeriph_Driver/src/stm32f10x_spi.o
 .ARM.attributes
                0x00000000000001af       0x33 StdPeriph_Driver/src/stm32f10x_tim.o
 .ARM.attributes
                0x00000000000001e2       0x33 StdPeriph_Driver/src/stm32f10x_usart.o
 .ARM.attributes
                0x0000000000000215       0x33 lib/ILI9341/core.o
 .ARM.attributes
                0x0000000000000248       0x33 lib/ILI9341/delay.o
 .ARM.attributes
                0x000000000000027b       0x33 lib/ILI9341/dma.o
 .ARM.attributes
                0x00000000000002ae       0x33 lib/ILI9341/graph.o
 .ARM.attributes
                0x00000000000002e1       0x33 lib/ILI9341/text.o
 .ARM.attributes
                0x0000000000000314       0x33 src/buffors.o
 .ARM.attributes
                0x0000000000000347       0x33 src/device_config.o
 .ARM.attributes
                0x000000000000037a       0x33 src/main.o
 .ARM.attributes
                0x00000000000003ad       0x33 src/rtc.o
 .ARM.attributes
                0x00000000000003e0       0x33 src/scan_timer.o
 .ARM.attributes
                0x0000000000000413       0x33 src/syscalls.o
 .ARM.attributes
                0x0000000000000446       0x33 src/system_stm32f10x.o
 .ARM.attributes
                0x0000000000000479       0x33 src/uart_interrupt.o
 .ARM.attributes
                0x00000000000004ac       0x33 src/usart_dma.o
 .ARM.attributes
                0x00000000000004df       0x21 startup/startup_stm32.o
 .ARM.attributes
                0x0000000000000500       0x2d /home/gwarchol/Ac6/SystemWorkbench/plugins/fr.ac6.mcu.externaltools.arm-none.linux64_1.15.0.201708311556/tools/compiler/bin/../lib/gcc/arm-none-eabi/6.3.1/../../../../arm-none-eabi/lib/thumb/v7-m/libc.a(lib_a-errno.o)
 .ARM.attributes
                0x000000000000052d       0x2d /home/gwarchol/Ac6/SystemWorkbench/plugins/fr.ac6.mcu.externaltools.arm-none.linux64_1.15.0.201708311556/tools/compiler/bin/../lib/gcc/arm-none-eabi/6.3.1/../../../../arm-none-eabi/lib/thumb/v7-m/libc.a(lib_a-impure.o)
 .ARM.attributes
                0x000000000000055a       0x2d /home/gwarchol/Ac6/SystemWorkbench/plugins/fr.ac6.mcu.externaltools.arm-none.linux64_1.15.0.201708311556/tools/compiler/bin/../lib/gcc/arm-none-eabi/6.3.1/../../../../arm-none-eabi/lib/thumb/v7-m/libc.a(lib_a-init.o)
 .ARM.attributes
                0x0000000000000587       0x2d /home/gwarchol/Ac6/SystemWorkbench/plugins/fr.ac6.mcu.externaltools.arm-none.linux64_1.15.0.201708311556/tools/compiler/bin/../lib/gcc/arm-none-eabi/6.3.1/../../../../arm-none-eabi/lib/thumb/v7-m/libc.a(lib_a-memset.o)
 .ARM.attributes
                0x00000000000005b4       0x2d /home/gwarchol/Ac6/SystemWorkbench/plugins/fr.ac6.mcu.externaltools.arm-none.linux64_1.15.0.201708311556/tools/compiler/bin/../lib/gcc/arm-none-eabi/6.3.1/../../../../arm-none-eabi/lib/thumb/v7-m/libc.a(lib_a-puts.o)
 .ARM.attributes
                0x00000000000005e1       0x2d /home/gwarchol/Ac6/SystemWorkbench/plugins/fr.ac6.mcu.externaltools.arm-none.linux64_1.15.0.201708311556/tools/compiler/bin/../lib/gcc/arm-none-eabi/6.3.1/../../../../arm-none-eabi/lib/thumb/v7-m/libc.a(lib_a-sprintf.o)
 .ARM.attributes
                0x000000000000060e       0x2d /home/gwarchol/Ac6/SystemWorkbench/plugins/fr.ac6.mcu.externaltools.arm-none.linux64_1.15.0.201708311556/tools/compiler/bin/../lib/gcc/arm-none-eabi/6.3.1/../../../../arm-none-eabi/lib/thumb/v7-m/libc.a(lib_a-strlen-stub.o)
 .ARM.attributes
                0x000000000000063b       0x2d /home/gwarchol/Ac6/SystemWorkbench/plugins/fr.ac6.mcu.externaltools.arm-none.linux64_1.15.0.201708311556/tools/compiler/bin/../lib/gcc/arm-none-eabi/6.3.1/../../../../arm-none-eabi/lib/thumb/v7-m/libc.a(lib_a-svfprintf.o)
 .ARM.attributes
                0x0000000000000668       0x2d /home/gwarchol/Ac6/SystemWorkbench/plugins/fr.ac6.mcu.externaltools.arm-none.linux64_1.15.0.201708311556/tools/compiler/bin/../lib/gcc/arm-none-eabi/6.3.1/../../../../arm-none-eabi/lib/thumb/v7-m/libc.a(lib_a-wsetup.o)
 .ARM.attributes
                0x0000000000000695       0x2d /home/gwarchol/Ac6/SystemWorkbench/plugins/fr.ac6.mcu.externaltools.arm-none.linux64_1.15.0.201708311556/tools/compiler/bin/../lib/gcc/arm-none-eabi/6.3.1/../../../../arm-none-eabi/lib/thumb/v7-m/libc.a(lib_a-__call_atexit.o)
 .ARM.attributes
                0x00000000000006c2       0x2d /home/gwarchol/Ac6/SystemWorkbench/plugins/fr.ac6.mcu.externaltools.arm-none.linux64_1.15.0.201708311556/tools/compiler/bin/../lib/gcc/arm-none-eabi/6.3.1/../../../../arm-none-eabi/lib/thumb/v7-m/libc.a(lib_a-atexit.o)
 .ARM.attributes
                0x00000000000006ef       0x2d /home/gwarchol/Ac6/SystemWorkbench/plugins/fr.ac6.mcu.externaltools.arm-none.linux64_1.15.0.201708311556/tools/compiler/bin/../lib/gcc/arm-none-eabi/6.3.1/../../../../arm-none-eabi/lib/thumb/v7-m/libc.a(lib_a-dtoa.o)
 .ARM.attributes
                0x000000000000071c       0x2d /home/gwarchol/Ac6/SystemWorkbench/plugins/fr.ac6.mcu.externaltools.arm-none.linux64_1.15.0.201708311556/tools/compiler/bin/../lib/gcc/arm-none-eabi/6.3.1/../../../../arm-none-eabi/lib/thumb/v7-m/libc.a(lib_a-fflush.o)
 .ARM.attributes
                0x0000000000000749       0x2d /home/gwarchol/Ac6/SystemWorkbench/plugins/fr.ac6.mcu.externaltools.arm-none.linux64_1.15.0.201708311556/tools/compiler/bin/../lib/gcc/arm-none-eabi/6.3.1/../../../../arm-none-eabi/lib/thumb/v7-m/libc.a(lib_a-findfp.o)
 .ARM.attributes
                0x0000000000000776       0x2d /home/gwarchol/Ac6/SystemWorkbench/plugins/fr.ac6.mcu.externaltools.arm-none.linux64_1.15.0.201708311556/tools/compiler/bin/../lib/gcc/arm-none-eabi/6.3.1/../../../../arm-none-eabi/lib/thumb/v7-m/libc.a(lib_a-fini.o)
 .ARM.attributes
                0x00000000000007a3       0x2d /home/gwarchol/Ac6/SystemWorkbench/plugins/fr.ac6.mcu.externaltools.arm-none.linux64_1.15.0.201708311556/tools/compiler/bin/../lib/gcc/arm-none-eabi/6.3.1/../../../../arm-none-eabi/lib/thumb/v7-m/libc.a(lib_a-freer.o)
 .ARM.attributes
                0x00000000000007d0       0x2d /home/gwarchol/Ac6/SystemWorkbench/plugins/fr.ac6.mcu.externaltools.arm-none.linux64_1.15.0.201708311556/tools/compiler/bin/../lib/gcc/arm-none-eabi/6.3.1/../../../../arm-none-eabi/lib/thumb/v7-m/libc.a(lib_a-fvwrite.o)
 .ARM.attributes
                0x00000000000007fd       0x2d /home/gwarchol/Ac6/SystemWorkbench/plugins/fr.ac6.mcu.externaltools.arm-none.linux64_1.15.0.201708311556/tools/compiler/bin/../lib/gcc/arm-none-eabi/6.3.1/../../../../arm-none-eabi/lib/thumb/v7-m/libc.a(lib_a-fwalk.o)
 .ARM.attributes
                0x000000000000082a       0x2d /home/gwarchol/Ac6/SystemWorkbench/plugins/fr.ac6.mcu.externaltools.arm-none.linux64_1.15.0.201708311556/tools/compiler/bin/../lib/gcc/arm-none-eabi/6.3.1/../../../../arm-none-eabi/lib/thumb/v7-m/libc.a(lib_a-localeconv.o)
 .ARM.attributes
                0x0000000000000857       0x2d /home/gwarchol/Ac6/SystemWorkbench/plugins/fr.ac6.mcu.externaltools.arm-none.linux64_1.15.0.201708311556/tools/compiler/bin/../lib/gcc/arm-none-eabi/6.3.1/../../../../arm-none-eabi/lib/thumb/v7-m/libc.a(lib_a-lock.o)
 .ARM.attributes
                0x0000000000000884       0x2d /home/gwarchol/Ac6/SystemWorkbench/plugins/fr.ac6.mcu.externaltools.arm-none.linux64_1.15.0.201708311556/tools/compiler/bin/../lib/gcc/arm-none-eabi/6.3.1/../../../../arm-none-eabi/lib/thumb/v7-m/libc.a(lib_a-makebuf.o)
 .ARM.attributes
                0x00000000000008b1       0x2d /home/gwarchol/Ac6/SystemWorkbench/plugins/fr.ac6.mcu.externaltools.arm-none.linux64_1.15.0.201708311556/tools/compiler/bin/../lib/gcc/arm-none-eabi/6.3.1/../../../../arm-none-eabi/lib/thumb/v7-m/libc.a(lib_a-mallocr.o)
 .ARM.attributes
                0x00000000000008de       0x2d /home/gwarchol/Ac6/SystemWorkbench/plugins/fr.ac6.mcu.externaltools.arm-none.linux64_1.15.0.201708311556/tools/compiler/bin/../lib/gcc/arm-none-eabi/6.3.1/../../../../arm-none-eabi/lib/thumb/v7-m/libc.a(lib_a-memchr-stub.o)
 .ARM.attributes
                0x000000000000090b       0x1b /home/gwarchol/Ac6/SystemWorkbench/plugins/fr.ac6.mcu.externaltools.arm-none.linux64_1.15.0.201708311556/tools/compiler/bin/../lib/gcc/arm-none-eabi/6.3.1/../../../../arm-none-eabi/lib/thumb/v7-m/libc.a(lib_a-memcpy.o)
 .ARM.attributes
                0x0000000000000926       0x2d /home/gwarchol/Ac6/SystemWorkbench/plugins/fr.ac6.mcu.externaltools.arm-none.linux64_1.15.0.201708311556/tools/compiler/bin/../lib/gcc/arm-none-eabi/6.3.1/../../../../arm-none-eabi/lib/thumb/v7-m/libc.a(lib_a-memmove.o)
 .ARM.attributes
                0x0000000000000953       0x2d /home/gwarchol/Ac6/SystemWorkbench/plugins/fr.ac6.mcu.externaltools.arm-none.linux64_1.15.0.201708311556/tools/compiler/bin/../lib/gcc/arm-none-eabi/6.3.1/../../../../arm-none-eabi/lib/thumb/v7-m/libc.a(lib_a-mlock.o)
 .ARM.attributes
                0x0000000000000980       0x2d /home/gwarchol/Ac6/SystemWorkbench/plugins/fr.ac6.mcu.externaltools.arm-none.linux64_1.15.0.201708311556/tools/compiler/bin/../lib/gcc/arm-none-eabi/6.3.1/../../../../arm-none-eabi/lib/thumb/v7-m/libc.a(lib_a-mprec.o)
 .ARM.attributes
                0x00000000000009ad       0x2d /home/gwarchol/Ac6/SystemWorkbench/plugins/fr.ac6.mcu.externaltools.arm-none.linux64_1.15.0.201708311556/tools/compiler/bin/../lib/gcc/arm-none-eabi/6.3.1/../../../../arm-none-eabi/lib/thumb/v7-m/libc.a(lib_a-reallocr.o)
 .ARM.attributes
                0x00000000000009da       0x2d /home/gwarchol/Ac6/SystemWorkbench/plugins/fr.ac6.mcu.externaltools.arm-none.linux64_1.15.0.201708311556/tools/compiler/bin/../lib/gcc/arm-none-eabi/6.3.1/../../../../arm-none-eabi/lib/thumb/v7-m/libc.a(lib_a-sbrkr.o)
 .ARM.attributes
                0x0000000000000a07       0x2d /home/gwarchol/Ac6/SystemWorkbench/plugins/fr.ac6.mcu.externaltools.arm-none.linux64_1.15.0.201708311556/tools/compiler/bin/../lib/gcc/arm-none-eabi/6.3.1/../../../../arm-none-eabi/lib/thumb/v7-m/libc.a(lib_a-stdio.o)
 .ARM.attributes
                0x0000000000000a34       0x2d /home/gwarchol/Ac6/SystemWorkbench/plugins/fr.ac6.mcu.externaltools.arm-none.linux64_1.15.0.201708311556/tools/compiler/bin/../lib/gcc/arm-none-eabi/6.3.1/../../../../arm-none-eabi/lib/thumb/v7-m/libc.a(lib_a-svfiprintf.o)
 .ARM.attributes
                0x0000000000000a61       0x2d /home/gwarchol/Ac6/SystemWorkbench/plugins/fr.ac6.mcu.externaltools.arm-none.linux64_1.15.0.201708311556/tools/compiler/bin/../lib/gcc/arm-none-eabi/6.3.1/../../../../arm-none-eabi/lib/thumb/v7-m/libc.a(lib_a-writer.o)
 .ARM.attributes
                0x0000000000000a8e       0x2d /home/gwarchol/Ac6/SystemWorkbench/plugins/fr.ac6.mcu.externaltools.arm-none.linux64_1.15.0.201708311556/tools/compiler/bin/../lib/gcc/arm-none-eabi/6.3.1/../../../../arm-none-eabi/lib/thumb/v7-m/libc.a(lib_a-__atexit.o)
 .ARM.attributes
                0x0000000000000abb       0x2d /home/gwarchol/Ac6/SystemWorkbench/plugins/fr.ac6.mcu.externaltools.arm-none.linux64_1.15.0.201708311556/tools/compiler/bin/../lib/gcc/arm-none-eabi/6.3.1/../../../../arm-none-eabi/lib/thumb/v7-m/libc.a(lib_a-callocr.o)
 .ARM.attributes
                0x0000000000000ae8       0x2d /home/gwarchol/Ac6/SystemWorkbench/plugins/fr.ac6.mcu.externaltools.arm-none.linux64_1.15.0.201708311556/tools/compiler/bin/../lib/gcc/arm-none-eabi/6.3.1/../../../../arm-none-eabi/lib/thumb/v7-m/libc.a(lib_a-closer.o)
 .ARM.attributes
                0x0000000000000b15       0x2d /home/gwarchol/Ac6/SystemWorkbench/plugins/fr.ac6.mcu.externaltools.arm-none.linux64_1.15.0.201708311556/tools/compiler/bin/../lib/gcc/arm-none-eabi/6.3.1/../../../../arm-none-eabi/lib/thumb/v7-m/libc.a(lib_a-fclose.o)
 .ARM.attributes
                0x0000000000000b42       0x2d /home/gwarchol/Ac6/SystemWorkbench/plugins/fr.ac6.mcu.externaltools.arm-none.linux64_1.15.0.201708311556/tools/compiler/bin/../lib/gcc/arm-none-eabi/6.3.1/../../../../arm-none-eabi/lib/thumb/v7-m/libc.a(lib_a-fstatr.o)
 .ARM.attributes
                0x0000000000000b6f       0x2d /home/gwarchol/Ac6/SystemWorkbench/plugins/fr.ac6.mcu.externaltools.arm-none.linux64_1.15.0.201708311556/tools/compiler/bin/../lib/gcc/arm-none-eabi/6.3.1/../../../../arm-none-eabi/lib/thumb/v7-m/libc.a(lib_a-isattyr.o)
 .ARM.attributes
                0x0000000000000b9c       0x2d /home/gwarchol/Ac6/SystemWorkbench/plugins/fr.ac6.mcu.externaltools.arm-none.linux64_1.15.0.201708311556/tools/compiler/bin/../lib/gcc/arm-none-eabi/6.3.1/../../../../arm-none-eabi/lib/thumb/v7-m/libc.a(lib_a-locale.o)
 .ARM.attributes
                0x0000000000000bc9       0x2d /home/gwarchol/Ac6/SystemWorkbench/plugins/fr.ac6.mcu.externaltools.arm-none.linux64_1.15.0.201708311556/tools/compiler/bin/../lib/gcc/arm-none-eabi/6.3.1/../../../../arm-none-eabi/lib/thumb/v7-m/libc.a(lib_a-lseekr.o)
 .ARM.attributes
                0x0000000000000bf6       0x2d /home/gwarchol/Ac6/SystemWorkbench/plugins/fr.ac6.mcu.externaltools.arm-none.linux64_1.15.0.201708311556/tools/compiler/bin/../lib/gcc/arm-none-eabi/6.3.1/../../../../arm-none-eabi/lib/thumb/v7-m/libc.a(lib_a-mbtowc_r.o)
 .ARM.attributes
                0x0000000000000c23       0x2d /home/gwarchol/Ac6/SystemWorkbench/plugins/fr.ac6.mcu.externaltools.arm-none.linux64_1.15.0.201708311556/tools/compiler/bin/../lib/gcc/arm-none-eabi/6.3.1/../../../../arm-none-eabi/lib/thumb/v7-m/libc.a(lib_a-readr.o)
 .ARM.attributes
                0x0000000000000c50       0x2d /home/gwarchol/Ac6/SystemWorkbench/plugins/fr.ac6.mcu.externaltools.arm-none.linux64_1.15.0.201708311556/tools/compiler/bin/../lib/gcc/arm-none-eabi/6.3.1/../../../../arm-none-eabi/lib/thumb/v7-m/libc.a(lib_a-reent.o)
 .ARM.attributes
                0x0000000000000c7d       0x2d /home/gwarchol/Ac6/SystemWorkbench/plugins/fr.ac6.mcu.externaltools.arm-none.linux64_1.15.0.201708311556/tools/compiler/bin/../lib/gcc/arm-none-eabi/6.3.1/../../../../arm-none-eabi/lib/thumb/v7-m/libc.a(lib_a-wctomb_r.o)
 .ARM.attributes
                0x0000000000000caa       0x2d /home/gwarchol/Ac6/SystemWorkbench/plugins/fr.ac6.mcu.externaltools.arm-none.linux64_1.15.0.201708311556/tools/compiler/bin/../lib/gcc/arm-none-eabi/6.3.1/../../../../arm-none-eabi/lib/thumb/v7-m/libc.a(lib_a-ctype_.o)
 .ARM.attributes
                0x0000000000000cd7       0x1d /home/gwarchol/Ac6/SystemWorkbench/plugins/fr.ac6.mcu.externaltools.arm-none.linux64_1.15.0.201708311556/tools/compiler/bin/../lib/gcc/arm-none-eabi/6.3.1/thumb/v7-m/libgcc.a(_arm_addsubdf3.o)
 .ARM.attributes
                0x0000000000000cf4       0x1d /home/gwarchol/Ac6/SystemWorkbench/plugins/fr.ac6.mcu.externaltools.arm-none.linux64_1.15.0.201708311556/tools/compiler/bin/../lib/gcc/arm-none-eabi/6.3.1/thumb/v7-m/libgcc.a(_arm_muldivdf3.o)
 .ARM.attributes
                0x0000000000000d11       0x1d /home/gwarchol/Ac6/SystemWorkbench/plugins/fr.ac6.mcu.externaltools.arm-none.linux64_1.15.0.201708311556/tools/compiler/bin/../lib/gcc/arm-none-eabi/6.3.1/thumb/v7-m/libgcc.a(_arm_cmpdf2.o)
 .ARM.attributes
                0x0000000000000d2e       0x1d /home/gwarchol/Ac6/SystemWorkbench/plugins/fr.ac6.mcu.externaltools.arm-none.linux64_1.15.0.201708311556/tools/compiler/bin/../lib/gcc/arm-none-eabi/6.3.1/thumb/v7-m/libgcc.a(_arm_unorddf2.o)
 .ARM.attributes
                0x0000000000000d4b       0x1d /home/gwarchol/Ac6/SystemWorkbench/plugins/fr.ac6.mcu.externaltools.arm-none.linux64_1.15.0.201708311556/tools/compiler/bin/../lib/gcc/arm-none-eabi/6.3.1/thumb/v7-m/libgcc.a(_arm_fixdfsi.o)
 .ARM.attributes