Archive member included to satisfy reference by file (symbol)

/home/gwarchol/1200/IDE/plugins/fr.ac6.mcu.externaltools.arm-none.linux64_1.15.0.201708311556/tools/compiler/bin/../lib/gcc/arm-none-eabi/6.3.1/../../../../arm-none-eabi/lib/thumb/v7-m/libc_nano.a(lib_a-exit.o)
                              /home/gwarchol/1200/IDE/plugins/fr.ac6.mcu.externaltools.arm-none.linux64_1.15.0.201708311556/tools/compiler/bin/../lib/gcc/arm-none-eabi/6.3.1/../../../../arm-none-eabi/lib/thumb/v7-m/rdimon-crt0.o (exit)
/home/gwarchol/1200/IDE/plugins/fr.ac6.mcu.externaltools.arm-none.linux64_1.15.0.201708311556/tools/compiler/bin/../lib/gcc/arm-none-eabi/6.3.1/../../../../arm-none-eabi/lib/thumb/v7-m/libc_nano.a(lib_a-impure.o)
                              /home/gwarchol/1200/IDE/plugins/fr.ac6.mcu.externaltools.arm-none.linux64_1.15.0.201708311556/tools/compiler/bin/../lib/gcc/arm-none-eabi/6.3.1/../../../../arm-none-eabi/lib/thumb/v7-m/libc_nano.a(lib_a-exit.o) (_global_impure_ptr)
/home/gwarchol/1200/IDE/plugins/fr.ac6.mcu.externaltools.arm-none.linux64_1.15.0.201708311556/tools/compiler/bin/../lib/gcc/arm-none-eabi/6.3.1/../../../../arm-none-eabi/lib/thumb/v7-m/libc_nano.a(lib_a-init.o)
                              /home/gwarchol/1200/IDE/plugins/fr.ac6.mcu.externaltools.arm-none.linux64_1.15.0.201708311556/tools/compiler/bin/../lib/gcc/arm-none-eabi/6.3.1/../../../../arm-none-eabi/lib/thumb/v7-m/rdimon-crt0.o (__libc_init_array)
/home/gwarchol/1200/IDE/plugins/fr.ac6.mcu.externaltools.arm-none.linux64_1.15.0.201708311556/tools/compiler/bin/../lib/gcc/arm-none-eabi/6.3.1/../../../../arm-none-eabi/lib/thumb/v7-m/libc_nano.a(lib_a-memset.o)
                              /home/gwarchol/1200/IDE/plugins/fr.ac6.mcu.externaltools.arm-none.linux64_1.15.0.201708311556/tools/compiler/bin/../lib/gcc/arm-none-eabi/6.3.1/../../../../arm-none-eabi/lib/thumb/v7-m/rdimon-crt0.o (memset)
/home/gwarchol/1200/IDE/plugins/fr.ac6.mcu.externaltools.arm-none.linux64_1.15.0.201708311556/tools/compiler/bin/../lib/gcc/arm-none-eabi/6.3.1/../../../../arm-none-eabi/lib/thumb/v7-m/librdimon_nano.a(rdimon-syscalls.o)
                              /home/gwarchol/1200/IDE/plugins/fr.ac6.mcu.externaltools.arm-none.linux64_1.15.0.201708311556/tools/compiler/bin/../lib/gcc/arm-none-eabi/6.3.1/../../../../arm-none-eabi/lib/thumb/v7-m/rdimon-crt0.o (initialise_monitor_handles)
/home/gwarchol/1200/IDE/plugins/fr.ac6.mcu.externaltools.arm-none.linux64_1.15.0.201708311556/tools/compiler/bin/../lib/gcc/arm-none-eabi/6.3.1/../../../../arm-none-eabi/lib/thumb/v7-m/librdimon_nano.a(rdimon-_exit.o)
                              /home/gwarchol/1200/IDE/plugins/fr.ac6.mcu.externaltools.arm-none.linux64_1.15.0.201708311556/tools/compiler/bin/../lib/gcc/arm-none-eabi/6.3.1/../../../../arm-none-eabi/lib/thumb/v7-m/libc_nano.a(lib_a-exit.o) (_exit)
/home/gwarchol/1200/IDE/plugins/fr.ac6.mcu.externaltools.arm-none.linux64_1.15.0.201708311556/tools/compiler/bin/../lib/gcc/arm-none-eabi/6.3.1/../../../../arm-none-eabi/lib/thumb/v7-m/librdimon_nano.a(rdimon-_kill.o)
                              /home/gwarchol/1200/IDE/plugins/fr.ac6.mcu.externaltools.arm-none.linux64_1.15.0.201708311556/tools/compiler/bin/../lib/gcc/arm-none-eabi/6.3.1/../../../../arm-none-eabi/lib/thumb/v7-m/librdimon_nano.a(rdimon-_exit.o) (_kill)
/home/gwarchol/1200/IDE/plugins/fr.ac6.mcu.externaltools.arm-none.linux64_1.15.0.201708311556/tools/compiler/bin/../lib/gcc/arm-none-eabi/6.3.1/../../../../arm-none-eabi/lib/thumb/v7-m/libc_nano.a(lib_a-errno.o)
                              /home/gwarchol/1200/IDE/plugins/fr.ac6.mcu.externaltools.arm-none.linux64_1.15.0.201708311556/tools/compiler/bin/../lib/gcc/arm-none-eabi/6.3.1/../../../../arm-none-eabi/lib/thumb/v7-m/librdimon_nano.a(rdimon-syscalls.o) (__errno)
/home/gwarchol/1200/IDE/plugins/fr.ac6.mcu.externaltools.arm-none.linux64_1.15.0.201708311556/tools/compiler/bin/../lib/gcc/arm-none-eabi/6.3.1/../../../../arm-none-eabi/lib/thumb/v7-m/libc_nano.a(lib_a-findfp.o)
                              /home/gwarchol/1200/IDE/plugins/fr.ac6.mcu.externaltools.arm-none.linux64_1.15.0.201708311556/tools/compiler/bin/../lib/gcc/arm-none-eabi/6.3.1/../../../../arm-none-eabi/lib/thumb/v7-m/librdimon_nano.a(rdimon-syscalls.o) (__sinit)
/home/gwarchol/1200/IDE/plugins/fr.ac6.mcu.externaltools.arm-none.linux64_1.15.0.201708311556/tools/compiler/bin/../lib/gcc/arm-none-eabi/6.3.1/../../../../arm-none-eabi/lib/thumb/v7-m/libc_nano.a(lib_a-fwalk.o)
                              /home/gwarchol/1200/IDE/plugins/fr.ac6.mcu.externaltools.arm-none.linux64_1.15.0.201708311556/tools/compiler/bin/../lib/gcc/arm-none-eabi/6.3.1/../../../../arm-none-eabi/lib/thumb/v7-m/libc_nano.a(lib_a-findfp.o) (_fwalk)
/home/gwarchol/1200/IDE/plugins/fr.ac6.mcu.externaltools.arm-none.linux64_1.15.0.201708311556/tools/compiler/bin/../lib/gcc/arm-none-eabi/6.3.1/../../../../arm-none-eabi/lib/thumb/v7-m/libc_nano.a(lib_a-nano-mallocr.o)
[...]
Memory Configuration

Name             Origin             Length             Attributes
RAM              0x0000000020000000 0x0000000000005000 xrw
ROM              0x0000000008000000 0x0000000000020000 xr
*default*        0x0000000000000000 0xffffffffffffffff

Linker script and memory map

LOAD /home/gwarchol/1200/IDE/plugins/fr.ac6.mcu.externaltools.arm-none.linux64_1.15.0.201708311556/tools/compiler/bin/../lib/gcc/arm-none-eabi/6.3.1/thumb/v7-m/crti.o
LOAD /home/gwarchol/1200/IDE/plugins/fr.ac6.mcu.externaltools.arm-none.linux64_1.15.0.201708311556/tools/compiler/bin/../lib/gcc/arm-none-eabi/6.3.1/thumb/v7-m/crtbegin.o
LOAD /home/gwarchol/1200/IDE/plugins/fr.ac6.mcu.externaltools.arm-none.linux64_1.15.0.201708311556/tools/compiler/bin/../lib/gcc/arm-none-eabi/6.3.1/../../../../arm-none-eabi/lib/thumb/v7-m/rdimon-crt0.o
LOAD /home/gwarchol/1200/IDE/plugins/fr.ac6.mcu.externaltools.arm-none.linux64_1.15.0.201708311556/tools/compiler/bin/../lib/gcc/arm-none-eabi/6.3.1/../../../../arm-none-eabi/lib/thumb/v7-m/libc_nano.a
LOAD /home/gwarchol/1200/IDE/plugins/fr.ac6.mcu.externaltools.arm-none.linux64_1.15.0.201708311556/tools/compiler/bin/../lib/gcc/arm-none-eabi/6.3.1/../../../../arm-none-eabi/lib/thumb/v7-m/librdimon_nano.a
LOAD CMSIS/core/core_cm3.o
LOAD StdPeriph_Driver/src/misc.o
LOAD StdPeriph_Driver/src/stm32f10x_adc.o
LOAD StdPeriph_Driver/src/stm32f10x_bkp.o
LOAD StdPeriph_Driver/src/stm32f10x_can.o
LOAD StdPeriph_Driver/src/stm32f10x_cec.o
LOAD StdPeriph_Driver/src/stm32f10x_crc.o
LOAD StdPeriph_Driver/src/stm32f10x_dac.o
LOAD StdPeriph_Driver/src/stm32f10x_dbgmcu.o
LOAD StdPeriph_Driver/src/stm32f10x_dma.o
LOAD StdPeriph_Driver/src/stm32f10x_exti.o
LOAD StdPeriph_Driver/src/stm32f10x_flash.o
LOAD StdPeriph_Driver/src/stm32f10x_fsmc.o
LOAD StdPeriph_Driver/src/stm32f10x_gpio.o
LOAD StdPeriph_Driver/src/stm32f10x_i2c.o
LOAD StdPeriph_Driver/src/stm32f10x_iwdg.o
LOAD StdPeriph_Driver/src/stm32f10x_pwr.o
LOAD StdPeriph_Driver/src/stm32f10x_rcc.o
LOAD StdPeriph_Driver/src/stm32f10x_rtc.o
LOAD StdPeriph_Driver/src/stm32f10x_sdio.o
LOAD StdPeriph_Driver/src/stm32f10x_spi.o
LOAD StdPeriph_Driver/src/stm32f10x_tim.o
LOAD StdPeriph_Driver/src/stm32f10x_usart.o
LOAD StdPeriph_Driver/src/stm32f10x_wwdg.o
LOAD lib/ILI9341/core.o
LOAD lib/ILI9341/delay.o
LOAD lib/ILI9341/dma.o
LOAD lib/ILI9341/graph.o
LOAD lib/ILI9341/text.o
LOAD lib/tinystd/itoa.o
LOAD src/DFPPlayer.o
LOAD src/bmp180.o
LOAD src/buffors.o
LOAD src/device_config.o
LOAD src/main.o
LOAD src/menu.o
LOAD src/rtc.o
LOAD src/scan_timer.o
LOAD src/stoper.o
LOAD src/system_stm32f10x.o
LOAD src/timers.o
LOAD src/touch_screen.o
LOAD src/uart_interrupt.o
LOAD src/usart_dma.o
LOAD src/buttons/buttons.o
LOAD src/flash/flash.o
LOAD startup/startup_stm32.o
LOAD /home/gwarchol/1200/IDE/plugins/fr.ac6.mcu.externaltools.arm-none.linux64_1.15.0.201708311556/tools/compiler/bin/../lib/gcc/arm-none-eabi/6.3.1/../../../../arm-none-eabi/lib/thumb/v7-m/libm.a
START GROUP
LOAD /home/gwarchol/1200/IDE/plugins/fr.ac6.mcu.externaltools.arm-none.linux64_1.15.0.201708311556/tools/compiler/bin/../lib/gcc/arm-none-eabi/6.3.1/thumb/v7-m/libgcc.a
LOAD /home/gwarchol/1200/IDE/plugins/fr.ac6.mcu.externaltools.arm-none.linux64_1.15.0.201708311556/tools/compiler/bin/../lib/gcc/arm-none-eabi/6.3.1/../../../../arm-none-eabi/lib/thumb/v7-m/libc_nano.a
END GROUP
START GROUP
LOAD /home/gwarchol/1200/IDE/plugins/fr.ac6.mcu.externaltools.arm-none.linux64_1.15.0.201708311556/tools/compiler/bin/../lib/gcc/arm-none-eabi/6.3.1/thumb/v7-m/libgcc.a
LOAD /home/gwarchol/1200/IDE/plugins/fr.ac6.mcu.externaltools.arm-none.linux64_1.15.0.201708311556/tools/compiler/bin/../lib/gcc/arm-none-eabi/6.3.1/../../../../arm-none-eabi/lib/thumb/v7-m/libc_nano.a
LOAD /home/gwarchol/1200/IDE/plugins/fr.ac6.mcu.externaltools.arm-none.linux64_1.15.0.201708311556/tools/compiler/bin/../lib/gcc/arm-none-eabi/6.3.1/../../../../arm-none-eabi/lib/thumb/v7-m/libnosys.a
END GROUP
START GROUP
LOAD /home/gwarchol/1200/IDE/plugins/fr.ac6.mcu.externaltools.arm-none.linux64_1.15.0.201708311556/tools/compiler/bin/../lib/gcc/arm-none-eabi/6.3.1/thumb/v7-m/libgcc.a
LOAD /home/gwarchol/1200/IDE/plugins/fr.ac6.mcu.externaltools.arm-none.linux64_1.15.0.201708311556/tools/compiler/bin/../lib/gcc/arm-none-eabi/6.3.1/../../../../arm-none-eabi/lib/thumb/v7-m/libc_nano.a
LOAD /home/gwarchol/1200/IDE/plugins/fr.ac6.mcu.externaltools.arm-none.linux64_1.15.0.201708311556/tools/compiler/bin/../lib/gcc/arm-none-eabi/6.3.1/../../../../arm-none-eabi/lib/thumb/v7-m/librdimon_nano.a
LOAD /home/gwarchol/1200/IDE/plugins/fr.ac6.mcu.externaltools.arm-none.linux64_1.15.0.201708311556/tools/compiler/bin/../lib/gcc/arm-none-eabi/6.3.1/../../../../arm-none-eabi/lib/thumb/v7-m/libnosys.a
END GROUP
START GROUP
LOAD /home/gwarchol/1200/IDE/plugins/fr.ac6.mcu.externaltools.arm-none.linux64_1.15.0.201708311556/tools/compiler/bin/../lib/gcc/arm-none-eabi/6.3.1/thumb/v7-m/libgcc.a
LOAD /home/gwarchol/1200/IDE/plugins/fr.ac6.mcu.externaltools.arm-none.linux64_1.15.0.201708311556/tools/compiler/bin/../lib/gcc/arm-none-eabi/6.3.1/../../../../arm-none-eabi/lib/thumb/v7-m/libc_nano.a
LOAD /home/gwarchol/1200/IDE/plugins/fr.ac6.mcu.externaltools.arm-none.linux64_1.15.0.201708311556/tools/compiler/bin/../lib/gcc/arm-none-eabi/6.3.1/../../../../arm-none-eabi/lib/thumb/v7-m/librdimon_nano.a
END GROUP
LOAD /home/gwarchol/1200/IDE/plugins/fr.ac6.mcu.externaltools.arm-none.linux64_1.15.0.201708311556/tools/compiler/bin/../lib/gcc/arm-none-eabi/6.3.1/thumb/v7-m/crtend.o
LOAD /home/gwarchol/1200/IDE/plugins/fr.ac6.mcu.externaltools.arm-none.linux64_1.15.0.201708311556/tools/compiler/bin/../lib/gcc/arm-none-eabi/6.3.1/thumb/v7-m/crtn.o
                0x0000000020005000                _estack = 0x20005000
                0x0000000000000000                _Min_Heap_Size = 0x0
                0x0000000000000400                _Min_Stack_Size = 0x400

.isr_vector     0x0000000008000000      0x130
                0x0000000008000000                . = ALIGN (0x4)
 *(.isr_vector)
 .isr_vector    0x0000000008000000      0x130 startup/startup_stm32.o
                0x0000000008000000                g_pfnVectors
                0x0000000008000130                . = ALIGN (0x4)

.text           0x0000000008000130     0x6390
                0x0000000008000130                . = ALIGN (0x4)
 *(.text)
 .text          0x0000000008000130       0x6c /home/gwarchol/1200/IDE/plugins/fr.ac6.mcu.externaltools.arm-none.linux64_1.15.0.201708311556/tools/compiler/bin/../lib/gcc/arm-none-eabi/6.3.1/thumb/v7-m/crtbegin.o
 *(.text*)
 .text.__libc_init_array
                0x000000000800019c       0x48 /home/gwarchol/1200/IDE/plugins/fr.ac6.mcu.externaltools.arm-none.linux64_1.15.0.201708311556/tools/compiler/bin/../lib/gcc/arm-none-eabi/6.3.1/../../../../arm-none-eabi/lib/thumb/v7-m/libc_nano.a(lib_a-init.o)
                0x000000000800019c                __libc_init_array
 .text.memset   0x00000000080001e4       0x10 /home/gwarchol/1200/IDE/plugins/fr.ac6.mcu.externaltools.arm-none.linux64_1.15.0.201708311556/tools/compiler/bin/../lib/gcc/arm-none-eabi/6.3.1/../../../../arm-none-eabi/lib/thumb/v7-m/libc_nano.a(lib_a-memset.o)
                0x00000000080001e4                memset
 .text.findslot
                0x00000000080001f4       0x34 /home/gwarchol/1200/IDE/plugins/fr.ac6.mcu.externaltools.arm-none.linux64_1.15.0.201708311556/tools/compiler/bin/../lib/gcc/arm-none-eabi/6.3.1/../../../../arm-none-eabi/lib/thumb/v7-m/librdimon_nano.a(rdimon-syscalls.o)
 .text.checkerror
                0x0000000008000228       0x20 /home/gwarchol/1200/IDE/plugins/fr.ac6.mcu.externaltools.arm-none.linux64_1.15.0.201708311556/tools/compiler/bin/../lib/gcc/arm-none-eabi/6.3.1/../../../../arm-none-eabi/lib/thumb/v7-m/librdimon_nano.a(rdimon-syscalls.o)
 .text.error    0x0000000008000248       0x1c /home/gwarchol/1200/IDE/plugins/fr.ac6.mcu.externaltools.arm-none.linux64_1.15.0.201708311556/tools/compiler/bin/../lib/gcc/arm-none-eabi/6.3.1/../../../../arm-none-eabi/lib/thumb/v7-m/librdimon_nano.a(rdimon-syscalls.o)
 .text.initialise_monitor_handles
                0x0000000008000264       0xa4 /home/gwarchol/1200/IDE/plugins/fr.ac6.mcu.externaltools.arm-none.linux64_1.15.0.201708311556/tools/compiler/bin/../lib/gcc/arm-none-eabi/6.3.1/../../../../arm-none-eabi/lib/thumb/v7-m/librdimon_nano.a(rdimon-syscalls.o)
                0x0000000008000264                initialise_monitor_handles
 .text._swiread
                0x0000000008000308       0x20 /home/gwarchol/1200/IDE/plugins/fr.ac6.mcu.externaltools.arm-none.linux64_1.15.0.201708311556/tools/compiler/bin/../lib/gcc/arm-none-eabi/6.3.1/../../../../arm-none-eabi/lib/thumb/v7-m/librdimon_nano.a(rdimon-syscalls.o)
                0x0000000008000308                _swiread
 .text._read    0x0000000008000328       0x34 /home/gwarchol/1200/IDE/plugins/fr.ac6.mcu.externaltools.arm-none.linux64_1.15.0.201708311556/tools/compiler/bin/../lib/gcc/arm-none-eabi/6.3.1/../../../../arm-none-eabi/lib/thumb/v7-m/librdimon_nano.a(rdimon-syscalls.o)
                0x0000000008000328                _read
 .text._swilseek
                0x000000000800035c       0x7a /home/gwarchol/1200/IDE/plugins/fr.ac6.mcu.externaltools.arm-none.linux64_1.15.0.201708311556/tools/compiler/bin/../lib/gcc/arm-none-eabi/6.3.1/../../../../arm-none-eabi/lib/thumb/v7-m/librdimon_nano.a(rdimon-syscalls.o)
                0x000000000800035c                _swilseek
 .text._lseek   0x00000000080003d6        0x4 /home/gwarchol/1200/IDE/plugins/fr.ac6.mcu.externaltools.arm-none.linux64_1.15.0.201708311556/tools/compiler/bin/../lib/gcc/arm-none-eabi/6.3.1/../../../../arm-none-eabi/lib/thumb/v7-m/librdimon_nano.a(rdimon-syscalls.o)
                0x00000000080003d6                _lseek
 .text._swiwrite
                0x00000000080003da       0x20 /home/gwarchol/1200/IDE/plugins/fr.ac6.mcu.externaltools.arm-none.linux64_1.15.0.201708311556/tools/compiler/bin/../lib/gcc/arm-none-eabi/6.3.1/../../../../arm-none-eabi/lib/thumb/v7-m/librdimon_nano.a(rdimon-syscalls.o)
                0x00000000080003da                _swiwrite
 .text._write   0x00000000080003fa       0x40 /home/gwarchol/1200/IDE/plugins/fr.ac6.mcu.externaltools.arm-none.linux64_1.15.0.201708311556/tools/compiler/bin/../lib/gcc/arm-none-eabi/6.3.1/../../../../arm-none-eabi/lib/thumb/v7-m/librdimon_nano.a(rdimon-syscalls.o)
                0x00000000080003fa                _write
 .text._swiclose
                0x000000000800043a       0x1c /home/gwarchol/1200/IDE/plugins/fr.ac6.mcu.externaltools.arm-none.linux64_1.15.0.201708311556/tools/compiler/bin/../lib/gcc/arm-none-eabi/6.3.1/../../../../arm-none-eabi/lib/thumb/v7-m/librdimon_nano.a(rdimon-syscalls.o)
                0x000000000800043a                _swiclose
 *fill*         0x0000000008000456        0x2 
 .text._close   0x0000000008000458       0x48 /home/gwarchol/1200/IDE/plugins/fr.ac6.mcu.externaltools.arm-none.linux64_1.15.0.201708311556/tools/compiler/bin/../lib/gcc/arm-none-eabi/6.3.1/../../../../arm-none-eabi/lib/thumb/v7-m/librdimon_nano.a(rdimon-syscalls.o)
                0x0000000008000458                _close
 .text._sbrk    0x00000000080004a0       0x48 /home/gwarchol/1200/IDE/plugins/fr.ac6.mcu.externaltools.arm-none.linux64_1.15.0.201708311556/tools/compiler/bin/../lib/gcc/arm-none-eabi/6.3.1/../../../../arm-none-eabi/lib/thumb/v7-m/librdimon_nano.a(rdimon-syscalls.o)
                0x00000000080004a0                _sbrk
 .text._swistat
                0x00000000080004e8       0x42 /home/gwarchol/1200/IDE/plugins/fr.ac6.mcu.externaltools.arm-none.linux64_1.15.0.201708311556/tools/compiler/bin/../lib/gcc/arm-none-eabi/6.3.1/../../../../arm-none-eabi/lib/thumb/v7-m/librdimon_nano.a(rdimon-syscalls.o)
                0x00000000080004e8                _swistat
 .text._fstat   0x000000000800052a       0x1c /home/gwarchol/1200/IDE/plugins/fr.ac6.mcu.externaltools.arm-none.linux64_1.15.0.201708311556/tools/compiler/bin/../lib/gcc/arm-none-eabi/6.3.1/../../../../arm-none-eabi/lib/thumb/v7-m/librdimon_nano.a(rdimon-syscalls.o)
                0x000000000800052a                _fstat
 .text._isatty  0x0000000008000546       0x38 /home/gwarchol/1200/IDE/plugins/fr.ac6.mcu.externaltools.arm-none.linux64_1.15.0.201708311556/tools/compiler/bin/../lib/gcc/arm-none-eabi/6.3.1/../../../../arm-none-eabi/lib/thumb/v7-m/librdimon_nano.a(rdimon-syscalls.o)
                0x0000000008000546                _isatty
 *fill*         0x000000000800057e        0x2 
 .text.NVIC_PriorityGroupConfig
                0x0000000008000580       0x14 StdPeriph_Driver/src/misc.o
                0x0000000008000580                NVIC_PriorityGroupConfig
 .text.NVIC_Init
                0x0000000008000594       0x68 StdPeriph_Driver/src/misc.o
                0x0000000008000594                NVIC_Init
 .text.NVIC_SystemLPConfig
                0x00000000080005fc       0x1c StdPeriph_Driver/src/misc.o
                0x00000000080005fc                NVIC_SystemLPConfig
 .text.BKP_DeInit
                0x0000000008000618       0x10 StdPeriph_Driver/src/stm32f10x_bkp.o
                0x0000000008000618                BKP_DeInit
 .text.BKP_WriteBackupRegister
                0x0000000008000628       0x1c StdPeriph_Driver/src/stm32f10x_bkp.o
                0x0000000008000628                BKP_WriteBackupRegister
 .text.BKP_ReadBackupRegister
                0x0000000008000644       0x20 StdPeriph_Driver/src/stm32f10x_bkp.o
                0x0000000008000644                BKP_ReadBackupRegister
 .text.DBGMCU_Config
                0x0000000008000664       0x1c StdPeriph_Driver/src/stm32f10x_dbgmcu.o
                0x0000000008000664                DBGMCU_Config
 .text.DMA_Init
                0x0000000008000680       0x3e StdPeriph_Driver/src/stm32f10x_dma.o
                0x0000000008000680                DMA_Init
 .text.DMA_StructInit
                0x00000000080006be       0x1a StdPeriph_Driver/src/stm32f10x_dma.o
                0x00000000080006be                DMA_StructInit
 .text.DMA_Cmd  0x00000000080006d8       0x1a StdPeriph_Driver/src/stm32f10x_dma.o
                0x00000000080006d8                DMA_Cmd
 .text.DMA_ITConfig
                0x00000000080006f2       0x14 StdPeriph_Driver/src/stm32f10x_dma.o
                0x00000000080006f2                DMA_ITConfig
 *fill*         0x0000000008000706        0x2 
 .text.DMA_GetITStatus
                0x0000000008000708       0x24 StdPeriph_Driver/src/stm32f10x_dma.o
                0x0000000008000708                DMA_GetITStatus
 .text.DMA_ClearITPendingBit
                0x000000000800072c       0x1c StdPeriph_Driver/src/stm32f10x_dma.o
                0x000000000800072c                DMA_ClearITPendingBit
 .text.EXTI_Init
                0x0000000008000748       0x8c StdPeriph_Driver/src/stm32f10x_exti.o
                0x0000000008000748                EXTI_Init
 .text.EXTI_ClearITPendingBit
                0x00000000080007d4        0xc StdPeriph_Driver/src/stm32f10x_exti.o
                0x00000000080007d4                EXTI_ClearITPendingBit
 .text.FLASH_SetLatency
                0x00000000080007e0       0x14 StdPeriph_Driver/src/stm32f10x_flash.o
                0x00000000080007e0                FLASH_SetLatency
 .text.FLASH_PrefetchBufferCmd
                0x00000000080007f4       0x18 StdPeriph_Driver/src/stm32f10x_flash.o
                0x00000000080007f4                FLASH_PrefetchBufferCmd
 .text.FLASH_Unlock
                0x000000000800080c       0x18 StdPeriph_Driver/src/stm32f10x_flash.o
                0x000000000800080c                FLASH_Unlock
 .text.FLASH_Lock
                0x0000000008000824       0x10 StdPeriph_Driver/src/stm32f10x_flash.o
                0x0000000008000824                FLASH_Lock
 .text.FLASH_GetBank1Status
                0x0000000008000834       0x34 StdPeriph_Driver/src/stm32f10x_flash.o
                0x0000000008000834                FLASH_GetBank1Status
 .text.FLASH_WaitForLastOperation
                0x0000000008000868       0x1e StdPeriph_Driver/src/stm32f10x_flash.o
                0x0000000008000868                FLASH_WaitForLastOperation
 *fill*         0x0000000008000886        0x2 
 .text.FLASH_ErasePage
                0x0000000008000888       0x40 StdPeriph_Driver/src/stm32f10x_flash.o
                0x0000000008000888                FLASH_ErasePage
 .text.FLASH_ProgramWord
                0x00000000080008c8       0x6c StdPeriph_Driver/src/stm32f10x_flash.o
                0x00000000080008c8                FLASH_ProgramWord
 .text.GPIO_Init
                0x0000000008000934       0x9e StdPeriph_Driver/src/stm32f10x_gpio.o
                0x0000000008000934                GPIO_Init
 .text.GPIO_ReadInputDataBit
                0x00000000080009d2        0xe StdPeriph_Driver/src/stm32f10x_gpio.o
                0x00000000080009d2                GPIO_ReadInputDataBit
 .text.GPIO_SetBits
                0x00000000080009e0        0x4 StdPeriph_Driver/src/stm32f10x_gpio.o
                0x00000000080009e0                GPIO_SetBits
 .text.GPIO_ResetBits
                0x00000000080009e4        0x4 StdPeriph_Driver/src/stm32f10x_gpio.o
                0x00000000080009e4                GPIO_ResetBits
 .text.GPIO_WriteBit
                0x00000000080009e8        0xa StdPeriph_Driver/src/stm32f10x_gpio.o
                0x00000000080009e8                GPIO_WriteBit
 *fill*         0x00000000080009f2        0x2 
 .text.GPIO_EXTILineConfig
                0x00000000080009f4       0x34 StdPeriph_Driver/src/stm32f10x_gpio.o
                0x00000000080009f4                GPIO_EXTILineConfig
 .text.I2C_DeInit
                0x0000000008000a28       0x38 StdPeriph_Driver/src/stm32f10x_i2c.o
                0x0000000008000a28                I2C_DeInit
 .text.I2C_Init
                0x0000000008000a60       0xdc StdPeriph_Driver/src/stm32f10x_i2c.o
                0x0000000008000a60                I2C_Init
 .text.I2C_Cmd  0x0000000008000b3c       0x1c StdPeriph_Driver/src/stm32f10x_i2c.o
                0x0000000008000b3c                I2C_Cmd
 .text.I2C_GenerateSTART
                0x0000000008000b58       0x1c StdPeriph_Driver/src/stm32f10x_i2c.o
                0x0000000008000b58                I2C_GenerateSTART
 .text.I2C_GenerateSTOP
                0x0000000008000b74       0x1c StdPeriph_Driver/src/stm32f10x_i2c.o
                0x0000000008000b74                I2C_GenerateSTOP
 .text.I2C_AcknowledgeConfig
                0x0000000008000b90       0x1c StdPeriph_Driver/src/stm32f10x_i2c.o
                0x0000000008000b90                I2C_AcknowledgeConfig
 .text.I2C_SendData
                0x0000000008000bac        0x4 StdPeriph_Driver/src/stm32f10x_i2c.o
                0x0000000008000bac                I2C_SendData
 .text.I2C_ReceiveData
                0x0000000008000bb0        0x6 StdPeriph_Driver/src/stm32f10x_i2c.o
                0x0000000008000bb0                I2C_ReceiveData
 .text.I2C_Send7bitAddress
                0x0000000008000bb6       0x12 StdPeriph_Driver/src/stm32f10x_i2c.o
                0x0000000008000bb6                I2C_Send7bitAddress
 .text.I2C_CheckEvent
                0x0000000008000bc8       0x1c StdPeriph_Driver/src/stm32f10x_i2c.o
                0x0000000008000bc8                I2C_CheckEvent
 .text.I2C_GetFlagStatus
                0x0000000008000be4       0x38 StdPeriph_Driver/src/stm32f10x_i2c.o
                0x0000000008000be4                I2C_GetFlagStatus
 .text.PWR_BackupAccessCmd
                0x0000000008000c1c        0xc StdPeriph_Driver/src/stm32f10x_pwr.o
                0x0000000008000c1c                PWR_BackupAccessCmd
 .text.RCC_DeInit
                0x0000000008000c28       0x40 StdPeriph_Driver/src/stm32f10x_rcc.o
                0x0000000008000c28                RCC_DeInit
 .text.RCC_HSEConfig
                0x0000000008000c68       0x3c StdPeriph_Driver/src/stm32f10x_rcc.o
                0x0000000008000c68                RCC_HSEConfig
 .text.RCC_PLLConfig
                0x0000000008000ca4       0x14 StdPeriph_Driver/src/stm32f10x_rcc.o
                0x0000000008000ca4                RCC_PLLConfig
 .text.RCC_PLLCmd
                0x0000000008000cb8        0xc StdPeriph_Driver/src/stm32f10x_rcc.o
                0x0000000008000cb8                RCC_PLLCmd
 .text.RCC_SYSCLKConfig
                0x0000000008000cc4       0x14 StdPeriph_Driver/src/stm32f10x_rcc.o
                0x0000000008000cc4                RCC_SYSCLKConfig
 .text.RCC_GetSYSCLKSource
                0x0000000008000cd8       0x10 StdPeriph_Driver/src/stm32f10x_rcc.o
                0x0000000008000cd8                RCC_GetSYSCLKSource
 .text.RCC_HCLKConfig
                0x0000000008000ce8       0x14 StdPeriph_Driver/src/stm32f10x_rcc.o
                0x0000000008000ce8                RCC_HCLKConfig
 .text.RCC_PCLK1Config
                0x0000000008000cfc       0x14 StdPeriph_Driver/src/stm32f10x_rcc.o
                0x0000000008000cfc                RCC_PCLK1Config
 .text.RCC_PCLK2Config
                0x0000000008000d10       0x14 StdPeriph_Driver/src/stm32f10x_rcc.o
                0x0000000008000d10                RCC_PCLK2Config
 .text.RCC_LSEConfig
                0x0000000008000d24       0x28 StdPeriph_Driver/src/stm32f10x_rcc.o
                0x0000000008000d24                RCC_LSEConfig
 .text.RCC_RTCCLKConfig
                0x0000000008000d4c       0x10 StdPeriph_Driver/src/stm32f10x_rcc.o
                0x0000000008000d4c                RCC_RTCCLKConfig
 .text.RCC_RTCCLKCmd
                0x0000000008000d5c        0xc StdPeriph_Driver/src/stm32f10x_rcc.o
                0x0000000008000d5c                RCC_RTCCLKCmd
 .text.RCC_GetClocksFreq
                0x0000000008000d68       0xb8 StdPeriph_Driver/src/stm32f10x_rcc.o
                0x0000000008000d68                RCC_GetClocksFreq
 .text.RCC_AHBPeriphClockCmd
                0x0000000008000e20       0x1c StdPeriph_Driver/src/stm32f10x_rcc.o
                0x0000000008000e20                RCC_AHBPeriphClockCmd
 .text.RCC_APB2PeriphClockCmd
                0x0000000008000e3c       0x1c StdPeriph_Driver/src/stm32f10x_rcc.o
                0x0000000008000e3c                RCC_APB2PeriphClockCmd
 .text.RCC_APB1PeriphClockCmd
                0x0000000008000e58       0x1c StdPeriph_Driver/src/stm32f10x_rcc.o
                0x0000000008000e58                RCC_APB1PeriphClockCmd
 .text.RCC_APB1PeriphResetCmd
                0x0000000008000e74       0x1c StdPeriph_Driver/src/stm32f10x_rcc.o
                0x0000000008000e74                RCC_APB1PeriphResetCmd
 .text.RCC_BackupResetCmd
                0x0000000008000e90        0xc StdPeriph_Driver/src/stm32f10x_rcc.o
                0x0000000008000e90                RCC_BackupResetCmd
 .text.RCC_GetFlagStatus
                0x0000000008000e9c       0x34 StdPeriph_Driver/src/stm32f10x_rcc.o
                0x0000000008000e9c                RCC_GetFlagStatus
 .text.RCC_WaitForHSEStartUp
                0x0000000008000ed0       0x34 StdPeriph_Driver/src/stm32f10x_rcc.o
                0x0000000008000ed0                RCC_WaitForHSEStartUp
 .text.RCC_ClearFlag
                0x0000000008000f04       0x10 StdPeriph_Driver/src/stm32f10x_rcc.o
                0x0000000008000f04                RCC_ClearFlag
 .text.RTC_ITConfig
                0x0000000008000f14       0x20 StdPeriph_Driver/src/stm32f10x_rtc.o
                0x0000000008000f14                RTC_ITConfig
 .text.RTC_EnterConfigMode
                0x0000000008000f34       0x14 StdPeriph_Driver/src/stm32f10x_rtc.o
                0x0000000008000f34                RTC_EnterConfigMode
 .text.RTC_ExitConfigMode
                0x0000000008000f48       0x14 StdPeriph_Driver/src/stm32f10x_rtc.o
                0x0000000008000f48                RTC_ExitConfigMode
 .text.RTC_GetCounter
                0x0000000008000f5c       0x14 StdPeriph_Driver/src/stm32f10x_rtc.o
                0x0000000008000f5c                RTC_GetCounter
 .text.RTC_SetCounter
                0x0000000008000f70       0x1c StdPeriph_Driver/src/stm32f10x_rtc.o
                0x0000000008000f70                RTC_SetCounter
 .text.RTC_SetPrescaler
                0x0000000008000f8c       0x20 StdPeriph_Driver/src/stm32f10x_rtc.o
                0x0000000008000f8c                RTC_SetPrescaler
 .text.RTC_SetAlarm
                0x0000000008000fac       0x1c StdPeriph_Driver/src/stm32f10x_rtc.o
                0x0000000008000fac                RTC_SetAlarm
 .text.RTC_GetAlarm
                0x0000000008000fc8       0x10 StdPeriph_Driver/src/stm32f10x_rtc.o
                0x0000000008000fc8                RTC_GetAlarm
 .text.RTC_WaitForLastTask
                0x0000000008000fd8       0x10 StdPeriph_Driver/src/stm32f10x_rtc.o
                0x0000000008000fd8                RTC_WaitForLastTask
 .text.RTC_WaitForSynchro
                0x0000000008000fe8       0x20 StdPeriph_Driver/src/stm32f10x_rtc.o
                0x0000000008000fe8                RTC_WaitForSynchro
 .text.RTC_GetITStatus
                0x0000000008001008       0x20 StdPeriph_Driver/src/stm32f10x_rtc.o
                0x0000000008001008                RTC_GetITStatus
 .text.RTC_ClearITPendingBit
                0x0000000008001028       0x14 StdPeriph_Driver/src/stm32f10x_rtc.o
                0x0000000008001028                RTC_ClearITPendingBit
 .text.SPI_Init
                0x000000000800103c       0x4c StdPeriph_Driver/src/stm32f10x_spi.o
                0x000000000800103c                SPI_Init
 .text.SPI_StructInit
                0x0000000008001088       0x18 StdPeriph_Driver/src/stm32f10x_spi.o
                0x0000000008001088                SPI_StructInit
 .text.SPI_Cmd  0x00000000080010a0       0x1c StdPeriph_Driver/src/stm32f10x_spi.o
                0x00000000080010a0                SPI_Cmd
 .text.SPI_I2S_ITConfig
                0x00000000080010bc       0x20 StdPeriph_Driver/src/stm32f10x_spi.o
                0x00000000080010bc                SPI_I2S_ITConfig
 .text.SPI_I2S_DMACmd
                0x00000000080010dc       0x18 StdPeriph_Driver/src/stm32f10x_spi.o
                0x00000000080010dc                SPI_I2S_DMACmd
 .text.SPI_I2S_SendData
                0x00000000080010f4        0x4 StdPeriph_Driver/src/stm32f10x_spi.o
                0x00000000080010f4                SPI_I2S_SendData
 .text.SPI_I2S_ReceiveData
                0x00000000080010f8        0x6 StdPeriph_Driver/src/stm32f10x_spi.o
                0x00000000080010f8                SPI_I2S_ReceiveData
 .text.SPI_I2S_GetFlagStatus
                0x00000000080010fe        0xe StdPeriph_Driver/src/stm32f10x_spi.o
                0x00000000080010fe                SPI_I2S_GetFlagStatus
 .text.SPI_I2S_GetITStatus
                0x000000000800110c       0x2e StdPeriph_Driver/src/stm32f10x_spi.o
                0x000000000800110c                SPI_I2S_GetITStatus
 .text.SPI_I2S_ClearITPendingBit
                0x000000000800113a       0x12 StdPeriph_Driver/src/stm32f10x_spi.o
                0x000000000800113a                SPI_I2S_ClearITPendingBit
 .text.TIM_TimeBaseInit
                0x000000000800114c       0x94 StdPeriph_Driver/src/stm32f10x_tim.o
                0x000000000800114c                TIM_TimeBaseInit
 .text.TIM_OC1Init
                0x00000000080011e0       0x84 StdPeriph_Driver/src/stm32f10x_tim.o
                0x00000000080011e0                TIM_OC1Init
 .text.TIM_OC2Init
                0x0000000008001264       0x88 StdPeriph_Driver/src/stm32f10x_tim.o
                0x0000000008001264                TIM_OC2Init
 .text.TIM_OC3Init
                0x00000000080012ec       0x84 StdPeriph_Driver/src/stm32f10x_tim.o
                0x00000000080012ec                TIM_OC3Init
 .text.TIM_OC4Init
                0x0000000008001370       0x6c StdPeriph_Driver/src/stm32f10x_tim.o
                0x0000000008001370                TIM_OC4Init
 .text.TIM_Cmd  0x00000000080013dc       0x1c StdPeriph_Driver/src/stm32f10x_tim.o
                0x00000000080013dc                TIM_Cmd
 .text.TIM_ITConfig
                0x00000000080013f8       0x18 StdPeriph_Driver/src/stm32f10x_tim.o
                0x00000000080013f8                TIM_ITConfig
 .text.TIM_OC1PreloadConfig
                0x0000000008001410        0xe StdPeriph_Driver/src/stm32f10x_tim.o
                0x0000000008001410                TIM_OC1PreloadConfig
 .text.TIM_OC2PreloadConfig
                0x000000000800141e       0x12 StdPeriph_Driver/src/stm32f10x_tim.o
                0x000000000800141e                TIM_OC2PreloadConfig
 .text.TIM_OC3PreloadConfig
                0x0000000008001430        0xe StdPeriph_Driver/src/stm32f10x_tim.o
                0x0000000008001430                TIM_OC3PreloadConfig
 .text.TIM_OC4PreloadConfig
                0x000000000800143e       0x12 StdPeriph_Driver/src/stm32f10x_tim.o
                0x000000000800143e                TIM_OC4PreloadConfig
 .text.TIM_SetCompare1
                0x0000000008001450        0x4 StdPeriph_Driver/src/stm32f10x_tim.o
                0x0000000008001450                TIM_SetCompare1
 .text.TIM_SetCompare2
                0x0000000008001454        0x4 StdPeriph_Driver/src/stm32f10x_tim.o
                0x0000000008001454                TIM_SetCompare2
 .text.TIM_SetCompare3
                0x0000000008001458        0x4 StdPeriph_Driver/src/stm32f10x_tim.o
                0x0000000008001458                TIM_SetCompare3
 .text.TIM_SetCompare4
                0x000000000800145c        0x6 StdPeriph_Driver/src/stm32f10x_tim.o
                0x000000000800145c                TIM_SetCompare4
 .text.TIM_GetCapture1
                0x0000000008001462        0x6 StdPeriph_Driver/src/stm32f10x_tim.o
                0x0000000008001462                TIM_GetCapture1
 .text.TIM_GetCapture2
                0x0000000008001468        0x6 StdPeriph_Driver/src/stm32f10x_tim.o
                0x0000000008001468                TIM_GetCapture2
 .text.TIM_GetCapture3
                0x000000000800146e        0x6 StdPeriph_Driver/src/stm32f10x_tim.o
                0x000000000800146e                TIM_GetCapture3
 .text.TIM_GetCapture4
                0x0000000008001474        0x8 StdPeriph_Driver/src/stm32f10x_tim.o
                0x0000000008001474                TIM_GetCapture4
 .text.TIM_GetITStatus
                0x000000000800147c       0x18 StdPeriph_Driver/src/stm32f10x_tim.o
                0x000000000800147c                TIM_GetITStatus
 .text.TIM_ClearITPendingBit
                0x0000000008001494        0x8 StdPeriph_Driver/src/stm32f10x_tim.o
                0x0000000008001494                TIM_ClearITPendingBit
 .text.USART_Init
                0x000000000800149c       0xc8 StdPeriph_Driver/src/stm32f10x_usart.o
                0x000000000800149c                USART_Init
 .text.USART_StructInit
                0x0000000008001564       0x16 StdPeriph_Driver/src/stm32f10x_usart.o
                0x0000000008001564                USART_StructInit
 .text.USART_Cmd
                0x000000000800157a       0x1c StdPeriph_Driver/src/stm32f10x_usart.o
                0x000000000800157a                USART_Cmd
 .text.USART_ITConfig
                0x0000000008001596       0x38 StdPeriph_Driver/src/stm32f10x_usart.o
                0x0000000008001596                USART_ITConfig
 .text.USART_SendData
                0x00000000080015ce        0x8 StdPeriph_Driver/src/stm32f10x_usart.o
                0x00000000080015ce                USART_SendData
 .text.USART_ReceiveData
                0x00000000080015d6        0x8 StdPeriph_Driver/src/stm32f10x_usart.o
                0x00000000080015d6                USART_ReceiveData
 .text.USART_GetITStatus
                0x00000000080015de       0x4c StdPeriph_Driver/src/stm32f10x_usart.o
                0x00000000080015de                USART_GetITStatus
 *fill*         0x000000000800162a        0x2 
 .text.LCD_pinsInit
                0x000000000800162c       0xb0 lib/ILI9341/core.o
 .text.LCD_reset
                0x00000000080016dc       0x28 lib/ILI9341/core.o
                0x00000000080016dc                LCD_reset
 .text.LCD_exitStandby
                0x0000000008001704       0x16 lib/ILI9341/core.o
                0x0000000008001704                LCD_exitStandby
 *fill*         0x000000000800171a        0x2 
 .text.LCD_setOrientation
                0x000000000800171c       0x58 lib/ILI9341/core.o
                0x000000000800171c                LCD_setOrientation
 .text.LCD_configure
                0x0000000008001774       0x40 lib/ILI9341/core.o
 .text.LCD_init
                0x00000000080017b4       0x2c lib/ILI9341/core.o
                0x00000000080017b4                LCD_init
 .text.LCD_setAddressWindow
                0x00000000080017e0       0xe0 lib/ILI9341/core.o
                0x00000000080017e0                LCD_setAddressWindow
 .text.LCD_getWidth
                0x00000000080018c0        0xc lib/ILI9341/core.o
                0x00000000080018c0                LCD_getWidth
 .text.LCD_getHeight
                0x00000000080018cc        0xc lib/ILI9341/core.o
                0x00000000080018cc                LCD_getHeight
 .text.LCD_setSpi8
                0x00000000080018d8       0x2c lib/ILI9341/core.o
                0x00000000080018d8                LCD_setSpi8
 .text.LCD_setSpi16
                0x0000000008001904       0x28 lib/ILI9341/core.o
                0x0000000008001904                LCD_setSpi16
 .text.SysTick_Handler
                0x000000000800192c       0x10 lib/ILI9341/delay.o
                0x000000000800192c                SysTick_Handler
 .text.delay_ms
                0x000000000800193c       0x58 lib/ILI9341/delay.o
                0x000000000800193c                delay_ms
 .text.dmaInit  0x0000000008001994       0x54 lib/ILI9341/dma.o
                0x0000000008001994                dmaInit
 .text.dmaSendCmd
                0x00000000080019e8       0x84 lib/ILI9341/dma.o
                0x00000000080019e8                dmaSendCmd
 .text.dmaSendCmdCont
                0x0000000008001a6c       0x70 lib/ILI9341/dma.o
                0x0000000008001a6c                dmaSendCmdCont
 .text.dmaReceiveDataCont8
                0x0000000008001adc       0x94 lib/ILI9341/dma.o
                0x0000000008001adc                dmaReceiveDataCont8
 .text.dmaSendDataCont8
                0x0000000008001b70       0x68 lib/ILI9341/dma.o
                0x0000000008001b70                dmaSendDataCont8
 .text.dmaSendData16
                0x0000000008001bd8       0x84 lib/ILI9341/dma.o
                0x0000000008001bd8                dmaSendData16
 .text.dmaSendDataCont16
                0x0000000008001c5c       0x70 lib/ILI9341/dma.o
                0x0000000008001c5c                dmaSendDataCont16
 .text.dmaFill16
                0x0000000008001ccc       0xf8 lib/ILI9341/dma.o
                0x0000000008001ccc                dmaFill16
 .text.DMA1_Channel2_IRQHandler
                0x0000000008001dc4       0x24 lib/ILI9341/dma.o
                0x0000000008001dc4                DMA1_Channel2_IRQHandler
 .text.DMA1_Channel3_IRQHandler
                0x0000000008001de8       0x28 lib/ILI9341/dma.o
                0x0000000008001de8                DMA1_Channel3_IRQHandler
 .text.LCD_readPixels
                0x0000000008001e10       0x8c lib/ILI9341/graph.o
                0x0000000008001e10                LCD_readPixels
 .text.LCD_fillRect
                0x0000000008001e9c       0x34 lib/ILI9341/graph.o
                0x0000000008001e9c                LCD_fillRect
 .text.LCD_fillScreen
                0x0000000008001ed0       0x3a lib/ILI9341/graph.o
                0x0000000008001ed0                LCD_fillScreen
 .text.LCD_drawRect
                0x0000000008001f0a      0x210 lib/ILI9341/graph.o
                0x0000000008001f0a                LCD_drawRect
 *fill*         0x000000000800211a        0x2 
 .text.LCD_writeString
                0x000000000800211c      0x238 lib/ILI9341/text.o
                0x000000000800211c                LCD_writeString
 .text.LCD_setCursor
                0x0000000008002354        0xc lib/ILI9341/text.o
                0x0000000008002354                LCD_setCursor
 .text.LCD_setTextSize
                0x0000000008002360        0xc lib/ILI9341/text.o
                0x0000000008002360                LCD_setTextSize
 .text.LCD_setTextColor
                0x000000000800236c        0xc lib/ILI9341/text.o
                0x000000000800236c                LCD_setTextColor
 .text.LCD_setTextBgColor
                0x0000000008002378        0xc lib/ILI9341/text.o
                0x0000000008002378                LCD_setTextBgColor
 .text.get_alarm_is_working
                0x0000000008002384        0xc src/DFPPlayer.o
                0x0000000008002384                get_alarm_is_working
 .text.MP3_clear_RXBuffer
                0x0000000008002390       0x38 src/DFPPlayer.o
                0x0000000008002390                MP3_clear_RXBuffer
 .text.analizeDataFromMP3
                0x00000000080023c8       0x58 src/DFPPlayer.o
                0x00000000080023c8                analizeDataFromMP3
 .text.MP3_checksum
                0x0000000008002420       0x20 src/DFPPlayer.o
                0x0000000008002420                MP3_checksum
 .text.mp3_send_cmd
                0x0000000008002440       0x2c src/DFPPlayer.o
                0x0000000008002440                mp3_send_cmd
 .text.mp3_init
                0x000000000800246c       0x28 src/DFPPlayer.o
                0x000000000800246c                mp3_init
 .text.alarm_stop
                0x0000000008002494       0x84 src/DFPPlayer.o
                0x0000000008002494                alarm_stop
 .text.alarm_snooze
                0x0000000008002518       0x38 src/DFPPlayer.o
                0x0000000008002518                alarm_snooze
 .text.control_sound_play
                0x0000000008002550       0x44 src/DFPPlayer.o
                0x0000000008002550                control_sound_play
 .text.play_alarm
                0x0000000008002594       0x20 src/DFPPlayer.o
                0x0000000008002594                play_alarm
 .text.BMP180_Init
                0x00000000080025b4       0x94 src/bmp180.o
                0x00000000080025b4                BMP180_Init
 .text.BMP180_WriteReg
                0x0000000008002648       0x74 src/bmp180.o
                0x0000000008002648                BMP180_WriteReg
 .text.BMP180_ReadReg
                0x00000000080026bc       0xbc src/bmp180.o
                0x00000000080026bc                BMP180_ReadReg
 .text.BMP180_ReadCalibration
                0x0000000008002778      0x184 src/bmp180.o
                0x0000000008002778                BMP180_ReadCalibration
 .text.init_bmp180
                0x00000000080028fc       0x20 src/bmp180.o
                0x00000000080028fc                init_bmp180
 .text.BMP180_Read_UT
                0x000000000800291c       0xdc src/bmp180.o
                0x000000000800291c                BMP180_Read_UT
 .text.BMP180_Read_PT
                0x00000000080029f8      0x118 src/bmp180.o
                0x00000000080029f8                BMP180_Read_PT
 .text.BMP180_Calc_RT
                0x0000000008002b10       0x30 src/bmp180.o
                0x0000000008002b10                BMP180_Calc_RT
 .text.read_temperature_str
                0x0000000008002b40       0x44 src/bmp180.o
                0x0000000008002b40                read_temperature_str
 .text.BMP180_Calc_RP
                0x0000000008002b84       0xa8 src/bmp180.o
                0x0000000008002b84                BMP180_Calc_RP
 .text.read_pressure_str
                0x0000000008002c2c       0x58 src/bmp180.o
                0x0000000008002c2c                read_pressure_str
 .text.addToBuffor
                0x0000000008002c84       0x18 src/buffors.o
                0x0000000008002c84                addToBuffor
 .text.getFromBuffor
                0x0000000008002c9c       0x36 src/buffors.o
                0x0000000008002c9c                getFromBuffor
 .text.isBufforEmpty
                0x0000000008002cd2        0xe src/buffors.o
                0x0000000008002cd2                isBufforEmpty
 .text.initBuffor
                0x0000000008002ce0        0xe src/buffors.o
                0x0000000008002ce0                initBuffor
 *fill*         0x0000000008002cee        0x2 
 .text.getStandByModeState
                0x0000000008002cf0        0xc src/device_config.o
                0x0000000008002cf0                getStandByModeState
 .text.set_sleep_mode
                0x0000000008002cfc       0x24 src/device_config.o
                0x0000000008002cfc                set_sleep_mode
 .text.clr_sleep_mode
                0x0000000008002d20       0x24 src/device_config.o
                0x0000000008002d20                clr_sleep_mode
 .text.sleep_mode_init
                0x0000000008002d44       0xe4 src/device_config.o
                0x0000000008002d44                sleep_mode_init
 .text.control__goto_sleep_mode
                0x0000000008002e28       0x24 src/device_config.o
                0x0000000008002e28                control__goto_sleep_mode
 .text.EXTI0_IRQHandler
                0x0000000008002e4c       0x20 src/device_config.o
                0x0000000008002e4c                EXTI0_IRQHandler
 .text.EXTI1_IRQHandler
                0x0000000008002e6c        0xa src/device_config.o
                0x0000000008002e6c                EXTI1_IRQHandler
 *fill*         0x0000000008002e76        0x2 
 .text.EXTI4_IRQHandler
                0x0000000008002e78       0x28 src/device_config.o
                0x0000000008002e78                EXTI4_IRQHandler
 .text.device_init
                0x0000000008002ea0       0x2c src/device_config.o
                0x0000000008002ea0                device_init
 .text.turnOnOffLed
                0x0000000008002ecc       0x28 src/device_config.o
                0x0000000008002ecc                turnOnOffLed
 .text.RCC_Conf
                0x0000000008002ef4       0x64 src/device_config.o
                0x0000000008002ef4                RCC_Conf
 .text.main     0x0000000008002f58       0xd0 src/main.o
                0x0000000008002f58                main
 .text.working_day_checked
                0x0000000008003028        0xc src/menu.o
                0x0000000008003028                working_day_checked
 .text.alarm_on_checked
                0x0000000008003034        0xc src/menu.o
                0x0000000008003034                alarm_on_checked
 .text.get_menu_state
                0x0000000008003040        0xc src/menu.o
                0x0000000008003040                get_menu_state
 .text.on_button_released
                0x000000000800304c       0x14 src/menu.o
                0x000000000800304c                on_button_released
 .text.increment_set_clk_state
                0x0000000008003060       0x28 src/menu.o
                0x0000000008003060                increment_set_clk_state
 .text.increment_set_date_state
                0x0000000008003088       0x24 src/menu.o
                0x0000000008003088                increment_set_date_state
 .text.control_alarm_off_state
                0x00000000080030ac       0x10 src/menu.o
                0x00000000080030ac                control_alarm_off_state
 .text.increment_set_alarm_state
                0x00000000080030bc       0x1c src/menu.o
                0x00000000080030bc                increment_set_alarm_state
 .text.T1_Timer_state
                0x00000000080030d8       0x10 src/menu.o
                0x00000000080030d8                T1_Timer_state
 .text.create_menu
                0x00000000080030e8       0xe4 src/menu.o
                0x00000000080030e8                create_menu
 .text.setMenuState
                0x00000000080031cc       0x24 src/menu.o
                0x00000000080031cc                setMenuState
 .text.read_environmental_parameters
                0x00000000080031f0       0x18 src/menu.o
                0x00000000080031f0                read_environmental_parameters
 .text.on_set_working_day
                0x0000000008003208       0x1c src/menu.o
                0x0000000008003208                on_set_working_day
 .text.on_set_alarm
                0x0000000008003224       0x1c src/menu.o
                0x0000000008003224                on_set_alarm
 .text.on_set_alarm_up
                0x0000000008003240       0x34 src/menu.o
                0x0000000008003240                on_set_alarm_up
 .text.on_set_alarm_down
                0x0000000008003274       0x34 src/menu.o
                0x0000000008003274                on_set_alarm_down
 .text.on_set_up
                0x00000000080032a8       0x54 src/menu.o
                0x00000000080032a8                on_set_up
 .text.on_set_down
                0x00000000080032fc       0x5c src/menu.o
                0x00000000080032fc                on_set_down
 .text.set_adjustable_element_on_blinking
                0x0000000008003358       0x58 src/menu.o
                0x0000000008003358                set_adjustable_element_on_blinking
 .text.set_record_on_blinking
                0x00000000080033b0       0x3c src/menu.o
                0x00000000080033b0                set_record_on_blinking
 .text.show_menu
                0x00000000080033ec      0x5e4 src/menu.o
                0x00000000080033ec                show_menu
 .text.display_info_message
                0x00000000080039d0       0x1c src/menu.o
                0x00000000080039d0                display_info_message
 .text.on_stoper_menu_presed
                0x00000000080039ec       0x20 src/menu.o
                0x00000000080039ec                on_stoper_menu_presed
 .text.NVIC_RTC_Configuration
                0x0000000008003a0c       0x44 src/rtc.o
                0x0000000008003a0c                NVIC_RTC_Configuration
 .text.RTCAlarm_IRQHandler
                0x0000000008003a50       0x28 src/rtc.o
                0x0000000008003a50                RTCAlarm_IRQHandler
 .text.read_alarm
                0x0000000008003a78       0xec src/rtc.o
                0x0000000008003a78                read_alarm
 .text.read_time
                0x0000000008003b64       0xd8 src/rtc.o
                0x0000000008003b64                read_time
 .text.read_date
                0x0000000008003c3c       0x78 src/rtc.o
                0x0000000008003c3c                read_date
 .text.addAlarmHour
                0x0000000008003cb4       0x10 src/rtc.o
                0x0000000008003cb4                addAlarmHour
 .text.removeAlarmHour
                0x0000000008003cc4       0x10 src/rtc.o
                0x0000000008003cc4                removeAlarmHour
 .text.addAlarmMinute
                0x0000000008003cd4        0xe src/rtc.o
                0x0000000008003cd4                addAlarmMinute
 .text.addAlarmSnooze
                0x0000000008003ce2       0x10 src/rtc.o
                0x0000000008003ce2                addAlarmSnooze
 .text.removeAlarmMinute
                0x0000000008003cf2        0xe src/rtc.o
                0x0000000008003cf2                removeAlarmMinute
 .text.addAlarmSec
                0x0000000008003d00        0xe src/rtc.o
                0x0000000008003d00                addAlarmSec
 .text.removeAlarmSec
                0x0000000008003d0e        0xe src/rtc.o
                0x0000000008003d0e                removeAlarmSec
 .text.addHour  0x0000000008003d1c       0x18 src/rtc.o
                0x0000000008003d1c                addHour
 .text.removeHour
                0x0000000008003d34       0x18 src/rtc.o
                0x0000000008003d34                removeHour
 .text.addMin   0x0000000008003d4c       0x16 src/rtc.o
                0x0000000008003d4c                addMin
 .text.removeMin
                0x0000000008003d62       0x16 src/rtc.o
                0x0000000008003d62                removeMin
 .text.addSec   0x0000000008003d78       0x16 src/rtc.o
                0x0000000008003d78                addSec
 .text.removeSec
                0x0000000008003d8e       0x16 src/rtc.o
                0x0000000008003d8e                removeSec
 .text.save_time
                0x0000000008003da4       0x22 src/rtc.o
                0x0000000008003da4                save_time
 *fill*         0x0000000008003dc6        0x2 
 .text.check_leap
                0x0000000008003dc8       0x40 src/rtc.o
                0x0000000008003dc8                check_leap
 .text.prev_date
                0x0000000008003e08       0xf4 src/rtc.o
                0x0000000008003e08                prev_date
 .text.removeDay
                0x0000000008003efc        0x8 src/rtc.o
                0x0000000008003efc                removeDay
 .text.removeMonth
                0x0000000008003f04       0x3e src/rtc.o
                0x0000000008003f04                removeMonth
 .text.removeYear
                0x0000000008003f42       0x1e src/rtc.o
                0x0000000008003f42                removeYear
 .text.update_date
                0x0000000008003f60       0xf0 src/rtc.o
                0x0000000008003f60                update_date
 .text.check_next_day
                0x0000000008004050       0x2c src/rtc.o
                0x0000000008004050                check_next_day
 .text.addMonth
                0x000000000800407c       0x3e src/rtc.o
                0x000000000800407c                addMonth
 .text.addYear  0x00000000080040ba       0x1e src/rtc.o
                0x00000000080040ba                addYear
 .text.save_date
                0x00000000080040d8       0x90 src/rtc.o
                0x00000000080040d8                save_date
 .text.set_alarm
                0x0000000008004168       0x2c src/rtc.o
                0x0000000008004168                set_alarm
 .text.check_for_days_elapsed
                0x0000000008004194       0x5c src/rtc.o
                0x0000000008004194                check_for_days_elapsed
 .text.RTC_Configuration
                0x00000000080041f0       0xcc src/rtc.o
                0x00000000080041f0                RTC_Configuration
 .text.rtc_init
                0x00000000080042bc       0x64 src/rtc.o
                0x00000000080042bc                rtc_init
 .text.day_of_week
                0x0000000008004320       0xac src/rtc.o
                0x0000000008004320                day_of_week
 .text.RTC_IRQHandler
                0x00000000080043cc       0xbc src/rtc.o
                0x00000000080043cc                RTC_IRQHandler
 .text.addDay   0x0000000008004488       0x48 src/rtc.o
                0x0000000008004488                addDay
 .text.getTimerChannelState
                0x00000000080044d0       0x34 src/scan_timer.o
                0x00000000080044d0                getTimerChannelState
 .text.setTimerChannelState
                0x0000000008004504       0x28 src/scan_timer.o
                0x0000000008004504                setTimerChannelState
 .text.init_timer
                0x000000000800452c       0xe4 src/scan_timer.o
                0x000000000800452c                init_timer
 .text.TIM1_CC_IRQHandler
                0x0000000008004610       0xdc src/scan_timer.o
                0x0000000008004610                TIM1_CC_IRQHandler
 .text.set_T1_Timer
                0x00000000080046ec       0x10 src/stoper.o
                0x00000000080046ec                set_T1_Timer
 .text.decrement_Counters
                0x00000000080046fc       0x20 src/stoper.o
                0x00000000080046fc                decrement_Counters
 .text.get_T1_Timer
                0x000000000800471c       0x60 src/stoper.o
                0x000000000800471c                get_T1_Timer
 .text.SetSysClockTo72
                0x000000000800477c       0xc4 src/system_stm32f10x.o
 .text.SetSysClock
                0x0000000008004840        0x8 src/system_stm32f10x.o
 .text.SystemInit
                0x0000000008004848       0x50 src/system_stm32f10x.o
                0x0000000008004848                SystemInit
 .text.TIM2_IRQHandler
                0x0000000008004898       0xdc src/timers.o
                0x0000000008004898                TIM2_IRQHandler
 .text.set_pushed_filter
                0x0000000008004974        0xc src/touch_screen.o
                0x0000000008004974                set_pushed_filter
 .text.DMA1_Channel4_IRQHandler
                0x0000000008004980       0x28 src/touch_screen.o
                0x0000000008004980                DMA1_Channel4_IRQHandler
 .text.DMA1_Channel5_IRQHandler
                0x00000000080049a8       0x28 src/touch_screen.o
                0x00000000080049a8                DMA1_Channel5_IRQHandler
 .text.SPI2_IRQHandler
                0x00000000080049d0       0xb0 src/touch_screen.o
                0x00000000080049d0                SPI2_IRQHandler
 .text.get_touch_force
                0x0000000008004a80        0xc src/touch_screen.o
                0x0000000008004a80                get_touch_force
 .text.run_command
                0x0000000008004a8c       0x3c src/touch_screen.o
                0x0000000008004a8c                run_command
 .text.run_command_parameter
                0x0000000008004ac8       0x40 src/touch_screen.o
                0x0000000008004ac8                run_command_parameter
 .text.control_touch_buttons
                0x0000000008004b08      0x198 src/touch_screen.o
                0x0000000008004b08                control_touch_buttons
 .text.getTouchData
                0x0000000008004ca0        0x8 src/touch_screen.o
                0x0000000008004ca0                getTouchData
 .text.touch_screen_cs_low
                0x0000000008004ca8       0x14 src/touch_screen.o
                0x0000000008004ca8                touch_screen_cs_low
 .text.touch_screen_cs_high
                0x0000000008004cbc       0x14 src/touch_screen.o
                0x0000000008004cbc                touch_screen_cs_high
 .text.init_spi_2
                0x0000000008004cd0       0xd0 src/touch_screen.o
                0x0000000008004cd0                init_spi_2
 .text.init_touch_screen
                0x0000000008004da0        0x8 src/touch_screen.o
                0x0000000008004da0                init_touch_screen
 .text.touch_screen_send_command
                0x0000000008004da8       0x1c src/touch_screen.o
                0x0000000008004da8                touch_screen_send_command
 .text.analize_data_from_touch_screen
                0x0000000008004dc4       0x54 src/touch_screen.o
                0x0000000008004dc4                analize_data_from_touch_screen
 .text.uart_interrup_init
                0x0000000008004e18       0xe4 src/uart_interrupt.o
                0x0000000008004e18                uart_interrup_init
 .text.uart_send_data
                0x0000000008004efc       0x34 src/uart_interrupt.o
                0x0000000008004efc                uart_send_data
 .text.USART3_IRQHandler
                0x0000000008004f30       0x8c src/uart_interrupt.o
                0x0000000008004f30                USART3_IRQHandler
 .text.analizeIncomingMp3Data
                0x0000000008004fbc       0x24 src/uart_interrupt.o
                0x0000000008004fbc                analizeIncomingMp3Data
 .text.nullCallback
                0x0000000008004fe0        0x2 src/buttons/buttons.o
 *fill*         0x0000000008004fe2        0x2 
 .text.ALARM_BUTTON_callback
                0x0000000008004fe4       0x18 src/buttons/buttons.o
                0x0000000008004fe4                ALARM_BUTTON_callback
 .text.ALARM_OFF_BUTTON_callback
                0x0000000008004ffc       0x18 src/buttons/buttons.o
                0x0000000008004ffc                ALARM_OFF_BUTTON_callback
 .text.STOPER_ON_BUTTON_callback
                0x0000000008005014        0xc src/buttons/buttons.o
                0x0000000008005014                STOPER_ON_BUTTON_callback
 .text.initBitFilter
                0x0000000008005020       0x18 src/buttons/buttons.o
                0x0000000008005020                initBitFilter
 .text.bitFilter_setOnBitChangeListener_signal
                0x0000000008005038        0x4 src/buttons/buttons.o
                0x0000000008005038                bitFilter_setOnBitChangeListener_signal
 .text.init_buttons
                0x000000000800503c       0x78 src/buttons/buttons.o
                0x000000000800503c                init_buttons
 .text.callbackEventPressed
                0x00000000080050b4        0xa src/buttons/buttons.o
                0x00000000080050b4                callbackEventPressed
 .text.callbackEventReleased
                0x00000000080050be        0xa src/buttons/buttons.o
                0x00000000080050be                callbackEventReleased
 .text.buttonIsPressedFiltered
                0x00000000080050c8       0x12 src/buttons/buttons.o
                0x00000000080050c8                buttonIsPressedFiltered
 .text.buttonIsReleasedFiltered
                0x00000000080050da       0x12 src/buttons/buttons.o
                0x00000000080050da                buttonIsReleasedFiltered
 .text.incrementPressedProbe
                0x00000000080050ec       0x2c src/buttons/buttons.o
                0x00000000080050ec                incrementPressedProbe
 .text.incrementReleasedProbe
                0x0000000008005118       0x2c src/buttons/buttons.o
                0x0000000008005118                incrementReleasedProbe
 .text.buttonIsPressedNotFiltered
                0x0000000008005144        0x8 src/buttons/buttons.o
                0x0000000008005144                buttonIsPressedNotFiltered
 .text.buttonIsReleasedNotFiltered
                0x000000000800514c        0x8 src/buttons/buttons.o
                0x000000000800514c                buttonIsReleasedNotFiltered
 .text.scanButtonsPins
                0x0000000008005154       0x48 src/buttons/buttons.o
                0x0000000008005154                scanButtonsPins
 .text.FLASH_WriteSettings
                0x000000000800519c       0x38 src/flash/flash.o
                0x000000000800519c                FLASH_WriteSettings
 .text.flash_set_date_storage
                0x00000000080051d4       0x14 src/flash/flash.o
                0x00000000080051d4                flash_set_date_storage
 .text.Reset_Handler
                0x00000000080051e8       0x50 startup/startup_stm32.o
                0x00000000080051e8                Reset_Handler
 .text.Default_Handler
                0x0000000008005238        0x2 startup/startup_stm32.o
                0x0000000008005238                EXTI2_IRQHandler
                0x0000000008005238                TIM8_TRG_COM_IRQHandler
                0x0000000008005238                TIM8_CC_IRQHandler
                0x0000000008005238                DebugMon_Handler
                0x0000000008005238                HardFault_Handler
                0x0000000008005238                TIM6_IRQHandler
                0x0000000008005238                PVD_IRQHandler
                0x0000000008005238                SDIO_IRQHandler
                0x0000000008005238                PendSV_Handler
                0x0000000008005238                NMI_Handler
                0x0000000008005238                EXTI3_IRQHandler
                0x0000000008005238                USB_HP_CAN_TX_IRQHandler
                0x0000000008005238                I2C2_EV_IRQHandler
                0x0000000008005238                UsageFault_Handler
                0x0000000008005238                ADC1_2_IRQHandler
                0x0000000008005238                SPI1_IRQHandler
                0x0000000008005238                CAN_SCE_IRQHandler
                0x0000000008005238                TAMPER_IRQHandler
                0x0000000008005238                TIM8_UP_IRQHandler
                0x0000000008005238                DMA2_Channel2_IRQHandler
                0x0000000008005238                DMA1_Channel7_IRQHandler
                0x0000000008005238                UART5_IRQHandler
                0x0000000008005238                ADC3_IRQHandler
                0x0000000008005238                TIM4_IRQHandler
                0x0000000008005238                CAN_RX1_IRQHandler
                0x0000000008005238                DMA2_Channel1_IRQHandler
                0x0000000008005238                I2C1_EV_IRQHandler
                0x0000000008005238                DMA1_Channel6_IRQHandler
                0x0000000008005238                UART4_IRQHandler
                0x0000000008005238                TIM3_IRQHandler
                0x0000000008005238                RCC_IRQHandler
                0x0000000008005238                TIM1_TRG_COM_IRQHandler
                0x0000000008005238                DMA1_Channel1_IRQHandler
                0x0000000008005238                Default_Handler
                0x0000000008005238                EXTI15_10_IRQHandler
                0x0000000008005238                TIM7_IRQHandler
                0x0000000008005238                TIM5_IRQHandler
                0x0000000008005238                EXTI9_5_IRQHandler
                0x0000000008005238                USB_LP_CAN_RX0_IRQHandler
                0x0000000008005238                MemManage_Handler
                0x0000000008005238                SVC_Handler
                0x0000000008005238                FSMC_IRQHandler
                0x0000000008005238                TIM1_UP_IRQHandler
                0x0000000008005238                WWDG_IRQHandler
                0x0000000008005238                TIM1_BRK_IRQHandler
                0x0000000008005238                DMA2_Channel4_5_IRQHandler
                0x0000000008005238                USART2_IRQHandler
                0x0000000008005238                I2C2_ER_IRQHandler
                0x0000000008005238                TIM8_BRK_IRQHandler
                0x0000000008005238                FLASH_IRQHandler
                0x0000000008005238                BusFault_Handler
                0x0000000008005238                USART1_IRQHandler
                0x0000000008005238                SPI3_IRQHandler
                0x0000000008005238                I2C1_ER_IRQHandler
                0x0000000008005238                DMA2_Channel3_IRQHandler
 *fill*         0x000000000800523a        0x2 
 .text.__errno  0x000000000800523c        0xc /home/gwarchol/1200/IDE/plugins/fr.ac6.mcu.externaltools.arm-none.linux64_1.15.0.201708311556/tools/compiler/bin/../lib/gcc/arm-none-eabi/6.3.1/../../../../arm-none-eabi/lib/thumb/v7-m/libc_nano.a(lib_a-errno.o)
                0x000000000800523c                __errno
 .text._cleanup_r
                0x0000000008005248        0xc /home/gwarchol/1200/IDE/plugins/fr.ac6.mcu.externaltools.arm-none.linux64_1.15.0.201708311556/tools/compiler/bin/../lib/gcc/arm-none-eabi/6.3.1/../../../../arm-none-eabi/lib/thumb/v7-m/libc_nano.a(lib_a-findfp.o)
                0x0000000008005248                _cleanup_r
 .text.std.isra.0
                0x0000000008005254       0x48 /home/gwarchol/1200/IDE/plugins/fr.ac6.mcu.externaltools.arm-none.linux64_1.15.0.201708311556/tools/compiler/bin/../lib/gcc/arm-none-eabi/6.3.1/../../../../arm-none-eabi/lib/thumb/v7-m/libc_nano.a(lib_a-findfp.o)
 .text.__sfmoreglue
                0x000000000800529c       0x2c /home/gwarchol/1200/IDE/plugins/fr.ac6.mcu.externaltools.arm-none.linux64_1.15.0.201708311556/tools/compiler/bin/../lib/gcc/arm-none-eabi/6.3.1/../../../../arm-none-eabi/lib/thumb/v7-m/libc_nano.a(lib_a-findfp.o)
                0x000000000800529c                __sfmoreglue
 .text.__sinit  0x00000000080052c8       0x60 /home/gwarchol/1200/IDE/plugins/fr.ac6.mcu.externaltools.arm-none.linux64_1.15.0.201708311556/tools/compiler/bin/../lib/gcc/arm-none-eabi/6.3.1/../../../../arm-none-eabi/lib/thumb/v7-m/libc_nano.a(lib_a-findfp.o)
                0x00000000080052c8                __sinit
 .text.__sfp    0x0000000008005328       0x78 /home/gwarchol/1200/IDE/plugins/fr.ac6.mcu.externaltools.arm-none.linux64_1.15.0.201708311556/tools/compiler/bin/../lib/gcc/arm-none-eabi/6.3.1/../../../../arm-none-eabi/lib/thumb/v7-m/libc_nano.a(lib_a-findfp.o)
                0x0000000008005328                __sfp
 .text._fwalk_reent
                0x00000000080053a0       0x3c /home/gwarchol/1200/IDE/plugins/fr.ac6.mcu.externaltools.arm-none.linux64_1.15.0.201708311556/tools/compiler/bin/../lib/gcc/arm-none-eabi/6.3.1/../../../../arm-none-eabi/lib/thumb/v7-m/libc_nano.a(lib_a-fwalk.o)
                0x00000000080053a0                _fwalk_reent
 .text._malloc_r
                0x00000000080053dc       0xbc /home/gwarchol/1200/IDE/plugins/fr.ac6.mcu.externaltools.arm-none.linux64_1.15.0.201708311556/tools/compiler/bin/../lib/gcc/arm-none-eabi/6.3.1/../../../../arm-none-eabi/lib/thumb/v7-m/libc_nano.a(lib_a-nano-mallocr.o)
                0x00000000080053dc                _malloc_r
 .text.printf   0x0000000008005498       0x30 /home/gwarchol/1200/IDE/plugins/fr.ac6.mcu.externaltools.arm-none.linux64_1.15.0.201708311556/tools/compiler/bin/../lib/gcc/arm-none-eabi/6.3.1/../../../../arm-none-eabi/lib/thumb/v7-m/libc_nano.a(lib_a-printf.o)
                0x0000000008005498                printf
                0x0000000008005498                iprintf
 .text._puts_r  0x00000000080054c8       0xb8 /home/gwarchol/1200/IDE/plugins/fr.ac6.mcu.externaltools.arm-none.linux64_1.15.0.201708311556/tools/compiler/bin/../lib/gcc/arm-none-eabi/6.3.1/../../../../arm-none-eabi/lib/thumb/v7-m/libc_nano.a(lib_a-puts.o)
                0x00000000080054c8                _puts_r
 .text.puts     0x0000000008005580       0x10 /home/gwarchol/1200/IDE/plugins/fr.ac6.mcu.externaltools.arm-none.linux64_1.15.0.201708311556/tools/compiler/bin/../lib/gcc/arm-none-eabi/6.3.1/../../../../arm-none-eabi/lib/thumb/v7-m/libc_nano.a(lib_a-puts.o)
                0x0000000008005580                puts
 .text._sbrk_r  0x0000000008005590       0x20 /home/gwarchol/1200/IDE/plugins/fr.ac6.mcu.externaltools.arm-none.linux64_1.15.0.201708311556/tools/compiler/bin/../lib/gcc/arm-none-eabi/6.3.1/../../../../arm-none-eabi/lib/thumb/v7-m/libc_nano.a(lib_a-sbrkr.o)
                0x0000000008005590                _sbrk_r
 .text.sprintf  0x00000000080055b0       0x48 /home/gwarchol/1200/IDE/plugins/fr.ac6.mcu.externaltools.arm-none.linux64_1.15.0.201708311556/tools/compiler/bin/../lib/gcc/arm-none-eabi/6.3.1/../../../../arm-none-eabi/lib/thumb/v7-m/libc_nano.a(lib_a-sprintf.o)
                0x00000000080055b0                sprintf
                0x00000000080055b0                siprintf
 .text.__sread  0x00000000080055f8       0x22 /home/gwarchol/1200/IDE/plugins/fr.ac6.mcu.externaltools.arm-none.linux64_1.15.0.201708311556/tools/compiler/bin/../lib/gcc/arm-none-eabi/6.3.1/../../../../arm-none-eabi/lib/thumb/v7-m/libc_nano.a(lib_a-stdio.o)
                0x00000000080055f8                __sread
 .text.__swrite
                0x000000000800561a       0x38 /home/gwarchol/1200/IDE/plugins/fr.ac6.mcu.externaltools.arm-none.linux64_1.15.0.201708311556/tools/compiler/bin/../lib/gcc/arm-none-eabi/6.3.1/../../../../arm-none-eabi/lib/thumb/v7-m/libc_nano.a(lib_a-stdio.o)
                0x000000000800561a                __swrite
 .text.__sseek  0x0000000008005652       0x24 /home/gwarchol/1200/IDE/plugins/fr.ac6.mcu.externaltools.arm-none.linux64_1.15.0.201708311556/tools/compiler/bin/../lib/gcc/arm-none-eabi/6.3.1/../../../../arm-none-eabi/lib/thumb/v7-m/libc_nano.a(lib_a-stdio.o)
                0x0000000008005652                __sseek
 .text.__sclose
                0x0000000008005676        0x8 /home/gwarchol/1200/IDE/plugins/fr.ac6.mcu.externaltools.arm-none.linux64_1.15.0.201708311556/tools/compiler/bin/../lib/gcc/arm-none-eabi/6.3.1/../../../../arm-none-eabi/lib/thumb/v7-m/libc_nano.a(lib_a-stdio.o)
                0x0000000008005676                __sclose
 *fill*         0x000000000800567e        0x2 
 .text.__swbuf_r
                0x0000000008005680       0xa4 /home/gwarchol/1200/IDE/plugins/fr.ac6.mcu.externaltools.arm-none.linux64_1.15.0.201708311556/tools/compiler/bin/../lib/gcc/arm-none-eabi/6.3.1/../../../../arm-none-eabi/lib/thumb/v7-m/libc_nano.a(lib_a-wbuf.o)
                0x0000000008005680                __swbuf_r
 .text._write_r
                0x0000000008005724       0x24 /home/gwarchol/1200/IDE/plugins/fr.ac6.mcu.externaltools.arm-none.linux64_1.15.0.201708311556/tools/compiler/bin/../lib/gcc/arm-none-eabi/6.3.1/../../../../arm-none-eabi/lib/thumb/v7-m/libc_nano.a(lib_a-writer.o)
                0x0000000008005724                _write_r
 .text.__swsetup_r
                0x0000000008005748       0xdc /home/gwarchol/1200/IDE/plugins/fr.ac6.mcu.externaltools.arm-none.linux64_1.15.0.201708311556/tools/compiler/bin/../lib/gcc/arm-none-eabi/6.3.1/../../../../arm-none-eabi/lib/thumb/v7-m/libc_nano.a(lib_a-wsetup.o)
                0x0000000008005748                __swsetup_r
 .text._close_r
                0x0000000008005824       0x20 /home/gwarchol/1200/IDE/plugins/fr.ac6.mcu.externaltools.arm-none.linux64_1.15.0.201708311556/tools/compiler/bin/../lib/gcc/arm-none-eabi/6.3.1/../../../../arm-none-eabi/lib/thumb/v7-m/libc_nano.a(lib_a-closer.o)
                0x0000000008005824                _close_r
 .text.__sflush_r
                0x0000000008005844      0x110 /home/gwarchol/1200/IDE/plugins/fr.ac6.mcu.externaltools.arm-none.linux64_1.15.0.201708311556/tools/compiler/bin/../lib/gcc/arm-none-eabi/6.3.1/../../../../arm-none-eabi/lib/thumb/v7-m/libc_nano.a(lib_a-fflush.o)
                0x0000000008005844                __sflush_r
 .text._fflush_r
                0x0000000008005954       0x54 /home/gwarchol/1200/IDE/plugins/fr.ac6.mcu.externaltools.arm-none.linux64_1.15.0.201708311556/tools/compiler/bin/../lib/gcc/arm-none-eabi/6.3.1/../../../../arm-none-eabi/lib/thumb/v7-m/libc_nano.a(lib_a-fflush.o)
                0x0000000008005954                _fflush_r
 .text._lseek_r
                0x00000000080059a8       0x24 /home/gwarchol/1200/IDE/plugins/fr.ac6.mcu.externaltools.arm-none.linux64_1.15.0.201708311556/tools/compiler/bin/../lib/gcc/arm-none-eabi/6.3.1/../../../../arm-none-eabi/lib/thumb/v7-m/libc_nano.a(lib_a-lseekr.o)
                0x00000000080059a8                _lseek_r
 .text.__swhatbuf_r
                0x00000000080059cc       0x48 /home/gwarchol/1200/IDE/plugins/fr.ac6.mcu.externaltools.arm-none.linux64_1.15.0.201708311556/tools/compiler/bin/../lib/gcc/arm-none-eabi/6.3.1/../../../../arm-none-eabi/lib/thumb/v7-m/libc_nano.a(lib_a-makebuf.o)
                0x00000000080059cc                __swhatbuf_r
 .text.__smakebuf_r
                0x0000000008005a14       0x80 /home/gwarchol/1200/IDE/plugins/fr.ac6.mcu.externaltools.arm-none.linux64_1.15.0.201708311556/tools/compiler/bin/../lib/gcc/arm-none-eabi/6.3.1/../../../../arm-none-eabi/lib/thumb/v7-m/libc_nano.a(lib_a-makebuf.o)
                0x0000000008005a14                __smakebuf_r
 .text.__malloc_lock
                0x0000000008005a94        0x2 /home/gwarchol/1200/IDE/plugins/fr.ac6.mcu.externaltools.arm-none.linux64_1.15.0.201708311556/tools/compiler/bin/../lib/gcc/arm-none-eabi/6.3.1/../../../../arm-none-eabi/lib/thumb/v7-m/libc_nano.a(lib_a-mlock.o)
                0x0000000008005a94                __malloc_lock
 .text.__malloc_unlock
                0x0000000008005a96        0x2 /home/gwarchol/1200/IDE/plugins/fr.ac6.mcu.externaltools.arm-none.linux64_1.15.0.201708311556/tools/compiler/bin/../lib/gcc/arm-none-eabi/6.3.1/../../../../arm-none-eabi/lib/thumb/v7-m/libc_nano.a(lib_a-mlock.o)
                0x0000000008005a96                __malloc_unlock
 .text._free_r  0x0000000008005a98       0x98 /home/gwarchol/1200/IDE/plugins/fr.ac6.mcu.externaltools.arm-none.linux64_1.15.0.201708311556/tools/compiler/bin/../lib/gcc/arm-none-eabi/6.3.1/../../../../arm-none-eabi/lib/thumb/v7-m/libc_nano.a(lib_a-nano-freer.o)
                0x0000000008005a98                _free_r
 .text.__ssputs_r
                0x0000000008005b30       0xb6 /home/gwarchol/1200/IDE/plugins/fr.ac6.mcu.externaltools.arm-none.linux64_1.15.0.201708311556/tools/compiler/bin/../lib/gcc/arm-none-eabi/6.3.1/../../../../arm-none-eabi/lib/thumb/v7-m/libc_nano.a(lib_a-nano-svfprintf.o)
                0x0000000008005b30                __ssputs_r
 *fill*         0x0000000008005be6        0x2 
 .text._svfprintf_r
                0x0000000008005be8      0x1e8 /home/gwarchol/1200/IDE/plugins/fr.ac6.mcu.externaltools.arm-none.linux64_1.15.0.201708311556/tools/compiler/bin/../lib/gcc/arm-none-eabi/6.3.1/../../../../arm-none-eabi/lib/thumb/v7-m/libc_nano.a(lib_a-nano-svfprintf.o)
                0x0000000008005be8                _svfprintf_r
                0x0000000008005be8                _svfiprintf_r
 .text.__sfputc_r
                0x0000000008005dd0       0x2c /home/gwarchol/1200/IDE/plugins/fr.ac6.mcu.externaltools.arm-none.linux64_1.15.0.201708311556/tools/compiler/bin/../lib/gcc/arm-none-eabi/6.3.1/../../../../arm-none-eabi/lib/thumb/v7-m/libc_nano.a(lib_a-nano-vfprintf.o)
 .text.__sfputs_r
                0x0000000008005dfc       0x24 /home/gwarchol/1200/IDE/plugins/fr.ac6.mcu.externaltools.arm-none.linux64_1.15.0.201708311556/tools/compiler/bin/../lib/gcc/arm-none-eabi/6.3.1/../../../../arm-none-eabi/lib/thumb/v7-m/libc_nano.a(lib_a-nano-vfprintf.o)
                0x0000000008005dfc                __sfputs_r
 .text._vfprintf_r
                0x0000000008005e20      0x22c /home/gwarchol/1200/IDE/plugins/fr.ac6.mcu.externaltools.arm-none.linux64_1.15.0.201708311556/tools/compiler/bin/../lib/gcc/arm-none-eabi/6.3.1/../../../../arm-none-eabi/lib/thumb/v7-m/libc_nano.a(lib_a-nano-vfprintf.o)
                0x0000000008005e20                _vfiprintf_r
                0x0000000008005e20                _vfprintf_r
 .text._printf_common
                0x000000000800604c       0xee /home/gwarchol/1200/IDE/plugins/fr.ac6.mcu.externaltools.arm-none.linux64_1.15.0.201708311556/tools/compiler/bin/../lib/gcc/arm-none-eabi/6.3.1/../../../../arm-none-eabi/lib/thumb/v7-m/libc_nano.a(lib_a-nano-vfprintf_i.o)
                0x000000000800604c                _printf_common
 *fill*         0x000000000800613a        0x2 
 .text._printf_i
                0x000000000800613c      0x240 /home/gwarchol/1200/IDE/plugins/fr.ac6.mcu.externaltools.arm-none.linux64_1.15.0.201708311556/tools/compiler/bin/../lib/gcc/arm-none-eabi/6.3.1/../../../../arm-none-eabi/lib/thumb/v7-m/libc_nano.a(lib_a-nano-vfprintf_i.o)
                0x000000000800613c                _printf_i
 .text._read_r  0x000000000800637c       0x24 /home/gwarchol/1200/IDE/plugins/fr.ac6.mcu.externaltools.arm-none.linux64_1.15.0.201708311556/tools/compiler/bin/../lib/gcc/arm-none-eabi/6.3.1/../../../../arm-none-eabi/lib/thumb/v7-m/libc_nano.a(lib_a-readr.o)
                0x000000000800637c                _read_r
 .text._fstat_r
                0x00000000080063a0       0x24 /home/gwarchol/1200/IDE/plugins/fr.ac6.mcu.externaltools.arm-none.linux64_1.15.0.201708311556/tools/compiler/bin/../lib/gcc/arm-none-eabi/6.3.1/../../../../arm-none-eabi/lib/thumb/v7-m/libc_nano.a(lib_a-fstatr.o)
                0x00000000080063a0                _fstat_r
 .text._isatty_r
                0x00000000080063c4       0x20 /home/gwarchol/1200/IDE/plugins/fr.ac6.mcu.externaltools.arm-none.linux64_1.15.0.201708311556/tools/compiler/bin/../lib/gcc/arm-none-eabi/6.3.1/../../../../arm-none-eabi/lib/thumb/v7-m/libc_nano.a(lib_a-isattyr.o)
                0x00000000080063c4                _isatty_r
 .text.memchr   0x00000000080063e4       0x1c /home/gwarchol/1200/IDE/plugins/fr.ac6.mcu.externaltools.arm-none.linux64_1.15.0.201708311556/tools/compiler/bin/../lib/gcc/arm-none-eabi/6.3.1/../../../../arm-none-eabi/lib/thumb/v7-m/libc_nano.a(lib_a-memchr-stub.o)
                0x00000000080063e4                memchr
 .text.memcpy   0x0000000008006400       0x16 /home/gwarchol/1200/IDE/plugins/fr.ac6.mcu.externaltools.arm-none.linux64_1.15.0.201708311556/tools/compiler/bin/../lib/gcc/arm-none-eabi/6.3.1/../../../../arm-none-eabi/lib/thumb/v7-m/libc_nano.a(lib_a-memcpy-stub.o)
                0x0000000008006400                memcpy
 .text.memmove  0x0000000008006416       0x34 /home/gwarchol/1200/IDE/plugins/fr.ac6.mcu.externaltools.arm-none.linux64_1.15.0.201708311556/tools/compiler/bin/../lib/gcc/arm-none-eabi/6.3.1/../../../../arm-none-eabi/lib/thumb/v7-m/libc_nano.a(lib_a-memmove.o)
                0x0000000008006416                memmove
 .text._realloc_r
                0x000000000800644a       0x4c /home/gwarchol/1200/IDE/plugins/fr.ac6.mcu.externaltools.arm-none.linux64_1.15.0.201708311556/tools/compiler/bin/../lib/gcc/arm-none-eabi/6.3.1/../../../../arm-none-eabi/lib/thumb/v7-m/libc_nano.a(lib_a-nano-reallocr.o)
                0x000000000800644a                _realloc_r
 .text._malloc_usable_size_r
                0x0000000008006496       0x12 /home/gwarchol/1200/IDE/plugins/fr.ac6.mcu.externaltools.arm-none.linux64_1.15.0.201708311556/tools/compiler/bin/../lib/gcc/arm-none-eabi/6.3.1/../../../../arm-none-eabi/lib/thumb/v7-m/libc_nano.a(lib_a-nano-msizer.o)
                0x0000000008006496                _malloc_usable_size_r
 *(.glue_7)
 .glue_7        0x00000000080064a8        0x0 linker stubs
 *(.glue_7t)
 .glue_7t       0x00000000080064a8        0x0 linker stubs
 *(.eh_frame)
 .eh_frame      0x00000000080064a8        0x0 /home/gwarchol/1200/IDE/plugins/fr.ac6.mcu.externaltools.arm-none.linux64_1.15.0.201708311556/tools/compiler/bin/../lib/gcc/arm-none-eabi/6.3.1/thumb/v7-m/crtbegin.o
 *(.init)
 .init          0x00000000080064a8        0x4 /home/gwarchol/1200/IDE/plugins/fr.ac6.mcu.externaltools.arm-none.linux64_1.15.0.201708311556/tools/compiler/bin/../lib/gcc/arm-none-eabi/6.3.1/thumb/v7-m/crti.o
                0x00000000080064a8                _init
 .init          0x00000000080064ac        0x8 /home/gwarchol/1200/IDE/plugins/fr.ac6.mcu.externaltools.arm-none.linux64_1.15.0.201708311556/tools/compiler/bin/../lib/gcc/arm-none-eabi/6.3.1/thumb/v7-m/crtn.o
 *(.fini)
 .fini          0x00000000080064b4        0x4 /home/gwarchol/1200/IDE/plugins/fr.ac6.mcu.externaltools.arm-none.linux64_1.15.0.201708311556/tools/compiler/bin/../lib/gcc/arm-none-eabi/6.3.1/thumb/v7-m/crti.o
                0x00000000080064b4                _fini
 .fini          0x00000000080064b8        0x8 /home/gwarchol/1200/IDE/plugins/fr.ac6.mcu.externaltools.arm-none.linux64_1.15.0.201708311556/tools/compiler/bin/../lib/gcc/arm-none-eabi/6.3.1/thumb/v7-m/crtn.o
                0x00000000080064c0                . = ALIGN (0x4)
                0x00000000080064c0                _etext = .

.vfp11_veneer   0x00000000080064c0        0x0
 .vfp11_veneer  0x00000000080064c0        0x0 linker stubs

.v4_bx          0x00000000080064c0        0x0
 .v4_bx         0x00000000080064c0        0x0 linker stubs

.iplt           0x00000000080064c0        0x0
 .iplt          0x00000000080064c0        0x0 /home/gwarchol/1200/IDE/plugins/fr.ac6.mcu.externaltools.arm-none.linux64_1.15.0.201708311556/tools/compiler/bin/../lib/gcc/arm-none-eabi/6.3.1/thumb/v7-m/crtbegin.o

.rodata         0x00000000080064c0      0x7e4
                0x00000000080064c0                . = ALIGN (0x4)
 *(.rodata)
 .rodata        0x00000000080064c0       0x63 lib/ILI9341/core.o
 *fill*         0x0000000008006523        0x1 
 .rodata        0x0000000008006524      0x500 lib/ILI9341/text.o
 *(.rodata*)
 .rodata._global_impure_ptr
                0x0000000008006a24        0x4 /home/gwarchol/1200/IDE/plugins/fr.ac6.mcu.externaltools.arm-none.linux64_1.15.0.201708311556/tools/compiler/bin/../lib/gcc/arm-none-eabi/6.3.1/../../../../arm-none-eabi/lib/thumb/v7-m/libc_nano.a(lib_a-impure.o)
                0x0000000008006a24                _global_impure_ptr
 .rodata.initialise_monitor_handles.str1.1
                0x0000000008006a28        0x4 /home/gwarchol/1200/IDE/plugins/fr.ac6.mcu.externaltools.arm-none.linux64_1.15.0.201708311556/tools/compiler/bin/../lib/gcc/arm-none-eabi/6.3.1/../../../../arm-none-eabi/lib/thumb/v7-m/librdimon_nano.a(rdimon-syscalls.o)
 .rodata.str1.4
                0x0000000008006a2c       0x16 src/DFPPlayer.o
 *fill*         0x0000000008006a42        0x2 
 .rodata.str1.4
                0x0000000008006a44       0x14 src/bmp180.o
 .rodata.str1.4
                0x0000000008006a58        0x6 src/main.o
 *fill*         0x0000000008006a5e        0x2 
 .rodata.str1.4
                0x0000000008006a60       0xe2 src/menu.o
 *fill*         0x0000000008006b42        0x2 
 .rodata.str1.4
                0x0000000008006b44       0x88 src/rtc.o
                                         0x9c (size before relaxing)
 .rodata.str1.4
                0x0000000008006bcc       0x27 src/stoper.o
 *fill*         0x0000000008006bf3        0x1 
 .rodata.str1.4
                0x0000000008006bf4       0x1c src/buttons/buttons.o
                                         0x1b (size before relaxing)
 .rodata.__sf_fake_stderr
                0x0000000008006c10       0x20 /home/gwarchol/1200/IDE/plugins/fr.ac6.mcu.externaltools.arm-none.linux64_1.15.0.201708311556/tools/compiler/bin/../lib/gcc/arm-none-eabi/6.3.1/../../../../arm-none-eabi/lib/thumb/v7-m/libc_nano.a(lib_a-findfp.o)
                0x0000000008006c10                __sf_fake_stderr
 .rodata.__sf_fake_stdin
                0x0000000008006c30       0x20 /home/gwarchol/1200/IDE/plugins/fr.ac6.mcu.externaltools.arm-none.linux64_1.15.0.201708311556/tools/compiler/bin/../lib/gcc/arm-none-eabi/6.3.1/../../../../arm-none-eabi/lib/thumb/v7-m/libc_nano.a(lib_a-findfp.o)
                0x0000000008006c30                __sf_fake_stdin
 .rodata.__sf_fake_stdout
                0x0000000008006c50       0x20 /home/gwarchol/1200/IDE/plugins/fr.ac6.mcu.externaltools.arm-none.linux64_1.15.0.201708311556/tools/compiler/bin/../lib/gcc/arm-none-eabi/6.3.1/../../../../arm-none-eabi/lib/thumb/v7-m/libc_nano.a(lib_a-findfp.o)
                0x0000000008006c50                __sf_fake_stdout
 .rodata._svfprintf_r.str1.1
                0x0000000008006c70       0x11 /home/gwarchol/1200/IDE/plugins/fr.ac6.mcu.externaltools.arm-none.linux64_1.15.0.201708311556/tools/compiler/bin/../lib/gcc/arm-none-eabi/6.3.1/../../../../arm-none-eabi/lib/thumb/v7-m/libc_nano.a(lib_a-nano-svfprintf.o)
 .rodata._vfprintf_r.str1.1
                0x0000000008006c81       0x11 /home/gwarchol/1200/IDE/plugins/fr.ac6.mcu.externaltools.arm-none.linux64_1.15.0.201708311556/tools/compiler/bin/../lib/gcc/arm-none-eabi/6.3.1/../../../../arm-none-eabi/lib/thumb/v7-m/libc_nano.a(lib_a-nano-vfprintf.o)
 .rodata._printf_i.str1.1
                0x0000000008006c81       0x22 /home/gwarchol/1200/IDE/plugins/fr.ac6.mcu.externaltools.arm-none.linux64_1.15.0.201708311556/tools/compiler/bin/../lib/gcc/arm-none-eabi/6.3.1/../../../../arm-none-eabi/lib/thumb/v7-m/libc_nano.a(lib_a-nano-vfprintf_i.o)
                0x0000000008006ca4                . = ALIGN (0x4)
 *fill*         0x0000000008006ca3        0x1 

.rel.dyn        0x0000000008006ca4        0x0
 .rel.iplt      0x0000000008006ca4        0x0 /home/gwarchol/1200/IDE/plugins/fr.ac6.mcu.externaltools.arm-none.linux64_1.15.0.201708311556/tools/compiler/bin/../lib/gcc/arm-none-eabi/6.3.1/thumb/v7-m/crtbegin.o

.ARM.extab      0x0000000008006ca4        0x0
                0x0000000008006ca4                . = ALIGN (0x4)
 *(.ARM.extab* .gnu.linkonce.armextab.*)
                0x0000000008006ca4                . = ALIGN (0x4)

.ARM            0x0000000008006ca4        0x0
                0x0000000008006ca4                . = ALIGN (0x4)
                0x0000000008006ca4                __exidx_start = .
 *(.ARM.exidx*)
                0x0000000008006ca4                __exidx_end = .
                0x0000000008006ca4                . = ALIGN (0x4)

.preinit_array  0x0000000008006ca4        0x0
                0x0000000008006ca4                . = ALIGN (0x4)
                0x0000000008006ca4                PROVIDE (__preinit_array_start, .)
 *(.preinit_array*)
                0x0000000008006ca4                PROVIDE (__preinit_array_end, .)
                0x0000000008006ca4                . = ALIGN (0x4)

.init_array     0x0000000008006ca4        0x4
                0x0000000008006ca4                . = ALIGN (0x4)
                0x0000000008006ca4                PROVIDE (__init_array_start, .)
 *(SORT(.init_array.*))
 *(.init_array*)
 .init_array    0x0000000008006ca4        0x4 /home/gwarchol/1200/IDE/plugins/fr.ac6.mcu.externaltools.arm-none.linux64_1.15.0.201708311556/tools/compiler/bin/../lib/gcc/arm-none-eabi/6.3.1/thumb/v7-m/crtbegin.o
                0x0000000008006ca8                PROVIDE (__init_array_end, .)
                0x0000000008006ca8                . = ALIGN (0x4)

.fini_array     0x0000000008006ca8        0x4
                0x0000000008006ca8                . = ALIGN (0x4)
                [!provide]                        PROVIDE (__fini_array_start, .)
 *(SORT(.fini_array.*))
 *(.fini_array*)
 .fini_array    0x0000000008006ca8        0x4 /home/gwarchol/1200/IDE/plugins/fr.ac6.mcu.externaltools.arm-none.linux64_1.15.0.201708311556/tools/compiler/bin/../lib/gcc/arm-none-eabi/6.3.1/thumb/v7-m/crtbegin.o
                [!provide]                        PROVIDE (__fini_array_end, .)
                0x0000000008006cac                . = ALIGN (0x4)
                0x0000000008006cac                _sidata = LOADADDR (.data)

.data           0x0000000020000000       0xfc load address 0x0000000008006cac
                0x0000000020000000                . = ALIGN (0x4)
                0x0000000020000000                _sdata = .
 *(.data)
 .data          0x0000000020000000       0x14 StdPeriph_Driver/src/stm32f10x_rcc.o
 .data          0x0000000020000014        0x4 lib/ILI9341/core.o
 .data          0x0000000020000018        0x6 lib/ILI9341/text.o
                0x0000000020000018                textSize
                0x0000000020000019                wrap
                0x000000002000001a                textColor
                0x000000002000001c                textBgColor
 *fill*         0x000000002000001e        0x2 
 .data          0x0000000020000020       0x1c src/DFPPlayer.o
                0x0000000020000020                mp3_cmd_buf
                0x000000002000002c                mp3_queue
                0x0000000020000036                mp3_folder
                0x0000000020000037                alarm_is_acive
                0x0000000020000038                play_alarm_id
 .data          0x000000002000003c       0x24 src/menu.o
                0x0000000020000040                days
 .data          0x0000000020000060        0x1 src/rtc.o
 *fill*         0x0000000020000061        0x1 
 .data          0x0000000020000062        0x8 src/scan_timer.o
                0x0000000020000062                CC1
                0x0000000020000064                CC2
                0x0000000020000066                CC3
                0x0000000020000068                CC4
 .data          0x000000002000006a        0x2 src/stoper.o
                0x000000002000006a                t1_Timer_start
                0x000000002000006b                t2_Timer_start
 .data          0x000000002000006c       0x14 src/system_stm32f10x.o
                0x000000002000006c                SystemCoreClock
                0x0000000020000070                AHBPrescTable
 .data          0x0000000020000080        0x8 src/timers.o
                0x0000000020000080                CCR1_Val
                0x0000000020000082                CCR2_Val
                0x0000000020000084                CCR3_Val
                0x0000000020000086                CCR4_Val
 .data          0x0000000020000088        0xa src/touch_screen.o
                0x0000000020000088                touch_screen_state
                0x000000002000008c                touch_screeen_data_out
 *(.data*)
 *fill*         0x0000000020000092        0x2 
 .data._impure_ptr
                0x0000000020000094        0x4 /home/gwarchol/1200/IDE/plugins/fr.ac6.mcu.externaltools.arm-none.linux64_1.15.0.201708311556/tools/compiler/bin/../lib/gcc/arm-none-eabi/6.3.1/../../../../arm-none-eabi/lib/thumb/v7-m/libc_nano.a(lib_a-impure.o)
                0x0000000020000094                _impure_ptr
 .data.impure_data
                0x0000000020000098       0x60 /home/gwarchol/1200/IDE/plugins/fr.ac6.mcu.externaltools.arm-none.linux64_1.15.0.201708311556/tools/compiler/bin/../lib/gcc/arm-none-eabi/6.3.1/../../../../arm-none-eabi/lib/thumb/v7-m/libc_nano.a(lib_a-impure.o)
 .data.__heap_limit
                0x00000000200000f8        0x4 /home/gwarchol/1200/IDE/plugins/fr.ac6.mcu.externaltools.arm-none.linux64_1.15.0.201708311556/tools/compiler/bin/../lib/gcc/arm-none-eabi/6.3.1/../../../../arm-none-eabi/lib/thumb/v7-m/librdimon_nano.a(rdimon-syscalls.o)
                0x00000000200000f8                __heap_limit
                0x00000000200000fc                . = ALIGN (0x4)
                0x00000000200000fc                _edata = .

.jcr            0x00000000200000fc        0x0 load address 0x0000000008006da8
 .jcr           0x00000000200000fc        0x0 /home/gwarchol/1200/IDE/plugins/fr.ac6.mcu.externaltools.arm-none.linux64_1.15.0.201708311556/tools/compiler/bin/../lib/gcc/arm-none-eabi/6.3.1/thumb/v7-m/crtbegin.o

.igot.plt       0x00000000200000fc        0x0 load address 0x0000000008006da8
 .igot.plt      0x00000000200000fc        0x0 /home/gwarchol/1200/IDE/plugins/fr.ac6.mcu.externaltools.arm-none.linux64_1.15.0.201708311556/tools/compiler/bin/../lib/gcc/arm-none-eabi/6.3.1/thumb/v7-m/crtbegin.o
                0x00000000200000fc                . = ALIGN (0x4)

.bss            0x00000000200000fc     0x13ac load address 0x0000000008006da8
                0x00000000200000fc                _sbss = .
                0x00000000200000fc                __bss_start__ = _sbss
 *(.bss)
 .bss           0x00000000200000fc       0x1c /home/gwarchol/1200/IDE/plugins/fr.ac6.mcu.externaltools.arm-none.linux64_1.15.0.201708311556/tools/compiler/bin/../lib/gcc/arm-none-eabi/6.3.1/thumb/v7-m/crtbegin.o
 .bss           0x0000000020000118        0x4 lib/ILI9341/delay.o
                0x0000000020000118                tick
 .bss           0x000000002000011c        0x5 lib/ILI9341/text.o
                0x000000002000011c                cursorY
                0x000000002000011e                cursorX
                0x0000000020000120                _cp437
 *fill*         0x0000000020000121        0x3 
 .bss           0x0000000020000124       0x20 src/DFPPlayer.o
                0x0000000020000124                alarm_is_working
                0x0000000020000128                mp3_RX_Buf
                0x000000002000013c                mp3_track_playing_finished
                0x000000002000013d                mp3_queue_id
                0x000000002000013e                alarm_snooze_is_working
                0x0000000020000140                play_alarm_couner
 .bss           0x0000000020000144        0x9 src/device_config.o
 *fill*         0x000000002000014d        0x3 
 .bss           0x0000000020000150       0x1d src/menu.o
 *fill*         0x000000002000016d        0x3 
 .bss           0x0000000020000170        0xa src/rtc.o
                0x0000000020000174                total_rtc_ticks
                0x0000000020000178                x
 .bss           0x000000002000017a        0x5 src/scan_timer.o
                0x000000002000017a                _1_ms_flag
                0x000000002000017b                _10_ms_flag
                0x000000002000017c                _100_ms_flag
                0x000000002000017d                _1_s_flag
 *fill*         0x000000002000017f        0x1 
 .bss           0x0000000020000180        0x8 src/stoper.o
 .bss           0x0000000020000188        0x5 src/timers.o
                0x0000000020000188                PrescalerValue
                0x000000002000018a                capture
 *fill*         0x000000002000018d        0x3 
 .bss           0x0000000020000190        0x8 src/touch_screen.o
                0x0000000020000190                counting_period_filter_index
                0x0000000020000194                save_index
 *(.bss*)
 .bss.heap_end.6161
                0x0000000020000198        0x4 /home/gwarchol/1200/IDE/plugins/fr.ac6.mcu.externaltools.arm-none.linux64_1.15.0.201708311556/tools/compiler/bin/../lib/gcc/arm-none-eabi/6.3.1/../../../../arm-none-eabi/lib/thumb/v7-m/librdimon_nano.a(rdimon-syscalls.o)
 .bss.monitor_stderr
                0x000000002000019c        0x4 /home/gwarchol/1200/IDE/plugins/fr.ac6.mcu.externaltools.arm-none.linux64_1.15.0.201708311556/tools/compiler/bin/../lib/gcc/arm-none-eabi/6.3.1/../../../../arm-none-eabi/lib/thumb/v7-m/librdimon_nano.a(rdimon-syscalls.o)
 .bss.monitor_stdin
                0x00000000200001a0        0x4 /home/gwarchol/1200/IDE/plugins/fr.ac6.mcu.externaltools.arm-none.linux64_1.15.0.201708311556/tools/compiler/bin/../lib/gcc/arm-none-eabi/6.3.1/../../../../arm-none-eabi/lib/thumb/v7-m/librdimon_nano.a(rdimon-syscalls.o)
 .bss.monitor_stdout
                0x00000000200001a4        0x4 /home/gwarchol/1200/IDE/plugins/fr.ac6.mcu.externaltools.arm-none.linux64_1.15.0.201708311556/tools/compiler/bin/../lib/gcc/arm-none-eabi/6.3.1/../../../../arm-none-eabi/lib/thumb/v7-m/librdimon_nano.a(rdimon-syscalls.o)
 .bss.openfiles
                0x00000000200001a8       0xa0 /home/gwarchol/1200/IDE/plugins/fr.ac6.mcu.externaltools.arm-none.linux64_1.15.0.201708311556/tools/compiler/bin/../lib/gcc/arm-none-eabi/6.3.1/../../../../arm-none-eabi/lib/thumb/v7-m/librdimon_nano.a(rdimon-syscalls.o)
 .bss.__malloc_free_list
                0x0000000020000248        0x4 /home/gwarchol/1200/IDE/plugins/fr.ac6.mcu.externaltools.arm-none.linux64_1.15.0.201708311556/tools/compiler/bin/../lib/gcc/arm-none-eabi/6.3.1/../../../../arm-none-eabi/lib/thumb/v7-m/libc_nano.a(lib_a-nano-mallocr.o)
                0x0000000020000248                __malloc_free_list
 .bss.__malloc_sbrk_start
                0x000000002000024c        0x4 /home/gwarchol/1200/IDE/plugins/fr.ac6.mcu.externaltools.arm-none.linux64_1.15.0.201708311556/tools/compiler/bin/../lib/gcc/arm-none-eabi/6.3.1/../../../../arm-none-eabi/lib/thumb/v7-m/libc_nano.a(lib_a-nano-mallocr.o)
                0x000000002000024c                __malloc_sbrk_start
 *(COMMON)
 COMMON         0x0000000020000250     0x102c lib/ILI9341/dma.o
                0x0000000020000250                dmaStructure
                0x000000002000027c                dmaBuffer