Archive member included to satisfy reference by file (symbol)

/home/gwarchol/Ac6/SystemWorkbench/plugins/fr.ac6.mcu.externaltools.arm-none.linux64_1.15.0.201708311556/tools/compiler/bin/../lib/gcc/arm-none-eabi/6.3.1/../../../../arm-none-eabi/lib/thumb/v7-m/libc_nano.a(lib_a-exit.o)
                              /home/gwarchol/Ac6/SystemWorkbench/plugins/fr.ac6.mcu.externaltools.arm-none.linux64_1.15.0.201708311556/tools/compiler/bin/../lib/gcc/arm-none-eabi/6.3.1/../../../../arm-none-eabi/lib/thumb/v7-m/rdimon-crt0.o (exit)
/home/gwarchol/Ac6/SystemWorkbench/plugins/fr.ac6.mcu.externaltools.arm-none.linux64_1.15.0.201708311556/tools/compiler/bin/../lib/gcc/arm-none-eabi/6.3.1/../../../../arm-none-eabi/lib/thumb/v7-m/libc_nano.a(lib_a-impure.o)
                              /home/gwarchol/Ac6/SystemWorkbench/plugins/fr.ac6.mcu.externaltools.arm-none.linux64_1.15.0.201708311556/tools/compiler/bin/../lib/gcc/arm-none-eabi/6.3.1/../../../../arm-none-eabi/lib/thumb/v7-m/libc_nano.a(lib_a-exit.o) (_global_impure_ptr)
/home/gwarchol/Ac6/SystemWorkbench/plugins/fr.ac6.mcu.externaltools.arm-none.linux64_1.15.0.201708311556/tools/compiler/bin/../lib/gcc/arm-none-eabi/6.3.1/../../../../arm-none-eabi/lib/thumb/v7-m/libc_nano.a(lib_a-init.o)
                              /home/gwarchol/Ac6/SystemWorkbench/plugins/fr.ac6.mcu.externaltools.arm-none.linux64_1.15.0.201708311556/tools/compiler/bin/../lib/gcc/arm-none-eabi/6.3.1/../../../../arm-none-eabi/lib/thumb/v7-m/rdimon-crt0.o (__libc_init_array)
/home/gwarchol/Ac6/SystemWorkbench/plugins/fr.ac6.mcu.externaltools.arm-none.linux64_1.15.0.201708311556/tools/compiler/bin/../lib/gcc/arm-none-eabi/6.3.1/../../../../arm-none-eabi/lib/thumb/v7-m/libc_nano.a(lib_a-memset.o)
                              /home/gwarchol/Ac6/SystemWorkbench/plugins/fr.ac6.mcu.externaltools.arm-none.linux64_1.15.0.201708311556/tools/compiler/bin/../lib/gcc/arm-none-eabi/6.3.1/../../../../arm-none-eabi/lib/thumb/v7-m/rdimon-crt0.o (memset)
/home/gwarchol/Ac6/SystemWorkbench/plugins/fr.ac6.mcu.externaltools.arm-none.linux64_1.15.0.201708311556/tools/compiler/bin/../lib/gcc/arm-none-eabi/6.3.1/../../../../arm-none-eabi/lib/thumb/v7-m/librdimon_nano.a(rdimon-syscalls.o)
                              /home/gwarchol/Ac6/SystemWorkbench/plugins/fr.ac6.mcu.externaltools.arm-none.linux64_1.15.0.201708311556/tools/compiler/bin/../lib/gcc/arm-none-eabi/6.3.1/../../../../arm-none-eabi/lib/thumb/v7-m/rdimon-crt0.o (initialise_monitor_handles)
/home/gwarchol/Ac6/SystemWorkbench/plugins/fr.ac6.mcu.externaltools.arm-none.linux64_1.15.0.201708311556/tools/compiler/bin/../lib/gcc/arm-none-eabi/6.3.1/../../../../arm-none-eabi/lib/thumb/v7-m/librdimon_nano.a(rdimon-_exit.o)
                              /home/gwarchol/Ac6/SystemWorkbench/plugins/fr.ac6.mcu.externaltools.arm-none.linux64_1.15.0.201708311556/tools/compiler/bin/../lib/gcc/arm-none-eabi/6.3.1/../../../../arm-none-eabi/lib/thumb/v7-m/libc_nano.a(lib_a-exit.o) (_exit)
/home/gwarchol/Ac6/SystemWorkbench/plugins/fr.ac6.mcu.externaltools.arm-none.linux64_1.15.0.201708311556/tools/compiler/bin/../lib/gcc/arm-none-eabi/6.3.1/../../../../arm-none-eabi/lib/thumb/v7-m/librdimon_nano.a(rdimon-_kill.o)
                              /home/gwarchol/Ac6/SystemWorkbench/plugins/fr.ac6.mcu.externaltools.arm-none.linux64_1.15.0.201708311556/tools/compiler/bin/../lib/gcc/arm-none-eabi/6.3.1/../../../../arm-none-eabi/lib/thumb/v7-m/librdimon_nano.a(rdimon-_exit.o) (_kill)
/home/gwarchol/Ac6/SystemWorkbench/plugins/fr.ac6.mcu.externaltools.arm-none.linux64_1.15.0.201708311556/tools/compiler/bin/../lib/gcc/arm-none-eabi/6.3.1/../../../../arm-none-eabi/lib/thumb/v7-m/libc_nano.a(lib_a-errno.o)
                              /home/gwarchol/Ac6/SystemWorkbench/plugins/fr.ac6.mcu.externaltools.arm-none.linux64_1.15.0.201708311556/tools/compiler/bin/../lib/gcc/arm-none-eabi/6.3.1/../../../../arm-none-eabi/lib/thumb/v7-m/librdimon_nano.a(rdimon-syscalls.o) (__errno)
/home/gwarchol/Ac6/SystemWorkbench/plugins/fr.ac6.mcu.externaltools.arm-none.linux64_1.15.0.201708311556/tools/compiler/bin/../lib/gcc/arm-none-eabi/6.3.1/../../../../arm-none-eabi/lib/thumb/v7-m/libc_nano.a(lib_a-findfp.o)
                              /home/gwarchol/Ac6/SystemWorkbench/plugins/fr.ac6.mcu.externaltools.arm-none.linux64_1.15.0.201708311556/tools/compiler/bin/../lib/gcc/arm-none-eabi/6.3.1/../../../../arm-none-eabi/lib/thumb/v7-m/librdimon_nano.a(rdimon-syscalls.o) (__sinit)
/home/gwarchol/Ac6/SystemWorkbench/plugins/fr.ac6.mcu.externaltools.arm-none.linux64_1.15.0.201708311556/tools/compiler/bin/../lib/gcc/arm-none-eabi/6.3.1/../../../../arm-none-eabi/lib/thumb/v7-m/libc_nano.a(lib_a-fwalk.o)
                              /home/gwarchol/Ac6/SystemWorkbench/plugins/fr.ac6.mcu.externaltools.arm-none.linux64_1.15.0.201708311556/tools/compiler/bin/../lib/gcc/arm-none-eabi/6.3.1/../../../../arm-none-eabi/lib/thumb/v7-m/libc_nano.a(lib_a-findfp.o) (_fwalk)
[...]
Memory Configuration

Name             Origin             Length             Attributes
RAM              0x0000000020000000 0x0000000000005000 xrw
ROM              0x0000000008000000 0x0000000000020000 xr
*default*        0x0000000000000000 0xffffffffffffffff

Linker script and memory map

LOAD /home/gwarchol/Ac6/SystemWorkbench/plugins/fr.ac6.mcu.externaltools.arm-none.linux64_1.15.0.201708311556/tools/compiler/bin/../lib/gcc/arm-none-eabi/6.3.1/thumb/v7-m/crti.o
LOAD /home/gwarchol/Ac6/SystemWorkbench/plugins/fr.ac6.mcu.externaltools.arm-none.linux64_1.15.0.201708311556/tools/compiler/bin/../lib/gcc/arm-none-eabi/6.3.1/thumb/v7-m/crtbegin.o
LOAD /home/gwarchol/Ac6/SystemWorkbench/plugins/fr.ac6.mcu.externaltools.arm-none.linux64_1.15.0.201708311556/tools/compiler/bin/../lib/gcc/arm-none-eabi/6.3.1/../../../../arm-none-eabi/lib/thumb/v7-m/rdimon-crt0.o
LOAD /home/gwarchol/Ac6/SystemWorkbench/plugins/fr.ac6.mcu.externaltools.arm-none.linux64_1.15.0.201708311556/tools/compiler/bin/../lib/gcc/arm-none-eabi/6.3.1/../../../../arm-none-eabi/lib/thumb/v7-m/libc_nano.a
LOAD /home/gwarchol/Ac6/SystemWorkbench/plugins/fr.ac6.mcu.externaltools.arm-none.linux64_1.15.0.201708311556/tools/compiler/bin/../lib/gcc/arm-none-eabi/6.3.1/../../../../arm-none-eabi/lib/thumb/v7-m/librdimon_nano.a
LOAD CMSIS/core/core_cm3.o
LOAD StdPeriph_Driver/src/misc.o
LOAD StdPeriph_Driver/src/stm32f10x_adc.o
LOAD StdPeriph_Driver/src/stm32f10x_bkp.o
LOAD StdPeriph_Driver/src/stm32f10x_can.o
LOAD StdPeriph_Driver/src/stm32f10x_cec.o
LOAD StdPeriph_Driver/src/stm32f10x_crc.o
LOAD StdPeriph_Driver/src/stm32f10x_dac.o
LOAD StdPeriph_Driver/src/stm32f10x_dbgmcu.o
LOAD StdPeriph_Driver/src/stm32f10x_dma.o
LOAD StdPeriph_Driver/src/stm32f10x_exti.o
LOAD StdPeriph_Driver/src/stm32f10x_flash.o
LOAD StdPeriph_Driver/src/stm32f10x_fsmc.o
LOAD StdPeriph_Driver/src/stm32f10x_gpio.o
LOAD StdPeriph_Driver/src/stm32f10x_i2c.o
LOAD StdPeriph_Driver/src/stm32f10x_iwdg.o
LOAD StdPeriph_Driver/src/stm32f10x_pwr.o
LOAD StdPeriph_Driver/src/stm32f10x_rcc.o
LOAD StdPeriph_Driver/src/stm32f10x_rtc.o
LOAD StdPeriph_Driver/src/stm32f10x_sdio.o
LOAD StdPeriph_Driver/src/stm32f10x_spi.o
LOAD StdPeriph_Driver/src/stm32f10x_tim.o
LOAD StdPeriph_Driver/src/stm32f10x_usart.o
LOAD StdPeriph_Driver/src/stm32f10x_wwdg.o
LOAD lib/ILI9341/core.o
LOAD lib/ILI9341/delay.o
LOAD lib/ILI9341/dma.o
LOAD lib/ILI9341/graph.o
LOAD lib/ILI9341/text.o
LOAD lib/tinystd/itoa.o
LOAD src/buffors.o
LOAD src/device_config.o
LOAD src/main.o
LOAD src/rtc.o
LOAD src/scan_timer.o
LOAD src/system_stm32f10x.o
LOAD src/timers.o
LOAD src/touch_screen.o
LOAD src/uart_interrupt.o
LOAD src/usart_dma.o
LOAD startup/startup_stm32.o
LOAD /home/gwarchol/Ac6/SystemWorkbench/plugins/fr.ac6.mcu.externaltools.arm-none.linux64_1.15.0.201708311556/tools/compiler/bin/../lib/gcc/arm-none-eabi/6.3.1/../../../../arm-none-eabi/lib/thumb/v7-m/libm.a
START GROUP
LOAD /home/gwarchol/Ac6/SystemWorkbench/plugins/fr.ac6.mcu.externaltools.arm-none.linux64_1.15.0.201708311556/tools/compiler/bin/../lib/gcc/arm-none-eabi/6.3.1/thumb/v7-m/libgcc.a
LOAD /home/gwarchol/Ac6/SystemWorkbench/plugins/fr.ac6.mcu.externaltools.arm-none.linux64_1.15.0.201708311556/tools/compiler/bin/../lib/gcc/arm-none-eabi/6.3.1/../../../../arm-none-eabi/lib/thumb/v7-m/libc_nano.a
END GROUP
START GROUP
LOAD /home/gwarchol/Ac6/SystemWorkbench/plugins/fr.ac6.mcu.externaltools.arm-none.linux64_1.15.0.201708311556/tools/compiler/bin/../lib/gcc/arm-none-eabi/6.3.1/thumb/v7-m/libgcc.a
LOAD /home/gwarchol/Ac6/SystemWorkbench/plugins/fr.ac6.mcu.externaltools.arm-none.linux64_1.15.0.201708311556/tools/compiler/bin/../lib/gcc/arm-none-eabi/6.3.1/../../../../arm-none-eabi/lib/thumb/v7-m/libc_nano.a
LOAD /home/gwarchol/Ac6/SystemWorkbench/plugins/fr.ac6.mcu.externaltools.arm-none.linux64_1.15.0.201708311556/tools/compiler/bin/../lib/gcc/arm-none-eabi/6.3.1/../../../../arm-none-eabi/lib/thumb/v7-m/libnosys.a
END GROUP
START GROUP
LOAD /home/gwarchol/Ac6/SystemWorkbench/plugins/fr.ac6.mcu.externaltools.arm-none.linux64_1.15.0.201708311556/tools/compiler/bin/../lib/gcc/arm-none-eabi/6.3.1/thumb/v7-m/libgcc.a
LOAD /home/gwarchol/Ac6/SystemWorkbench/plugins/fr.ac6.mcu.externaltools.arm-none.linux64_1.15.0.201708311556/tools/compiler/bin/../lib/gcc/arm-none-eabi/6.3.1/../../../../arm-none-eabi/lib/thumb/v7-m/libc_nano.a
LOAD /home/gwarchol/Ac6/SystemWorkbench/plugins/fr.ac6.mcu.externaltools.arm-none.linux64_1.15.0.201708311556/tools/compiler/bin/../lib/gcc/arm-none-eabi/6.3.1/../../../../arm-none-eabi/lib/thumb/v7-m/librdimon_nano.a
LOAD /home/gwarchol/Ac6/SystemWorkbench/plugins/fr.ac6.mcu.externaltools.arm-none.linux64_1.15.0.201708311556/tools/compiler/bin/../lib/gcc/arm-none-eabi/6.3.1/../../../../arm-none-eabi/lib/thumb/v7-m/libnosys.a
END GROUP
START GROUP
LOAD /home/gwarchol/Ac6/SystemWorkbench/plugins/fr.ac6.mcu.externaltools.arm-none.linux64_1.15.0.201708311556/tools/compiler/bin/../lib/gcc/arm-none-eabi/6.3.1/thumb/v7-m/libgcc.a
LOAD /home/gwarchol/Ac6/SystemWorkbench/plugins/fr.ac6.mcu.externaltools.arm-none.linux64_1.15.0.201708311556/tools/compiler/bin/../lib/gcc/arm-none-eabi/6.3.1/../../../../arm-none-eabi/lib/thumb/v7-m/libc_nano.a
LOAD /home/gwarchol/Ac6/SystemWorkbench/plugins/fr.ac6.mcu.externaltools.arm-none.linux64_1.15.0.201708311556/tools/compiler/bin/../lib/gcc/arm-none-eabi/6.3.1/../../../../arm-none-eabi/lib/thumb/v7-m/librdimon_nano.a
END GROUP
LOAD /home/gwarchol/Ac6/SystemWorkbench/plugins/fr.ac6.mcu.externaltools.arm-none.linux64_1.15.0.201708311556/tools/compiler/bin/../lib/gcc/arm-none-eabi/6.3.1/thumb/v7-m/crtend.o
LOAD /home/gwarchol/Ac6/SystemWorkbench/plugins/fr.ac6.mcu.externaltools.arm-none.linux64_1.15.0.201708311556/tools/compiler/bin/../lib/gcc/arm-none-eabi/6.3.1/thumb/v7-m/crtn.o
                0x0000000020005000                _estack = 0x20005000
                0x0000000000000000                _Min_Heap_Size = 0x0
                0x0000000000000400                _Min_Stack_Size = 0x400

.isr_vector     0x0000000008000000      0x130
                0x0000000008000000                . = ALIGN (0x4)
 *(.isr_vector)
 .isr_vector    0x0000000008000000      0x130 startup/startup_stm32.o
                0x0000000008000000                g_pfnVectors
                0x0000000008000130                . = ALIGN (0x4)

.text           0x0000000008000130     0x3a28
                0x0000000008000130                . = ALIGN (0x4)
 *(.text)
 .text          0x0000000008000130       0x6c /home/gwarchol/Ac6/SystemWorkbench/plugins/fr.ac6.mcu.externaltools.arm-none.linux64_1.15.0.201708311556/tools/compiler/bin/../lib/gcc/arm-none-eabi/6.3.1/thumb/v7-m/crtbegin.o
 *(.text*)
 .text.__libc_init_array
                0x000000000800019c       0x48 /home/gwarchol/Ac6/SystemWorkbench/plugins/fr.ac6.mcu.externaltools.arm-none.linux64_1.15.0.201708311556/tools/compiler/bin/../lib/gcc/arm-none-eabi/6.3.1/../../../../arm-none-eabi/lib/thumb/v7-m/libc_nano.a(lib_a-init.o)
                0x000000000800019c                __libc_init_array
 .text.memset   0x00000000080001e4       0x10 /home/gwarchol/Ac6/SystemWorkbench/plugins/fr.ac6.mcu.externaltools.arm-none.linux64_1.15.0.201708311556/tools/compiler/bin/../lib/gcc/arm-none-eabi/6.3.1/../../../../arm-none-eabi/lib/thumb/v7-m/libc_nano.a(lib_a-memset.o)
                0x00000000080001e4                memset
 .text.findslot
                0x00000000080001f4       0x34 /home/gwarchol/Ac6/SystemWorkbench/plugins/fr.ac6.mcu.externaltools.arm-none.linux64_1.15.0.201708311556/tools/compiler/bin/../lib/gcc/arm-none-eabi/6.3.1/../../../../arm-none-eabi/lib/thumb/v7-m/librdimon_nano.a(rdimon-syscalls.o)
 .text.checkerror
                0x0000000008000228       0x20 /home/gwarchol/Ac6/SystemWorkbench/plugins/fr.ac6.mcu.externaltools.arm-none.linux64_1.15.0.201708311556/tools/compiler/bin/../lib/gcc/arm-none-eabi/6.3.1/../../../../arm-none-eabi/lib/thumb/v7-m/librdimon_nano.a(rdimon-syscalls.o)
 .text.error    0x0000000008000248       0x1c /home/gwarchol/Ac6/SystemWorkbench/plugins/fr.ac6.mcu.externaltools.arm-none.linux64_1.15.0.201708311556/tools/compiler/bin/../lib/gcc/arm-none-eabi/6.3.1/../../../../arm-none-eabi/lib/thumb/v7-m/librdimon_nano.a(rdimon-syscalls.o)
 .text.initialise_monitor_handles
                0x0000000008000264       0xa4 /home/gwarchol/Ac6/SystemWorkbench/plugins/fr.ac6.mcu.externaltools.arm-none.linux64_1.15.0.201708311556/tools/compiler/bin/../lib/gcc/arm-none-eabi/6.3.1/../../../../arm-none-eabi/lib/thumb/v7-m/librdimon_nano.a(rdimon-syscalls.o)
                0x0000000008000264                initialise_monitor_handles
 .text._swiread
                0x0000000008000308       0x20 /home/gwarchol/Ac6/SystemWorkbench/plugins/fr.ac6.mcu.externaltools.arm-none.linux64_1.15.0.201708311556/tools/compiler/bin/../lib/gcc/arm-none-eabi/6.3.1/../../../../arm-none-eabi/lib/thumb/v7-m/librdimon_nano.a(rdimon-syscalls.o)
                0x0000000008000308                _swiread
 .text._read    0x0000000008000328       0x34 /home/gwarchol/Ac6/SystemWorkbench/plugins/fr.ac6.mcu.externaltools.arm-none.linux64_1.15.0.201708311556/tools/compiler/bin/../lib/gcc/arm-none-eabi/6.3.1/../../../../arm-none-eabi/lib/thumb/v7-m/librdimon_nano.a(rdimon-syscalls.o)
                0x0000000008000328                _read
 .text._swilseek
                0x000000000800035c       0x7a /home/gwarchol/Ac6/SystemWorkbench/plugins/fr.ac6.mcu.externaltools.arm-none.linux64_1.15.0.201708311556/tools/compiler/bin/../lib/gcc/arm-none-eabi/6.3.1/../../../../arm-none-eabi/lib/thumb/v7-m/librdimon_nano.a(rdimon-syscalls.o)
                0x000000000800035c                _swilseek
 .text._lseek   0x00000000080003d6        0x4 /home/gwarchol/Ac6/SystemWorkbench/plugins/fr.ac6.mcu.externaltools.arm-none.linux64_1.15.0.201708311556/tools/compiler/bin/../lib/gcc/arm-none-eabi/6.3.1/../../../../arm-none-eabi/lib/thumb/v7-m/librdimon_nano.a(rdimon-syscalls.o)
                0x00000000080003d6                _lseek
 .text._swiwrite
                0x00000000080003da       0x20 /home/gwarchol/Ac6/SystemWorkbench/plugins/fr.ac6.mcu.externaltools.arm-none.linux64_1.15.0.201708311556/tools/compiler/bin/../lib/gcc/arm-none-eabi/6.3.1/../../../../arm-none-eabi/lib/thumb/v7-m/librdimon_nano.a(rdimon-syscalls.o)
                0x00000000080003da                _swiwrite
 .text._write   0x00000000080003fa       0x40 /home/gwarchol/Ac6/SystemWorkbench/plugins/fr.ac6.mcu.externaltools.arm-none.linux64_1.15.0.201708311556/tools/compiler/bin/../lib/gcc/arm-none-eabi/6.3.1/../../../../arm-none-eabi/lib/thumb/v7-m/librdimon_nano.a(rdimon-syscalls.o)
                0x00000000080003fa                _write
 .text._swiclose
                0x000000000800043a       0x1c /home/gwarchol/Ac6/SystemWorkbench/plugins/fr.ac6.mcu.externaltools.arm-none.linux64_1.15.0.201708311556/tools/compiler/bin/../lib/gcc/arm-none-eabi/6.3.1/../../../../arm-none-eabi/lib/thumb/v7-m/librdimon_nano.a(rdimon-syscalls.o)
                0x000000000800043a                _swiclose
 *fill*         0x0000000008000456        0x2 
 .text._close   0x0000000008000458       0x48 /home/gwarchol/Ac6/SystemWorkbench/plugins/fr.ac6.mcu.externaltools.arm-none.linux64_1.15.0.201708311556/tools/compiler/bin/../lib/gcc/arm-none-eabi/6.3.1/../../../../arm-none-eabi/lib/thumb/v7-m/librdimon_nano.a(rdimon-syscalls.o)
                0x0000000008000458                _close
 .text._sbrk    0x00000000080004a0       0x48 /home/gwarchol/Ac6/SystemWorkbench/plugins/fr.ac6.mcu.externaltools.arm-none.linux64_1.15.0.201708311556/tools/compiler/bin/../lib/gcc/arm-none-eabi/6.3.1/../../../../arm-none-eabi/lib/thumb/v7-m/librdimon_nano.a(rdimon-syscalls.o)
                0x00000000080004a0                _sbrk
 .text._swistat
                0x00000000080004e8       0x42 /home/gwarchol/Ac6/SystemWorkbench/plugins/fr.ac6.mcu.externaltools.arm-none.linux64_1.15.0.201708311556/tools/compiler/bin/../lib/gcc/arm-none-eabi/6.3.1/../../../../arm-none-eabi/lib/thumb/v7-m/librdimon_nano.a(rdimon-syscalls.o)
                0x00000000080004e8                _swistat
 .text._fstat   0x000000000800052a       0x1c /home/gwarchol/Ac6/SystemWorkbench/plugins/fr.ac6.mcu.externaltools.arm-none.linux64_1.15.0.201708311556/tools/compiler/bin/../lib/gcc/arm-none-eabi/6.3.1/../../../../arm-none-eabi/lib/thumb/v7-m/librdimon_nano.a(rdimon-syscalls.o)
                0x000000000800052a                _fstat
 .text._isatty  0x0000000008000546       0x38 /home/gwarchol/Ac6/SystemWorkbench/plugins/fr.ac6.mcu.externaltools.arm-none.linux64_1.15.0.201708311556/tools/compiler/bin/../lib/gcc/arm-none-eabi/6.3.1/../../../../arm-none-eabi/lib/thumb/v7-m/librdimon_nano.a(rdimon-syscalls.o)
                0x0000000008000546                _isatty
 *fill*         0x000000000800057e        0x2 
 .text.NVIC_PriorityGroupConfig
                0x0000000008000580       0x14 StdPeriph_Driver/src/misc.o
                0x0000000008000580                NVIC_PriorityGroupConfig
 .text.NVIC_Init
                0x0000000008000594       0x68 StdPeriph_Driver/src/misc.o
                0x0000000008000594                NVIC_Init
 .text.BKP_DeInit
                0x00000000080005fc       0x10 StdPeriph_Driver/src/stm32f10x_bkp.o
                0x00000000080005fc                BKP_DeInit
 .text.BKP_WriteBackupRegister
                0x000000000800060c       0x1c StdPeriph_Driver/src/stm32f10x_bkp.o
                0x000000000800060c                BKP_WriteBackupRegister
 .text.BKP_ReadBackupRegister
                0x0000000008000628       0x20 StdPeriph_Driver/src/stm32f10x_bkp.o
                0x0000000008000628                BKP_ReadBackupRegister
 .text.DMA_Init
                0x0000000008000648       0x3e StdPeriph_Driver/src/stm32f10x_dma.o
                0x0000000008000648                DMA_Init
 .text.DMA_StructInit
                0x0000000008000686       0x1a StdPeriph_Driver/src/stm32f10x_dma.o
                0x0000000008000686                DMA_StructInit
 .text.DMA_Cmd  0x00000000080006a0       0x1a StdPeriph_Driver/src/stm32f10x_dma.o
                0x00000000080006a0                DMA_Cmd
 .text.DMA_ITConfig
                0x00000000080006ba       0x14 StdPeriph_Driver/src/stm32f10x_dma.o
                0x00000000080006ba                DMA_ITConfig
 *fill*         0x00000000080006ce        0x2 
 .text.DMA_GetITStatus
                0x00000000080006d0       0x24 StdPeriph_Driver/src/stm32f10x_dma.o
                0x00000000080006d0                DMA_GetITStatus
 .text.DMA_ClearITPendingBit
                0x00000000080006f4       0x1c StdPeriph_Driver/src/stm32f10x_dma.o
                0x00000000080006f4                DMA_ClearITPendingBit
 .text.FLASH_SetLatency
                0x0000000008000710       0x14 StdPeriph_Driver/src/stm32f10x_flash.o
                0x0000000008000710                FLASH_SetLatency
 .text.FLASH_PrefetchBufferCmd
                0x0000000008000724       0x18 StdPeriph_Driver/src/stm32f10x_flash.o
                0x0000000008000724                FLASH_PrefetchBufferCmd
 .text.GPIO_Init
                0x000000000800073c       0x9e StdPeriph_Driver/src/stm32f10x_gpio.o
                0x000000000800073c                GPIO_Init
 .text.GPIO_SetBits
                0x00000000080007da        0x4 StdPeriph_Driver/src/stm32f10x_gpio.o
                0x00000000080007da                GPIO_SetBits
 .text.GPIO_ResetBits
                0x00000000080007de        0x4 StdPeriph_Driver/src/stm32f10x_gpio.o
                0x00000000080007de                GPIO_ResetBits
 .text.GPIO_WriteBit
                0x00000000080007e2        0xa StdPeriph_Driver/src/stm32f10x_gpio.o
                0x00000000080007e2                GPIO_WriteBit
 .text.PWR_BackupAccessCmd
                0x00000000080007ec        0xc StdPeriph_Driver/src/stm32f10x_pwr.o
                0x00000000080007ec                PWR_BackupAccessCmd
 .text.PWR_PVDCmd
                0x00000000080007f8        0xc StdPeriph_Driver/src/stm32f10x_pwr.o
                0x00000000080007f8                PWR_PVDCmd
 .text.PWR_PVDLevelConfig
                0x0000000008000804       0x14 StdPeriph_Driver/src/stm32f10x_pwr.o
                0x0000000008000804                PWR_PVDLevelConfig
 .text.RCC_DeInit
                0x0000000008000818       0x40 StdPeriph_Driver/src/stm32f10x_rcc.o
                0x0000000008000818                RCC_DeInit
 .text.RCC_HSEConfig
                0x0000000008000858       0x3c StdPeriph_Driver/src/stm32f10x_rcc.o
                0x0000000008000858                RCC_HSEConfig
 .text.RCC_PLLConfig
                0x0000000008000894       0x14 StdPeriph_Driver/src/stm32f10x_rcc.o
                0x0000000008000894                RCC_PLLConfig
 .text.RCC_PLLCmd
                0x00000000080008a8        0xc StdPeriph_Driver/src/stm32f10x_rcc.o
                0x00000000080008a8                RCC_PLLCmd
 .text.RCC_SYSCLKConfig
                0x00000000080008b4       0x14 StdPeriph_Driver/src/stm32f10x_rcc.o
                0x00000000080008b4                RCC_SYSCLKConfig
 .text.RCC_GetSYSCLKSource
                0x00000000080008c8       0x10 StdPeriph_Driver/src/stm32f10x_rcc.o
                0x00000000080008c8                RCC_GetSYSCLKSource
 .text.RCC_HCLKConfig
                0x00000000080008d8       0x14 StdPeriph_Driver/src/stm32f10x_rcc.o
                0x00000000080008d8                RCC_HCLKConfig
 .text.RCC_PCLK1Config
                0x00000000080008ec       0x14 StdPeriph_Driver/src/stm32f10x_rcc.o
                0x00000000080008ec                RCC_PCLK1Config
 .text.RCC_PCLK2Config
                0x0000000008000900       0x14 StdPeriph_Driver/src/stm32f10x_rcc.o
                0x0000000008000900                RCC_PCLK2Config
 .text.RCC_LSEConfig
                0x0000000008000914       0x28 StdPeriph_Driver/src/stm32f10x_rcc.o
                0x0000000008000914                RCC_LSEConfig
 .text.RCC_RTCCLKConfig
                0x000000000800093c       0x10 StdPeriph_Driver/src/stm32f10x_rcc.o
                0x000000000800093c                RCC_RTCCLKConfig
 .text.RCC_RTCCLKCmd
                0x000000000800094c        0xc StdPeriph_Driver/src/stm32f10x_rcc.o
                0x000000000800094c                RCC_RTCCLKCmd
 .text.RCC_AHBPeriphClockCmd
                0x0000000008000958       0x1c StdPeriph_Driver/src/stm32f10x_rcc.o
                0x0000000008000958                RCC_AHBPeriphClockCmd
 .text.RCC_APB2PeriphClockCmd
                0x0000000008000974       0x1c StdPeriph_Driver/src/stm32f10x_rcc.o
                0x0000000008000974                RCC_APB2PeriphClockCmd
 .text.RCC_APB1PeriphClockCmd
                0x0000000008000990       0x1c StdPeriph_Driver/src/stm32f10x_rcc.o
                0x0000000008000990                RCC_APB1PeriphClockCmd
 .text.RCC_BackupResetCmd
                0x00000000080009ac        0xc StdPeriph_Driver/src/stm32f10x_rcc.o
                0x00000000080009ac                RCC_BackupResetCmd
 .text.RCC_GetFlagStatus
                0x00000000080009b8       0x34 StdPeriph_Driver/src/stm32f10x_rcc.o
                0x00000000080009b8                RCC_GetFlagStatus
 .text.RCC_WaitForHSEStartUp
                0x00000000080009ec       0x34 StdPeriph_Driver/src/stm32f10x_rcc.o
                0x00000000080009ec                RCC_WaitForHSEStartUp
 .text.RCC_ClearFlag
                0x0000000008000a20       0x10 StdPeriph_Driver/src/stm32f10x_rcc.o
                0x0000000008000a20                RCC_ClearFlag
 .text.RTC_ITConfig
                0x0000000008000a30       0x20 StdPeriph_Driver/src/stm32f10x_rtc.o
                0x0000000008000a30                RTC_ITConfig
 .text.RTC_EnterConfigMode
                0x0000000008000a50       0x14 StdPeriph_Driver/src/stm32f10x_rtc.o
                0x0000000008000a50                RTC_EnterConfigMode
 .text.RTC_ExitConfigMode
                0x0000000008000a64       0x14 StdPeriph_Driver/src/stm32f10x_rtc.o
                0x0000000008000a64                RTC_ExitConfigMode
 .text.RTC_GetCounter
                0x0000000008000a78       0x14 StdPeriph_Driver/src/stm32f10x_rtc.o
                0x0000000008000a78                RTC_GetCounter
 .text.RTC_SetCounter
                0x0000000008000a8c       0x1c StdPeriph_Driver/src/stm32f10x_rtc.o
                0x0000000008000a8c                RTC_SetCounter
 .text.RTC_SetPrescaler
                0x0000000008000aa8       0x20 StdPeriph_Driver/src/stm32f10x_rtc.o
                0x0000000008000aa8                RTC_SetPrescaler
 .text.RTC_SetAlarm
                0x0000000008000ac8       0x1c StdPeriph_Driver/src/stm32f10x_rtc.o
                0x0000000008000ac8                RTC_SetAlarm
 .text.RTC_WaitForLastTask
                0x0000000008000ae4       0x10 StdPeriph_Driver/src/stm32f10x_rtc.o
                0x0000000008000ae4                RTC_WaitForLastTask
 .text.RTC_WaitForSynchro
                0x0000000008000af4       0x20 StdPeriph_Driver/src/stm32f10x_rtc.o
                0x0000000008000af4                RTC_WaitForSynchro
 .text.RTC_GetITStatus
                0x0000000008000b14       0x20 StdPeriph_Driver/src/stm32f10x_rtc.o
                0x0000000008000b14                RTC_GetITStatus
 .text.RTC_ClearITPendingBit
                0x0000000008000b34       0x14 StdPeriph_Driver/src/stm32f10x_rtc.o
                0x0000000008000b34                RTC_ClearITPendingBit
 .text.SPI_Init
                0x0000000008000b48       0x4c StdPeriph_Driver/src/stm32f10x_spi.o
                0x0000000008000b48                SPI_Init
 .text.SPI_StructInit
                0x0000000008000b94       0x18 StdPeriph_Driver/src/stm32f10x_spi.o
                0x0000000008000b94                SPI_StructInit
 .text.SPI_Cmd  0x0000000008000bac       0x1c StdPeriph_Driver/src/stm32f10x_spi.o
                0x0000000008000bac                SPI_Cmd
 .text.SPI_I2S_ITConfig
                0x0000000008000bc8       0x20 StdPeriph_Driver/src/stm32f10x_spi.o
                0x0000000008000bc8                SPI_I2S_ITConfig
 .text.SPI_I2S_DMACmd
                0x0000000008000be8       0x18 StdPeriph_Driver/src/stm32f10x_spi.o
                0x0000000008000be8                SPI_I2S_DMACmd
 .text.SPI_I2S_ReceiveData
                0x0000000008000c00        0x6 StdPeriph_Driver/src/stm32f10x_spi.o
                0x0000000008000c00                SPI_I2S_ReceiveData
 .text.SPI_I2S_GetFlagStatus
                0x0000000008000c06        0xe StdPeriph_Driver/src/stm32f10x_spi.o
                0x0000000008000c06                SPI_I2S_GetFlagStatus
 .text.SPI_I2S_GetITStatus
                0x0000000008000c14       0x2e StdPeriph_Driver/src/stm32f10x_spi.o
                0x0000000008000c14                SPI_I2S_GetITStatus
 .text.SPI_I2S_ClearITPendingBit
                0x0000000008000c42       0x12 StdPeriph_Driver/src/stm32f10x_spi.o
                0x0000000008000c42                SPI_I2S_ClearITPendingBit
 .text.TIM_TimeBaseInit
                0x0000000008000c54       0x94 StdPeriph_Driver/src/stm32f10x_tim.o
                0x0000000008000c54                TIM_TimeBaseInit
 .text.TIM_OC1Init
                0x0000000008000ce8       0x84 StdPeriph_Driver/src/stm32f10x_tim.o
                0x0000000008000ce8                TIM_OC1Init
 .text.TIM_OC2Init
                0x0000000008000d6c       0x88 StdPeriph_Driver/src/stm32f10x_tim.o
                0x0000000008000d6c                TIM_OC2Init
 .text.TIM_OC3Init
                0x0000000008000df4       0x84 StdPeriph_Driver/src/stm32f10x_tim.o
                0x0000000008000df4                TIM_OC3Init
 .text.TIM_OC4Init
                0x0000000008000e78       0x6c StdPeriph_Driver/src/stm32f10x_tim.o
                0x0000000008000e78                TIM_OC4Init
 .text.TIM_Cmd  0x0000000008000ee4       0x1c StdPeriph_Driver/src/stm32f10x_tim.o
                0x0000000008000ee4                TIM_Cmd
 .text.TIM_ITConfig
                0x0000000008000f00       0x18 StdPeriph_Driver/src/stm32f10x_tim.o
                0x0000000008000f00                TIM_ITConfig
 .text.TIM_OC1PreloadConfig
                0x0000000008000f18        0xe StdPeriph_Driver/src/stm32f10x_tim.o
                0x0000000008000f18                TIM_OC1PreloadConfig
 .text.TIM_OC2PreloadConfig
                0x0000000008000f26       0x12 StdPeriph_Driver/src/stm32f10x_tim.o
                0x0000000008000f26                TIM_OC2PreloadConfig
 .text.TIM_OC3PreloadConfig
                0x0000000008000f38        0xe StdPeriph_Driver/src/stm32f10x_tim.o
                0x0000000008000f38                TIM_OC3PreloadConfig
 .text.TIM_OC4PreloadConfig
                0x0000000008000f46       0x12 StdPeriph_Driver/src/stm32f10x_tim.o
                0x0000000008000f46                TIM_OC4PreloadConfig
 .text.TIM_SetCompare1
                0x0000000008000f58        0x4 StdPeriph_Driver/src/stm32f10x_tim.o
                0x0000000008000f58                TIM_SetCompare1
 .text.TIM_SetCompare2
                0x0000000008000f5c        0x4 StdPeriph_Driver/src/stm32f10x_tim.o
                0x0000000008000f5c                TIM_SetCompare2
 .text.TIM_SetCompare3
                0x0000000008000f60        0x4 StdPeriph_Driver/src/stm32f10x_tim.o
                0x0000000008000f60                TIM_SetCompare3
 .text.TIM_SetCompare4
                0x0000000008000f64        0x6 StdPeriph_Driver/src/stm32f10x_tim.o
                0x0000000008000f64                TIM_SetCompare4
 .text.TIM_GetCapture1
                0x0000000008000f6a        0x6 StdPeriph_Driver/src/stm32f10x_tim.o
                0x0000000008000f6a                TIM_GetCapture1
 .text.TIM_GetCapture2
                0x0000000008000f70        0x6 StdPeriph_Driver/src/stm32f10x_tim.o
                0x0000000008000f70                TIM_GetCapture2
 .text.TIM_GetCapture3
                0x0000000008000f76        0x6 StdPeriph_Driver/src/stm32f10x_tim.o
                0x0000000008000f76                TIM_GetCapture3
 .text.TIM_GetCapture4
                0x0000000008000f7c        0x8 StdPeriph_Driver/src/stm32f10x_tim.o
                0x0000000008000f7c                TIM_GetCapture4
 .text.TIM_GetITStatus
                0x0000000008000f84       0x18 StdPeriph_Driver/src/stm32f10x_tim.o
                0x0000000008000f84                TIM_GetITStatus
 .text.TIM_ClearITPendingBit
                0x0000000008000f9c        0x8 StdPeriph_Driver/src/stm32f10x_tim.o
                0x0000000008000f9c                TIM_ClearITPendingBit
 .text.USART_ITConfig
                0x0000000008000fa4       0x38 StdPeriph_Driver/src/stm32f10x_usart.o
                0x0000000008000fa4                USART_ITConfig
 .text.USART_SendData
                0x0000000008000fdc        0x8 StdPeriph_Driver/src/stm32f10x_usart.o
                0x0000000008000fdc                USART_SendData
 .text.USART_ReceiveData
                0x0000000008000fe4        0x8 StdPeriph_Driver/src/stm32f10x_usart.o
                0x0000000008000fe4                USART_ReceiveData
 .text.USART_GetITStatus
                0x0000000008000fec       0x4c StdPeriph_Driver/src/stm32f10x_usart.o
                0x0000000008000fec                USART_GetITStatus
 .text.LCD_pinsInit
                0x0000000008001038       0xb0 lib/ILI9341/core.o
 .text.LCD_reset
                0x00000000080010e8       0x28 lib/ILI9341/core.o
                0x00000000080010e8                LCD_reset
 .text.LCD_exitStandby
                0x0000000008001110       0x16 lib/ILI9341/core.o
                0x0000000008001110                LCD_exitStandby
 *fill*         0x0000000008001126        0x2 
 .text.LCD_setOrientation
                0x0000000008001128       0x58 lib/ILI9341/core.o
                0x0000000008001128                LCD_setOrientation
 .text.LCD_configure
                0x0000000008001180       0x40 lib/ILI9341/core.o
 .text.LCD_init
                0x00000000080011c0       0x24 lib/ILI9341/core.o
                0x00000000080011c0                LCD_init
 .text.LCD_setAddressWindow
                0x00000000080011e4       0xe0 lib/ILI9341/core.o
                0x00000000080011e4                LCD_setAddressWindow
 .text.LCD_getWidth
                0x00000000080012c4        0xc lib/ILI9341/core.o
                0x00000000080012c4                LCD_getWidth
 .text.LCD_getHeight
                0x00000000080012d0        0xc lib/ILI9341/core.o
                0x00000000080012d0                LCD_getHeight
 .text.LCD_setSpi8
                0x00000000080012dc       0x2c lib/ILI9341/core.o
                0x00000000080012dc                LCD_setSpi8
 .text.LCD_setSpi16
                0x0000000008001308       0x28 lib/ILI9341/core.o
                0x0000000008001308                LCD_setSpi16
 .text.SysTick_Handler
                0x0000000008001330       0x10 lib/ILI9341/delay.o
                0x0000000008001330                SysTick_Handler
 .text.delay_ms
                0x0000000008001340       0x58 lib/ILI9341/delay.o
                0x0000000008001340                delay_ms
 .text.dmaInit  0x0000000008001398       0x54 lib/ILI9341/dma.o
                0x0000000008001398                dmaInit
 .text.dmaSendCmd
                0x00000000080013ec       0x84 lib/ILI9341/dma.o
                0x00000000080013ec                dmaSendCmd
 .text.dmaSendCmdCont
                0x0000000008001470       0x70 lib/ILI9341/dma.o
                0x0000000008001470                dmaSendCmdCont
 .text.dmaReceiveDataCont8
                0x00000000080014e0       0x94 lib/ILI9341/dma.o
                0x00000000080014e0                dmaReceiveDataCont8
 .text.dmaSendDataCont8
                0x0000000008001574       0x68 lib/ILI9341/dma.o
                0x0000000008001574                dmaSendDataCont8
 .text.dmaSendData16
                0x00000000080015dc       0x84 lib/ILI9341/dma.o
                0x00000000080015dc                dmaSendData16
 .text.dmaSendDataCont16
                0x0000000008001660       0x70 lib/ILI9341/dma.o
                0x0000000008001660                dmaSendDataCont16
 .text.dmaFill16
                0x00000000080016d0       0xf8 lib/ILI9341/dma.o
                0x00000000080016d0                dmaFill16
 .text.DMA1_Channel2_IRQHandler
                0x00000000080017c8       0x24 lib/ILI9341/dma.o
                0x00000000080017c8                DMA1_Channel2_IRQHandler
 .text.DMA1_Channel3_IRQHandler
                0x00000000080017ec       0x28 lib/ILI9341/dma.o
                0x00000000080017ec                DMA1_Channel3_IRQHandler
 .text.LCD_readPixels
                0x0000000008001814       0x8c lib/ILI9341/graph.o
                0x0000000008001814                LCD_readPixels
 .text.LCD_fillRect
                0x00000000080018a0       0x34 lib/ILI9341/graph.o
                0x00000000080018a0                LCD_fillRect
 .text.LCD_fillScreen
                0x00000000080018d4       0x3a lib/ILI9341/graph.o
                0x00000000080018d4                LCD_fillScreen
 *fill*         0x000000000800190e        0x2 
 .text.LCD_writeString
                0x0000000008001910      0x238 lib/ILI9341/text.o
                0x0000000008001910                LCD_writeString
 .text.LCD_setCursor
                0x0000000008001b48        0xc lib/ILI9341/text.o
                0x0000000008001b48                LCD_setCursor
 .text.LCD_setTextSize
                0x0000000008001b54        0xc lib/ILI9341/text.o
                0x0000000008001b54                LCD_setTextSize
 .text.LCD_setTextBgColor
                0x0000000008001b60        0xc lib/ILI9341/text.o
                0x0000000008001b60                LCD_setTextBgColor
 .text.addToBuffor
                0x0000000008001b6c       0x18 src/buffors.o
                0x0000000008001b6c                addToBuffor
 .text.getFromBuffor
                0x0000000008001b84       0x36 src/buffors.o
                0x0000000008001b84                getFromBuffor
 .text.isBufforEmpty
                0x0000000008001bba        0xe src/buffors.o
                0x0000000008001bba                isBufforEmpty
 .text.device_init
                0x0000000008001bc8       0x40 src/device_config.o
                0x0000000008001bc8                device_init
 .text.turnOnOffLed
                0x0000000008001c08       0x28 src/device_config.o
                0x0000000008001c08                turnOnOffLed
 .text.RCC_Conf
                0x0000000008001c30       0x64 src/device_config.o
                0x0000000008001c30                RCC_Conf
 .text.main     0x0000000008001c94       0xd8 src/main.o
                0x0000000008001c94                main
 .text.NVIC_RTC_Configuration
                0x0000000008001d6c       0x44 src/rtc.o
                0x0000000008001d6c                NVIC_RTC_Configuration
 .text.RTC_IRQHandler
                0x0000000008001db0       0x68 src/rtc.o
                0x0000000008001db0                RTC_IRQHandler
 .text.RTCAlarm_IRQHandler
                0x0000000008001e18        0x2 src/rtc.o
                0x0000000008001e18                RTCAlarm_IRQHandler
 *fill*         0x0000000008001e1a        0x2 
 .text.read_time
                0x0000000008001e1c       0xd8 src/rtc.o
                0x0000000008001e1c                read_time
 .text.read_date
                0x0000000008001ef4       0x3c src/rtc.o
                0x0000000008001ef4                read_date
 .text.save_time
                0x0000000008001f30       0x22 src/rtc.o
                0x0000000008001f30                save_time
 *fill*         0x0000000008001f52        0x2 
 .text.check_leap
                0x0000000008001f54       0x40 src/rtc.o
                0x0000000008001f54                check_leap
 .text.update_date
                0x0000000008001f94       0xf0 src/rtc.o
                0x0000000008001f94                update_date
 .text.check_next_day
                0x0000000008002084       0x2c src/rtc.o
                0x0000000008002084                check_next_day
 .text.analize_clock_clendar_state
                0x00000000080020b0       0x1c src/rtc.o
                0x00000000080020b0                analize_clock_clendar_state
 .text.save_date
                0x00000000080020cc       0x90 src/rtc.o
                0x00000000080020cc                save_date
 .text.set_alarm
                0x000000000800215c       0x2c src/rtc.o
                0x000000000800215c                set_alarm
 .text.check_for_days_elapsed
                0x0000000008002188       0x5c src/rtc.o
                0x0000000008002188                check_for_days_elapsed
 .text.RTC_Configuration
                0x00000000080021e4       0xe0 src/rtc.o
                0x00000000080021e4                RTC_Configuration
 .text.rtc_init
                0x00000000080022c4       0x64 src/rtc.o
                0x00000000080022c4                rtc_init
 .text.getTimerChannelState
                0x0000000008002328       0x34 src/scan_timer.o
                0x0000000008002328                getTimerChannelState
 .text.setTimerChannelState
                0x000000000800235c       0x28 src/scan_timer.o
                0x000000000800235c                setTimerChannelState
 .text.init_timer
                0x0000000008002384       0xe4 src/scan_timer.o
                0x0000000008002384                init_timer
 .text.TIM1_CC_IRQHandler
                0x0000000008002468       0xdc src/scan_timer.o
                0x0000000008002468                TIM1_CC_IRQHandler
 .text.SetSysClockTo72
                0x0000000008002544       0xc4 src/system_stm32f10x.o
 .text.SetSysClock
                0x0000000008002608        0x8 src/system_stm32f10x.o
 .text.SystemInit
                0x0000000008002610       0x50 src/system_stm32f10x.o
                0x0000000008002610                SystemInit
 .text.DMA1_Channel4_IRQHandler
                0x0000000008002660       0x2c src/touch_screen.o
                0x0000000008002660                DMA1_Channel4_IRQHandler
 .text.DMA1_Channel5_IRQHandler
                0x000000000800268c       0x2c src/touch_screen.o
                0x000000000800268c                DMA1_Channel5_IRQHandler
 .text.SPI2_IRQHandler
                0x00000000080026b8       0x90 src/touch_screen.o
                0x00000000080026b8                SPI2_IRQHandler
 .text.touch_screen_cs_high
                0x0000000008002748       0x14 src/touch_screen.o
                0x0000000008002748                touch_screen_cs_high
 .text.init_spi_2
                0x000000000800275c       0xcc src/touch_screen.o
                0x000000000800275c                init_spi_2
 .text.init_touch_screen
                0x0000000008002828        0x8 src/touch_screen.o
                0x0000000008002828                init_touch_screen
 .text.USART1_IRQHandler
                0x0000000008002830       0x80 src/uart_interrupt.o
                0x0000000008002830                USART1_IRQHandler
 .text.Reset_Handler
                0x00000000080028b0       0x50 startup/startup_stm32.o
                0x00000000080028b0                Reset_Handler
 .text.Default_Handler
                0x0000000008002900        0x2 startup/startup_stm32.o
                0x0000000008002900                EXTI2_IRQHandler
                0x0000000008002900                TIM8_TRG_COM_IRQHandler
                0x0000000008002900                TIM8_CC_IRQHandler
                0x0000000008002900                DebugMon_Handler
                0x0000000008002900                HardFault_Handler
                0x0000000008002900                TIM6_IRQHandler
                0x0000000008002900                PVD_IRQHandler
                0x0000000008002900                SDIO_IRQHandler
                0x0000000008002900                PendSV_Handler
                0x0000000008002900                NMI_Handler
                0x0000000008002900                EXTI3_IRQHandler
                0x0000000008002900                USB_HP_CAN_TX_IRQHandler
                0x0000000008002900                EXTI0_IRQHandler
                0x0000000008002900                I2C2_EV_IRQHandler
                0x0000000008002900                UsageFault_Handler
                0x0000000008002900                ADC1_2_IRQHandler
                0x0000000008002900                SPI1_IRQHandler
                0x0000000008002900                CAN_SCE_IRQHandler
                0x0000000008002900                TAMPER_IRQHandler
                0x0000000008002900                TIM8_UP_IRQHandler
                0x0000000008002900                DMA2_Channel2_IRQHandler
                0x0000000008002900                USART3_IRQHandler
                0x0000000008002900                DMA1_Channel7_IRQHandler
                0x0000000008002900                UART5_IRQHandler
                0x0000000008002900                ADC3_IRQHandler
                0x0000000008002900                TIM4_IRQHandler
                0x0000000008002900                CAN_RX1_IRQHandler
                0x0000000008002900                DMA2_Channel1_IRQHandler
                0x0000000008002900                I2C1_EV_IRQHandler
                0x0000000008002900                DMA1_Channel6_IRQHandler
                0x0000000008002900                UART4_IRQHandler
                0x0000000008002900                TIM3_IRQHandler
                0x0000000008002900                RCC_IRQHandler
                0x0000000008002900                TIM1_TRG_COM_IRQHandler
                0x0000000008002900                DMA1_Channel1_IRQHandler
                0x0000000008002900                Default_Handler
                0x0000000008002900                EXTI15_10_IRQHandler
                0x0000000008002900                TIM7_IRQHandler
                0x0000000008002900                TIM5_IRQHandler
                0x0000000008002900                EXTI9_5_IRQHandler
                0x0000000008002900                USB_LP_CAN_RX0_IRQHandler
                0x0000000008002900                MemManage_Handler
                0x0000000008002900                SVC_Handler
                0x0000000008002900                EXTI4_IRQHandler
                0x0000000008002900                FSMC_IRQHandler
                0x0000000008002900                TIM1_UP_IRQHandler
                0x0000000008002900                WWDG_IRQHandler
                0x0000000008002900                TIM2_IRQHandler
                0x0000000008002900                TIM1_BRK_IRQHandler
                0x0000000008002900                EXTI1_IRQHandler
                0x0000000008002900                DMA2_Channel4_5_IRQHandler
                0x0000000008002900                USART2_IRQHandler
                0x0000000008002900                I2C2_ER_IRQHandler
                0x0000000008002900                TIM8_BRK_IRQHandler
                0x0000000008002900                FLASH_IRQHandler
                0x0000000008002900                BusFault_Handler
                0x0000000008002900                SPI3_IRQHandler
                0x0000000008002900                I2C1_ER_IRQHandler
                0x0000000008002900                DMA2_Channel3_IRQHandler
 *fill*         0x0000000008002902        0x2 
 .text.__errno  0x0000000008002904        0xc /home/gwarchol/Ac6/SystemWorkbench/plugins/fr.ac6.mcu.externaltools.arm-none.linux64_1.15.0.201708311556/tools/compiler/bin/../lib/gcc/arm-none-eabi/6.3.1/../../../../arm-none-eabi/lib/thumb/v7-m/libc_nano.a(lib_a-errno.o)
                0x0000000008002904                __errno
 .text._cleanup_r
                0x0000000008002910        0xc /home/gwarchol/Ac6/SystemWorkbench/plugins/fr.ac6.mcu.externaltools.arm-none.linux64_1.15.0.201708311556/tools/compiler/bin/../lib/gcc/arm-none-eabi/6.3.1/../../../../arm-none-eabi/lib/thumb/v7-m/libc_nano.a(lib_a-findfp.o)
                0x0000000008002910                _cleanup_r
 .text.std.isra.0
                0x000000000800291c       0x48 /home/gwarchol/Ac6/SystemWorkbench/plugins/fr.ac6.mcu.externaltools.arm-none.linux64_1.15.0.201708311556/tools/compiler/bin/../lib/gcc/arm-none-eabi/6.3.1/../../../../arm-none-eabi/lib/thumb/v7-m/libc_nano.a(lib_a-findfp.o)
 .text.__sfmoreglue
                0x0000000008002964       0x2c /home/gwarchol/Ac6/SystemWorkbench/plugins/fr.ac6.mcu.externaltools.arm-none.linux64_1.15.0.201708311556/tools/compiler/bin/../lib/gcc/arm-none-eabi/6.3.1/../../../../arm-none-eabi/lib/thumb/v7-m/libc_nano.a(lib_a-findfp.o)
                0x0000000008002964                __sfmoreglue
 .text.__sinit  0x0000000008002990       0x60 /home/gwarchol/Ac6/SystemWorkbench/plugins/fr.ac6.mcu.externaltools.arm-none.linux64_1.15.0.201708311556/tools/compiler/bin/../lib/gcc/arm-none-eabi/6.3.1/../../../../arm-none-eabi/lib/thumb/v7-m/libc_nano.a(lib_a-findfp.o)
                0x0000000008002990                __sinit
 .text.__sfp    0x00000000080029f0       0x78 /home/gwarchol/Ac6/SystemWorkbench/plugins/fr.ac6.mcu.externaltools.arm-none.linux64_1.15.0.201708311556/tools/compiler/bin/../lib/gcc/arm-none-eabi/6.3.1/../../../../arm-none-eabi/lib/thumb/v7-m/libc_nano.a(lib_a-findfp.o)
                0x00000000080029f0                __sfp
 .text._fwalk_reent
                0x0000000008002a68       0x3c /home/gwarchol/Ac6/SystemWorkbench/plugins/fr.ac6.mcu.externaltools.arm-none.linux64_1.15.0.201708311556/tools/compiler/bin/../lib/gcc/arm-none-eabi/6.3.1/../../../../arm-none-eabi/lib/thumb/v7-m/libc_nano.a(lib_a-fwalk.o)
                0x0000000008002a68                _fwalk_reent
 .text._malloc_r
                0x0000000008002aa4       0xbc /home/gwarchol/Ac6/SystemWorkbench/plugins/fr.ac6.mcu.externaltools.arm-none.linux64_1.15.0.201708311556/tools/compiler/bin/../lib/gcc/arm-none-eabi/6.3.1/../../../../arm-none-eabi/lib/thumb/v7-m/libc_nano.a(lib_a-nano-mallocr.o)
                0x0000000008002aa4                _malloc_r
 .text.printf   0x0000000008002b60       0x30 /home/gwarchol/Ac6/SystemWorkbench/plugins/fr.ac6.mcu.externaltools.arm-none.linux64_1.15.0.201708311556/tools/compiler/bin/../lib/gcc/arm-none-eabi/6.3.1/../../../../arm-none-eabi/lib/thumb/v7-m/libc_nano.a(lib_a-printf.o)
                0x0000000008002b60                printf
                0x0000000008002b60                iprintf
 .text.putchar  0x0000000008002b90       0x28 /home/gwarchol/Ac6/SystemWorkbench/plugins/fr.ac6.mcu.externaltools.arm-none.linux64_1.15.0.201708311556/tools/compiler/bin/../lib/gcc/arm-none-eabi/6.3.1/../../../../arm-none-eabi/lib/thumb/v7-m/libc_nano.a(lib_a-putchar.o)
                0x0000000008002b90                putchar
 .text._sbrk_r  0x0000000008002bb8       0x20 /home/gwarchol/Ac6/SystemWorkbench/plugins/fr.ac6.mcu.externaltools.arm-none.linux64_1.15.0.201708311556/tools/compiler/bin/../lib/gcc/arm-none-eabi/6.3.1/../../../../arm-none-eabi/lib/thumb/v7-m/libc_nano.a(lib_a-sbrkr.o)
                0x0000000008002bb8                _sbrk_r
 .text.sprintf  0x0000000008002bd8       0x48 /home/gwarchol/Ac6/SystemWorkbench/plugins/fr.ac6.mcu.externaltools.arm-none.linux64_1.15.0.201708311556/tools/compiler/bin/../lib/gcc/arm-none-eabi/6.3.1/../../../../arm-none-eabi/lib/thumb/v7-m/libc_nano.a(lib_a-sprintf.o)
                0x0000000008002bd8                sprintf
                0x0000000008002bd8                siprintf
 .text.__sread  0x0000000008002c20       0x22 /home/gwarchol/Ac6/SystemWorkbench/plugins/fr.ac6.mcu.externaltools.arm-none.linux64_1.15.0.201708311556/tools/compiler/bin/../lib/gcc/arm-none-eabi/6.3.1/../../../../arm-none-eabi/lib/thumb/v7-m/libc_nano.a(lib_a-stdio.o)
                0x0000000008002c20                __sread
 .text.__swrite
                0x0000000008002c42       0x38 /home/gwarchol/Ac6/SystemWorkbench/plugins/fr.ac6.mcu.externaltools.arm-none.linux64_1.15.0.201708311556/tools/compiler/bin/../lib/gcc/arm-none-eabi/6.3.1/../../../../arm-none-eabi/lib/thumb/v7-m/libc_nano.a(lib_a-stdio.o)
                0x0000000008002c42                __swrite
 .text.__sseek  0x0000000008002c7a       0x24 /home/gwarchol/Ac6/SystemWorkbench/plugins/fr.ac6.mcu.externaltools.arm-none.linux64_1.15.0.201708311556/tools/compiler/bin/../lib/gcc/arm-none-eabi/6.3.1/../../../../arm-none-eabi/lib/thumb/v7-m/libc_nano.a(lib_a-stdio.o)
                0x0000000008002c7a                __sseek
 .text.__sclose
                0x0000000008002c9e        0x8 /home/gwarchol/Ac6/SystemWorkbench/plugins/fr.ac6.mcu.externaltools.arm-none.linux64_1.15.0.201708311556/tools/compiler/bin/../lib/gcc/arm-none-eabi/6.3.1/../../../../arm-none-eabi/lib/thumb/v7-m/libc_nano.a(lib_a-stdio.o)
                0x0000000008002c9e                __sclose
 *fill*         0x0000000008002ca6        0x2 
 .text._write_r
                0x0000000008002ca8       0x24 /home/gwarchol/Ac6/SystemWorkbench/plugins/fr.ac6.mcu.externaltools.arm-none.linux64_1.15.0.201708311556/tools/compiler/bin/../lib/gcc/arm-none-eabi/6.3.1/../../../../arm-none-eabi/lib/thumb/v7-m/libc_nano.a(lib_a-writer.o)
                0x0000000008002ca8                _write_r
 .text._close_r
                0x0000000008002ccc       0x20 /home/gwarchol/Ac6/SystemWorkbench/plugins/fr.ac6.mcu.externaltools.arm-none.linux64_1.15.0.201708311556/tools/compiler/bin/../lib/gcc/arm-none-eabi/6.3.1/../../../../arm-none-eabi/lib/thumb/v7-m/libc_nano.a(lib_a-closer.o)
                0x0000000008002ccc                _close_r
 .text.__sflush_r
                0x0000000008002cec      0x110 /home/gwarchol/Ac6/SystemWorkbench/plugins/fr.ac6.mcu.externaltools.arm-none.linux64_1.15.0.201708311556/tools/compiler/bin/../lib/gcc/arm-none-eabi/6.3.1/../../../../arm-none-eabi/lib/thumb/v7-m/libc_nano.a(lib_a-fflush.o)
                0x0000000008002cec                __sflush_r
 .text._fflush_r
                0x0000000008002dfc       0x54 /home/gwarchol/Ac6/SystemWorkbench/plugins/fr.ac6.mcu.externaltools.arm-none.linux64_1.15.0.201708311556/tools/compiler/bin/../lib/gcc/arm-none-eabi/6.3.1/../../../../arm-none-eabi/lib/thumb/v7-m/libc_nano.a(lib_a-fflush.o)
                0x0000000008002dfc                _fflush_r
 .text._lseek_r
                0x0000000008002e50       0x24 /home/gwarchol/Ac6/SystemWorkbench/plugins/fr.ac6.mcu.externaltools.arm-none.linux64_1.15.0.201708311556/tools/compiler/bin/../lib/gcc/arm-none-eabi/6.3.1/../../../../arm-none-eabi/lib/thumb/v7-m/libc_nano.a(lib_a-lseekr.o)
                0x0000000008002e50                _lseek_r
 .text.__malloc_lock
                0x0000000008002e74        0x2 /home/gwarchol/Ac6/SystemWorkbench/plugins/fr.ac6.mcu.externaltools.arm-none.linux64_1.15.0.201708311556/tools/compiler/bin/../lib/gcc/arm-none-eabi/6.3.1/../../../../arm-none-eabi/lib/thumb/v7-m/libc_nano.a(lib_a-mlock.o)
                0x0000000008002e74                __malloc_lock
 .text.__malloc_unlock
                0x0000000008002e76        0x2 /home/gwarchol/Ac6/SystemWorkbench/plugins/fr.ac6.mcu.externaltools.arm-none.linux64_1.15.0.201708311556/tools/compiler/bin/../lib/gcc/arm-none-eabi/6.3.1/../../../../arm-none-eabi/lib/thumb/v7-m/libc_nano.a(lib_a-mlock.o)
                0x0000000008002e76                __malloc_unlock
 .text._free_r  0x0000000008002e78       0x98 /home/gwarchol/Ac6/SystemWorkbench/plugins/fr.ac6.mcu.externaltools.arm-none.linux64_1.15.0.201708311556/tools/compiler/bin/../lib/gcc/arm-none-eabi/6.3.1/../../../../arm-none-eabi/lib/thumb/v7-m/libc_nano.a(lib_a-nano-freer.o)
                0x0000000008002e78                _free_r
 .text.__ssputs_r
                0x0000000008002f10       0xb6 /home/gwarchol/Ac6/SystemWorkbench/plugins/fr.ac6.mcu.externaltools.arm-none.linux64_1.15.0.201708311556/tools/compiler/bin/../lib/gcc/arm-none-eabi/6.3.1/../../../../arm-none-eabi/lib/thumb/v7-m/libc_nano.a(lib_a-nano-svfprintf.o)
                0x0000000008002f10                __ssputs_r
 *fill*         0x0000000008002fc6        0x2 
 .text._svfprintf_r
                0x0000000008002fc8      0x1e8 /home/gwarchol/Ac6/SystemWorkbench/plugins/fr.ac6.mcu.externaltools.arm-none.linux64_1.15.0.201708311556/tools/compiler/bin/../lib/gcc/arm-none-eabi/6.3.1/../../../../arm-none-eabi/lib/thumb/v7-m/libc_nano.a(lib_a-nano-svfprintf.o)
                0x0000000008002fc8                _svfprintf_r
                0x0000000008002fc8                _svfiprintf_r
 .text.__sfputc_r
                0x00000000080031b0       0x2c /home/gwarchol/Ac6/SystemWorkbench/plugins/fr.ac6.mcu.externaltools.arm-none.linux64_1.15.0.201708311556/tools/compiler/bin/../lib/gcc/arm-none-eabi/6.3.1/../../../../arm-none-eabi/lib/thumb/v7-m/libc_nano.a(lib_a-nano-vfprintf.o)
 .text.__sfputs_r
                0x00000000080031dc       0x24 /home/gwarchol/Ac6/SystemWorkbench/plugins/fr.ac6.mcu.externaltools.arm-none.linux64_1.15.0.201708311556/tools/compiler/bin/../lib/gcc/arm-none-eabi/6.3.1/../../../../arm-none-eabi/lib/thumb/v7-m/libc_nano.a(lib_a-nano-vfprintf.o)
                0x00000000080031dc                __sfputs_r
 .text._vfprintf_r
                0x0000000008003200      0x22c /home/gwarchol/Ac6/SystemWorkbench/plugins/fr.ac6.mcu.externaltools.arm-none.linux64_1.15.0.201708311556/tools/compiler/bin/../lib/gcc/arm-none-eabi/6.3.1/../../../../arm-none-eabi/lib/thumb/v7-m/libc_nano.a(lib_a-nano-vfprintf.o)
                0x0000000008003200                _vfiprintf_r
                0x0000000008003200                _vfprintf_r
 .text._printf_common
                0x000000000800342c       0xee /home/gwarchol/Ac6/SystemWorkbench/plugins/fr.ac6.mcu.externaltools.arm-none.linux64_1.15.0.201708311556/tools/compiler/bin/../lib/gcc/arm-none-eabi/6.3.1/../../../../arm-none-eabi/lib/thumb/v7-m/libc_nano.a(lib_a-nano-vfprintf_i.o)
                0x000000000800342c                _printf_common
 *fill*         0x000000000800351a        0x2 
 .text._printf_i
                0x000000000800351c      0x240 /home/gwarchol/Ac6/SystemWorkbench/plugins/fr.ac6.mcu.externaltools.arm-none.linux64_1.15.0.201708311556/tools/compiler/bin/../lib/gcc/arm-none-eabi/6.3.1/../../../../arm-none-eabi/lib/thumb/v7-m/libc_nano.a(lib_a-nano-vfprintf_i.o)
                0x000000000800351c                _printf_i
 .text._putc_r  0x000000000800375c       0x6c /home/gwarchol/Ac6/SystemWorkbench/plugins/fr.ac6.mcu.externaltools.arm-none.linux64_1.15.0.201708311556/tools/compiler/bin/../lib/gcc/arm-none-eabi/6.3.1/../../../../arm-none-eabi/lib/thumb/v7-m/libc_nano.a(lib_a-putc.o)
                0x000000000800375c                _putc_r
 .text._read_r  0x00000000080037c8       0x24 /home/gwarchol/Ac6/SystemWorkbench/plugins/fr.ac6.mcu.externaltools.arm-none.linux64_1.15.0.201708311556/tools/compiler/bin/../lib/gcc/arm-none-eabi/6.3.1/../../../../arm-none-eabi/lib/thumb/v7-m/libc_nano.a(lib_a-readr.o)
                0x00000000080037c8                _read_r
 .text.__swbuf_r
                0x00000000080037ec       0xa4 /home/gwarchol/Ac6/SystemWorkbench/plugins/fr.ac6.mcu.externaltools.arm-none.linux64_1.15.0.201708311556/tools/compiler/bin/../lib/gcc/arm-none-eabi/6.3.1/../../../../arm-none-eabi/lib/thumb/v7-m/libc_nano.a(lib_a-wbuf.o)
                0x00000000080037ec                __swbuf_r
 .text.__swsetup_r
                0x0000000008003890       0xdc /home/gwarchol/Ac6/SystemWorkbench/plugins/fr.ac6.mcu.externaltools.arm-none.linux64_1.15.0.201708311556/tools/compiler/bin/../lib/gcc/arm-none-eabi/6.3.1/../../../../arm-none-eabi/lib/thumb/v7-m/libc_nano.a(lib_a-wsetup.o)
                0x0000000008003890                __swsetup_r
 .text.__swhatbuf_r
                0x000000000800396c       0x48 /home/gwarchol/Ac6/SystemWorkbench/plugins/fr.ac6.mcu.externaltools.arm-none.linux64_1.15.0.201708311556/tools/compiler/bin/../lib/gcc/arm-none-eabi/6.3.1/../../../../arm-none-eabi/lib/thumb/v7-m/libc_nano.a(lib_a-makebuf.o)
                0x000000000800396c                __swhatbuf_r
 .text.__smakebuf_r
                0x00000000080039b4       0x80 /home/gwarchol/Ac6/SystemWorkbench/plugins/fr.ac6.mcu.externaltools.arm-none.linux64_1.15.0.201708311556/tools/compiler/bin/../lib/gcc/arm-none-eabi/6.3.1/../../../../arm-none-eabi/lib/thumb/v7-m/libc_nano.a(lib_a-makebuf.o)
                0x00000000080039b4                __smakebuf_r
 .text.memchr   0x0000000008003a34       0x1c /home/gwarchol/Ac6/SystemWorkbench/plugins/fr.ac6.mcu.externaltools.arm-none.linux64_1.15.0.201708311556/tools/compiler/bin/../lib/gcc/arm-none-eabi/6.3.1/../../../../arm-none-eabi/lib/thumb/v7-m/libc_nano.a(lib_a-memchr-stub.o)
                0x0000000008003a34                memchr
 .text.memcpy   0x0000000008003a50       0x16 /home/gwarchol/Ac6/SystemWorkbench/plugins/fr.ac6.mcu.externaltools.arm-none.linux64_1.15.0.201708311556/tools/compiler/bin/../lib/gcc/arm-none-eabi/6.3.1/../../../../arm-none-eabi/lib/thumb/v7-m/libc_nano.a(lib_a-memcpy-stub.o)
                0x0000000008003a50                memcpy
 .text.memmove  0x0000000008003a66       0x34 /home/gwarchol/Ac6/SystemWorkbench/plugins/fr.ac6.mcu.externaltools.arm-none.linux64_1.15.0.201708311556/tools/compiler/bin/../lib/gcc/arm-none-eabi/6.3.1/../../../../arm-none-eabi/lib/thumb/v7-m/libc_nano.a(lib_a-memmove.o)
                0x0000000008003a66                memmove
 .text._realloc_r
                0x0000000008003a9a       0x4c /home/gwarchol/Ac6/SystemWorkbench/plugins/fr.ac6.mcu.externaltools.arm-none.linux64_1.15.0.201708311556/tools/compiler/bin/../lib/gcc/arm-none-eabi/6.3.1/../../../../arm-none-eabi/lib/thumb/v7-m/libc_nano.a(lib_a-nano-reallocr.o)
                0x0000000008003a9a                _realloc_r
 *fill*         0x0000000008003ae6        0x2 
 .text._fstat_r
                0x0000000008003ae8       0x24 /home/gwarchol/Ac6/SystemWorkbench/plugins/fr.ac6.mcu.externaltools.arm-none.linux64_1.15.0.201708311556/tools/compiler/bin/../lib/gcc/arm-none-eabi/6.3.1/../../../../arm-none-eabi/lib/thumb/v7-m/libc_nano.a(lib_a-fstatr.o)
                0x0000000008003ae8                _fstat_r
 .text._isatty_r
                0x0000000008003b0c       0x20 /home/gwarchol/Ac6/SystemWorkbench/plugins/fr.ac6.mcu.externaltools.arm-none.linux64_1.15.0.201708311556/tools/compiler/bin/../lib/gcc/arm-none-eabi/6.3.1/../../../../arm-none-eabi/lib/thumb/v7-m/libc_nano.a(lib_a-isattyr.o)
                0x0000000008003b0c                _isatty_r
 .text._malloc_usable_size_r
                0x0000000008003b2c       0x12 /home/gwarchol/Ac6/SystemWorkbench/plugins/fr.ac6.mcu.externaltools.arm-none.linux64_1.15.0.201708311556/tools/compiler/bin/../lib/gcc/arm-none-eabi/6.3.1/../../../../arm-none-eabi/lib/thumb/v7-m/libc_nano.a(lib_a-nano-msizer.o)
                0x0000000008003b2c                _malloc_usable_size_r
 *(.glue_7)
 .glue_7        0x0000000008003b3e        0x0 linker stubs
 *(.glue_7t)
 .glue_7t       0x0000000008003b3e        0x0 linker stubs
 *(.eh_frame)
 *fill*         0x0000000008003b3e        0x2 
 .eh_frame      0x0000000008003b40        0x0 /home/gwarchol/Ac6/SystemWorkbench/plugins/fr.ac6.mcu.externaltools.arm-none.linux64_1.15.0.201708311556/tools/compiler/bin/../lib/gcc/arm-none-eabi/6.3.1/thumb/v7-m/crtbegin.o
 *(.init)
 .init          0x0000000008003b40        0x4 /home/gwarchol/Ac6/SystemWorkbench/plugins/fr.ac6.mcu.externaltools.arm-none.linux64_1.15.0.201708311556/tools/compiler/bin/../lib/gcc/arm-none-eabi/6.3.1/thumb/v7-m/crti.o
                0x0000000008003b40                _init
 .init          0x0000000008003b44        0x8 /home/gwarchol/Ac6/SystemWorkbench/plugins/fr.ac6.mcu.externaltools.arm-none.linux64_1.15.0.201708311556/tools/compiler/bin/../lib/gcc/arm-none-eabi/6.3.1/thumb/v7-m/crtn.o
 *(.fini)
 .fini          0x0000000008003b4c        0x4 /home/gwarchol/Ac6/SystemWorkbench/plugins/fr.ac6.mcu.externaltools.arm-none.linux64_1.15.0.201708311556/tools/compiler/bin/../lib/gcc/arm-none-eabi/6.3.1/thumb/v7-m/crti.o
                0x0000000008003b4c                _fini
 .fini          0x0000000008003b50        0x8 /home/gwarchol/Ac6/SystemWorkbench/plugins/fr.ac6.mcu.externaltools.arm-none.linux64_1.15.0.201708311556/tools/compiler/bin/../lib/gcc/arm-none-eabi/6.3.1/thumb/v7-m/crtn.o
                0x0000000008003b58                . = ALIGN (0x4)
                0x0000000008003b58                _etext = .

.vfp11_veneer   0x0000000008003b58        0x0
 .vfp11_veneer  0x0000000008003b58        0x0 linker stubs

.v4_bx          0x0000000008003b58        0x0
 .v4_bx         0x0000000008003b58        0x0 linker stubs

.iplt           0x0000000008003b58        0x0
 .iplt          0x0000000008003b58        0x0 /home/gwarchol/Ac6/SystemWorkbench/plugins/fr.ac6.mcu.externaltools.arm-none.linux64_1.15.0.201708311556/tools/compiler/bin/../lib/gcc/arm-none-eabi/6.3.1/thumb/v7-m/crtbegin.o

.rodata         0x0000000008003b58      0x688
                0x0000000008003b58                . = ALIGN (0x4)
 *(.rodata)
 .rodata        0x0000000008003b58       0x63 lib/ILI9341/core.o
 *fill*         0x0000000008003bbb        0x1 
 .rodata        0x0000000008003bbc      0x500 lib/ILI9341/text.o
 *(.rodata*)
 .rodata._global_impure_ptr
                0x00000000080040bc        0x4 /home/gwarchol/Ac6/SystemWorkbench/plugins/fr.ac6.mcu.externaltools.arm-none.linux64_1.15.0.201708311556/tools/compiler/bin/../lib/gcc/arm-none-eabi/6.3.1/../../../../arm-none-eabi/lib/thumb/v7-m/libc_nano.a(lib_a-impure.o)
                0x00000000080040bc                _global_impure_ptr
 .rodata.initialise_monitor_handles.str1.1
                0x00000000080040c0        0x4 /home/gwarchol/Ac6/SystemWorkbench/plugins/fr.ac6.mcu.externaltools.arm-none.linux64_1.15.0.201708311556/tools/compiler/bin/../lib/gcc/arm-none-eabi/6.3.1/../../../../arm-none-eabi/lib/thumb/v7-m/librdimon_nano.a(rdimon-syscalls.o)
 .rodata.str1.4
                0x00000000080040c4       0x88 src/rtc.o
 .rodata.__sf_fake_stderr
                0x000000000800414c       0x20 /home/gwarchol/Ac6/SystemWorkbench/plugins/fr.ac6.mcu.externaltools.arm-none.linux64_1.15.0.201708311556/tools/compiler/bin/../lib/gcc/arm-none-eabi/6.3.1/../../../../arm-none-eabi/lib/thumb/v7-m/libc_nano.a(lib_a-findfp.o)
                0x000000000800414c                __sf_fake_stderr
 .rodata.__sf_fake_stdin
                0x000000000800416c       0x20 /home/gwarchol/Ac6/SystemWorkbench/plugins/fr.ac6.mcu.externaltools.arm-none.linux64_1.15.0.201708311556/tools/compiler/bin/../lib/gcc/arm-none-eabi/6.3.1/../../../../arm-none-eabi/lib/thumb/v7-m/libc_nano.a(lib_a-findfp.o)
                0x000000000800416c                __sf_fake_stdin
 .rodata.__sf_fake_stdout
                0x000000000800418c       0x20 /home/gwarchol/Ac6/SystemWorkbench/plugins/fr.ac6.mcu.externaltools.arm-none.linux64_1.15.0.201708311556/tools/compiler/bin/../lib/gcc/arm-none-eabi/6.3.1/../../../../arm-none-eabi/lib/thumb/v7-m/libc_nano.a(lib_a-findfp.o)
                0x000000000800418c                __sf_fake_stdout
 .rodata._svfprintf_r.str1.1
                0x00000000080041ac       0x11 /home/gwarchol/Ac6/SystemWorkbench/plugins/fr.ac6.mcu.externaltools.arm-none.linux64_1.15.0.201708311556/tools/compiler/bin/../lib/gcc/arm-none-eabi/6.3.1/../../../../arm-none-eabi/lib/thumb/v7-m/libc_nano.a(lib_a-nano-svfprintf.o)
 .rodata._vfprintf_r.str1.1
                0x00000000080041bd       0x11 /home/gwarchol/Ac6/SystemWorkbench/plugins/fr.ac6.mcu.externaltools.arm-none.linux64_1.15.0.201708311556/tools/compiler/bin/../lib/gcc/arm-none-eabi/6.3.1/../../../../arm-none-eabi/lib/thumb/v7-m/libc_nano.a(lib_a-nano-vfprintf.o)
 .rodata._printf_i.str1.1
                0x00000000080041bd       0x22 /home/gwarchol/Ac6/SystemWorkbench/plugins/fr.ac6.mcu.externaltools.arm-none.linux64_1.15.0.201708311556/tools/compiler/bin/../lib/gcc/arm-none-eabi/6.3.1/../../../../arm-none-eabi/lib/thumb/v7-m/libc_nano.a(lib_a-nano-vfprintf_i.o)
                0x00000000080041e0                . = ALIGN (0x4)
 *fill*         0x00000000080041df        0x1 

.rel.dyn        0x00000000080041e0        0x0
 .rel.iplt      0x00000000080041e0        0x0 /home/gwarchol/Ac6/SystemWorkbench/plugins/fr.ac6.mcu.externaltools.arm-none.linux64_1.15.0.201708311556/tools/compiler/bin/../lib/gcc/arm-none-eabi/6.3.1/thumb/v7-m/crtbegin.o

.ARM.extab      0x00000000080041e0        0x0
                0x00000000080041e0                . = ALIGN (0x4)
 *(.ARM.extab* .gnu.linkonce.armextab.*)
                0x00000000080041e0                . = ALIGN (0x4)

.ARM            0x00000000080041e0        0x0
                0x00000000080041e0                . = ALIGN (0x4)
                0x00000000080041e0                __exidx_start = .
 *(.ARM.exidx*)
                0x00000000080041e0                __exidx_end = .
                0x00000000080041e0                . = ALIGN (0x4)

.preinit_array  0x00000000080041e0        0x0
                0x00000000080041e0                . = ALIGN (0x4)
                0x00000000080041e0                PROVIDE (__preinit_array_start, .)
 *(.preinit_array*)
                0x00000000080041e0                PROVIDE (__preinit_array_end, .)
                0x00000000080041e0                . = ALIGN (0x4)

.init_array     0x00000000080041e0        0x4
                0x00000000080041e0                . = ALIGN (0x4)
                0x00000000080041e0                PROVIDE (__init_array_start, .)
 *(SORT(.init_array.*))
 *(.init_array*)
 .init_array    0x00000000080041e0        0x4 /home/gwarchol/Ac6/SystemWorkbench/plugins/fr.ac6.mcu.externaltools.arm-none.linux64_1.15.0.201708311556/tools/compiler/bin/../lib/gcc/arm-none-eabi/6.3.1/thumb/v7-m/crtbegin.o
                0x00000000080041e4                PROVIDE (__init_array_end, .)
                0x00000000080041e4                . = ALIGN (0x4)

.fini_array     0x00000000080041e4        0x4
                0x00000000080041e4                . = ALIGN (0x4)
                [!provide]                        PROVIDE (__fini_array_start, .)
 *(SORT(.fini_array.*))
 *(.fini_array*)
 .fini_array    0x00000000080041e4        0x4 /home/gwarchol/Ac6/SystemWorkbench/plugins/fr.ac6.mcu.externaltools.arm-none.linux64_1.15.0.201708311556/tools/compiler/bin/../lib/gcc/arm-none-eabi/6.3.1/thumb/v7-m/crtbegin.o
                [!provide]                        PROVIDE (__fini_array_end, .)
                0x00000000080041e8                . = ALIGN (0x4)
                0x00000000080041e8                _sidata = LOADADDR (.data)

.data           0x0000000020000000       0x9c load address 0x00000000080041e8
                0x0000000020000000                . = ALIGN (0x4)
                0x0000000020000000                _sdata = .
 *(.data)
 .data          0x0000000020000000        0x4 lib/ILI9341/core.o
 .data          0x0000000020000004        0x6 lib/ILI9341/text.o
                0x0000000020000004                textSize
                0x0000000020000005                wrap
                0x0000000020000006                textColor
                0x0000000020000008                textBgColor
 .data          0x000000002000000a        0x8 src/scan_timer.o
                0x000000002000000a                CC1
                0x000000002000000c                CC2
                0x000000002000000e                CC3
                0x0000000020000010                CC4
 *fill*         0x0000000020000012        0x2 
 .data          0x0000000020000014       0x14 src/system_stm32f10x.o
                0x0000000020000014                SystemCoreClock
                0x0000000020000018                AHBPrescTable
 .data          0x0000000020000028        0xa src/touch_screen.o
                0x0000000020000028                touch_screen_state
                0x000000002000002c                touch_screeen_data_out
 *(.data*)
 *fill*         0x0000000020000032        0x2 
 .data._impure_ptr
                0x0000000020000034        0x4 /home/gwarchol/Ac6/SystemWorkbench/plugins/fr.ac6.mcu.externaltools.arm-none.linux64_1.15.0.201708311556/tools/compiler/bin/../lib/gcc/arm-none-eabi/6.3.1/../../../../arm-none-eabi/lib/thumb/v7-m/libc_nano.a(lib_a-impure.o)
                0x0000000020000034                _impure_ptr
 .data.impure_data
                0x0000000020000038       0x60 /home/gwarchol/Ac6/SystemWorkbench/plugins/fr.ac6.mcu.externaltools.arm-none.linux64_1.15.0.201708311556/tools/compiler/bin/../lib/gcc/arm-none-eabi/6.3.1/../../../../arm-none-eabi/lib/thumb/v7-m/libc_nano.a(lib_a-impure.o)
 .data.__heap_limit
                0x0000000020000098        0x4 /home/gwarchol/Ac6/SystemWorkbench/plugins/fr.ac6.mcu.externaltools.arm-none.linux64_1.15.0.201708311556/tools/compiler/bin/../lib/gcc/arm-none-eabi/6.3.1/../../../../arm-none-eabi/lib/thumb/v7-m/librdimon_nano.a(rdimon-syscalls.o)
                0x0000000020000098                __heap_limit
                0x000000002000009c                . = ALIGN (0x4)
                0x000000002000009c                _edata = .

.jcr            0x000000002000009c        0x0 load address 0x0000000008004284
 .jcr           0x000000002000009c        0x0 /home/gwarchol/Ac6/SystemWorkbench/plugins/fr.ac6.mcu.externaltools.arm-none.linux64_1.15.0.201708311556/tools/compiler/bin/../lib/gcc/arm-none-eabi/6.3.1/thumb/v7-m/crtbegin.o

.igot.plt       0x000000002000009c        0x0 load address 0x0000000008004284
 .igot.plt      0x000000002000009c        0x0 /home/gwarchol/Ac6/SystemWorkbench/plugins/fr.ac6.mcu.externaltools.arm-none.linux64_1.15.0.201708311556/tools/compiler/bin/../lib/gcc/arm-none-eabi/6.3.1/thumb/v7-m/crtbegin.o
                0x000000002000009c                . = ALIGN (0x4)

.bss            0x000000002000009c     0x1308 load address 0x0000000008004284
                0x000000002000009c                _sbss = .
                0x000000002000009c                __bss_start__ = _sbss
 *(.bss)
 .bss           0x000000002000009c       0x1c /home/gwarchol/Ac6/SystemWorkbench/plugins/fr.ac6.mcu.externaltools.arm-none.linux64_1.15.0.201708311556/tools/compiler/bin/../lib/gcc/arm-none-eabi/6.3.1/thumb/v7-m/crtbegin.o
 .bss           0x00000000200000b8        0x4 lib/ILI9341/delay.o
                0x00000000200000b8                tick
 .bss           0x00000000200000bc        0x5 lib/ILI9341/text.o
                0x00000000200000bc                cursorY
                0x00000000200000be                cursorX
                0x00000000200000c0                _cp437
 *fill*         0x00000000200000c1        0x3 
 .bss           0x00000000200000c4        0xa src/rtc.o
                0x00000000200000c8                total_rtc_ticks
                0x00000000200000cd                x
 .bss           0x00000000200000ce        0x4 src/scan_timer.o
                0x00000000200000ce                _1_ms_flag
                0x00000000200000cf                _10_ms_flag
                0x00000000200000d0                _100_ms_flag
                0x00000000200000d1                _1_s_flag
 *fill*         0x00000000200000d2        0x2 
 .bss           0x00000000200000d4        0x8 src/touch_screen.o
                0x00000000200000d4                z_axis
                0x00000000200000d5                x_axis
                0x00000000200000d6                y_axis
                0x00000000200000d8                save_index
 *(.bss*)
 .bss.heap_end.6161
                0x00000000200000dc        0x4 /home/gwarchol/Ac6/SystemWorkbench/plugins/fr.ac6.mcu.externaltools.arm-none.linux64_1.15.0.201708311556/tools/compiler/bin/../lib/gcc/arm-none-eabi/6.3.1/../../../../arm-none-eabi/lib/thumb/v7-m/librdimon_nano.a(rdimon-syscalls.o)
 .bss.monitor_stderr
                0x00000000200000e0        0x4 /home/gwarchol/Ac6/SystemWorkbench/plugins/fr.ac6.mcu.externaltools.arm-none.linux64_1.15.0.201708311556/tools/compiler/bin/../lib/gcc/arm-none-eabi/6.3.1/../../../../arm-none-eabi/lib/thumb/v7-m/librdimon_nano.a(rdimon-syscalls.o)
 .bss.monitor_stdin
                0x00000000200000e4        0x4 /home/gwarchol/Ac6/SystemWorkbench/plugins/fr.ac6.mcu.externaltools.arm-none.linux64_1.15.0.201708311556/tools/compiler/bin/../lib/gcc/arm-none-eabi/6.3.1/../../../../arm-none-eabi/lib/thumb/v7-m/librdimon_nano.a(rdimon-syscalls.o)
 .bss.monitor_stdout
                0x00000000200000e8        0x4 /home/gwarchol/Ac6/SystemWorkbench/plugins/fr.ac6.mcu.externaltools.arm-none.linux64_1.15.0.201708311556/tools/compiler/bin/../lib/gcc/arm-none-eabi/6.3.1/../../../../arm-none-eabi/lib/thumb/v7-m/librdimon_nano.a(rdimon-syscalls.o)
 .bss.openfiles
                0x00000000200000ec       0xa0 /home/gwarchol/Ac6/SystemWorkbench/plugins/fr.ac6.mcu.externaltools.arm-none.linux64_1.15.0.201708311556/tools/compiler/bin/../lib/gcc/arm-none-eabi/6.3.1/../../../../arm-none-eabi/lib/thumb/v7-m/librdimon_nano.a(rdimon-syscalls.o)
 .bss.__malloc_free_list
                0x000000002000018c        0x4 /home/gwarchol/Ac6/SystemWorkbench/plugins/fr.ac6.mcu.externaltools.arm-none.linux64_1.15.0.201708311556/tools/compiler/bin/../lib/gcc/arm-none-eabi/6.3.1/../../../../arm-none-eabi/lib/thumb/v7-m/libc_nano.a(lib_a-nano-mallocr.o)
                0x000000002000018c                __malloc_free_list
 .bss.__malloc_sbrk_start
                0x0000000020000190        0x4 /home/gwarchol/Ac6/SystemWorkbench/plugins/fr.ac6.mcu.externaltools.arm-none.linux64_1.15.0.201708311556/tools/compiler/bin/../lib/gcc/arm-none-eabi/6.3.1/../../../../arm-none-eabi/lib/thumb/v7-m/libc_nano.a(lib_a-nano-mallocr.o)
                0x0000000020000190                __malloc_sbrk_start
 *(COMMON)
 COMMON         0x0000000020000194     0x102c lib/ILI9341/dma.o
                0x0000000020000194                dmaStructure
                0x00000000200001c0                dmaBuffer
 COMMON         0x00000000200011c0        0x8 src/device_config.o
                0x00000000200011c0                GPIO_InitStruct
                0x00000000200011c4                nvic
 COMMON         0x00000000200011c8       0x16 src/rtc.o
                0x00000000200011c8                s_DateStructVar
                0x00000000200011cc                s_TimeStructVar
                0x00000000200011d4                s_AlarmDateStructVar
                0x00000000200011d8                s_AlarmStructVar
 *fill*         0x00000000200011de        0x2 
 COMMON         0x00000000200011e0       0x54 src/touch_screen.o
                0x00000000200011e0                touch_screeen_data_in
                0x00000000200011e8                GPIO_InitStructure
                0x00000000200011ec                SPI_InitStructure
                0x0000000020001200                touch_screeen_data
                0x0000000020001208                DMA_InitStructure
 COMMON         0x0000000020001234      0x16b src/uart_interrupt.o
                0x0000000020001234                temp_buff
                0x0000000020001298                _RX_USART_BUFFOR
                0x000000002000131c                _TX_USART_BUFFOR
 *fill*         0x000000002000139f        0x1 
 COMMON         0x00000000200013a0        0x4 /home/gwarchol/Ac6/SystemWorkbench/plugins/fr.ac6.mcu.externaltools.arm-none.linux64_1.15.0.201708311556/tools/compiler/bin/../lib/gcc/arm-none-eabi/6.3.1/../../../../arm-none-eabi/lib/thumb/v7-m/libc_nano.a(lib_a-reent.o)
                0x00000000200013a0                errno
                0x00000000200013a4                . = ALIGN (0x4)
                0x00000000200013a4                _ebss = .
                0x00000000200013a4                __bss_end__ = _ebss

._user_heap_stack
                0x00000000200013a4      0x404 load address 0x0000000008004284
                0x00000000200013a8                . = ALIGN (0x8)
 *fill*         0x00000000200013a4        0x4 
                0x00000000200013a8                PROVIDE (end, .)
                [!provide]                        PROVIDE (_end, .)
                0x00000000200013a8                . = (. + _Min_Heap_Size)
                0x00000000200017a8                . = (. + _Min_Stack_Size)
 *fill*         0x00000000200013a8      0x400 
                0x00000000200017a8                . = ALIGN (0x8)

/DISCARD/
 libc.a(*)
 libm.a(*)
 libgcc.a(*)

.ARM.attributes
                0x0000000000000000       0x29
 *(.ARM.attributes)
 .ARM.attributes
                0x0000000000000000       0x1d /home/gwarchol/Ac6/SystemWorkbench/plugins/fr.ac6.mcu.externaltools.arm-none.linux64_1.15.0.201708311556/tools/compiler/bin/../lib/gcc/arm-none-eabi/6.3.1/thumb/v7-m/crti.o
 .ARM.attributes
                0x000000000000001d       0x2d /home/gwarchol/Ac6/SystemWorkbench/plugins/fr.ac6.mcu.externaltools.arm-none.linux64_1.15.0.201708311556/tools/compiler/bin/../lib/gcc/arm-none-eabi/6.3.1/thumb/v7-m/crtbegin.o
 .ARM.attributes
                0x000000000000004a       0x2d /home/gwarchol/Ac6/SystemWorkbench/plugins/fr.ac6.mcu.externaltools.arm-none.linux64_1.15.0.201708311556/tools/compiler/bin/../lib/gcc/arm-none-eabi/6.3.1/../../../../arm-none-eabi/lib/thumb/v7-m/libc_nano.a(lib_a-impure.o)
 .ARM.attributes
                0x0000000000000077       0x2d /home/gwarchol/Ac6/SystemWorkbench/plugins/fr.ac6.mcu.externaltools.arm-none.linux64_1.15.0.201708311556/tools/compiler/bin/../lib/gcc/arm-none-eabi/6.3.1/../../../../arm-none-eabi/lib/thumb/v7-m/libc_nano.a(lib_a-init.o)
 .ARM.attributes
                0x00000000000000a4       0x2d /home/gwarchol/Ac6/SystemWorkbench/plugins/fr.ac6.mcu.externaltools.arm-none.linux64_1.15.0.201708311556/tools/compiler/bin/../lib/gcc/arm-none-eabi/6.3.1/../../../../arm-none-eabi/lib/thumb/v7-m/libc_nano.a(lib_a-memset.o)
 .ARM.attributes
                0x00000000000000d1       0x2d /home/gwarchol/Ac6/SystemWorkbench/plugins/fr.ac6.mcu.externaltools.arm-none.linux64_1.15.0.201708311556/tools/compiler/bin/../lib/gcc/arm-none-eabi/6.3.1/../../../../arm-none-eabi/lib/thumb/v7-m/librdimon_nano.a(rdimon-syscalls.o)
 .ARM.attributes
                0x00000000000000fe       0x33 StdPeriph_Driver/src/misc.o
 .ARM.attributes
                0x0000000000000131       0x33 StdPeriph_Driver/src/stm32f10x_bkp.o
 .ARM.attributes
                0x0000000000000164       0x33 StdPeriph_Driver/src/stm32f10x_dma.o
 .ARM.attributes
                0x0000000000000197       0x33 StdPeriph_Driver/src/stm32f10x_flash.o
 .ARM.attributes
                0x00000000000001ca       0x33 StdPeriph_Driver/src/stm32f10x_gpio.o
 .ARM.attributes
                0x00000000000001fd       0x33 StdPeriph_Driver/src/stm32f10x_pwr.o
 .ARM.attributes
                0x0000000000000230       0x33 StdPeriph_Driver/src/stm32f10x_rcc.o
 .ARM.attributes
                0x0000000000000263       0x33 StdPeriph_Driver/src/stm32f10x_rtc.o
 .ARM.attributes
                0x0000000000000296       0x33 StdPeriph_Driver/src/stm32f10x_spi.o
 .ARM.attributes
                0x00000000000002c9       0x33 StdPeriph_Driver/src/stm32f10x_tim.o
 .ARM.attributes
                0x00000000000002fc       0x33 StdPeriph_Driver/src/stm32f10x_usart.o
 .ARM.attributes
                0x000000000000032f       0x33 lib/ILI9341/core.o
 .ARM.attributes
                0x0000000000000362       0x33 lib/ILI9341/delay.o
 .ARM.attributes
                0x0000000000000395       0x33 lib/ILI9341/dma.o
 .ARM.attributes
                0x00000000000003c8       0x33 lib/ILI9341/graph.o
 .ARM.attributes
                0x00000000000003fb       0x33 lib/ILI9341/text.o
 .ARM.attributes
                0x000000000000042e       0x33 src/buffors.o
 .ARM.attributes
                0x0000000000000461       0x33 src/device_config.o
 .ARM.attributes
                0x0000000000000494       0x33 src/main.o
 .ARM.attributes
                0x00000000000004c7       0x33 src/rtc.o
 .ARM.attributes
                0x00000000000004fa       0x33 src/scan_timer.o
 .ARM.attributes
                0x000000000000052d       0x33 src/system_stm32f10x.o
 .ARM.attributes
                0x0000000000000560       0x33 src/touch_screen.o
 .ARM.attributes
                0x0000000000000593       0x33 src/uart_interrupt.o
 .ARM.attributes
                0x00000000000005c6       0x21 startup/startup_stm32.o
 .ARM.attributes
                0x00000000000005e7       0x2d /home/gwarchol/Ac6/SystemWorkbench/plugins/fr.ac6.mcu.externaltools.arm-none.linux64_1.15.0.201708311556/tools/compiler/bin/../lib/gcc/arm-none-eabi/6.3.1/../../../../arm-none-eabi/lib/thumb/v7-m/libc_nano.a(lib_a-errno.o)
 .ARM.attributes
                0x0000000000000614       0x2d /home/gwarchol/Ac6/SystemWorkbench/plugins/fr.ac6.mcu.externaltools.arm-none.linux64_1.15.0.201708311556/tools/compiler/bin/../lib/gcc/arm-none-eabi/6.3.1/../../../../arm-none-eabi/lib/thumb/v7-m/libc_nano.a(lib_a-findfp.o)
 .ARM.attributes
                0x0000000000000641       0x2d /home/gwarchol/Ac6/SystemWorkbench/plugins/fr.ac6.mcu.externaltools.arm-none.linux64_1.15.0.201708311556/tools/compiler/bin/../lib/gcc/arm-none-eabi/6.3.1/../../../../arm-none-eabi/lib/thumb/v7-m/libc_nano.a(lib_a-fwalk.o)
 .ARM.attributes
                0x000000000000066e       0x2d /home/gwarchol/Ac6/SystemWorkbench/plugins/fr.ac6.mcu.externaltools.arm-none.linux64_1.15.0.201708311556/tools/compiler/bin/../lib/gcc/arm-none-eabi/6.3.1/../../../../arm-none-eabi/lib/thumb/v7-m/libc_nano.a(lib_a-nano-mallocr.o)
 .ARM.attributes
                0x000000000000069b       0x2d /home/gwarchol/Ac6/SystemWorkbench/plugins/fr.ac6.mcu.externaltools.arm-none.linux64_1.15.0.201708311556/tools/compiler/bin/../lib/gcc/arm-none-eabi/6.3.1/../../../../arm-none-eabi/lib/thumb/v7-m/libc_nano.a(lib_a-printf.o)
 .ARM.attributes
                0x00000000000006c8       0x2d /home/gwarchol/Ac6/SystemWorkbench/plugins/fr.ac6.mcu.externaltools.arm-none.linux64_1.15.0.201708311556/tools/compiler/bin/../lib/gcc/arm-none-eabi/6.3.1/../../../../arm-none-eabi/lib/thumb/v7-m/libc_nano.a(lib_a-putchar.o)
 .ARM.attributes
                0x00000000000006f5       0x2d /home/gwarchol/Ac6/SystemWorkbench/plugins/fr.ac6.mcu.externaltools.arm-none.linux64_1.15.0.201708311556/tools/compiler/bin/../lib/gcc/arm-none-eabi/6.3.1/../../../../arm-none-eabi/lib/thumb/v7-m/libc_nano.a(lib_a-sbrkr.o)
 .ARM.attributes
                0x0000000000000722       0x2d /home/gwarchol/Ac6/SystemWorkbench/plugins/fr.ac6.mcu.externaltools.arm-none.linux64_1.15.0.201708311556/tools/compiler/bin/../lib/gcc/arm-none-eabi/6.3.1/../../../../arm-none-eabi/lib/thumb/v7-m/libc_nano.a(lib_a-sprintf.o)
 .ARM.attributes
                0x000000000000074f       0x2d /home/gwarchol/Ac6/SystemWorkbench/plugins/fr.ac6.mcu.externaltools.arm-none.linux64_1.15.0.201708311556/tools/compiler/bin/../lib/gcc/arm-none-eabi/6.3.1/../../../../arm-none-eabi/lib/thumb/v7-m/libc_nano.a(lib_a-stdio.o)
 .ARM.attributes
                0x000000000000077c       0x2d /home/gwarchol/Ac6/SystemWorkbench/plugins/fr.ac6.mcu.externaltools.arm-none.linux64_1.15.0.201708311556/tools/compiler/bin/../lib/gcc/arm-none-eabi/6.3.1/../../../../arm-none-eabi/lib/thumb/v7-m/libc_nano.a(lib_a-writer.o)
 .ARM.attributes
                0x00000000000007a9       0x2d /home/gwarchol/Ac6/SystemWorkbench/plugins/fr.ac6.mcu.externaltools.arm-none.linux64_1.15.0.201708311556/tools/compiler/bin/../lib/gcc/arm-none-eabi/6.3.1/../../../../arm-none-eabi/lib/thumb/v7-m/libc_nano.a(lib_a-closer.o)
 .ARM.attributes
                0x00000000000007d6       0x2d /home/gwarchol/Ac6/SystemWorkbench/plugins/fr.ac6.mcu.externaltools.arm-none.linux64_1.15.0.201708311556/tools/compiler/bin/../lib/gcc/arm-none-eabi/6.3.1/../../../../arm-none-eabi/lib/thumb/v7-m/libc_nano.a(lib_a-fflush.o)
 .ARM.attributes
                0x0000000000000803       0x2d /home/gwarchol/Ac6/SystemWorkbench/plugins/fr.ac6.mcu.externaltools.arm-none.linux64_1.15.0.201708311556/tools/compiler/bin/../lib/gcc/arm-none-eabi/6.3.1/../../../../arm-none-eabi/lib/thumb/v7-m/libc_nano.a(lib_a-lseekr.o)
 .ARM.attributes
                0x0000000000000830       0x2d /home/gwarchol/Ac6/SystemWorkbench/plugins/fr.ac6.mcu.externaltools.arm-none.linux64_1.15.0.201708311556/tools/compiler/bin/../lib/gcc/arm-none-eabi/6.3.1/../../../../arm-none-eabi/lib/thumb/v7-m/libc_nano.a(lib_a-mlock.o)
 .ARM.attributes
                0x000000000000085d       0x2d /home/gwarchol/Ac6/SystemWorkbench/plugins/fr.ac6.mcu.externaltools.arm-none.linux64_1.15.0.201708311556/tools/compiler/bin/../lib/gcc/arm-none-eabi/6.3.1/../../../../arm-none-eabi/lib/thumb/v7-m/libc_nano.a(lib_a-nano-freer.o)
 .ARM.attributes
                0x000000000000088a       0x2d /home/gwarchol/Ac6/SystemWorkbench/plugins/fr.ac6.mcu.externaltools.arm-none.linux64_1.15.0.201708311556/tools/compiler/bin/../lib/gcc/arm-none-eabi/6.3.1/../../../../arm-none-eabi/lib/thumb/v7-m/libc_nano.a(lib_a-nano-svfprintf.o)
 .ARM.attributes
                0x00000000000008b7       0x2d /home/gwarchol/Ac6/SystemWorkbench/plugins/fr.ac6.mcu.externaltools.arm-none.linux64_1.15.0.201708311556/tools/compiler/bin/../lib/gcc/arm-none-eabi/6.3.1/../../../../arm-none-eabi/lib/thumb/v7-m/libc_nano.a(lib_a-nano-vfprintf.o)
 .ARM.attributes
                0x00000000000008e4       0x2d /home/gwarchol/Ac6/SystemWorkbench/plugins/fr.ac6.mcu.externaltools.arm-none.linux64_1.15.0.201708311556/tools/compiler/bin/../lib/gcc/arm-none-eabi/6.3.1/../../../../arm-none-eabi/lib/thumb/v7-m/libc_nano.a(lib_a-nano-vfprintf_i.o)
 .ARM.attributes
                0x0000000000000911       0x2d /home/gwarchol/Ac6/SystemWorkbench/plugins/fr.ac6.mcu.externaltools.arm-none.linux64_1.15.0.201708311556/tools/compiler/bin/../lib/gcc/arm-none-eabi/6.3.1/../../../../arm-none-eabi/lib/thumb/v7-m/libc_nano.a(lib_a-putc.o)
 .ARM.attributes
                0x000000000000093e       0x2d /home/gwarchol/Ac6/SystemWorkbench/plugins/fr.ac6.mcu.externaltools.arm-none.linux64_1.15.0.201708311556/tools/compiler/bin/../lib/gcc/arm-none-eabi/6.3.1/../../../../arm-none-eabi/lib/thumb/v7-m/libc_nano.a(lib_a-readr.o)
 .ARM.attributes
                0x000000000000096b       0x2d /home/gwarchol/Ac6/SystemWorkbench/plugins/fr.ac6.mcu.externaltools.arm-none.linux64_1.15.0.201708311556/tools/compiler/bin/../lib/gcc/arm-none-eabi/6.3.1/../../../../arm-none-eabi/lib/thumb/v7-m/libc_nano.a(lib_a-reent.o)
 .ARM.attributes
                0x0000000000000998       0x2d /home/gwarchol/Ac6/SystemWorkbench/plugins/fr.ac6.mcu.externaltools.arm-none.linux64_1.15.0.201708311556/tools/compiler/bin/../lib/gcc/arm-none-eabi/6.3.1/../../../../arm-none-eabi/lib/thumb/v7-m/libc_nano.a(lib_a-wbuf.o)
 .ARM.attributes
                0x00000000000009c5       0x2d /home/gwarchol/Ac6/SystemWorkbench/plugins/fr.ac6.mcu.externaltools.arm-none.linux64_1.15.0.201708311556/tools/compiler/bin/../lib/gcc/arm-none-eabi/6.3.1/../../../../arm-none-eabi/lib/thumb/v7-m/libc_nano.a(lib_a-wsetup.o)
 .ARM.attributes
                0x00000000000009f2       0x2d /home/gwarchol/Ac6/SystemWorkbench/plugins/fr.ac6.mcu.externaltools.arm-none.linux64_1.15.0.201708311556/tools/compiler/bin/../lib/gcc/arm-none-eabi/6.3.1/../../../../arm-none-eabi/lib/thumb/v7-m/libc_nano.a(lib_a-makebuf.o)
 .ARM.attributes
                0x0000000000000a1f       0x2d /home/gwarchol/Ac6/SystemWorkbench/plugins/fr.ac6.mcu.externaltools.arm-none.linux64_1.15.0.201708311556/tools/compiler/bin/../lib/gcc/arm-none-eabi/6.3.1/../../../../arm-none-eabi/lib/thumb/v7-m/libc_nano.a(lib_a-memchr-stub.o)
 .ARM.attributes
                0x0000000000000a4c       0x2d /home/gwarchol/Ac6/SystemWorkbench/plugins/fr.ac6.mcu.externaltools.arm-none.linux64_1.15.0.201708311556/tools/compiler/bin/../lib/gcc/arm-none-eabi/6.3.1/../../../../arm-none-eabi/lib/thumb/v7-m/libc_nano.a(lib_a-memcpy-stub.o)
 .ARM.attributes
                0x0000000000000a79       0x2d /home/gwarchol/Ac6/SystemWorkbench/plugins/fr.ac6.mcu.externaltools.arm-none.linux64_1.15.0.201708311556/tools/compiler/bin/../lib/gcc/arm-none-eabi/6.3.1/../../../../arm-none-eabi/lib/thumb/v7-m/libc_nano.a(lib_a-memmove.o)
 .ARM.attributes
                0x0000000000000aa6       0x2d /home/gwarchol/Ac6/SystemWorkbench/plugins/fr.ac6.mcu.externaltools.arm-none.linux64_1.15.0.201708311556/tools/compiler/bin/../lib/gcc/arm-none-eabi/6.3.1/../../../../arm-none-eabi/lib/thumb/v7-m/libc_nano.a(lib_a-nano-reallocr.o)
 .ARM.attributes
                0x0000000000000ad3       0x2d /home/gwarchol/Ac6/SystemWorkbench/plugins/fr.ac6.mcu.externaltools.arm-none.linux64_1.15.0.201708311556/tools/compiler/bin/../lib/gcc/arm-none-eabi/6.3.1/../../../../arm-none-eabi/lib/thumb/v7-m/libc_nano.a(lib_a-fstatr.o)
 .ARM.attributes
                0x0000000000000b00       0x2d /home/gwarchol/Ac6/SystemWorkbench/plugins/fr.ac6.mcu.externaltools.arm-none.linux64_1.15.0.201708311556/tools/compiler/bin/../lib/gcc/arm-none-eabi/6.3.1/../../../../arm-none-eabi/lib/thumb/v7-m/libc_nano.a(lib_a-isattyr.o)
 .ARM.attributes
                0x0000000000000b2d       0x2d /home/gwarchol/Ac6/SystemWorkbench/plugins/fr.ac6.mcu.externaltools.arm-none.linux64_1.15.0.201708311556/tools/compiler/bin/../lib/gcc/arm-none-eabi/6.3.1/../../../../arm-none-eabi/lib/thumb/v7-m/libc_nano.a(lib_a-nano-msizer.o)
 .ARM.attributes
                0x0000000000000b5a       0x1d /home/gwarchol/Ac6/SystemWorkbench/plugins/fr.ac6.mcu.externaltools.arm-none.linux64_1.15.0.201708311556/tools/compiler/bin/../lib/gcc/arm-none-eabi/6.3.1/thumb/v7-m/crtn.o
OUTPUT(clock_digital.elf elf32-littlearm)

.debug_frame    0x0000000000000000     0x2da8
 .debug_frame   0x0000000000000000       0x2c /home/gwarchol/Ac6/SystemWorkbench/plugins/fr.ac6.mcu.externaltools.arm-none.linux64_1.15.0.201708311556/tools/compiler/bin/../lib/gcc/arm-none-eabi/6.3.1/../../../../arm-none-eabi/lib/thumb/v7-m/libc_nano.a(lib_a-init.o)
 .debug_frame   0x000000000000002c       0x20 /home/gwarchol/Ac6/SystemWorkbench/plugins/fr.ac6.mcu.externaltools.arm-none.linux64_1.15.0.201708311556/tools/compiler/bin/../lib/gcc/arm-none-eabi/6.3.1/../../../../arm-none-eabi/lib/thumb/v7-m/libc_nano.a(lib_a-memset.o)
 .debug_frame   0x000000000000004c      0x33c /home/gwarchol/Ac6/SystemWorkbench/plugins/fr.ac6.mcu.externaltools.arm-none.linux64_1.15.0.201708311556/tools/compiler/bin/../lib/gcc/arm-none-eabi/6.3.1/../../../../arm-none-eabi/lib/thumb/v7-m/librdimon_nano.a(rdimon-syscalls.o)
 .debug_frame   0x0000000000000388       0x6c StdPeriph_Driver/src/misc.o
 .debug_frame   0x00000000000003f4       0xe8 StdPeriph_Driver/src/stm32f10x_bkp.o
 .debug_frame   0x00000000000004dc       0xcc StdPeriph_Driver/src/stm32f10x_dma.o
 .debug_frame   0x00000000000005a8      0x254 StdPeriph_Driver/src/stm32f10x_flash.o
 .debug_frame   0x00000000000007fc      0x170 StdPeriph_Driver/src/stm32f10x_gpio.o
 .debug_frame   0x000000000000096c       0xa8 StdPeriph_Driver/src/stm32f10x_pwr.o
 .debug_frame   0x0000000000000a14      0x22c StdPeriph_Driver/src/stm32f10x_rcc.o
 .debug_frame   0x0000000000000c40      0x108 StdPeriph_Driver/src/stm32f10x_rtc.o
 .debug_frame   0x0000000000000d48      0x1bc StdPeriph_Driver/src/stm32f10x_spi.o
 .debug_frame   0x0000000000000f04      0x6e0 StdPeriph_Driver/src/stm32f10x_tim.o
 .debug_frame   0x00000000000015e4      0x224 StdPeriph_Driver/src/stm32f10x_usart.o
 .debug_frame   0x0000000000001808      0x11c lib/ILI9341/core.o
 .debug_frame   0x0000000000001924       0x58 lib/ILI9341/delay.o
 .debug_frame   0x000000000000197c      0x1a0 lib/ILI9341/dma.o
 .debug_frame   0x0000000000001b1c      0x1d0 lib/ILI9341/graph.o
 .debug_frame   0x0000000000001cec      0x100 lib/ILI9341/text.o
 .debug_frame   0x0000000000001dec       0x70 src/buffors.o
 .debug_frame   0x0000000000001e5c       0x78 src/device_config.o
 .debug_frame   0x0000000000001ed4       0x3c src/main.o
 .debug_frame   0x0000000000001f10      0x1c8 src/rtc.o
 .debug_frame   0x00000000000020d8       0x6c src/scan_timer.o
 .debug_frame   0x0000000000002144       0x6c src/system_stm32f10x.o
 .debug_frame   0x00000000000021b0      0x178 src/touch_screen.o
 .debug_frame   0x0000000000002328      0x124 src/uart_interrupt.o
 .debug_frame   0x000000000000244c       0x20 /home/gwarchol/Ac6/SystemWorkbench/plugins/fr.ac6.mcu.externaltools.arm-none.linux64_1.15.0.201708311556/tools/compiler/bin/../lib/gcc/arm-none-eabi/6.3.1/../../../../arm-none-eabi/lib/thumb/v7-m/libc_nano.a(lib_a-errno.o)
 .debug_frame   0x000000000000246c      0x11c /home/gwarchol/Ac6/SystemWorkbench/plugins/fr.ac6.mcu.externaltools.arm-none.linux64_1.15.0.201708311556/tools/compiler/bin/../lib/gcc/arm-none-eabi/6.3.1/../../../../arm-none-eabi/lib/thumb/v7-m/libc_nano.a(lib_a-findfp.o)
 .debug_frame   0x0000000000002588       0x54 /home/gwarchol/Ac6/SystemWorkbench/plugins/fr.ac6.mcu.externaltools.arm-none.linux64_1.15.0.201708311556/tools/compiler/bin/../lib/gcc/arm-none-eabi/6.3.1/../../../../arm-none-eabi/lib/thumb/v7-m/libc_nano.a(lib_a-fwalk.o)
 .debug_frame   0x00000000000025dc       0x2c /home/gwarchol/Ac6/SystemWorkbench/plugins/fr.ac6.mcu.externaltools.arm-none.linux64_1.15.0.201708311556/tools/compiler/bin/../lib/gcc/arm-none-eabi/6.3.1/../../../../arm-none-eabi/lib/thumb/v7-m/libc_nano.a(lib_a-nano-mallocr.o)
 .debug_frame   0x0000000000002608       0x74 /home/gwarchol/Ac6/SystemWorkbench/plugins/fr.ac6.mcu.externaltools.arm-none.linux64_1.15.0.201708311556/tools/compiler/bin/../lib/gcc/arm-none-eabi/6.3.1/../../../../arm-none-eabi/lib/thumb/v7-m/libc_nano.a(lib_a-printf.o)
 .debug_frame   0x000000000000267c       0x58 /home/gwarchol/Ac6/SystemWorkbench/plugins/fr.ac6.mcu.externaltools.arm-none.linux64_1.15.0.201708311556/tools/compiler/bin/../lib/gcc/arm-none-eabi/6.3.1/../../../../arm-none-eabi/lib/thumb/v7-m/libc_nano.a(lib_a-putchar.o)
 .debug_frame   0x00000000000026d4       0x2c /home/gwarchol/Ac6/SystemWorkbench/plugins/fr.ac6.mcu.externaltools.arm-none.linux64_1.15.0.201708311556/tools/compiler/bin/../lib/gcc/arm-none-eabi/6.3.1/../../../../arm-none-eabi/lib/thumb/v7-m/libc_nano.a(lib_a-sbrkr.o)
 .debug_frame   0x0000000000002700       0x70 /home/gwarchol/Ac6/SystemWorkbench/plugins/fr.ac6.mcu.externaltools.arm-none.linux64_1.15.0.201708311556/tools/compiler/bin/../lib/gcc/arm-none-eabi/6.3.1/../../../../arm-none-eabi/lib/thumb/v7-m/libc_nano.a(lib_a-sprintf.o)
 .debug_frame   0x0000000000002770       0x88 /home/gwarchol/Ac6/SystemWorkbench/plugins/fr.ac6.mcu.externaltools.arm-none.linux64_1.15.0.201708311556/tools/compiler/bin/../lib/gcc/arm-none-eabi/6.3.1/../../../../arm-none-eabi/lib/thumb/v7-m/libc_nano.a(lib_a-stdio.o)
 .debug_frame   0x00000000000027f8       0x2c /home/gwarchol/Ac6/SystemWorkbench/plugins/fr.ac6.mcu.externaltools.arm-none.linux64_1.15.0.201708311556/tools/compiler/bin/../lib/gcc/arm-none-eabi/6.3.1/../../../../arm-none-eabi/lib/thumb/v7-m/libc_nano.a(lib_a-writer.o)
 .debug_frame   0x0000000000002824       0x2c /home/gwarchol/Ac6/SystemWorkbench/plugins/fr.ac6.mcu.externaltools.arm-none.linux64_1.15.0.201708311556/tools/compiler/bin/../lib/gcc/arm-none-eabi/6.3.1/../../../../arm-none-eabi/lib/thumb/v7-m/libc_nano.a(lib_a-closer.o)
 .debug_frame   0x0000000000002850       0x68 /home/gwarchol/Ac6/SystemWorkbench/plugins/fr.ac6.mcu.externaltools.arm-none.linux64_1.15.0.201708311556/tools/compiler/bin/../lib/gcc/arm-none-eabi/6.3.1/../../../../arm-none-eabi/lib/thumb/v7-m/libc_nano.a(lib_a-fflush.o)
 .debug_frame   0x00000000000028b8       0x2c /home/gwarchol/Ac6/SystemWorkbench/plugins/fr.ac6.mcu.externaltools.arm-none.linux64_1.15.0.201708311556/tools/compiler/bin/../lib/gcc/arm-none-eabi/6.3.1/../../../../arm-none-eabi/lib/thumb/v7-m/libc_nano.a(lib_a-lseekr.o)
 .debug_frame   0x00000000000028e4       0x30 /home/gwarchol/Ac6/SystemWorkbench/plugins/fr.ac6.mcu.externaltools.arm-none.linux64_1.15.0.201708311556/tools/compiler/bin/../lib/gcc/arm-none-eabi/6.3.1/../../../../arm-none-eabi/lib/thumb/v7-m/libc_nano.a(lib_a-mlock.o)
 .debug_frame   0x0000000000002914       0x38 /home/gwarchol/Ac6/SystemWorkbench/plugins/fr.ac6.mcu.externaltools.arm-none.linux64_1.15.0.201708311556/tools/compiler/bin/../lib/gcc/arm-none-eabi/6.3.1/../../../../arm-none-eabi/lib/thumb/v7-m/libc_nano.a(lib_a-nano-freer.o)
 .debug_frame   0x000000000000294c       0x90 /home/gwarchol/Ac6/SystemWorkbench/plugins/fr.ac6.mcu.externaltools.arm-none.linux64_1.15.0.201708311556/tools/compiler/bin/../lib/gcc/arm-none-eabi/6.3.1/../../../../arm-none-eabi/lib/thumb/v7-m/libc_nano.a(lib_a-nano-svfprintf.o)
 .debug_frame   0x00000000000029dc       0xac /home/gwarchol/Ac6/SystemWorkbench/plugins/fr.ac6.mcu.externaltools.arm-none.linux64_1.15.0.201708311556/tools/compiler/bin/../lib/gcc/arm-none-eabi/6.3.1/../../../../arm-none-eabi/lib/thumb/v7-m/libc_nano.a(lib_a-nano-vfprintf.o)