Archive member included to satisfy reference by file (symbol)

/home/gwarchol/Ac6/SystemWorkbench/plugins/fr.ac6.mcu.externaltools.arm-none.linux64_1.15.0.201708311556/tools/compiler/bin/../lib/gcc/arm-none-eabi/6.3.1/../../../../arm-none-eabi/lib/thumb/v7-m/libc.a(lib_a-exit.o)
                              /home/gwarchol/Ac6/SystemWorkbench/plugins/fr.ac6.mcu.externaltools.arm-none.linux64_1.15.0.201708311556/tools/compiler/bin/../lib/gcc/arm-none-eabi/6.3.1/../../../../arm-none-eabi/lib/thumb/v7-m/crt0.o (exit)
/home/gwarchol/Ac6/SystemWorkbench/plugins/fr.ac6.mcu.externaltools.arm-none.linux64_1.15.0.201708311556/tools/compiler/bin/../lib/gcc/arm-none-eabi/6.3.1/../../../../arm-none-eabi/lib/thumb/v7-m/libc.a(lib_a-impure.o)
                              /home/gwarchol/Ac6/SystemWorkbench/plugins/fr.ac6.mcu.externaltools.arm-none.linux64_1.15.0.201708311556/tools/compiler/bin/../lib/gcc/arm-none-eabi/6.3.1/../../../../arm-none-eabi/lib/thumb/v7-m/libc.a(lib_a-exit.o) (_global_impure_ptr)
/home/gwarchol/Ac6/SystemWorkbench/plugins/fr.ac6.mcu.externaltools.arm-none.linux64_1.15.0.201708311556/tools/compiler/bin/../lib/gcc/arm-none-eabi/6.3.1/../../../../arm-none-eabi/lib/thumb/v7-m/libc.a(lib_a-init.o)
                              /home/gwarchol/Ac6/SystemWorkbench/plugins/fr.ac6.mcu.externaltools.arm-none.linux64_1.15.0.201708311556/tools/compiler/bin/../lib/gcc/arm-none-eabi/6.3.1/../../../../arm-none-eabi/lib/thumb/v7-m/crt0.o (__libc_init_array)
/home/gwarchol/Ac6/SystemWorkbench/plugins/fr.ac6.mcu.externaltools.arm-none.linux64_1.15.0.201708311556/tools/compiler/bin/../lib/gcc/arm-none-eabi/6.3.1/../../../../arm-none-eabi/lib/thumb/v7-m/libc.a(lib_a-memset.o)
                              /home/gwarchol/Ac6/SystemWorkbench/plugins/fr.ac6.mcu.externaltools.arm-none.linux64_1.15.0.201708311556/tools/compiler/bin/../lib/gcc/arm-none-eabi/6.3.1/../../../../arm-none-eabi/lib/thumb/v7-m/crt0.o (memset)
/home/gwarchol/Ac6/SystemWorkbench/plugins/fr.ac6.mcu.externaltools.arm-none.linux64_1.15.0.201708311556/tools/compiler/bin/../lib/gcc/arm-none-eabi/6.3.1/../../../../arm-none-eabi/lib/thumb/v7-m/libc.a(lib_a-__call_atexit.o)
                              /home/gwarchol/Ac6/SystemWorkbench/plugins/fr.ac6.mcu.externaltools.arm-none.linux64_1.15.0.201708311556/tools/compiler/bin/../lib/gcc/arm-none-eabi/6.3.1/../../../../arm-none-eabi/lib/thumb/v7-m/libc.a(lib_a-exit.o) (__call_exitprocs)
/home/gwarchol/Ac6/SystemWorkbench/plugins/fr.ac6.mcu.externaltools.arm-none.linux64_1.15.0.201708311556/tools/compiler/bin/../lib/gcc/arm-none-eabi/6.3.1/../../../../arm-none-eabi/lib/thumb/v7-m/libc.a(lib_a-atexit.o)
                              /home/gwarchol/Ac6/SystemWorkbench/plugins/fr.ac6.mcu.externaltools.arm-none.linux64_1.15.0.201708311556/tools/compiler/bin/../lib/gcc/arm-none-eabi/6.3.1/../../../../arm-none-eabi/lib/thumb/v7-m/libc.a(lib_a-__call_atexit.o) (atexit)
/home/gwarchol/Ac6/SystemWorkbench/plugins/fr.ac6.mcu.externaltools.arm-none.linux64_1.15.0.201708311556/tools/compiler/bin/../lib/gcc/arm-none-eabi/6.3.1/../../../../arm-none-eabi/lib/thumb/v7-m/libc.a(lib_a-fini.o)
                              /home/gwarchol/Ac6/SystemWorkbench/plugins/fr.ac6.mcu.externaltools.arm-none.linux64_1.15.0.201708311556/tools/compiler/bin/../lib/gcc/arm-none-eabi/6.3.1/../../../../arm-none-eabi/lib/thumb/v7-m/libc.a(lib_a-__call_atexit.o) (__libc_fini_array)
/home/gwarchol/Ac6/SystemWorkbench/plugins/fr.ac6.mcu.externaltools.arm-none.linux64_1.15.0.201708311556/tools/compiler/bin/../lib/gcc/arm-none-eabi/6.3.1/../../../../arm-none-eabi/lib/thumb/v7-m/libc.a(lib_a-lock.o)
                              /home/gwarchol/Ac6/SystemWorkbench/plugins/fr.ac6.mcu.externaltools.arm-none.linux64_1.15.0.201708311556/tools/compiler/bin/../lib/gcc/arm-none-eabi/6.3.1/../../../../arm-none-eabi/lib/thumb/v7-m/libc.a(lib_a-__call_atexit.o) (__retarget_lock_acquire_recursive)
/home/gwarchol/Ac6/SystemWorkbench/plugins/fr.ac6.mcu.externaltools.arm-none.linux64_1.15.0.201708311556/tools/compiler/bin/../lib/gcc/arm-none-eabi/6.3.1/../../../../arm-none-eabi/lib/thumb/v7-m/libc.a(lib_a-__atexit.o)
                              /home/gwarchol/Ac6/SystemWorkbench/plugins/fr.ac6.mcu.externaltools.arm-none.linux64_1.15.0.201708311556/tools/compiler/bin/../lib/gcc/arm-none-eabi/6.3.1/../../../../arm-none-eabi/lib/thumb/v7-m/libc.a(lib_a-atexit.o) (__register_exitproc)

Allocating common symbols
Common symbol       size              file

tim                 0xa               src/timers.o
__lock___atexit_recursive_mutex
                    0x1               /home/gwarchol/Ac6/SystemWorkbench/plugins/fr.ac6.mcu.externaltools.arm-none.linux64_1.15.0.201708311556/tools/compiler/bin/../lib/gcc/arm-none-eabi/6.3.1/../../../../arm-none-eabi/lib/thumb/v7-m/libc.a(lib_a-lock.o)
__lock___arc4random_mutex
[...]
Memory Configuration

Name             Origin             Length             Attributes
RAM              0x0000000020000000 0x0000000000002800 xrw
ROM              0x0000000008000000 0x0000000000010000 xr
*default*        0x0000000000000000 0xffffffffffffffff

Linker script and memory map

LOAD /home/gwarchol/Ac6/SystemWorkbench/plugins/fr.ac6.mcu.externaltools.arm-none.linux64_1.15.0.201708311556/tools/compiler/bin/../lib/gcc/arm-none-eabi/6.3.1/thumb/v7-m/crti.o
LOAD /home/gwarchol/Ac6/SystemWorkbench/plugins/fr.ac6.mcu.externaltools.arm-none.linux64_1.15.0.201708311556/tools/compiler/bin/../lib/gcc/arm-none-eabi/6.3.1/thumb/v7-m/crtbegin.o
LOAD /home/gwarchol/Ac6/SystemWorkbench/plugins/fr.ac6.mcu.externaltools.arm-none.linux64_1.15.0.201708311556/tools/compiler/bin/../lib/gcc/arm-none-eabi/6.3.1/../../../../arm-none-eabi/lib/thumb/v7-m/crt0.o
LOAD CMSIS/core/core_cm3.o
LOAD StdPeriph_Driver/src/misc.o
LOAD StdPeriph_Driver/src/stm32f10x_adc.o
LOAD StdPeriph_Driver/src/stm32f10x_bkp.o
LOAD StdPeriph_Driver/src/stm32f10x_can.o
LOAD StdPeriph_Driver/src/stm32f10x_cec.o
LOAD StdPeriph_Driver/src/stm32f10x_crc.o
LOAD StdPeriph_Driver/src/stm32f10x_dac.o
LOAD StdPeriph_Driver/src/stm32f10x_dbgmcu.o
LOAD StdPeriph_Driver/src/stm32f10x_dma.o
LOAD StdPeriph_Driver/src/stm32f10x_exti.o
LOAD StdPeriph_Driver/src/stm32f10x_flash.o
LOAD StdPeriph_Driver/src/stm32f10x_fsmc.o
LOAD StdPeriph_Driver/src/stm32f10x_gpio.o
LOAD StdPeriph_Driver/src/stm32f10x_i2c.o
LOAD StdPeriph_Driver/src/stm32f10x_iwdg.o
LOAD StdPeriph_Driver/src/stm32f10x_pwr.o
LOAD StdPeriph_Driver/src/stm32f10x_rcc.o
LOAD StdPeriph_Driver/src/stm32f10x_rtc.o
LOAD StdPeriph_Driver/src/stm32f10x_sdio.o
LOAD StdPeriph_Driver/src/stm32f10x_spi.o
LOAD StdPeriph_Driver/src/stm32f10x_tim.o
LOAD StdPeriph_Driver/src/stm32f10x_usart.o
LOAD StdPeriph_Driver/src/stm32f10x_wwdg.o
LOAD src/config.o
LOAD src/main.o
LOAD src/scan_timer.o
LOAD src/system_stm32f10x.o
LOAD src/timers.o
LOAD src/uart_interrupt.o
LOAD startup/startup_stm32.o
LOAD /home/gwarchol/Ac6/SystemWorkbench/plugins/fr.ac6.mcu.externaltools.arm-none.linux64_1.15.0.201708311556/tools/compiler/bin/../lib/gcc/arm-none-eabi/6.3.1/../../../../arm-none-eabi/lib/thumb/v7-m/libm.a
START GROUP
LOAD /home/gwarchol/Ac6/SystemWorkbench/plugins/fr.ac6.mcu.externaltools.arm-none.linux64_1.15.0.201708311556/tools/compiler/bin/../lib/gcc/arm-none-eabi/6.3.1/thumb/v7-m/libgcc.a
LOAD /home/gwarchol/Ac6/SystemWorkbench/plugins/fr.ac6.mcu.externaltools.arm-none.linux64_1.15.0.201708311556/tools/compiler/bin/../lib/gcc/arm-none-eabi/6.3.1/../../../../arm-none-eabi/lib/thumb/v7-m/libc.a
END GROUP
LOAD /home/gwarchol/Ac6/SystemWorkbench/plugins/fr.ac6.mcu.externaltools.arm-none.linux64_1.15.0.201708311556/tools/compiler/bin/../lib/gcc/arm-none-eabi/6.3.1/thumb/v7-m/crtend.o
LOAD /home/gwarchol/Ac6/SystemWorkbench/plugins/fr.ac6.mcu.externaltools.arm-none.linux64_1.15.0.201708311556/tools/compiler/bin/../lib/gcc/arm-none-eabi/6.3.1/thumb/v7-m/crtn.o
                0x0000000020002800                _estack = 0x20002800
                0x0000000000000000                _Min_Heap_Size = 0x0
                0x0000000000000400                _Min_Stack_Size = 0x400

.isr_vector     0x0000000008000000      0x188
                0x0000000008000000                . = ALIGN (0x4)
 *(.isr_vector)
 .isr_vector    0x0000000008000000      0x188 startup/startup_stm32.o
                0x0000000008000000                g_pfnVectors
                0x0000000008000188                . = ALIGN (0x4)

.text           0x0000000008000188     0x1094
                0x0000000008000188                . = ALIGN (0x4)
 *(.text)
 .text          0x0000000008000188       0x6c /home/gwarchol/Ac6/SystemWorkbench/plugins/fr.ac6.mcu.externaltools.arm-none.linux64_1.15.0.201708311556/tools/compiler/bin/../lib/gcc/arm-none-eabi/6.3.1/thumb/v7-m/crtbegin.o
 *(.text*)
 .text.NVIC_PriorityGroupConfig
                0x00000000080001f4       0x14 StdPeriph_Driver/src/misc.o
                0x00000000080001f4                NVIC_PriorityGroupConfig
 .text.NVIC_Init
                0x0000000008000208       0x64 StdPeriph_Driver/src/misc.o
                0x0000000008000208                NVIC_Init
 .text.FLASH_SetLatency
                0x000000000800026c       0x14 StdPeriph_Driver/src/stm32f10x_flash.o
                0x000000000800026c                FLASH_SetLatency
 .text.FLASH_PrefetchBufferCmd
                0x0000000008000280       0x18 StdPeriph_Driver/src/stm32f10x_flash.o
                0x0000000008000280                FLASH_PrefetchBufferCmd
 .text.GPIO_Init
                0x0000000008000298       0xa4 StdPeriph_Driver/src/stm32f10x_gpio.o
                0x0000000008000298                GPIO_Init
 .text.GPIO_WriteBit
                0x000000000800033c        0xa StdPeriph_Driver/src/stm32f10x_gpio.o
                0x000000000800033c                GPIO_WriteBit
 *fill*         0x0000000008000346        0x2 
 .text.RCC_DeInit
                0x0000000008000348       0x40 StdPeriph_Driver/src/stm32f10x_rcc.o
                0x0000000008000348                RCC_DeInit
 .text.RCC_HSEConfig
                0x0000000008000388       0x3c StdPeriph_Driver/src/stm32f10x_rcc.o
                0x0000000008000388                RCC_HSEConfig
 .text.RCC_PLLConfig
                0x00000000080003c4       0x14 StdPeriph_Driver/src/stm32f10x_rcc.o
                0x00000000080003c4                RCC_PLLConfig
 .text.RCC_PLLCmd
                0x00000000080003d8        0xc StdPeriph_Driver/src/stm32f10x_rcc.o
                0x00000000080003d8                RCC_PLLCmd
 .text.RCC_SYSCLKConfig
                0x00000000080003e4       0x14 StdPeriph_Driver/src/stm32f10x_rcc.o
                0x00000000080003e4                RCC_SYSCLKConfig
 .text.RCC_GetSYSCLKSource
                0x00000000080003f8       0x10 StdPeriph_Driver/src/stm32f10x_rcc.o
                0x00000000080003f8                RCC_GetSYSCLKSource
 .text.RCC_HCLKConfig
                0x0000000008000408       0x14 StdPeriph_Driver/src/stm32f10x_rcc.o
                0x0000000008000408                RCC_HCLKConfig
 .text.RCC_PCLK1Config
                0x000000000800041c       0x14 StdPeriph_Driver/src/stm32f10x_rcc.o
                0x000000000800041c                RCC_PCLK1Config
 .text.RCC_PCLK2Config
                0x0000000008000430       0x14 StdPeriph_Driver/src/stm32f10x_rcc.o
                0x0000000008000430                RCC_PCLK2Config
 .text.RCC_GetClocksFreq
                0x0000000008000444       0xb0 StdPeriph_Driver/src/stm32f10x_rcc.o
                0x0000000008000444                RCC_GetClocksFreq
 .text.RCC_APB2PeriphClockCmd
                0x00000000080004f4       0x1c StdPeriph_Driver/src/stm32f10x_rcc.o
                0x00000000080004f4                RCC_APB2PeriphClockCmd
 .text.RCC_GetFlagStatus
                0x0000000008000510       0x28 StdPeriph_Driver/src/stm32f10x_rcc.o
                0x0000000008000510                RCC_GetFlagStatus
 .text.RCC_WaitForHSEStartUp
                0x0000000008000538       0x32 StdPeriph_Driver/src/stm32f10x_rcc.o
                0x0000000008000538                RCC_WaitForHSEStartUp
 *fill*         0x000000000800056a        0x2 
 .text.TIM_TimeBaseInit
                0x000000000800056c       0xa0 StdPeriph_Driver/src/stm32f10x_tim.o
                0x000000000800056c                TIM_TimeBaseInit
 .text.TIM_OC1Init
                0x000000000800060c       0x8c StdPeriph_Driver/src/stm32f10x_tim.o
                0x000000000800060c                TIM_OC1Init
 .text.TIM_OC2Init
                0x0000000008000698       0x84 StdPeriph_Driver/src/stm32f10x_tim.o
                0x0000000008000698                TIM_OC2Init
 .text.TIM_OC3Init
                0x000000000800071c       0x80 StdPeriph_Driver/src/stm32f10x_tim.o
                0x000000000800071c                TIM_OC3Init
 .text.TIM_OC4Init
                0x000000000800079c       0x6c StdPeriph_Driver/src/stm32f10x_tim.o
                0x000000000800079c                TIM_OC4Init
 .text.TIM_Cmd  0x0000000008000808       0x1c StdPeriph_Driver/src/stm32f10x_tim.o
                0x0000000008000808                TIM_Cmd
 .text.TIM_ITConfig
                0x0000000008000824       0x18 StdPeriph_Driver/src/stm32f10x_tim.o
                0x0000000008000824                TIM_ITConfig
 .text.TIM_OC1PreloadConfig
                0x000000000800083c       0x10 StdPeriph_Driver/src/stm32f10x_tim.o
                0x000000000800083c                TIM_OC1PreloadConfig
 .text.TIM_OC2PreloadConfig
                0x000000000800084c       0x14 StdPeriph_Driver/src/stm32f10x_tim.o
                0x000000000800084c                TIM_OC2PreloadConfig
 .text.TIM_OC3PreloadConfig
                0x0000000008000860       0x10 StdPeriph_Driver/src/stm32f10x_tim.o
                0x0000000008000860                TIM_OC3PreloadConfig
 .text.TIM_OC4PreloadConfig
                0x0000000008000870       0x14 StdPeriph_Driver/src/stm32f10x_tim.o
                0x0000000008000870                TIM_OC4PreloadConfig
 .text.TIM_SetCompare1
                0x0000000008000884        0x4 StdPeriph_Driver/src/stm32f10x_tim.o
                0x0000000008000884                TIM_SetCompare1
 .text.TIM_SetCompare2
                0x0000000008000888        0x4 StdPeriph_Driver/src/stm32f10x_tim.o
                0x0000000008000888                TIM_SetCompare2
 .text.TIM_SetCompare3
                0x000000000800088c        0x4 StdPeriph_Driver/src/stm32f10x_tim.o
                0x000000000800088c                TIM_SetCompare3
 .text.TIM_SetCompare4
                0x0000000008000890        0x6 StdPeriph_Driver/src/stm32f10x_tim.o
                0x0000000008000890                TIM_SetCompare4
 .text.TIM_GetCapture1
                0x0000000008000896        0x6 StdPeriph_Driver/src/stm32f10x_tim.o
                0x0000000008000896                TIM_GetCapture1
 .text.TIM_GetCapture2
                0x000000000800089c        0x6 StdPeriph_Driver/src/stm32f10x_tim.o
                0x000000000800089c                TIM_GetCapture2
 .text.TIM_GetCapture3
                0x00000000080008a2        0x6 StdPeriph_Driver/src/stm32f10x_tim.o
                0x00000000080008a2                TIM_GetCapture3
 .text.TIM_GetCapture4
                0x00000000080008a8        0x8 StdPeriph_Driver/src/stm32f10x_tim.o
                0x00000000080008a8                TIM_GetCapture4
 .text.TIM_GetITStatus
                0x00000000080008b0       0x18 StdPeriph_Driver/src/stm32f10x_tim.o
                0x00000000080008b0                TIM_GetITStatus
 .text.TIM_ClearITPendingBit
                0x00000000080008c8        0x8 StdPeriph_Driver/src/stm32f10x_tim.o
                0x00000000080008c8                TIM_ClearITPendingBit
 .text.USART_Init
                0x00000000080008d0       0xb8 StdPeriph_Driver/src/stm32f10x_usart.o
                0x00000000080008d0                USART_Init
 .text.USART_Cmd
                0x0000000008000988       0x1c StdPeriph_Driver/src/stm32f10x_usart.o
                0x0000000008000988                USART_Cmd
 .text.USART_ITConfig
                0x00000000080009a4       0x36 StdPeriph_Driver/src/stm32f10x_usart.o
                0x00000000080009a4                USART_ITConfig
 .text.USART_SendData
                0x00000000080009da        0x8 StdPeriph_Driver/src/stm32f10x_usart.o
                0x00000000080009da                USART_SendData
 .text.USART_GetITStatus
                0x00000000080009e2       0x44 StdPeriph_Driver/src/stm32f10x_usart.o
                0x00000000080009e2                USART_GetITStatus
 *fill*         0x0000000008000a26        0x2 
 .text.device_init
                0x0000000008000a28       0x40 src/config.o
                0x0000000008000a28                device_init
 .text.turnOnOffLed
                0x0000000008000a68       0x1c src/config.o
                0x0000000008000a68                turnOnOffLed
 .text.RCC_Conf
                0x0000000008000a84       0x66 src/config.o
                0x0000000008000a84                RCC_Conf
 *fill*         0x0000000008000aea        0x2 
 .text.main     0x0000000008000aec       0xc8 src/main.o
                0x0000000008000aec                main
 .text.getTimerChannelState
                0x0000000008000bb4       0x34 src/scan_timer.o
                0x0000000008000bb4                getTimerChannelState
 .text.setTimerChannelState
                0x0000000008000be8       0x28 src/scan_timer.o
                0x0000000008000be8                setTimerChannelState
 .text.init_timer
                0x0000000008000c10       0xe4 src/scan_timer.o
                0x0000000008000c10                init_timer
 .text.TIM1_CC_IRQHandler
                0x0000000008000cf4       0xd4 src/scan_timer.o
                0x0000000008000cf4                TIM1_CC_IRQHandler
 .text.SystemInit
                0x0000000008000dc8      0x104 src/system_stm32f10x.o
                0x0000000008000dc8                SystemInit
 .text.RCC_Configuration
                0x0000000008000ecc       0x16 src/uart_interrupt.o
                0x0000000008000ecc                RCC_Configuration
 *fill*         0x0000000008000ee2        0x2 
 .text.GPIO_Configuration
                0x0000000008000ee4       0x44 src/uart_interrupt.o
                0x0000000008000ee4                GPIO_Configuration
 .text.NVIC_Configuration
                0x0000000008000f28       0x2a src/uart_interrupt.o
                0x0000000008000f28                NVIC_Configuration
 *fill*         0x0000000008000f52        0x2 
 .text.uart_interrup_init
                0x0000000008000f54       0x58 src/uart_interrupt.o
                0x0000000008000f54                uart_interrup_init
 .text.uart_send_data
                0x0000000008000fac       0x40 src/uart_interrupt.o
                0x0000000008000fac                uart_send_data
 .text.USART1_IRQHandler
                0x0000000008000fec       0x5c src/uart_interrupt.o
                0x0000000008000fec                USART1_IRQHandler
 .text.Reset_Handler
                0x0000000008001048       0x48 startup/startup_stm32.o
                0x0000000008001048                Reset_Handler
 .text.Default_Handler
                0x0000000008001090        0x2 startup/startup_stm32.o
                0x0000000008001090                DebugMon_Handler
                0x0000000008001090                HardFault_Handler
                0x0000000008001090                SysTick_Handler
                0x0000000008001090                PendSV_Handler
                0x0000000008001090                NMI_Handler
                0x0000000008001090                UsageFault_Handler
                0x0000000008001090                Default_Handler
                0x0000000008001090                MemManage_Handler
                0x0000000008001090                SVC_Handler
                0x0000000008001090                BusFault_Handler
 *fill*         0x0000000008001092        0x2 
 .text.__libc_init_array
                0x0000000008001094       0x50 /home/gwarchol/Ac6/SystemWorkbench/plugins/fr.ac6.mcu.externaltools.arm-none.linux64_1.15.0.201708311556/tools/compiler/bin/../lib/gcc/arm-none-eabi/6.3.1/../../../../arm-none-eabi/lib/thumb/v7-m/libc.a(lib_a-init.o)
                0x0000000008001094                __libc_init_array
 .text.startup.register_fini
                0x00000000080010e4       0x14 /home/gwarchol/Ac6/SystemWorkbench/plugins/fr.ac6.mcu.externaltools.arm-none.linux64_1.15.0.201708311556/tools/compiler/bin/../lib/gcc/arm-none-eabi/6.3.1/../../../../arm-none-eabi/lib/thumb/v7-m/libc.a(lib_a-__call_atexit.o)
 .text.atexit   0x00000000080010f8        0xc /home/gwarchol/Ac6/SystemWorkbench/plugins/fr.ac6.mcu.externaltools.arm-none.linux64_1.15.0.201708311556/tools/compiler/bin/../lib/gcc/arm-none-eabi/6.3.1/../../../../arm-none-eabi/lib/thumb/v7-m/libc.a(lib_a-atexit.o)
                0x00000000080010f8                atexit
 .text.__libc_fini_array
                0x0000000008001104       0x34 /home/gwarchol/Ac6/SystemWorkbench/plugins/fr.ac6.mcu.externaltools.arm-none.linux64_1.15.0.201708311556/tools/compiler/bin/../lib/gcc/arm-none-eabi/6.3.1/../../../../arm-none-eabi/lib/thumb/v7-m/libc.a(lib_a-fini.o)
                0x0000000008001104                __libc_fini_array
 .text.__retarget_lock_acquire_recursive
                0x0000000008001138        0x4 /home/gwarchol/Ac6/SystemWorkbench/plugins/fr.ac6.mcu.externaltools.arm-none.linux64_1.15.0.201708311556/tools/compiler/bin/../lib/gcc/arm-none-eabi/6.3.1/../../../../arm-none-eabi/lib/thumb/v7-m/libc.a(lib_a-lock.o)
                0x0000000008001138                __retarget_lock_acquire_recursive
 .text.__retarget_lock_release_recursive
                0x000000000800113c        0x4 /home/gwarchol/Ac6/SystemWorkbench/plugins/fr.ac6.mcu.externaltools.arm-none.linux64_1.15.0.201708311556/tools/compiler/bin/../lib/gcc/arm-none-eabi/6.3.1/../../../../arm-none-eabi/lib/thumb/v7-m/libc.a(lib_a-lock.o)
                0x000000000800113c                __retarget_lock_release_recursive
 .text.__register_exitproc
                0x0000000008001140       0xc4 /home/gwarchol/Ac6/SystemWorkbench/plugins/fr.ac6.mcu.externaltools.arm-none.linux64_1.15.0.201708311556/tools/compiler/bin/../lib/gcc/arm-none-eabi/6.3.1/../../../../arm-none-eabi/lib/thumb/v7-m/libc.a(lib_a-__atexit.o)
                0x0000000008001140                __register_exitproc
 *(.glue_7)
 .glue_7        0x0000000008001204        0x0 linker stubs
 *(.glue_7t)
 .glue_7t       0x0000000008001204        0x0 linker stubs
 *(.eh_frame)
 .eh_frame      0x0000000008001204        0x0 /home/gwarchol/Ac6/SystemWorkbench/plugins/fr.ac6.mcu.externaltools.arm-none.linux64_1.15.0.201708311556/tools/compiler/bin/../lib/gcc/arm-none-eabi/6.3.1/thumb/v7-m/crtbegin.o
 *(.init)
 .init          0x0000000008001204        0x4 /home/gwarchol/Ac6/SystemWorkbench/plugins/fr.ac6.mcu.externaltools.arm-none.linux64_1.15.0.201708311556/tools/compiler/bin/../lib/gcc/arm-none-eabi/6.3.1/thumb/v7-m/crti.o
                0x0000000008001204                _init
 .init          0x0000000008001208        0x8 /home/gwarchol/Ac6/SystemWorkbench/plugins/fr.ac6.mcu.externaltools.arm-none.linux64_1.15.0.201708311556/tools/compiler/bin/../lib/gcc/arm-none-eabi/6.3.1/thumb/v7-m/crtn.o
 *(.fini)
 .fini          0x0000000008001210        0x4 /home/gwarchol/Ac6/SystemWorkbench/plugins/fr.ac6.mcu.externaltools.arm-none.linux64_1.15.0.201708311556/tools/compiler/bin/../lib/gcc/arm-none-eabi/6.3.1/thumb/v7-m/crti.o
                0x0000000008001210                _fini
 .fini          0x0000000008001214        0x8 /home/gwarchol/Ac6/SystemWorkbench/plugins/fr.ac6.mcu.externaltools.arm-none.linux64_1.15.0.201708311556/tools/compiler/bin/../lib/gcc/arm-none-eabi/6.3.1/thumb/v7-m/crtn.o
                0x000000000800121c                . = ALIGN (0x4)
                0x000000000800121c                _etext = .

.vfp11_veneer   0x000000000800121c        0x0
 .vfp11_veneer  0x000000000800121c        0x0 linker stubs

.v4_bx          0x000000000800121c        0x0
 .v4_bx         0x000000000800121c        0x0 linker stubs

.iplt           0x000000000800121c        0x0
 .iplt          0x000000000800121c        0x0 /home/gwarchol/Ac6/SystemWorkbench/plugins/fr.ac6.mcu.externaltools.arm-none.linux64_1.15.0.201708311556/tools/compiler/bin/../lib/gcc/arm-none-eabi/6.3.1/thumb/v7-m/crtbegin.o

.rodata         0x000000000800121c        0x4
                0x000000000800121c                . = ALIGN (0x4)
 *(.rodata)
 *(.rodata*)
 .rodata._global_impure_ptr
                0x000000000800121c        0x4 /home/gwarchol/Ac6/SystemWorkbench/plugins/fr.ac6.mcu.externaltools.arm-none.linux64_1.15.0.201708311556/tools/compiler/bin/../lib/gcc/arm-none-eabi/6.3.1/../../../../arm-none-eabi/lib/thumb/v7-m/libc.a(lib_a-impure.o)
                0x000000000800121c                _global_impure_ptr
                0x0000000008001220                . = ALIGN (0x4)

.rel.dyn        0x0000000008001220        0x0
 .rel.iplt      0x0000000008001220        0x0 /home/gwarchol/Ac6/SystemWorkbench/plugins/fr.ac6.mcu.externaltools.arm-none.linux64_1.15.0.201708311556/tools/compiler/bin/../lib/gcc/arm-none-eabi/6.3.1/thumb/v7-m/crtbegin.o

.ARM.extab      0x0000000008001220        0x0
                0x0000000008001220                . = ALIGN (0x4)
 *(.ARM.extab* .gnu.linkonce.armextab.*)
                0x0000000008001220                . = ALIGN (0x4)

.ARM            0x0000000008001220        0x0
                0x0000000008001220                . = ALIGN (0x4)
                0x0000000008001220                __exidx_start = .
 *(.ARM.exidx*)
                0x0000000008001220                __exidx_end = .
                0x0000000008001220                . = ALIGN (0x4)

.preinit_array  0x0000000008001220        0x0
                0x0000000008001220                . = ALIGN (0x4)
                0x0000000008001220                PROVIDE (__preinit_array_start, .)
 *(.preinit_array*)
                0x0000000008001220                PROVIDE (__preinit_array_end, .)
                0x0000000008001220                . = ALIGN (0x4)

.init_array     0x0000000008001220        0x8
                0x0000000008001220                . = ALIGN (0x4)
                0x0000000008001220                PROVIDE (__init_array_start, .)
 *(SORT(.init_array.*))
 .init_array.00000
                0x0000000008001220        0x4 /home/gwarchol/Ac6/SystemWorkbench/plugins/fr.ac6.mcu.externaltools.arm-none.linux64_1.15.0.201708311556/tools/compiler/bin/../lib/gcc/arm-none-eabi/6.3.1/../../../../arm-none-eabi/lib/thumb/v7-m/libc.a(lib_a-__call_atexit.o)
 *(.init_array*)
 .init_array    0x0000000008001224        0x4 /home/gwarchol/Ac6/SystemWorkbench/plugins/fr.ac6.mcu.externaltools.arm-none.linux64_1.15.0.201708311556/tools/compiler/bin/../lib/gcc/arm-none-eabi/6.3.1/thumb/v7-m/crtbegin.o
                0x0000000008001228                PROVIDE (__init_array_end, .)
                0x0000000008001228                . = ALIGN (0x4)

.fini_array     0x0000000008001228        0x4
                0x0000000008001228                . = ALIGN (0x4)
                0x0000000008001228                PROVIDE (__fini_array_start, .)
 *(SORT(.fini_array.*))
 *(.fini_array*)
 .fini_array    0x0000000008001228        0x4 /home/gwarchol/Ac6/SystemWorkbench/plugins/fr.ac6.mcu.externaltools.arm-none.linux64_1.15.0.201708311556/tools/compiler/bin/../lib/gcc/arm-none-eabi/6.3.1/thumb/v7-m/crtbegin.o
                0x000000000800122c                PROVIDE (__fini_array_end, .)
                0x000000000800122c                . = ALIGN (0x4)
                0x000000000800122c                _sidata = LOADADDR (.data)

.data           0x0000000020000000      0x44c load address 0x000000000800122c
                0x0000000020000000                . = ALIGN (0x4)
                0x0000000020000000                _sdata = .
 *(.data)
 .data          0x0000000020000000       0x14 StdPeriph_Driver/src/stm32f10x_rcc.o
 .data          0x0000000020000014        0x8 src/scan_timer.o
                0x0000000020000014                CC1
                0x0000000020000016                CC2
                0x0000000020000018                CC3
                0x000000002000001a                CC4
 *(.data*)
 *fill*         0x000000002000001c        0x4 
 .data.impure_data
                0x0000000020000020      0x428 /home/gwarchol/Ac6/SystemWorkbench/plugins/fr.ac6.mcu.externaltools.arm-none.linux64_1.15.0.201708311556/tools/compiler/bin/../lib/gcc/arm-none-eabi/6.3.1/../../../../arm-none-eabi/lib/thumb/v7-m/libc.a(lib_a-impure.o)
 .data.__atexit_recursive_mutex
                0x0000000020000448        0x4 /home/gwarchol/Ac6/SystemWorkbench/plugins/fr.ac6.mcu.externaltools.arm-none.linux64_1.15.0.201708311556/tools/compiler/bin/../lib/gcc/arm-none-eabi/6.3.1/../../../../arm-none-eabi/lib/thumb/v7-m/libc.a(lib_a-__call_atexit.o)
                0x0000000020000448                __atexit_recursive_mutex
                0x000000002000044c                . = ALIGN (0x4)
                0x000000002000044c                _edata = .

.jcr            0x000000002000044c        0x0 load address 0x0000000008001678
 .jcr           0x000000002000044c        0x0 /home/gwarchol/Ac6/SystemWorkbench/plugins/fr.ac6.mcu.externaltools.arm-none.linux64_1.15.0.201708311556/tools/compiler/bin/../lib/gcc/arm-none-eabi/6.3.1/thumb/v7-m/crtbegin.o

.igot.plt       0x000000002000044c        0x0 load address 0x0000000008001678
 .igot.plt      0x000000002000044c        0x0 /home/gwarchol/Ac6/SystemWorkbench/plugins/fr.ac6.mcu.externaltools.arm-none.linux64_1.15.0.201708311556/tools/compiler/bin/../lib/gcc/arm-none-eabi/6.3.1/thumb/v7-m/crtbegin.o
                0x000000002000044c                . = ALIGN (0x4)

.bss            0x000000002000044c       0x74 load address 0x0000000008001678
                0x000000002000044c                _sbss = .
                0x000000002000044c                __bss_start__ = _sbss
 *(.bss)
 .bss           0x000000002000044c       0x1c /home/gwarchol/Ac6/SystemWorkbench/plugins/fr.ac6.mcu.externaltools.arm-none.linux64_1.15.0.201708311556/tools/compiler/bin/../lib/gcc/arm-none-eabi/6.3.1/thumb/v7-m/crtbegin.o
 .bss           0x0000000020000468        0x4 src/scan_timer.o
                0x0000000020000468                _1_ms_flag
                0x0000000020000469                _10_ms_flag
                0x000000002000046a                _100_ms_flag
                0x000000002000046b                _1_s_flag
 .bss           0x000000002000046c        0x2 src/uart_interrupt.o
                0x000000002000046c                NbrOfDataToTransfer
                0x000000002000046d                TxCounter1
 *(.bss*)
 *(COMMON)
 *fill*         0x000000002000046e        0x2 
 COMMON         0x0000000020000470        0x8 src/config.o
                0x0000000020000470                GPIO_InitStruct
                0x0000000020000474                nvic
 COMMON         0x0000000020000478       0x18 src/main.o
                0x0000000020000478                temp_data
                0x0000000020000480                USART_InitStructure
 COMMON         0x0000000020000490        0xa src/uart_interrupt.o
                0x0000000020000490                TxBuffer1
 *fill*         0x000000002000049a        0x2 
 COMMON         0x000000002000049c       0x21 /home/gwarchol/Ac6/SystemWorkbench/plugins/fr.ac6.mcu.externaltools.arm-none.linux64_1.15.0.201708311556/tools/compiler/bin/../lib/gcc/arm-none-eabi/6.3.1/../../../../arm-none-eabi/lib/thumb/v7-m/libc.a(lib_a-lock.o)
                0x000000002000049c                __lock___atexit_recursive_mutex
                0x00000000200004a0                __lock___arc4random_mutex
                0x00000000200004a4                __lock___env_recursive_mutex
                0x00000000200004a8                __lock___sinit_recursive_mutex
                0x00000000200004ac                __lock___malloc_recursive_mutex
                0x00000000200004b0                __lock___at_quick_exit_mutex
                0x00000000200004b4                __lock___dd_hash_mutex
                0x00000000200004b8                __lock___tz_mutex
                0x00000000200004bc                __lock___sfp_recursive_mutex
                0x00000000200004c0                . = ALIGN (0x4)
 *fill*         0x00000000200004bd        0x3 
                0x00000000200004c0                _ebss = .
                0x00000000200004c0                __bss_end__ = _ebss

._user_heap_stack
                0x00000000200004c0      0x400 load address 0x0000000008001678
                0x00000000200004c0                . = ALIGN (0x8)
                [!provide]                        PROVIDE (end, .)
                [!provide]                        PROVIDE (_end, .)
                0x00000000200004c0                . = (. + _Min_Heap_Size)
                0x00000000200008c0                . = (. + _Min_Stack_Size)
 *fill*         0x00000000200004c0      0x400 
                0x00000000200008c0                . = ALIGN (0x8)

/DISCARD/
 libc.a(*)
 libm.a(*)
 libgcc.a(*)

.ARM.attributes
                0x0000000000000000       0x29
 *(.ARM.attributes)
 .ARM.attributes
                0x0000000000000000       0x1d /home/gwarchol/Ac6/SystemWorkbench/plugins/fr.ac6.mcu.externaltools.arm-none.linux64_1.15.0.201708311556/tools/compiler/bin/../lib/gcc/arm-none-eabi/6.3.1/thumb/v7-m/crti.o
 .ARM.attributes
                0x000000000000001d       0x2d /home/gwarchol/Ac6/SystemWorkbench/plugins/fr.ac6.mcu.externaltools.arm-none.linux64_1.15.0.201708311556/tools/compiler/bin/../lib/gcc/arm-none-eabi/6.3.1/thumb/v7-m/crtbegin.o
 .ARM.attributes
                0x000000000000004a       0x33 StdPeriph_Driver/src/misc.o
 .ARM.attributes
                0x000000000000007d       0x33 StdPeriph_Driver/src/stm32f10x_flash.o
 .ARM.attributes
                0x00000000000000b0       0x33 StdPeriph_Driver/src/stm32f10x_gpio.o
 .ARM.attributes
                0x00000000000000e3       0x33 StdPeriph_Driver/src/stm32f10x_rcc.o
 .ARM.attributes
                0x0000000000000116       0x33 StdPeriph_Driver/src/stm32f10x_tim.o
 .ARM.attributes
                0x0000000000000149       0x33 StdPeriph_Driver/src/stm32f10x_usart.o
 .ARM.attributes
                0x000000000000017c       0x33 src/config.o
 .ARM.attributes
                0x00000000000001af       0x33 src/main.o
 .ARM.attributes
                0x00000000000001e2       0x33 src/scan_timer.o
 .ARM.attributes
                0x0000000000000215       0x33 src/system_stm32f10x.o
 .ARM.attributes
                0x0000000000000248       0x33 src/uart_interrupt.o
 .ARM.attributes
                0x000000000000027b       0x21 startup/startup_stm32.o
 .ARM.attributes
                0x000000000000029c       0x2d /home/gwarchol/Ac6/SystemWorkbench/plugins/fr.ac6.mcu.externaltools.arm-none.linux64_1.15.0.201708311556/tools/compiler/bin/../lib/gcc/arm-none-eabi/6.3.1/../../../../arm-none-eabi/lib/thumb/v7-m/libc.a(lib_a-impure.o)
 .ARM.attributes
                0x00000000000002c9       0x2d /home/gwarchol/Ac6/SystemWorkbench/plugins/fr.ac6.mcu.externaltools.arm-none.linux64_1.15.0.201708311556/tools/compiler/bin/../lib/gcc/arm-none-eabi/6.3.1/../../../../arm-none-eabi/lib/thumb/v7-m/libc.a(lib_a-init.o)
 .ARM.attributes
                0x00000000000002f6       0x2d /home/gwarchol/Ac6/SystemWorkbench/plugins/fr.ac6.mcu.externaltools.arm-none.linux64_1.15.0.201708311556/tools/compiler/bin/../lib/gcc/arm-none-eabi/6.3.1/../../../../arm-none-eabi/lib/thumb/v7-m/libc.a(lib_a-__call_atexit.o)
 .ARM.attributes
                0x0000000000000323       0x2d /home/gwarchol/Ac6/SystemWorkbench/plugins/fr.ac6.mcu.externaltools.arm-none.linux64_1.15.0.201708311556/tools/compiler/bin/../lib/gcc/arm-none-eabi/6.3.1/../../../../arm-none-eabi/lib/thumb/v7-m/libc.a(lib_a-atexit.o)
 .ARM.attributes
                0x0000000000000350       0x2d /home/gwarchol/Ac6/SystemWorkbench/plugins/fr.ac6.mcu.externaltools.arm-none.linux64_1.15.0.201708311556/tools/compiler/bin/../lib/gcc/arm-none-eabi/6.3.1/../../../../arm-none-eabi/lib/thumb/v7-m/libc.a(lib_a-fini.o)
 .ARM.attributes
                0x000000000000037d       0x2d /home/gwarchol/Ac6/SystemWorkbench/plugins/fr.ac6.mcu.externaltools.arm-none.linux64_1.15.0.201708311556/tools/compiler/bin/../lib/gcc/arm-none-eabi/6.3.1/../../../../arm-none-eabi/lib/thumb/v7-m/libc.a(lib_a-lock.o)
 .ARM.attributes
                0x00000000000003aa       0x2d /home/gwarchol/Ac6/SystemWorkbench/plugins/fr.ac6.mcu.externaltools.arm-none.linux64_1.15.0.201708311556/tools/compiler/bin/../lib/gcc/arm-none-eabi/6.3.1/../../../../arm-none-eabi/lib/thumb/v7-m/libc.a(lib_a-__atexit.o)
 .ARM.attributes
                0x00000000000003d7       0x1d /home/gwarchol/Ac6/SystemWorkbench/plugins/fr.ac6.mcu.externaltools.arm-none.linux64_1.15.0.201708311556/tools/compiler/bin/../lib/gcc/arm-none-eabi/6.3.1/thumb/v7-m/crtn.o
OUTPUT(clock.elf elf32-littlearm)

.comment        0x0000000000000000       0x7f
 .comment       0x0000000000000000       0x7f StdPeriph_Driver/src/misc.o
                                         0x80 (size before relaxing)
 .comment       0x000000000000007f       0x80 StdPeriph_Driver/src/stm32f10x_flash.o
 .comment       0x000000000000007f       0x80 StdPeriph_Driver/src/stm32f10x_gpio.o
 .comment       0x000000000000007f       0x80 StdPeriph_Driver/src/stm32f10x_rcc.o
 .comment       0x000000000000007f       0x80 StdPeriph_Driver/src/stm32f10x_tim.o
 .comment       0x000000000000007f       0x80 StdPeriph_Driver/src/stm32f10x_usart.o
 .comment       0x000000000000007f       0x80 src/config.o
 .comment       0x000000000000007f       0x80 src/main.o
 .comment       0x000000000000007f       0x80 src/scan_timer.o
 .comment       0x000000000000007f       0x80 src/system_stm32f10x.o
 .comment       0x000000000000007f       0x80 src/uart_interrupt.o

.debug_line     0x0000000000000000       0x79
 .debug_line    0x0000000000000000       0x79 startup/startup_stm32.o

.debug_info     0x0000000000000000       0x69
 .debug_info    0x0000000000000000       0x69 startup/startup_stm32.o

.debug_abbrev   0x0000000000000000       0x12
 .debug_abbrev  0x0000000000000000       0x12 startup/startup_stm32.o

.debug_aranges  0x0000000000000000       0x28
 .debug_aranges
                0x0000000000000000       0x28 startup/startup_stm32.o

.debug_ranges   0x0000000000000000       0x20
 .debug_ranges  0x0000000000000000       0x20 startup/startup_stm32.o

.debug_frame    0x0000000000000000      0x1c0
 .debug_frame   0x0000000000000000       0x2c /home/gwarchol/Ac6/SystemWorkbench/plugins/fr.ac6.mcu.externaltools.arm-none.linux64_1.15.0.201708311556/tools/compiler/bin/../lib/gcc/arm-none-eabi/6.3.1/../../../../arm-none-eabi/lib/thumb/v7-m/libc.a(lib_a-init.o)
 .debug_frame   0x000000000000002c       0x5c /home/gwarchol/Ac6/SystemWorkbench/plugins/fr.ac6.mcu.externaltools.arm-none.linux64_1.15.0.201708311556/tools/compiler/bin/../lib/gcc/arm-none-eabi/6.3.1/../../../../arm-none-eabi/lib/thumb/v7-m/libc.a(lib_a-__call_atexit.o)
 .debug_frame   0x0000000000000088       0x20 /home/gwarchol/Ac6/SystemWorkbench/plugins/fr.ac6.mcu.externaltools.arm-none.linux64_1.15.0.201708311556/tools/compiler/bin/../lib/gcc/arm-none-eabi/6.3.1/../../../../arm-none-eabi/lib/thumb/v7-m/libc.a(lib_a-atexit.o)
 .debug_frame   0x00000000000000a8       0x34 /home/gwarchol/Ac6/SystemWorkbench/plugins/fr.ac6.mcu.externaltools.arm-none.linux64_1.15.0.201708311556/tools/compiler/bin/../lib/gcc/arm-none-eabi/6.3.1/../../../../arm-none-eabi/lib/thumb/v7-m/libc.a(lib_a-fini.o)
 .debug_frame   0x00000000000000dc       0xb0 /home/gwarchol/Ac6/SystemWorkbench/plugins/fr.ac6.mcu.externaltools.arm-none.linux64_1.15.0.201708311556/tools/compiler/bin/../lib/gcc/arm-none-eabi/6.3.1/../../../../arm-none-eabi/lib/thumb/v7-m/libc.a(lib_a-lock.o)
 .debug_frame   0x000000000000018c       0x34 /home/gwarchol/Ac6/SystemWorkbench/plugins/fr.ac6.mcu.externaltools.arm-none.linux64_1.15.0.201708311556/tools/compiler/bin/../lib/gcc/arm-none-eabi/6.3.1/../../../../arm-none-eabi/lib/thumb/v7-m/libc.a(lib_a-__atexit.o)
